10-04 09:32:57.599  8084  8143 I WM-WorkerWrapper: Worker result SUCCESS for Work [ id=5295a068-df95-4efe-88b3-a65c7ed558ed, tags={ tv.airtel.wynk.analytics.sync.service.AnalyticsSyncService, com.airtel.analyticsSyncService } ]
10-04 09:32:57.629  8084  8143 I WM-WorkerWrapper: Worker result SUCCESS for Work [ id=b31c2844-e6eb-44ac-90a6-28d1d2aa20a7, tags={ tv.airtel.wynk.analytics.sync.service.AnalyticsSyncService, com.airtel.analyticsSyncService } ]
10-04 09:32:57.791  9193  9193 D MonkeyStub: translateCommand: press DPAD_RIGHT
10-04 09:32:57.793   459   459 I lights-tch: flashMode 0 id 2 onMs 0 offMs 0 brightness 0
10-04 09:32:57.800   459   459 I lights-tch: flashMode 0 id 2 onMs 0 offMs 0 brightness 225
10-04 09:32:57.806  8084  8084 E ThemeUtils: View class androidx.appcompat.widget.AppCompatImageView is an AppCompat widget that can only be used with a Theme.AppCompat theme (or descendant).
10-04 09:32:57.810  8084  8143 I WM-WorkerWrapper: Worker result SUCCESS for Work [ id=a998ef3f-e565-4dc7-bf35-708e78a746cc, tags={ tv.airtel.wynk.analytics.sync.service.AnalyticsSyncService, com.airtel.analyticsSyncService } ]
10-04 09:32:57.811  8084  8084 E ThemeUtils: View class androidx.appcompat.widget.AppCompatImageView is an AppCompat widget that can only be used with a Theme.AppCompat theme (or descendant).
10-04 09:32:57.830  8084  8084 D ANALYTICS_IPTV: AnalyticsEventTracker ***Event***Event{ts=1728014577827, meta={"content_name":"First Trade","tile_type":"LOCAL_TILE","box_type":"iptv","asset_position":"1","app_version":"1.0.0019:237","box_model":"bx:1.2.3","series_name":"First Trade","action":"card_visible","rail_name":"Trending now on TV","firmware":"fw:1.2.3","source_name":"TV Channels","rail_position":"0"}, uid=5ye_gfsYCZe-PoQ4A0, did=8fb17cc052aef526, os=Android, ov=34, bn=237, nq=-1, nt=2, nct=0, lc=en|hi|ta|kn, av=1.0.0019, dt=STB, type=content_visible, adid=95acddf7-5a94-4681-bf0a-0a767be9f2c3, brand=Airtel-Xstream, model=XstreamIPTV1-VT, dname=Vantiva XstreamIPTV1-VT, appId=IPTV, sId=8fb17cc052aef526, profileId=, ab_test=86079:0|108429:0|42374:0|78244:0|95458:0|75817:0|60412:1|117812:1|120676:1|113632:1|116206:0|66480:0|100390:2|76965:1|110385:0|129832:2, city=Delhi, state=National Capital Territory of Delhi, country=India, firebase_id=687ecd54b0fd95386e529fbf62179576} Critical: false
10-04 09:32:57.835  8084  8084 D ANALYTICS_IPTV: AnalyticsEventTracker ***Event***Event{ts=1728014577833, meta={"content_name":"First Trade","tile_type":"LOCAL_TILE","box_type":"iptv","asset_position":"1","app_version":"1.0.0019:237","box_model":"bx:1.2.3","series_name":"First Trade","action":"rail_scroll","firmware":"fw:1.2.3","source_name":"TV Channels","rail_position":"0"}, uid=5ye_gfsYCZe-PoQ4A0, did=8fb17cc052aef526, os=Android, ov=34, bn=237, nq=-1, nt=2, nct=0, lc=en|hi|ta|kn, av=1.0.0019, dt=STB, type=rail_scroll, adid=95acddf7-5a94-4681-bf0a-0a767be9f2c3, brand=Airtel-Xstream, model=XstreamIPTV1-VT, dname=Vantiva XstreamIPTV1-VT, appId=IPTV, sId=8fb17cc052aef526, profileId=, ab_test=86079:0|108429:0|42374:0|78244:0|95458:0|75817:0|60412:1|117812:1|120676:1|113632:1|116206:0|66480:0|100390:2|76965:1|110385:0|129832:2, city=Delhi, state=National Capital Territory of Delhi, country=India, firebase_id=687ecd54b0fd95386e529fbf62179576} Critical: false
10-04 09:32:57.837  9193  9193 D MonkeyStub: translateCommand: press DPAD_RIGHT
10-04 09:32:57.840   459   459 I lights-tch: flashMode 0 id 2 onMs 0 offMs 0 brightness 0
10-04 09:32:57.842  8084  9231 D ANALYTICS_IPTV: AnalyticsEventTracker ***Event***Event{ts=1728014577839, meta={"content_name":"First Trade","tile_type":"LOCAL_TILE","box_type":"iptv","asset_position":"1","app_version":"1.0.0019:237","box_model":"bx:1.2.3","action":"rail_scroll","firmware":"fw:1.2.3","source_name":"TV Channels","rail_position":"0"}, uid=5ye_gfsYCZe-PoQ4A0, did=8fb17cc052aef526, os=Android, ov=34, bn=237, nq=-1, nt=2, nct=0, lc=en|hi|ta|kn, av=1.0.0019, dt=STB, type=rail_scroll, adid=95acddf7-5a94-4681-bf0a-0a767be9f2c3, brand=Airtel-Xstream, model=XstreamIPTV1-VT, dname=Vantiva XstreamIPTV1-VT, appId=IPTV, sId=8fb17cc052aef526, profileId=, ab_test=86079:0|108429:0|42374:0|78244:0|95458:0|75817:0|60412:1|117812:1|120676:1|113632:1|116206:0|66480:0|100390:2|76965:1|110385:0|129832:2, city=Delhi, state=National Capital Territory of Delhi, country=India, firebase_id=687ecd54b0fd95386e529fbf62179576} Critical: false
10-04 09:32:57.882   459   459 I lights-tch: flashMode 0 id 2 onMs 0 offMs 0 brightness 225
10-04 09:32:57.883  8084  8143 I WM-WorkerWrapper: Worker result SUCCESS for Work [ id=776e1fe4-9bbf-453e-960d-0effc4329a06, tags={ tv.airtel.wynk.analytics.sync.service.AnalyticsSyncService, com.airtel.analyticsSyncService } ]
10-04 09:32:57.885   424  8826 I audio_hw_hal_primary: [register_audio_patch:7826] Patch 3:id:3 mix(io:13)->dev_0[OUT_HDMI(id:18)] found, register the same patch, do nothing.
10-04 09:32:57.885   424  8826 I audio_hw_hal_primary: [adev_create_audio_patch:7927] Patch 3: MIX->DEVICE, num_src:1 num_sink:1 patch_src:INVAL
10-04 09:32:57.885   424  8826 I audio_hw_hal_primary: [adev_create_audio_patch:7931] sink[0]: OUT_HDMI(id:18)
10-04 09:32:57.885   424  8826 I audio_hw_hal_primary: [adev_create_audio_patch:7988] Patch 3: mix(io:13) -> dev[OUT_HDMI(id:18)]
10-04 09:32:57.885  1154  1349 D UEventObserver: change@/devices/platform/auge_sound/sound/card0/controlC0��ACTION=change��DEVPATH=/devices/platform/auge_sound/sound/card0/controlC0��SUBSYSTEM=sound��AUDIO_FORMAT=0��MAJOR=116��MINOR=11��DEVNAME=snd/controlC0��SEQNUM=3181��
10-04 09:32:57.886   424  8826 I audio_hw_hal_primary: [adev_create_audio_patch:8056] dev=0xf3782930 cur_out_device=0x400
10-04 09:32:57.886  1154  1349 W ContextImpl: Calling a method in the system process without a qualified user: android.app.ContextImpl.sendBroadcast:1220 android.content.ContextWrapper.sendBroadcast:504 com.droidlogic.audioservice.services.AudioSystemCmdService$1.onUEvent:177 com.droidlogic.UEventObserver$UEventThread.sendEvent:213 com.droidlogic.UEventObserver$UEventThread.run:190 
10-04 09:32:57.887  8084  8084 E ThemeUtils: View class androidx.appcompat.widget.AppCompatImageView is an AppCompat widget that can only be used with a Theme.AppCompat theme (or descendant).
10-04 09:32:57.889   472  1848 D audioserver: FGS Logger Transaction failed
10-04 09:32:57.890   472  1848 D audioserver: -129
10-04 09:32:57.892  8084  8084 E ThemeUtils: View class androidx.appcompat.widget.AppCompatImageView is an AppCompat widget that can only be used with a Theme.AppCompat theme (or descendant).
10-04 09:32:57.897  1154  1348 I AudioSystemCmdService: onAudioPatchListUpdate
10-04 09:32:57.903  1154  1348 I AudioSystemCmdService: mAudioSink:[{{mHandle: 18, mRole: SINK}, mType: hdmi, mAddress: }], previousSink:[{{mHandle: 18, mRole: SINK}, mType: hdmi, mAddress: }]
10-04 09:32:57.903  1154  1348 I AudioSystemCmdService: updateAudioPatch cur sink does not change.
10-04 09:32:57.914  8084  8084 D ANALYTICS_IPTV: AnalyticsEventTracker ***Event***Event{ts=1728014577912, meta={"content_name":"Damdar 10","tile_type":"LOCAL_TILE","box_type":"iptv","asset_position":"2","app_version":"1.0.0019:237","box_model":"bx:1.2.3","series_name":"Damdar 10","action":"card_visible","rail_name":"Trending now on TV","firmware":"fw:1.2.3","source_name":"TV Channels","rail_position":"0"}, uid=5ye_gfsYCZe-PoQ4A0, did=8fb17cc052aef526, os=Android, ov=34, bn=237, nq=-1, nt=2, nct=0, lc=en|hi|ta|kn, av=1.0.0019, dt=STB, type=content_visible, adid=95acddf7-5a94-4681-bf0a-0a767be9f2c3, brand=Airtel-Xstream, model=XstreamIPTV1-VT, dname=Vantiva XstreamIPTV1-VT, appId=IPTV, sId=8fb17cc052aef526, profileId=, ab_test=86079:0|108429:0|42374:0|78244:0|95458:0|75817:0|60412:1|117812:1|120676:1|113632:1|116206:0|66480:0|100390:2|76965:1|110385:0|129832:2, city=Delhi, state=National Capital Territory of Delhi, country=India, firebase_id=687ecd54b0fd95386e529fbf62179576} Critical: false
10-04 09:32:57.920  8084  8084 D ANALYTICS_IPTV: AnalyticsEventTracker ***Event***Event{ts=1728014577918, meta={"content_name":"Damdar 10","tile_type":"LOCAL_TILE","box_type":"iptv","asset_position":"2","app_version":"1.0.0019:237","box_model":"bx:1.2.3","series_name":"Damdar 10","action":"rail_scroll","firmware":"fw:1.2.3","source_name":"TV Channels","rail_position":"0"}, uid=5ye_gfsYCZe-PoQ4A0, did=8fb17cc052aef526, os=Android, ov=34, bn=237, nq=-1, nt=2, nct=0, lc=en|hi|ta|kn, av=1.0.0019, dt=STB, type=rail_scroll, adid=95acddf7-5a94-4681-bf0a-0a767be9f2c3, brand=Airtel-Xstream, model=XstreamIPTV1-VT, dname=Vantiva XstreamIPTV1-VT, appId=IPTV, sId=8fb17cc052aef526, profileId=, ab_test=86079:0|108429:0|42374:0|78244:0|95458:0|75817:0|60412:1|117812:1|120676:1|113632:1|116206:0|66480:0|100390:2|76965:1|110385:0|129832:2, city=Delhi, state=National Capital Territory of Delhi, country=India, firebase_id=687ecd54b0fd95386e529fbf62179576} Critical: false
10-04 09:32:57.924   472  1305 D audioserver: FGS Logger Transaction failed
10-04 09:32:57.924   472  1305 D audioserver: -129
10-04 09:32:57.929   696   799 W JobScheduler: Job didn't exist in JobStore: 9fa8dd0 #u0a43/1566 com.airtel.tv/androidx.work.impl.background.systemjob.SystemJobService
10-04 09:32:57.929  8084  9248 D ANALYTICS_IPTV: AnalyticsEventTracker ***Event***Event{ts=1728014577925, meta={"content_name":"Damdar 10","tile_type":"LOCAL_TILE","box_type":"iptv","asset_position":"2","app_version":"1.0.0019:237","box_model":"bx:1.2.3","action":"rail_scroll","firmware":"fw:1.2.3","source_name":"TV Channels","rail_position":"0"}, uid=5ye_gfsYCZe-PoQ4A0, did=8fb17cc052aef526, os=Android, ov=34, bn=237, nq=-1, nt=2, nct=0, lc=en|hi|ta|kn, av=1.0.0019, dt=STB, type=rail_scroll, adid=95acddf7-5a94-4681-bf0a-0a767be9f2c3, brand=Airtel-Xstream, model=XstreamIPTV1-VT, dname=Vantiva XstreamIPTV1-VT, appId=IPTV, sId=8fb17cc052aef526, profileId=, ab_test=86079:0|108429:0|42374:0|78244:0|95458:0|75817:0|60412:1|117812:1|120676:1|113632:1|116206:0|66480:0|100390:2|76965:1|110385:0|129832:2, city=Delhi, state=National Capital Territory of Delhi, country=India, firebase_id=687ecd54b0fd95386e529fbf62179576} Critical: false
--------- beginning of main
10-04 09:32:58.053  8084  8084 D Glide   : Finished loading BitmapDrawable from REMOTE for http://tvimg.wynk.in/unsafe/fit-in/300x169/filters:no_upscale():format(webp)/https://xstreamcp-assets-msp.streamready.in/assets/LIVETV/LIVECHANNEL/657610f823d1fb238115fb61/images/150.webp with size [-2147483648x-2147483648] in 62.854208 ms
10-04 09:32:58.053  8084  8084 D Glide Image loaded for url DeferredCoroutine{Completed}@1d76cf4: 
10-04 09:32:58.055   424  8590 I audio_hw_hal_primary: [audiohal_get_latency:1258] io 13: out:0xf2d00740 frames:3072 rate:48000 whole_latency:64 alsa_latency:64
10-04 09:32:58.055   424  8590 I audio_hw_hal_primary: [audiohal_get_latency:1258] io 13: out:0xf2d00740 frames:3072 rate:48000 whole_latency:64 alsa_latency:64
10-04 09:32:58.076   424  8590 I audio_hw_hal_primary: [audiohal_get_latency:1258] io 13: out:0xf2d00740 frames:3072 rate:48000 whole_latency:64 alsa_latency:64
10-04 09:32:58.077   424  8590 I audio_hw_hal_primary: [audiohal_get_latency:1258] io 13: out:0xf2d00740 frames:3072 rate:48000 whole_latency:64 alsa_latency:64
10-04 09:32:58.098   424  8590 I audio_hw_hal_primary: [audiohal_get_latency:1258] io 13: out:0xf2d00740 frames:3072 rate:48000 whole_latency:64 alsa_latency:64
10-04 09:32:58.098   424  8590 I audio_hw_hal_primary: [audiohal_get_latency:1258] io 13: out:0xf2d00740 frames:3072 rate:48000 whole_latency:64 alsa_latency:64
10-04 09:32:58.106  8084  8193 I WM-WorkerWrapper: Worker result SUCCESS for Work [ id=c4a24e13-3c28-4de0-a8c0-a45c898997a6, tags={ tv.airtel.wynk.analytics.sync.service.AnalyticsSyncService, com.airtel.analyticsSyncService } ]
10-04 09:32:58.119   424  8590 I audio_hw_hal_primary: [audiohal_get_latency:1258] io 13: out:0xf2d00740 frames:3072 rate:48000 whole_latency:64 alsa_latency:64
10-04 09:32:58.119   424  8590 I audio_hw_hal_primary: [audiohal_get_latency:1258] io 13: out:0xf2d00740 frames:3072 rate:48000 whole_latency:64 alsa_latency:64
10-04 09:32:58.140   424  8590 I audio_hw_hal_primary: [audiohal_get_latency:1258] io 13: out:0xf2d00740 frames:3072 rate:48000 whole_latency:64 alsa_latency:64
10-04 09:32:58.140   424  8590 I audio_hw_hal_primary: [audiohal_get_latency:1258] io 13: out:0xf2d00740 frames:3072 rate:48000 whole_latency:64 alsa_latency:64
10-04 09:32:58.162   424  8590 I audio_hw_hal_primary: [audiohal_get_latency:1258] io 13: out:0xf2d00740 frames:3072 rate:48000 whole_latency:64 alsa_latency:64
10-04 09:32:58.162   424  8590 I audio_hw_hal_primary: [audiohal_get_latency:1258] io 13: out:0xf2d00740 frames:3072 rate:48000 whole_latency:64 alsa_latency:64
10-04 09:32:58.162   472   662 D audioserver: FGS Logger Transaction failed
10-04 09:32:58.162   472   662 D audioserver: -129
10-04 09:32:58.168  8084  8193 I WM-WorkerWrapper: Worker result SUCCESS for Work [ id=4eb872b1-8d3d-4c6a-b9ff-004bc16e64a6, tags={ tv.airtel.wynk.analytics.sync.service.AnalyticsSyncService, com.airtel.analyticsSyncService } ]
10-04 09:32:58.183   424  8590 I audio_hw_hal_primary: [audiohal_get_latency:1258] io 13: out:0xf2d00740 frames:3072 rate:48000 whole_latency:64 alsa_latency:64
10-04 09:32:58.204   424  8590 I audio_hw_hal_primary: [audiohal_get_latency:1258] io 13: out:0xf2d00740 frames:3072 rate:48000 whole_latency:64 alsa_latency:64
10-04 09:32:58.205   472   662 D audioserver: FGS Logger Transaction failed
10-04 09:32:58.205   472   662 D audioserver: -129
10-04 09:32:58.317  8084  8084 I showQuickDetail: 
10-04 09:32:58.318  8084  8084 E image load: onResourceReady null: 
10-04 09:32:58.334  8084  8084 D ANALYTICS_IPTV: AnalyticsEventTracker ***Event***Event{ts=1728014578332, meta={"content_name":"Damdar 10","tile_type":"LOCAL_TILE","box_type":"iptv","app_version":"1.0.0019:237","box_model":"bx:1.2.3","content_id":"-1069042476","action":"card_focus","rail_name":"Trending now on TV","firmware":"fw:1.2.3","source_name":"TV Channels"}, uid=5ye_gfsYCZe-PoQ4A0, did=8fb17cc052aef526, os=Android, ov=34, bn=237, nq=-1, nt=2, nct=0, lc=en|hi|ta|kn, av=1.0.0019, dt=STB, type=focus, adid=95acddf7-5a94-4681-bf0a-0a767be9f2c3, brand=Airtel-Xstream, model=XstreamIPTV1-VT, dname=Vantiva XstreamIPTV1-VT, appId=IPTV, sId=8fb17cc052aef526, profileId=, ab_test=86079:0|108429:0|42374:0|78244:0|95458:0|75817:0|60412:1|117812:1|120676:1|113632:1|116206:0|66480:0|100390:2|76965:1|110385:0|129832:2, city=Delhi, state=National Capital Territory of Delhi, country=India, firebase_id=687ecd54b0fd95386e529fbf62179576} Critical: false
10-04 09:32:58.339   426  1494 D rtk_heartbeat: heartbeat_timed_out: heartbeatCmdCount = 40483, expected nextSeqNum = 40483
10-04 09:32:58.340   426  1381 D rtk_heartbeat: rtkbt_heartbeat_cmpl_cback: Current SeqNum = 40483,should SeqNum=40483, status = 0
10-04 09:32:58.365  8084  8084 D Glide   : Finished loading BitmapDrawable from REMOTE for http://tvimg.wynk.in/unsafe/fit-in/300x169/filters:no_upscale():format(webp)/https://xstreamcp-assets-msp.streamready.in/assets/LIVETV/LIVECHANNEL/657978a59d8fb452ad919b7e/images/556.webp with size [-2147483648x-2147483648] in 398.897042 ms
10-04 09:32:58.365  8084  8084 D Glide Image loaded for url DeferredCoroutine{Completed}@adf8abc: 
10-04 09:32:58.484  1154  1154 I ThermalService: CPU temperatures: [45.4]
10-04 09:32:58.523  8084  8193 I WM-WorkerWrapper: Worker result SUCCESS for Work [ id=efe37482-a2b5-4da5-8453-a230c273a518, tags={ tv.airtel.wynk.analytics.sync.service.AnalyticsSyncService, com.airtel.analyticsSyncService } ]
10-04 09:32:58.590  8084  8093 I com.airtel.tv: Background young concurrent copying GC freed 461286(20MB) AllocSpace objects, 24(3312KB) LOS objects, 22% free, 80MB/104MB, paused 369us,138us total 183.841ms
10-04 09:32:58.822  8084  8143 I WM-WorkerWrapper: Worker result SUCCESS for Work [ id=6ab745b8-b566-405d-9d59-3bed89731bfe, tags={ tv.airtel.wynk.analytics.sync.service.AnalyticsSyncService, com.airtel.analyticsSyncService } ]
10-04 09:32:58.862  8084  8143 I WM-WorkerWrapper: Worker result SUCCESS for Work [ id=0a3e872c-805d-402a-b104-733679468cb1, tags={ tv.airtel.wynk.analytics.sync.service.AnalyticsSyncService, com.airtel.analyticsSyncService } ]
10-04 09:32:58.889  8084  8084 D Glide   : Finished loading BitmapDrawable from REMOTE for http://tvimg.wynk.in/unsafe/fit-in/1244x626/filters:no_upscale():format(webp)/https://xstreamcp-assets-msp.streamready.in/assets/LIVETV/PROGRAM/LIVETV_PROGRAM_INDIA_TV_1706520_04OCT0958_04OCT1028/images/INDIATV_Damdar10_1706520.jpg with size [-2147483648x-2147483648] in 494.04224999999997 ms
10-04 09:32:58.889  8084  8084 D Glide Image loaded for url DeferredCoroutine{Completed}@239f89b: 
10-04 09:32:58.900  8084  8143 I WM-WorkerWrapper: Worker result SUCCESS for Work [ id=34985219-80f4-434b-95e1-b7aa0b29698a, tags={ tv.airtel.wynk.analytics.sync.service.AnalyticsSyncService, com.airtel.analyticsSyncService } ]
10-04 09:32:59.024  8084  8143 I WM-WorkerWrapper: Worker result SUCCESS for Work [ id=ca732704-977d-4b58-9bb5-a9771f77df66, tags={ tv.airtel.wynk.analytics.sync.service.AnalyticsSyncService, com.airtel.analyticsSyncService } ]
10-04 09:32:59.078   424  8590 I audio_hw_hal_stream: aml_stream_out_info_print: out:0xf2d00740, stream_type:pcm, sync_mode:non tunnel, input_size:15654912 bytes
10-04 09:32:59.078   424  8590 I audio_hw_hal_stream: aml_stream_out_info_print: last_time:40518643 ms (sec:40518, nsec:643145195), last_position:81377 ms (3906128), cur_time:40518664 ms (sec:40518, nsec:664494403), cur_position:81399 ms (3907152)
10-04 09:32:59.078   424  8590 I audio_hw_hal_stream: aml_stream_out_info_print: time_gap:21 ms (thr:100 ms), position_gap:21 ms, delay:137 ms, jitter: Position gap is ahead of system time gap by 0 ms (thr:100 ms)
10-04 09:32:59.083  9193  9193 D MonkeyStub: translateCommand: press DPAD_DOWN
10-04 09:32:59.090   459   459 I lights-tch: flashMode 0 id 2 onMs 0 offMs 0 brightness 0
10-04 09:32:59.092   459   459 I lights-tch: flashMode 0 id 2 onMs 0 offMs 0 brightness 225
10-04 09:32:59.093  8084  8143 I WM-WorkerWrapper: Worker result SUCCESS for Work [ id=19457818-b134-417a-9191-e92cbee55cbf, tags={ tv.airtel.wynk.analytics.sync.service.AnalyticsSyncService, com.airtel.analyticsSyncService } ]
10-04 09:32:59.111  8084  8084 D ANALYTICS_IPTV: AnalyticsEventTracker ***Event***Event{ts=1728014579109, meta={"content_name":"Airtel Divya Darshan - Dagduseth Darshan","tile_type":"LOCAL_TILE","app_version":"1.0.0019:237","box_model":"bx:1.2.3","content_id":"664ee0006771311a65f5b3ae","rail_name":"Morning Ritual","box_type":"iptv","asset_position":"0","series_name":"Airtel Divya Darshan - Dagduseth Darshan","action":"card_visible","firmware":"fw:1.2.3","source_name":"TV Channels","rail_position":"1"}, uid=5ye_gfsYCZe-PoQ4A0, did=8fb17cc052aef526, os=Android, ov=34, bn=237, nq=-1, nt=2, nct=0, lc=en|hi|ta|kn, av=1.0.0019, dt=STB, type=content_visible, adid=95acddf7-5a94-4681-bf0a-0a767be9f2c3, brand=Airtel-Xstream, model=XstreamIPTV1-VT, dname=Vantiva XstreamIPTV1-VT, appId=IPTV, sId=8fb17cc052aef526, profileId=, ab_test=86079:0|108429:0|42374:0|78244:0|95458:0|75817:0|60412:1|117812:1|120676:1|113632:1|116206:0|66480:0|100390:2|76965:1|110385:0|129832:2, city=Delhi, state=National Capital Territory of Delhi, country=India, firebase_id=687ecd54b0fd95386e529fbf62179576} Critical: false
10-04 09:32:59.122  8084  8084 D ANALYTICS_IPTV: AnalyticsEventTracker ***Event***Event{ts=1728014579119, meta={"content_name":"Airtel Divya Darshan - Dagduseth Darshan","tile_type":"LOCAL_TILE","box_type":"iptv","asset_position":"0","app_version":"1.0.0019:237","box_model":"bx:1.2.3","content_id":"664ee0006771311a65f5b3ae","series_name":"Airtel Divya Darshan - Dagduseth Darshan","action":"rail_scroll","firmware":"fw:1.2.3","source_name":"TV Channels","rail_position":"1"}, uid=5ye_gfsYCZe-PoQ4A0, did=8fb17cc052aef526, os=Android, ov=34, bn=237, nq=-1, nt=2, nct=0, lc=en|hi|ta|kn, av=1.0.0019, dt=STB, type=rail_scroll, adid=95acddf7-5a94-4681-bf0a-0a767be9f2c3, brand=Airtel-Xstream, model=XstreamIPTV1-VT, dname=Vantiva XstreamIPTV1-VT, appId=IPTV, sId=8fb17cc052aef526, profileId=, ab_test=86079:0|108429:0|42374:0|78244:0|95458:0|75817:0|60412:1|117812:1|120676:1|113632:1|116206:0|66480:0|100390:2|76965:1|110385:0|129832:2, city=Delhi, state=National Capital Territory of Delhi, country=India, firebase_id=687ecd54b0fd95386e529fbf62179576} Critical: false
10-04 09:32:59.155  8084  9231 D ANALYTICS_IPTV: AnalyticsEventTracker ***Event***Event{ts=1728014579151, meta={"content_name":"Airtel Divya Darshan - Dagduseth Darshan","tile_type":"LOCAL_TILE","box_type":"iptv","asset_position":"0","app_version":"1.0.0019:237","box_model":"bx:1.2.3","action":"rail_scroll","firmware":"fw:1.2.3","source_name":"TV Channels","rail_position":"1"}, uid=5ye_gfsYCZe-PoQ4A0, did=8fb17cc052aef526, os=Android, ov=34, bn=237, nq=-1, nt=2, nct=0, lc=en|hi|ta|kn, av=1.0.0019, dt=STB, type=rail_scroll, adid=95acddf7-5a94-4681-bf0a-0a767be9f2c3, brand=Airtel-Xstream, model=XstreamIPTV1-VT, dname=Vantiva XstreamIPTV1-VT, appId=IPTV, sId=8fb17cc052aef526, profileId=, ab_test=86079:0|108429:0|42374:0|78244:0|95458:0|75817:0|60412:1|117812:1|120676:1|113632:1|116206:0|66480:0|100390:2|76965:1|110385:0|129832:2, city=Delhi, state=National Capital Territory of Delhi, country=India, firebase_id=687ecd54b0fd95386e529fbf62179576} Critical: false
10-04 09:32:59.164   424  8826 I audio_hw_hal_primary: [register_audio_patch:7826] Patch 3:id:3 mix(io:13)->dev_0[OUT_HDMI(id:18)] found, register the same patch, do nothing.
10-04 09:32:59.164   424  8826 I audio_hw_hal_primary: [adev_create_audio_patch:7927] Patch 3: MIX->DEVICE, num_src:1 num_sink:1 patch_src:INVAL
10-04 09:32:59.164   424  8826 I audio_hw_hal_primary: [adev_create_audio_patch:7931] sink[0]: OUT_HDMI(id:18)
10-04 09:32:59.164   424  8826 I audio_hw_hal_primary: [adev_create_audio_patch:7988] Patch 3: mix(io:13) -> dev[OUT_HDMI(id:18)]
10-04 09:32:59.165   424  8826 I audio_hw_hal_primary: [adev_create_audio_patch:8056] dev=0xf3782930 cur_out_device=0x400
10-04 09:32:59.165  1154  1349 D UEventObserver: change@/devices/platform/auge_sound/sound/card0/controlC0��ACTION=change��DEVPATH=/devices/platform/auge_sound/sound/card0/controlC0��SUBSYSTEM=sound��AUDIO_FORMAT=0��MAJOR=116��MINOR=11��DEVNAME=snd/controlC0��SEQNUM=3182��
--------- beginning of system
10-04 09:32:59.166  1154  1349 W ContextImpl: Calling a method in the system process without a qualified user: android.app.ContextImpl.sendBroadcast:1220 android.content.ContextWrapper.sendBroadcast:504 com.droidlogic.audioservice.services.AudioSystemCmdService$1.onUEvent:177 com.droidlogic.UEventObserver$UEventThread.sendEvent:213 com.droidlogic.UEventObserver$UEventThread.run:190 
10-04 09:32:59.169   472  1305 D audioserver: FGS Logger Transaction failed
10-04 09:32:59.169   472  1305 D audioserver: -129
10-04 09:32:59.176  1154  1348 I AudioSystemCmdService: onAudioPatchListUpdate
10-04 09:32:59.181  1154  1348 I AudioSystemCmdService: mAudioSink:[{{mHandle: 18, mRole: SINK}, mType: hdmi, mAddress: }], previousSink:[{{mHandle: 18, mRole: SINK}, mType: hdmi, mAddress: }]
10-04 09:32:59.181  1154  1348 I AudioSystemCmdService: updateAudioPatch cur sink does not change.
--------- beginning of kernel
10-04 09:32:59.204     0     0 I [1 T230   ..] logd: logdr: UID=2000 GID=2000 PID=9532 n tail=0 logMask=99 pid=0 start=0ns deadline=0ns
--------- beginning of main
10-04 09:32:59.335   424  8590 I audio_hw_hal_primary: [audiohal_get_latency:1258] io 13: out:0xf2d00740 frames:3072 rate:48000 whole_latency:64 alsa_latency:64
10-04 09:32:59.336  8084  9231 E homepage: data received in RequestRetrofitRepo : tv.accedo.airtel.wynk.data.entity.LayoutBaseEntity@b0852be9
10-04 09:32:59.339   426  1494 D rtk_heartbeat: heartbeat_timed_out: heartbeatCmdCount = 40484, expected nextSeqNum = 40484
10-04 09:32:59.341   426  1381 D rtk_heartbeat: rtkbt_heartbeat_cmpl_cback: Current SeqNum = 40484,should SeqNum=40484, status = 0
10-04 09:32:59.346  8084  9231 E homepage: post processing done
10-04 09:32:59.356  8084  8084 D IPTV_KPI: TAB_LOAD : 4105 ms
10-04 09:32:59.357   424  8590 I audio_hw_hal_primary: [audiohal_get_latency:1258] io 13: out:0xf2d00740 frames:3072 rate:48000 whole_latency:64 alsa_latency:64
10-04 09:32:59.378   424  8590 I audio_hw_hal_primary: [audiohal_get_latency:1258] io 13: out:0xf2d00740 frames:3072 rate:48000 whole_latency:64 alsa_latency:64
10-04 09:32:59.399   424  8590 I audio_hw_hal_primary: [audiohal_get_latency:1258] io 13: out:0xf2d00740 frames:3072 rate:48000 whole_latency:64 alsa_latency:64
10-04 09:32:59.420   424  8590 I audio_hw_hal_primary: [audiohal_get_latency:1258] io 13: out:0xf2d00740 frames:3072 rate:48000 whole_latency:64 alsa_latency:64
10-04 09:32:59.438  8084  8084 D ANALYTICS_IPTV: AnalyticsEventTracker ***Event***Event{ts=1728014579435, meta={"box_type":"iptv","app_version":"1.0.0019:237","box_model":"bx:1.2.3","rail_name":"Trending now on TV","firmware":"fw:1.2.3","source_name":"TV Channels","rail_id":"66a36d166065ee28fb93f1cb","rail_position":"1"}, uid=5ye_gfsYCZe-PoQ4A0, did=8fb17cc052aef526, os=Android, ov=34, bn=237, nq=-1, nt=2, nct=0, lc=en|hi|ta|kn, av=1.0.0019, dt=STB, type=rail_visible, adid=95acddf7-5a94-4681-bf0a-0a767be9f2c3, brand=Airtel-Xstream, model=XstreamIPTV1-VT, dname=Vantiva XstreamIPTV1-VT, appId=IPTV, sId=8fb17cc052aef526, profileId=, ab_test=86079:0|108429:0|42374:0|78244:0|95458:0|75817:0|60412:1|117812:1|120676:1|113632:1|116206:0|66480:0|100390:2|76965:1|110385:0|129832:2, city=Delhi, state=National Capital Territory of Delhi, country=India, firebase_id=687ecd54b0fd95386e529fbf62179576} Critical: false
10-04 09:32:59.439  8084  8195 I WM-WorkerWrapper: Worker result SUCCESS for Work [ id=c33b448a-d7d7-4c3d-8e22-7b0a85b186c3, tags={ tv.airtel.wynk.analytics.sync.service.AnalyticsSyncService, com.airtel.analyticsSyncService } ]
10-04 09:32:59.442   424  8590 I audio_hw_hal_primary: [audiohal_get_latency:1258] io 13: out:0xf2d00740 frames:3072 rate:48000 whole_latency:64 alsa_latency:64
10-04 09:32:59.442   472   662 D audioserver: FGS Logger Transaction failed
10-04 09:32:59.442   472   662 D audioserver: -129
10-04 09:32:59.443  8084  8084 D ANALYTICS_IPTV: AnalyticsEventTracker ***Event***Event{ts=1728014579440, meta={"box_type":"iptv","app_version":"1.0.0019:237","box_model":"bx:1.2.3","rail_name":"Morning Ritual","firmware":"fw:1.2.3","source_name":"TV Channels","rail_id":"66a36d221c4465732e30c18d","rail_position":"2"}, uid=5ye_gfsYCZe-PoQ4A0, did=8fb17cc052aef526, os=Android, ov=34, bn=237, nq=-1, nt=2, nct=0, lc=en|hi|ta|kn, av=1.0.0019, dt=STB, type=rail_visible, adid=95acddf7-5a94-4681-bf0a-0a767be9f2c3, brand=Airtel-Xstream, model=XstreamIPTV1-VT, dname=Vantiva XstreamIPTV1-VT, appId=IPTV, sId=8fb17cc052aef526, profileId=, ab_test=86079:0|108429:0|42374:0|78244:0|95458:0|75817:0|60412:1|117812:1|120676:1|113632:1|116206:0|66480:0|100390:2|76965:1|110385:0|129832:2, city=Delhi, state=National Capital Territory of Delhi, country=India, firebase_id=687ecd54b0fd95386e529fbf62179576} Critical: false
10-04 09:32:59.452  8084  8084 D ANALYTICS_IPTV: AnalyticsEventTracker ***Event***Event{ts=1728014579446, meta={"box_type":"iptv","app_version":"1.0.0019:237","box_model":"bx:1.2.3","rail_name":"Summer Fun ","firmware":"fw:1.2.3","source_name":"TV Channels","rail_id":"66a36d334e4e8e2a6960a417","rail_position":"3"}, uid=5ye_gfsYCZe-PoQ4A0, did=8fb17cc052aef526, os=Android, ov=34, bn=237, nq=-1, nt=2, nct=0, lc=en|hi|ta|kn, av=1.0.0019, dt=STB, type=rail_visible, adid=95acddf7-5a94-4681-bf0a-0a767be9f2c3, brand=Airtel-Xstream, model=XstreamIPTV1-VT, dname=Vantiva XstreamIPTV1-VT, appId=IPTV, sId=8fb17cc052aef526, profileId=, ab_test=86079:0|108429:0|42374:0|78244:0|95458:0|75817:0|60412:1|117812:1|120676:1|113632:1|116206:0|66480:0|100390:2|76965:1|110385:0|129832:2, city=Delhi, state=National Capital Territory of Delhi, country=India, firebase_id=687ecd54b0fd95386e529fbf62179576} Critical: false
--------- beginning of system
10-04 09:32:59.474   696  9329 W JobScheduler: Job didn't exist in JobStore: 5d635c #u0a43/1578 com.airtel.tv/androidx.work.impl.background.systemjob.SystemJobService
--------- beginning of kernel
10-04 09:32:59.512     0     0 W [0 T1289  ..] RTW: rtw_get_sta_tx_stat() not support
10-04 09:32:59.512     0     0 W [0 T1289  ..] RTW: cfg80211_rtw_get_txpower
10-04 09:32:59.496   696  1134 W JobScheduler: Job didn't exist in JobStore: e798b8e #u0a43/1590 com.airtel.tv/androidx.work.impl.background.systemjob.SystemJobService
10-04 09:32:59.512  8084  8084 I showQuickDetail: 
10-04 09:32:59.512  8084  8084 E image load: onResourceReady null: 
10-04 09:32:59.531  8084  8084 D ANALYTICS_IPTV: AnalyticsEventTracker ***Event***Event{ts=1728014579528, meta={"content_name":"Airtel Divya Darshan - Dagduseth Darshan","tile_type":"LOCAL_TILE","box_type":"iptv","app_version":"1.0.0019:237","box_model":"bx:1.2.3","content_id":"664ee0006771311a65f5b3ae","action":"card_focus","rail_name":"Morning Ritual","firmware":"fw:1.2.3","source_name":"TV Channels"}, uid=5ye_gfsYCZe-PoQ4A0, did=8fb17cc052aef526, os=Android, ov=34, bn=237, nq=-1, nt=2, nct=0, lc=en|hi|ta|kn, av=1.0.0019, dt=STB, type=focus, adid=95acddf7-5a94-4681-bf0a-0a767be9f2c3, brand=Airtel-Xstream, model=XstreamIPTV1-VT, dname=Vantiva XstreamIPTV1-VT, appId=IPTV, sId=8fb17cc052aef526, profileId=, ab_test=86079:0|108429:0|42374:0|78244:0|95458:0|75817:0|60412:1|117812:1|120676:1|113632:1|116206:0|66480:0|100390:2|76965:1|110385:0|129832:2, city=Delhi, state=National Capital Territory of Delhi, country=India, firebase_id=687ecd54b0fd95386e529fbf62179576} Critical: false
10-04 09:32:59.564   696  1134 W JobScheduler: Job didn't exist in JobStore: 9820960 #u0a43/1582 com.airtel.tv/androidx.work.impl.background.systemjob.SystemJobService
10-04 09:32:59.578   696  9329 W JobScheduler: Job didn't exist in JobStore: cff90b7 #u0a43/1589 com.airtel.tv/androidx.work.impl.background.systemjob.SystemJobService
10-04 09:32:59.593   696  1134 W JobScheduler: Job didn't exist in JobStore: 149daea #u0a43/1586 com.airtel.tv/androidx.work.impl.background.systemjob.SystemJobService
10-04 09:32:59.630   696  1134 W JobScheduler: Job didn't exist in JobStore: 19dfaf #u0a43/1591 com.airtel.tv/androidx.work.impl.background.systemjob.SystemJobService
10-04 09:32:59.637   696  1134 W JobScheduler: Job didn't exist in JobStore: e2ec7cb #u0a43/1593 com.airtel.tv/androidx.work.impl.background.systemjob.SystemJobService
10-04 09:32:59.644   696  9329 W JobScheduler: Job didn't exist in JobStore: d85bfbc #u0a43/1592 com.airtel.tv/androidx.work.impl.background.systemjob.SystemJobService
10-04 09:32:59.654  9427  9427 I katniss_search_TvSearchApp: onTrimMemory level=40
10-04 09:32:59.655  9427  9473 I katniss_search_KatnissAccountManagerImpl: Read invalid search account from PDS
10-04 09:32:59.655  9427  9473 I katniss_search_KatnissAccountManagerImpl: Read invalid search account from PDS
10-04 09:32:59.656   696  9329 W JobScheduler: Job didn't exist in JobStore: 1eef7eb #u0a43/1579 com.airtel.tv/androidx.work.impl.background.systemjob.SystemJobService
10-04 09:32:59.657  9427  9473 I katniss_search_KatnissAccountManagerImpl: Read invalid search account from PDS
10-04 09:32:59.662   696  9329 W JobScheduler: Job didn't exist in JobStore: 9a9d2d5 #u0a43/1585 com.airtel.tv/androidx.work.impl.background.systemjob.SystemJobService
10-04 09:32:59.755   424   582 I audio_hw_hal_alsamgr: alsa format =0x1 delay frames =1024 total frames=1944320000
10-04 09:32:59.755  8084  8084 D Glide   : Finished loading BitmapDrawable from REMOTE for http://tvimg.wynk.in/unsafe/fit-in/1244x626/filters:no_upscale():format(webp)/https://s3.ap-south-1.amazonaws.com/discovery-prod-arsenal/tile/artwork/1716445174349_dagduseth_darshan.jpg with size [-2147483648x-2147483648] in 152.099626 ms
10-04 09:32:59.756  8084  8084 D Glide Image loaded for url DeferredCoroutine{Completed}@480e8f8: 
10-04 09:32:59.783   696   799 W JobScheduler: Job didn't exist in JobStore: d62bbb6 #u0a43/1588 com.airtel.tv/androidx.work.impl.background.systemjob.SystemJobService
10-04 09:32:59.790   696   799 W JobScheduler: Job didn't exist in JobStore: 6ef7e66 #u0a43/1594 com.airtel.tv/androidx.work.impl.background.systemjob.SystemJobService
10-04 09:33:00.056  9330  9422 I katniss_interactor_KatnissIpcConnection: Will disconnect service connection. .KatnissSearchProcessService
10-04 09:33:00.057  9427  9470 I katniss_search_KatnissIpcConnection: Will disconnect service connection. .LatencyLoggerService
10-04 09:33:00.076  9427  9427 I katniss_search_TvSearchApp: onTrimMemory level=40
10-04 09:33:00.076  9427  9473 I katniss_search_KatnissAccountManagerImpl: Read invalid search account from PDS
10-04 09:33:00.076  9427  9473 I katniss_search_KatnissAccountManagerImpl: Read invalid search account from PDS
10-04 09:33:00.077  9427  9473 I katniss_search_KatnissAccountManagerImpl: Read invalid search account from PDS
10-04 09:33:00.108  9427  9470 I katniss_search_KatnissIpcConnection: Will disconnect service connection. .KatnissInteractorProcessService
10-04 09:33:00.151  1826  1826 D BoundBrokerSvc: onUnbind: Intent { act=com.google.android.mobstore.service.START pkg=com.google.android.gms }
10-04 09:33:00.339   426  1494 D rtk_heartbeat: heartbeat_timed_out: heartbeatCmdCount = 40485, expected nextSeqNum = 40485
10-04 09:33:00.340   426  1381 D rtk_heartbeat: rtkbt_heartbeat_cmpl_cback: Current SeqNum = 40485,should SeqNum=40485, status = 0
10-04 09:33:00.369  9193  9193 D MonkeyStub: translateCommand: press DPAD_RIGHT
10-04 09:33:00.371   459   459 I lights-tch: flashMode 0 id 2 onMs 0 offMs 0 brightness 0
10-04 09:33:00.375   459   459 I lights-tch: flashMode 0 id 2 onMs 0 offMs 0 brightness 225
10-04 09:33:00.384  8084  8084 E ThemeUtils: View class androidx.appcompat.widget.AppCompatImageView is an AppCompat widget that can only be used with a Theme.AppCompat theme (or descendant).
10-04 09:33:00.388  8084  8084 E ThemeUtils: View class androidx.appcompat.widget.AppCompatImageView is an AppCompat widget that can only be used with a Theme.AppCompat theme (or descendant).
10-04 09:33:00.408  8084  8084 D ANALYTICS_IPTV: AnalyticsEventTracker ***Event***Event{ts=1728014580405, meta={"content_name":"Airtel Bhakti ","tile_type":"LOCAL_TILE","app_version":"1.0.0019:237","box_model":"bx:1.2.3","content_id":"664edf896771311a65f5b3ad","rail_name":"Morning Ritual","box_type":"iptv","asset_position":"1","series_name":"Airtel Bhakti ","action":"card_visible","firmware":"fw:1.2.3","source_name":"TV Channels","rail_position":"1"}, uid=5ye_gfsYCZe-PoQ4A0, did=8fb17cc052aef526, os=Android, ov=34, bn=237, nq=-1, nt=2, nct=0, lc=en|hi|ta|kn, av=1.0.0019, dt=STB, type=content_visible, adid=95acddf7-5a94-4681-bf0a-0a767be9f2c3, brand=Airtel-Xstream, model=XstreamIPTV1-VT, dname=Vantiva XstreamIPTV1-VT, appId=IPTV, sId=8fb17cc052aef526, profileId=, ab_test=86079:0|108429:0|42374:0|78244:0|95458:0|75817:0|60412:1|117812:1|120676:1|113632:1|116206:0|66480:0|100390:2|76965:1|110385:0|129832:2, city=Delhi, state=National Capital Territory of Delhi, country=India, firebase_id=687ecd54b0fd95386e529fbf62179576} Critical: false
10-04 09:33:00.413  8084  8084 D ANALYTICS_IPTV: AnalyticsEventTracker ***Event***Event{ts=1728014580411, meta={"content_name":"Airtel Bhakti ","tile_type":"LOCAL_TILE","box_type":"iptv","asset_position":"1","app_version":"1.0.0019:237","box_model":"bx:1.2.3","content_id":"664edf896771311a65f5b3ad","series_name":"Airtel Bhakti ","action":"rail_scroll","firmware":"fw:1.2.3","source_name":"TV Channels","rail_position":"1"}, uid=5ye_gfsYCZe-PoQ4A0, did=8fb17cc052aef526, os=Android, ov=34, bn=237, nq=-1, nt=2, nct=0, lc=en|hi|ta|kn, av=1.0.0019, dt=STB, type=rail_scroll, adid=95acddf7-5a94-4681-bf0a-0a767be9f2c3, brand=Airtel-Xstream, model=XstreamIPTV1-VT, dname=Vantiva XstreamIPTV1-VT, appId=IPTV, sId=8fb17cc052aef526, profileId=, ab_test=86079:0|108429:0|42374:0|78244:0|95458:0|75817:0|60412:1|117812:1|120676:1|113632:1|116206:0|66480:0|100390:2|76965:1|110385:0|129832:2, city=Delhi, state=National Capital Territory of Delhi, country=India, firebase_id=687ecd54b0fd95386e529fbf62179576} Critical: false
10-04 09:33:00.417  9193  9193 D MonkeyStub: translateCommand: press DPAD_RIGHT
10-04 09:33:00.420  8084  8839 D ANALYTICS_IPTV: AnalyticsEventTracker ***Event***Event{ts=1728014580417, meta={"content_name":"Airtel Bhakti ","tile_type":"LOCAL_TILE","box_type":"iptv","asset_position":"1","app_version":"1.0.0019:237","box_model":"bx:1.2.3","action":"rail_scroll","firmware":"fw:1.2.3","source_name":"TV Channels","rail_position":"1"}, uid=5ye_gfsYCZe-PoQ4A0, did=8fb17cc052aef526, os=Android, ov=34, bn=237, nq=-1, nt=2, nct=0, lc=en|hi|ta|kn, av=1.0.0019, dt=STB, type=rail_scroll, adid=95acddf7-5a94-4681-bf0a-0a767be9f2c3, brand=Airtel-Xstream, model=XstreamIPTV1-VT, dname=Vantiva XstreamIPTV1-VT, appId=IPTV, sId=8fb17cc052aef526, profileId=, ab_test=86079:0|108429:0|42374:0|78244:0|95458:0|75817:0|60412:1|117812:1|120676:1|113632:1|116206:0|66480:0|100390:2|76965:1|110385:0|129832:2, city=Delhi, state=National Capital Territory of Delhi, country=India, firebase_id=687ecd54b0fd95386e529fbf62179576} Critical: false
10-04 09:33:00.420   459   459 I lights-tch: flashMode 0 id 2 onMs 0 offMs 0 brightness 0
10-04 09:33:00.450   424  8826 I audio_hw_hal_primary: [register_audio_patch:7826] Patch 3:id:3 mix(io:13)->dev_0[OUT_HDMI(id:18)] found, register the same patch, do nothing.
10-04 09:33:00.450   424  8826 I audio_hw_hal_primary: [adev_create_audio_patch:7927] Patch 3: MIX->DEVICE, num_src:1 num_sink:1 patch_src:INVAL
10-04 09:33:00.450   424  8826 I audio_hw_hal_primary: [adev_create_audio_patch:7931] sink[0]: OUT_HDMI(id:18)
10-04 09:33:00.450   424  8826 I audio_hw_hal_primary: [adev_create_audio_patch:7988] Patch 3: mix(io:13) -> dev[OUT_HDMI(id:18)]
10-04 09:33:00.450   424  8826 I audio_hw_hal_primary: [adev_create_audio_patch:8056] dev=0xf3782930 cur_out_device=0x400
10-04 09:33:00.451  1154  1349 D UEventObserver: change@/devices/platform/auge_sound/sound/card0/controlC0��ACTION=change��DEVPATH=/devices/platform/auge_sound/sound/card0/controlC0��SUBSYSTEM=sound��AUDIO_FORMAT=0��MAJOR=116��MINOR=11��DEVNAME=snd/controlC0��SEQNUM=3183��
10-04 09:33:00.451  1154  1349 W ContextImpl: Calling a method in the system process without a qualified user: android.app.ContextImpl.sendBroadcast:1220 android.content.ContextWrapper.sendBroadcast:504 com.droidlogic.audioservice.services.AudioSystemCmdService$1.onUEvent:177 com.droidlogic.UEventObserver$UEventThread.sendEvent:213 com.droidlogic.UEventObserver$UEventThread.run:190 
10-04 09:33:00.457   472  2595 D audioserver: FGS Logger Transaction failed
10-04 09:33:00.457   472  2595 D audioserver: -129
10-04 09:33:00.466  1154  1348 I AudioSystemCmdService: onAudioPatchListUpdate
10-04 09:33:00.471  1154  1348 I AudioSystemCmdService: mAudioSink:[{{mHandle: 18, mRole: SINK}, mType: hdmi, mAddress: }], previousSink:[{{mHandle: 18, mRole: SINK}, mType: hdmi, mAddress: }]
10-04 09:33:00.471  1154  1348 I AudioSystemCmdService: updateAudioPatch cur sink does not change.
10-04 09:33:00.480  8084  8084 E ThemeUtils: View class androidx.appcompat.widget.AppCompatImageView is an AppCompat widget that can only be used with a Theme.AppCompat theme (or descendant).
10-04 09:33:00.482   459   459 I lights-tch: flashMode 0 id 2 onMs 0 offMs 0 brightness 225
10-04 09:33:00.488  8084  8084 E ThemeUtils: View class androidx.appcompat.widget.AppCompatImageView is an AppCompat widget that can only be used with a Theme.AppCompat theme (or descendant).
10-04 09:33:00.490  1154  1154 I ThermalService: CPU temperatures: [46.000004]
--------- beginning of main
10-04 09:33:00.652  8084  8084 D Glide   : Finished loading BitmapDrawable from REMOTE for http://tvimg.wynk.in/unsafe/fit-in/300x169/filters:no_upscale():format(webp)/https://s3.ap-south-1.amazonaws.com/discovery-prod-arsenal/tile/artwork/1716443450598_patna_saheb_darshan.jpg with size [-2147483648x-2147483648] in 69.444666 ms
10-04 09:33:00.652  8084  8084 D Glide Image loaded for url DeferredCoroutine{Completed}@a1067c9: 
10-04 09:33:00.657   424  8590 I audio_hw_hal_primary: [audiohal_get_latency:1258] io 13: out:0xf2d00740 frames:3072 rate:48000 whole_latency:64 alsa_latency:64
10-04 09:33:00.658   424  8590 I audio_hw_hal_primary: [audiohal_get_latency:1258] io 13: out:0xf2d00740 frames:3072 rate:48000 whole_latency:64 alsa_latency:64
10-04 09:33:00.679   424  8590 I audio_hw_hal_primary: [audiohal_get_latency:1258] io 13: out:0xf2d00740 frames:3072 rate:48000 whole_latency:64 alsa_latency:64
10-04 09:33:00.679   424  8590 I audio_hw_hal_primary: [audiohal_get_latency:1258] io 13: out:0xf2d00740 frames:3072 rate:48000 whole_latency:64 alsa_latency:64
10-04 09:33:00.700   424  8590 I audio_hw_hal_primary: [audiohal_get_latency:1258] io 13: out:0xf2d00740 frames:3072 rate:48000 whole_latency:64 alsa_latency:64
10-04 09:33:00.700   424  8590 I audio_hw_hal_primary: [audiohal_get_latency:1258] io 13: out:0xf2d00740 frames:3072 rate:48000 whole_latency:64 alsa_latency:64
10-04 09:33:00.722   424  8590 I audio_hw_hal_primary: [audiohal_get_latency:1258] io 13: out:0xf2d00740 frames:3072 rate:48000 whole_latency:64 alsa_latency:64
10-04 09:33:00.722   424  8590 I audio_hw_hal_primary: [audiohal_get_latency:1258] io 13: out:0xf2d00740 frames:3072 rate:48000 whole_latency:64 alsa_latency:64
10-04 09:33:00.743   424  8590 I audio_hw_hal_primary: [audiohal_get_latency:1258] io 13: out:0xf2d00740 frames:3072 rate:48000 whole_latency:64 alsa_latency:64
10-04 09:33:00.743   424  8590 I audio_hw_hal_primary: [audiohal_get_latency:1258] io 13: out:0xf2d00740 frames:3072 rate:48000 whole_latency:64 alsa_latency:64
10-04 09:33:00.764   424  8590 I audio_hw_hal_primary: [audiohal_get_latency:1258] io 13: out:0xf2d00740 frames:3072 rate:48000 whole_latency:64 alsa_latency:64
10-04 09:33:00.764   424  8590 I audio_hw_hal_primary: [audiohal_get_latency:1258] io 13: out:0xf2d00740 frames:3072 rate:48000 whole_latency:64 alsa_latency:64
10-04 09:33:00.765   472   662 D audioserver: FGS Logger Transaction failed
10-04 09:33:00.765   472   662 D audioserver: -129
10-04 09:33:00.785   424  8590 I audio_hw_hal_primary: [audiohal_get_latency:1258] io 13: out:0xf2d00740 frames:3072 rate:48000 whole_latency:64 alsa_latency:64
10-04 09:33:00.807   424  8590 I audio_hw_hal_primary: [audiohal_get_latency:1258] io 13: out:0xf2d00740 frames:3072 rate:48000 whole_latency:64 alsa_latency:64
10-04 09:33:00.807   472   662 D audioserver: FGS Logger Transaction failed
10-04 09:33:00.807   472   662 D audioserver: -129
10-04 09:33:00.907  8084  8084 I showQuickDetail: 
10-04 09:33:00.907  8084  8084 E image load: onResourceReady null: 
10-04 09:33:00.918  8084  8084 D ANALYTICS_IPTV: AnalyticsEventTracker ***Event***Event{ts=1728014580915, meta={"content_name":"Airtel Divya Darsha - Ujjain Darshan","tile_type":"LOCAL_TILE","box_type":"iptv","app_version":"1.0.0019:237","box_model":"bx:1.2.3","content_id":"664edf1e2b607657c61dcf35","action":"card_focus","rail_name":"Morning Ritual","firmware":"fw:1.2.3","source_name":"TV Channels"}, uid=5ye_gfsYCZe-PoQ4A0, did=8fb17cc052aef526, os=Android, ov=34, bn=237, nq=-1, nt=2, nct=0, lc=en|hi|ta|kn, av=1.0.0019, dt=STB, type=focus, adid=95acddf7-5a94-4681-bf0a-0a767be9f2c3, brand=Airtel-Xstream, model=XstreamIPTV1-VT, dname=Vantiva XstreamIPTV1-VT, appId=IPTV, sId=8fb17cc052aef526, profileId=, ab_test=86079:0|108429:0|42374:0|78244:0|95458:0|75817:0|60412:1|117812:1|120676:1|113632:1|116206:0|66480:0|100390:2|76965:1|110385:0|129832:2, city=Delhi, state=National Capital Territory of Delhi, country=India, firebase_id=687ecd54b0fd95386e529fbf62179576} Critical: false
10-04 09:33:01.039  8084  8084 D Glide   : Finished loading BitmapDrawable from REMOTE for http://tvimg.wynk.in/unsafe/fit-in/1244x626/filters:no_upscale():format(webp)/https://s3.ap-south-1.amazonaws.com/discovery-prod-arsenal/tile/artwork/1716446714791_ujjain_darshan.jpg with size [-2147483648x-2147483648] in 116.90133399999999 ms
10-04 09:33:01.040  8084  8084 D Glide Image loaded for url DeferredCoroutine{Completed}@c88b31d: 
10-04 09:33:01.340   426  1494 D rtk_heartbeat: heartbeat_timed_out: heartbeatCmdCount = 40486, expected nextSeqNum = 40486
10-04 09:33:01.341   426  1381 D rtk_heartbeat: rtkbt_heartbeat_cmpl_cback: Current SeqNum = 40486,should SeqNum=40486, status = 0
10-04 09:33:01.396  8084  8143 I WM-WorkerWrapper: Worker result SUCCESS for Work [ id=b65adab3-057f-4bd9-a0ec-7598d375cd48, tags={ tv.airtel.wynk.analytics.sync.service.AnalyticsSyncService, com.airtel.analyticsSyncService } ]
10-04 09:33:01.445  8084  8143 I WM-WorkerWrapper: Worker result SUCCESS for Work [ id=e0612b20-a0b0-4750-83e0-78f318cb8e18, tags={ tv.airtel.wynk.analytics.sync.service.AnalyticsSyncService, com.airtel.analyticsSyncService } ]
10-04 09:33:01.491  8084  8143 I WM-WorkerWrapper: Worker result SUCCESS for Work [ id=4d8aaebe-3860-49a4-8628-1ddaa7e38536, tags={ tv.airtel.wynk.analytics.sync.service.AnalyticsSyncService, com.airtel.analyticsSyncService } ]
10-04 09:33:01.591  8084  8143 I WM-WorkerWrapper: Worker result SUCCESS for Work [ id=dce78099-583e-4ef2-be46-a2d81f0872cf, tags={ tv.airtel.wynk.analytics.sync.service.AnalyticsSyncService, com.airtel.analyticsSyncService } ]
10-04 09:33:01.654  8084  8143 I WM-WorkerWrapper: Worker result SUCCESS for Work [ id=5a2c5903-2150-4413-ba45-de149f081be7, tags={ tv.airtel.wynk.analytics.sync.service.AnalyticsSyncService, com.airtel.analyticsSyncService } ]
10-04 09:33:01.660  9193  9193 D MonkeyStub: translateCommand: press DPAD_DOWN
10-04 09:33:01.662   459   459 I lights-tch: flashMode 0 id 2 onMs 0 offMs 0 brightness 0
10-04 09:33:01.668   459   459 I lights-tch: flashMode 0 id 2 onMs 0 offMs 0 brightness 225
10-04 09:33:01.694  8084  8084 D ANALYTICS_IPTV: AnalyticsEventTracker ***Event***Event{ts=1728014581690, meta={"content_name":"Anime Booth by Airtel 1","tile_type":"LOCAL_TILE","app_version":"1.0.0019:237","box_model":"bx:1.2.3","content_id":"664ef06cd28bc71cbfbd4dd4","rail_name":"Summer Fun ","box_type":"iptv","asset_position":"0","series_name":"Anime Booth by Airtel 1","action":"card_visible","firmware":"fw:1.2.3","source_name":"TV Channels","rail_position":"2"}, uid=5ye_gfsYCZe-PoQ4A0, did=8fb17cc052aef526, os=Android, ov=34, bn=237, nq=-1, nt=2, nct=0, lc=en|hi|ta|kn, av=1.0.0019, dt=STB, type=content_visible, adid=95acddf7-5a94-4681-bf0a-0a767be9f2c3, brand=Airtel-Xstream, model=XstreamIPTV1-VT, dname=Vantiva XstreamIPTV1-VT, appId=IPTV, sId=8fb17cc052aef526, profileId=, ab_test=86079:0|108429:0|42374:0|78244:0|95458:0|75817:0|60412:1|117812:1|120676:1|113632:1|116206:0|66480:0|100390:2|76965:1|110385:0|129832:2, city=Delhi, state=National Capital Territory of Delhi, country=India, firebase_id=687ecd54b0fd95386e529fbf62179576} Critical: false
10-04 09:33:01.704  8084  8084 D ANALYTICS_IPTV: AnalyticsEventTracker ***Event***Event{ts=1728014581696, meta={"content_name":"Anime Booth by Airtel 1","tile_type":"LOCAL_TILE","box_type":"iptv","asset_position":"0","app_version":"1.0.0019:237","box_model":"bx:1.2.3","content_id":"664ef06cd28bc71cbfbd4dd4","series_name":"Anime Booth by Airtel 1","action":"rail_scroll","firmware":"fw:1.2.3","source_name":"TV Channels","rail_position":"2"}, uid=5ye_gfsYCZe-PoQ4A0, did=8fb17cc052aef526, os=Android, ov=34, bn=237, nq=-1, nt=2, nct=0, lc=en|hi|ta|kn, av=1.0.0019, dt=STB, type=rail_scroll, adid=95acddf7-5a94-4681-bf0a-0a767be9f2c3, brand=Airtel-Xstream, model=XstreamIPTV1-VT, dname=Vantiva XstreamIPTV1-VT, appId=IPTV, sId=8fb17cc052aef526, profileId=, ab_test=86079:0|108429:0|42374:0|78244:0|95458:0|75817:0|60412:1|117812:1|120676:1|113632:1|116206:0|66480:0|100390:2|76965:1|110385:0|129832:2, city=Delhi, state=National Capital Territory of Delhi, country=India, firebase_id=687ecd54b0fd95386e529fbf62179576} Critical: false
10-04 09:33:01.711  8084  8839 D ANALYTICS_IPTV: AnalyticsEventTracker ***Event***Event{ts=1728014581708, meta={"content_name":"Anime Booth by Airtel 1","tile_type":"LOCAL_TILE","box_type":"iptv","asset_position":"0","app_version":"1.0.0019:237","box_model":"bx:1.2.3","action":"rail_scroll","firmware":"fw:1.2.3","source_name":"TV Channels","rail_position":"2"}, uid=5ye_gfsYCZe-PoQ4A0, did=8fb17cc052aef526, os=Android, ov=34, bn=237, nq=-1, nt=2, nct=0, lc=en|hi|ta|kn, av=1.0.0019, dt=STB, type=rail_scroll, adid=95acddf7-5a94-4681-bf0a-0a767be9f2c3, brand=Airtel-Xstream, model=XstreamIPTV1-VT, dname=Vantiva XstreamIPTV1-VT, appId=IPTV, sId=8fb17cc052aef526, profileId=, ab_test=86079:0|108429:0|42374:0|78244:0|95458:0|75817:0|60412:1|117812:1|120676:1|113632:1|116206:0|66480:0|100390:2|76965:1|110385:0|129832:2, city=Delhi, state=National Capital Territory of Delhi, country=India, firebase_id=687ecd54b0fd95386e529fbf62179576} Critical: false
--------- beginning of main
10-04 09:33:01.869  8084  8143 I WM-WorkerWrapper: Worker result SUCCESS for Work [ id=09f4f65a-b086-48e7-a69d-b07ce391c393, tags={ tv.airtel.wynk.analytics.sync.service.AnalyticsSyncService, com.airtel.analyticsSyncService } ]
--------- beginning of system
10-04 09:33:01.882   696  9329 W JobScheduler: Job didn't exist in JobStore: de382b4 #u0a43/1601 com.airtel.tv/androidx.work.impl.background.systemjob.SystemJobService
10-04 09:33:01.895   424  8590 I audio_hw_hal_primary: [audiohal_get_latency:1258] io 13: out:0xf2d00740 frames:3072 rate:48000 whole_latency:64 alsa_latency:64
10-04 09:33:01.907  8084  8084 E ConstraintLayout: layout_constraintWidth_default="wrap" is deprecated.
10-04 09:33:01.907  8084  8084 E ConstraintLayout: Use layout_width="WRAP_CONTENT" and layout_constrainedWidth="true" instead.
