10-04 09:26:40.050  7788  7788 I EmojiCompatManager: 	at android.inputmethodservice.InputMethodService$InputMethodImpl.startInput(InputMethodService.java:824)
10-04 09:26:40.050  7788  7788 I EmojiCompatManager: 	at android.inputmethodservice.InputMethodService$InputMethodImpl.dispatchStartInput(InputMethodService.java:853)
10-04 09:26:40.050  7788  7788 I EmojiCompatManager: 	at android.inputmethodservice.IInputMethodWrapper.executeMessage(IInputMethodWrapper.java:197)
10-04 09:26:40.050  7788  7788 I EmojiCompatManager: 	at com.android.internal.os.HandlerCaller$MyHandler.handleMessage(HandlerCaller.java:44)
10-04 09:26:40.050  7788  7788 I EmojiCompatManager: 	at android.os.Handler.dispatchMessage(Handler.java:106)
10-04 09:26:40.050  7788  7788 I EmojiCompatManager: 	at android.os.Looper.loopOnce(Looper.java:205)
10-04 09:26:40.050  7788  7788 I EmojiCompatManager: 	at android.os.Looper.loop(Looper.java:294)
10-04 09:26:40.050  7788  7788 I EmojiCompatManager: 	at android.app.ActivityThread.main(ActivityThread.java:8177)
10-04 09:26:40.050  7788  7788 I EmojiCompatManager: 	at java.lang.reflect.Method.invoke(Native Method)
10-04 09:26:40.050  7788  7788 I EmojiCompatManager: 	at com.android.internal.os.RuntimeInit$MethodAndArgsCaller.run(RuntimeInit.java:552)
10-04 09:26:40.050  7788  7788 I EmojiCompatManager: 	at com.android.internal.os.ZygoteInit.main(ZygoteInit.java:971)
10-04 09:26:40.051   696   696 D ResendCecCommandAction: sendCommandWithoutRetries failed, retry
10-04 09:26:40.051   696   949 D HDMI    : [S]:<Text View On> 40:0D
10-04 09:26:40.055  8084  8098 I OpenGLRenderer: Davey! duration=1181ms; Flags=0, FrameTimelineVsyncId=58735, IntendedVsync=40138453163666, Vsync=40138936980323, InputEventId=0, HandleInputStart=40138949083972, AnimationStart=40138949087764, PerformTraversalsStart=40138950578847, DrawStart=40139571665639, FrameDeadline=40138505213665, FrameInterval=40138948623889, FrameStartTime=16683333, SyncQueued=40139602070306, SyncStart=40139602268139, IssueDrawCommandsStart=40139604561889, SwapBuffers=40139619327264, FrameCompleted=40139634858472, DequeueBufferDuration=27167, QueueBufferDuration=718791, GpuCompleted=40139634858472, SwapBuffersCompleted=40139624363764, DisplayPresentTime=40090303176953, CommandSubmissionCompleted=40139619327264, 
10-04 09:26:40.092  8084  8084 I Choreographer: Skipped 40 frames!  The application may be doing too much work on its main thread.
10-04 09:26:40.111   441   441 D hdmicecd: [CEC]:printCecMessage, [4 -> 0] len: 1, body: 0d, result:no ack
10-04 09:26:40.152  8084  8084 E ThemeUtils: View class com.airbnb.lottie.LottieAnimationView is an AppCompat widget that can only be used with a Theme.AppCompat theme (or descendant).
10-04 09:26:40.156  8084  8084 E ThemeUtils: View class androidx.appcompat.widget.AppCompatTextView is an AppCompat widget that can only be used with a Theme.AppCompat theme (or descendant).
10-04 09:26:40.161  8084  8084 E ThemeUtils: View class androidx.appcompat.widget.AppCompatTextView is an AppCompat widget that can only be used with a Theme.AppCompat theme (or descendant).
10-04 09:26:40.167   441   441 D hdmicecd: [CEC]:printCecMessage, [4 -> 0] len: 1, body: 0d, result:no ack
10-04 09:26:40.167   441   441 E IPCThreadState: binder thread pool (1 threads) starved for 115 ms
10-04 09:26:40.172  8084  8084 E ThemeUtils: View class com.airbnb.lottie.LottieAnimationView is an AppCompat widget that can only be used with a Theme.AppCompat theme (or descendant).
10-04 09:26:40.175  8084  8084 E ThemeUtils: View class androidx.appcompat.widget.AppCompatTextView is an AppCompat widget that can only be used with a Theme.AppCompat theme (or descendant).
10-04 09:26:40.180  8084  8084 E ThemeUtils: View class androidx.appcompat.widget.AppCompatTextView is an AppCompat widget that can only be used with a Theme.AppCompat theme (or descendant).
10-04 09:26:40.189  8084  8098 I OpenGLRenderer: Davey! duration=755ms; Flags=0, FrameTimelineVsyncId=58752, IntendedVsync=40139003713000, Vsync=40139671045560, InputEventId=0, HandleInputStart=40139679475473, AnimationStart=40139679480014, PerformTraversalsStart=40139680289348, DrawStart=40139727864014, FrameDeadline=40139656363642, FrameInterval=40139678944639, FrameStartTime=16683314, SyncQueued=40139732632514, SyncStart=40139732786848, IssueDrawCommandsStart=40139733797264, SwapBuffers=40139742949014, FrameCompleted=40139759102556, DequeueBufferDuration=26833, QueueBufferDuration=911500, GpuCompleted=40139759102556, SwapBuffersCompleted=40139744579556, DisplayPresentTime=40090319860280, CommandSubmissionCompleted=40139742949014, 
10-04 09:26:40.189  8084  8084 E ThemeUtils: View class com.airbnb.lottie.LottieAnimationView is an AppCompat widget that can only be used with a Theme.AppCompat theme (or descendant).
10-04 09:26:40.193  8084  8084 E ThemeUtils: View class androidx.appcompat.widget.AppCompatTextView is an AppCompat widget that can only be used with a Theme.AppCompat theme (or descendant).
10-04 09:26:40.197  8084  8084 E ThemeUtils: View class androidx.appcompat.widget.AppCompatTextView is an AppCompat widget that can only be used with a Theme.AppCompat theme (or descendant).
10-04 09:26:40.205  8084  8084 E ThemeUtils: View class com.airbnb.lottie.LottieAnimationView is an AppCompat widget that can only be used with a Theme.AppCompat theme (or descendant).
10-04 09:26:40.208  8084  8084 E ThemeUtils: View class androidx.appcompat.widget.AppCompatTextView is an AppCompat widget that can only be used with a Theme.AppCompat theme (or descendant).
10-04 09:26:40.213  8084  8084 E ThemeUtils: View class androidx.appcompat.widget.AppCompatTextView is an AppCompat widget that can only be used with a Theme.AppCompat theme (or descendant).
10-04 09:26:40.227   441   441 D hdmicecd: [CEC]:printCecMessage, [4 -> 0] len: 1, body: 0d, result:no ack
10-04 09:26:40.260  8084  8193 I WM-WorkerWrapper: Worker result SUCCESS for Work [ id=286d36d2-3507-467f-b79f-2e2be225e55a, tags={ tv.airtel.wynk.analytics.sync.service.AnalyticsSyncService, com.airtel.analyticsSyncService } ]
10-04 09:26:40.267  8084  8084 D Glide   : Finished loading BitmapDrawable from MEMORY_CACHE for http://tvimg.wynk.in/unsafe/fit-in/228x335/filters:no_upscale():format(webp)/https://image.airtel.tv/FANCODE/FANCODE_MATCH_LIVE_108721/PORTRAIT/Deafult_2_x_3_2.jpg with size [-2147483648x-2147483648] in 0.760625 ms
10-04 09:26:40.267  8084  8084 D Glide Image loaded for url DeferredCoroutine{Completed}@526a236: 
10-04 09:26:40.270  8084  8084 D Glide   : Finished loading BitmapDrawable from MEMORY_CACHE for http://tvimg.wynk.in/unsafe/fit-in/228x335/filters:no_upscale():format(webp)/https://image.airtel.tv/MWTV/MWTV_LIVETVCHANNEL_717/PORTRAIT/4ZNf4dH3.png with size [-2147483648x-2147483648] in 0.6345419999999999 ms
10-04 09:26:40.270  8084  8084 D Glide Image loaded for url DeferredCoroutine{Completed}@ed2800d: 
10-04 09:26:40.273  8084  8084 D Glide   : Finished loading BitmapDrawable from MEMORY_CACHE for http://tvimg.wynk.in/unsafe/fit-in/228x335/filters:no_upscale():format(webp)/https://image.airtel.tv/MWTV/MWTV_LIVETVCHANNEL_254/PORTRAIT/LKNgfzia.png with size [-2147483648x-2147483648] in 0.5465829999999999 ms
10-04 09:26:40.273   426  1494 D rtk_heartbeat: heartbeat_timed_out: heartbeatCmdCount = 40105, expected nextSeqNum = 40105
10-04 09:26:40.274   426  1381 D rtk_heartbeat: rtkbt_heartbeat_cmpl_cback: Current SeqNum = 40105,should SeqNum=40105, status = 0
10-04 09:26:40.274  8084  8084 D Glide Image loaded for url DeferredCoroutine{Completed}@e3b3d10: 
10-04 09:26:40.277  8084  8084 D Glide   : Finished loading BitmapDrawable from MEMORY_CACHE for http://tvimg.wynk.in/unsafe/fit-in/228x335/filters:no_upscale():format(webp)/https://image.airtel.tv/MWTV/MWTV_LIVETVCHANNEL_834/LANDSCAPE_43/Js98rDkv.png with size [-2147483648x-2147483648] in 0.6898329999999999 ms
10-04 09:26:40.278  8084  8084 D Glide Image loaded for url DeferredCoroutine{Completed}@88e142f: 
10-04 09:26:40.282  8084  8084 D Glide   : Finished loading BitmapDrawable from MEMORY_CACHE for http://tvimg.wynk.in/unsafe/fit-in/228x335/filters:no_upscale():format(webp)/https://xstreamcp-assets-msp.streamready.in/assets/EPICON/MOVIE/64d331750bd0ce0136846151/images/1614598480-agnivayu-vertical-500x750.jpg with size [-2147483648x-2147483648] in 0.812333 ms
10-04 09:26:40.282  8084  8084 D Glide Image loaded for url DeferredCoroutine{Completed}@53df11a: 
10-04 09:26:40.283   441   441 D hdmicecd: [CEC]:printCecMessage, [4 -> 0] len: 1, body: 0d, result:no ack
10-04 09:26:40.284   441   441 E IPCThreadState: binder thread pool (1 threads) starved for 116 ms
10-04 09:26:40.287  8084  8084 D Glide   : Finished loading BitmapDrawable from MEMORY_CACHE for http://tvimg.wynk.in/unsafe/fit-in/228x335/filters:no_upscale():format(webp)/https://xstreamcp-assets-msp.streamready.in/assets/EPICON/MOVIE/65fa0b28a23caa4f374b2ddc/images/1721902759-45322247-500x750.jpg with size [-2147483648x-2147483648] in 0.633459 ms
10-04 09:26:40.287  8084  8084 D Glide Image loaded for url DeferredCoroutine{Completed}@290b741: 
10-04 09:26:40.295  8084  8084 D Glide   : Finished loading BitmapDrawable from MEMORY_CACHE for http://tvimg.wynk.in/unsafe/fit-in/300x169/filters:no_upscale():format(webp)/https://xstreamcp-assets-msp.streamready.in/assets/LIONSGATEPLAY/MOVIE/64f9ad835987c22787ba37a4/images/THEBLACKDEMONY2023MHI-airtel-cover-poster-1923X1082.jpg with size [-2147483648x-2147483648] in 0.498708 ms
10-04 09:26:40.297  8084  8193 I WM-WorkerWrapper: Worker result SUCCESS for Work [ id=610cc375-5fee-4aaa-b6c1-c010be526ba2, tags={ tv.airtel.wynk.analytics.sync.service.AnalyticsSyncService, com.airtel.analyticsSyncService } ]
10-04 09:26:40.303  8084  8084 D Glide   : Finished loading BitmapDrawable from MEMORY_CACHE for http://tvimg.wynk.in/unsafe/fit-in/300x169/filters:no_upscale():format(webp)/https://xstreamcp-assets-msp.streamready.in/assets/SONYLIV_VOD/EPISODE/6485cad482488153bfe4a7f5/images/maharani5_landscape_image.jpg with size [-2147483648x-2147483648] in 0.299375 ms
10-04 09:26:40.309  8084  8084 D Glide   : Finished loading BitmapDrawable from MEMORY_CACHE for http://tvimg.wynk.in/unsafe/fit-in/300x169/filters:no_upscale():format(webp)/https://xstreamcp-assets-msp.streamready.in/assets/SONYLIV_VOD/EPISODE/668fa79413fc7c3c9b6d8187/images/36_day_1920x1080_clean_airtel_landscape.jpg with size [-2147483648x-2147483648] in 0.301875 ms
10-04 09:26:40.314  8084  8084 D Glide   : Finished loading BitmapDrawable from MEMORY_CACHE for http://tvimg.wynk.in/unsafe/fit-in/300x169/filters:no_upscale():format(webp)/https://xstreamcp-assets-msp.streamready.in/assets/SHEMAROOME/MOVIE/6478338c59fcb666645f6943/images/xl_image_16_9_airtel_1723465577.jpg with size [-2147483648x-2147483648] in 0.30783299999999997 ms
10-04 09:26:40.320  8084  8084 D Glide   : Finished loading BitmapDrawable from MEMORY_CACHE for http://tvimg.wynk.in/unsafe/fit-in/300x169/filters:no_upscale():format(webp)/https://xstreamcp-assets-msp.streamready.in/assets/SHEMAROOME/MOVIE/6478327359fcb666645f5dc1/images/xl_image_16_9_1630335742.jpg with size [-2147483648x-2147483648] in 0.310625 ms
10-04 09:26:40.326  8084  8084 D Glide   : Finished loading BitmapDrawable from MEMORY_CACHE for http://tvimg.wynk.in/unsafe/fit-in/300x169/filters:no_upscale():format(webp)/https://xstreamcp-assets-msp.streamready.in/assets/STAGE/EPISODE/6532adab89a20c46da1c6e6f/images/episodeImage-1634811575648.jpg with size [-2147483648x-2147483648] in 0.385333 ms
10-04 09:26:40.327  8084  8193 I WM-WorkerWrapper: Worker result SUCCESS for Work [ id=0c69dd81-8f3f-4875-851a-be1708626ef2, tags={ tv.airtel.wynk.analytics.sync.service.AnalyticsSyncService, com.airtel.analyticsSyncService } ]
10-04 09:26:40.361  8084  8193 I WM-WorkerWrapper: Worker result SUCCESS for Work [ id=27700fb1-27f1-4a5c-a507-9f3d9fe90566, tags={ tv.airtel.wynk.analytics.sync.service.AnalyticsSyncService, com.airtel.analyticsSyncService } ]
10-04 09:26:40.393  8084  8193 I WM-WorkerWrapper: Worker result SUCCESS for Work [ id=8a36131a-198d-4c26-a5bc-81b1117e6a7a, tags={ tv.airtel.wynk.analytics.sync.service.AnalyticsSyncService, com.airtel.analyticsSyncService } ]
10-04 09:26:40.423  8084  8193 I WM-WorkerWrapper: Worker result SUCCESS for Work [ id=8b94827c-5386-4282-8e2d-6ed56ee3042d, tags={ tv.airtel.wynk.analytics.sync.service.AnalyticsSyncService, com.airtel.analyticsSyncService } ]
10-04 09:26:40.430   696  1326 W JobScheduler: Job didn't exist in JobStore: fe707f2 #u0a43/1153 com.airtel.tv/androidx.work.impl.background.systemjob.SystemJobService
10-04 09:26:40.441   696  1326 W JobScheduler: Job didn't exist in JobStore: 5c7df9 #u0a43/1154 com.airtel.tv/androidx.work.impl.background.systemjob.SystemJobService
10-04 09:26:40.447   696  3336 W JobScheduler: Job didn't exist in JobStore: 1baf331 #u0a43/1155 com.airtel.tv/androidx.work.impl.background.systemjob.SystemJobService
10-04 09:26:40.453   696  3336 W JobScheduler: Job didn't exist in JobStore: 9b71584 #u0a43/1156 com.airtel.tv/androidx.work.impl.background.systemjob.SystemJobService
10-04 09:26:40.456  8084  8193 I WM-WorkerWrapper: Worker result SUCCESS for Work [ id=c1eba7a7-91ff-4bd5-91fc-98331138abf8, tags={ tv.airtel.wynk.analytics.sync.service.AnalyticsSyncService, com.airtel.analyticsSyncService } ]
10-04 09:26:40.460   696  3336 W JobScheduler: Job didn't exist in JobStore: ab74e33 #u0a43/1157 com.airtel.tv/androidx.work.impl.background.systemjob.SystemJobService
10-04 09:26:40.466   696  3336 W JobScheduler: Job didn't exist in JobStore: 6f2e5ee #u0a43/1158 com.airtel.tv/androidx.work.impl.background.systemjob.SystemJobService
10-04 09:26:40.473   696  3336 W JobScheduler: Job didn't exist in JobStore: 6d18125 #u0a43/1159 com.airtel.tv/androidx.work.impl.background.systemjob.SystemJobService
10-04 09:26:40.486  8084  8195 I WM-WorkerWrapper: Worker result SUCCESS for Work [ id=8b9d88aa-03db-4a75-bcd0-c8f3fec17bb7, tags={ tv.airtel.wynk.analytics.sync.service.AnalyticsSyncService, com.airtel.analyticsSyncService } ]
10-04 09:26:40.512  8084  8195 I WM-WorkerWrapper: Worker result SUCCESS for Work [ id=81eb7313-13d3-4cb9-8f07-349440db19b8, tags={ tv.airtel.wynk.analytics.sync.service.AnalyticsSyncService, com.airtel.analyticsSyncService } ]
10-04 09:26:40.584   696   696 D ResendCecCommandAction: sendCommandWithoutRetries failed, retry
10-04 09:26:40.584   696   949 D HDMI    : [S]:<Text View On> 40:0D
10-04 09:26:40.643   441   441 D hdmicecd: [CEC]:printCecMessage, [4 -> 0] len: 1, body: 0d, result:no ack
10-04 09:26:40.702   441   441 D hdmicecd: [CEC]:printCecMessage, [4 -> 0] len: 1, body: 0d, result:no ack
10-04 09:26:40.703   441   441 E IPCThreadState: binder thread pool (1 threads) starved for 118 ms
10-04 09:26:40.712   696  1553 E TaskPersister: File error accessing recents directory (directory doesn't exist?).
10-04 09:26:40.759   441   441 D hdmicecd: [CEC]:printCecMessage, [4 -> 0] len: 1, body: 0d, result:no ack
--------- beginning of kernel
10-04 09:26:40.823     0     0 W [1 T1289  ..] RTW: rtw_get_sta_tx_stat() not support
10-04 09:26:40.823     0     0 W [1 T1289  ..] RTW: cfg80211_rtw_get_txpower
10-04 09:26:40.815   441   441 D hdmicecd: [CEC]:printCecMessage, [4 -> 0] len: 1, body: 0d, result:no ack
10-04 09:26:40.815   441   441 E IPCThreadState: binder thread pool (1 threads) starved for 112 ms
10-04 09:26:41.089   424   582 I audio_hw_hal_alsamgr: alsa format =0x1 delay frames =1024 total frames=1926144000
10-04 09:26:41.273   426  1494 D rtk_heartbeat: heartbeat_timed_out: heartbeatCmdCount = 40106, expected nextSeqNum = 40106
10-04 09:26:41.274   426  1381 D rtk_heartbeat: rtkbt_heartbeat_cmpl_cback: Current SeqNum = 40106,should SeqNum=40106, status = 0
10-04 09:26:41.523   696   696 D HDMI    : one touch play retry:2
10-04 09:26:41.524   696   949 D HDMI    : [S]:<Text View On> 40:0D
10-04 09:26:41.579   441   441 D hdmicecd: [CEC]:printCecMessage, [4 -> 0] len: 1, body: 0d, result:no ack
10-04 09:26:41.635   441   441 D hdmicecd: [CEC]:printCecMessage, [4 -> 0] len: 1, body: 0d, result:no ack
10-04 09:26:41.635   441   441 E IPCThreadState: binder thread pool (1 threads) starved for 110 ms
10-04 09:26:41.691   441   441 D hdmicecd: [CEC]:printCecMessage, [4 -> 0] len: 1, body: 0d, result:no ack
10-04 09:26:41.747   441   441 D hdmicecd: [CEC]:printCecMessage, [4 -> 0] len: 1, body: 0d, result:no ack
10-04 09:26:41.747   441   441 E IPCThreadState: binder thread pool (1 threads) starved for 112 ms
10-04 09:26:41.747   696   949 D HDMI    : [S]:<Give Device Power Status> 40:8F
10-04 09:26:41.748   696   696 D ResendCecCommandAction: ResendCecCommandAction started
10-04 09:26:41.803   441   441 D hdmicecd: [CEC]:printCecMessage, [4 -> 0] len: 1, body: 8f, result:no ack
10-04 09:26:41.847  1154  1154 I ThermalService: CPU temperatures: [42.4]
10-04 09:26:41.859   441   441 D hdmicecd: [CEC]:printCecMessage, [4 -> 0] len: 1, body: 8f, result:no ack
10-04 09:26:41.859   441   441 E IPCThreadState: binder thread pool (1 threads) starved for 111 ms
10-04 09:26:41.915   441   441 D hdmicecd: [CEC]:printCecMessage, [4 -> 0] len: 1, body: 8f, result:no ack
10-04 09:26:41.971   441   441 D hdmicecd: [CEC]:printCecMessage, [4 -> 0] len: 1, body: 8f, result:no ack
10-04 09:26:41.971   441   441 E IPCThreadState: binder thread pool (1 threads) starved for 112 ms
10-04 09:26:42.048   696   696 D ResendCecCommandAction: sendCommandWithoutRetries failed, retry
10-04 09:26:42.048   696   949 D HDMI    : [S]:<Text View On> 40:0D
10-04 09:26:42.103   441   441 D hdmicecd: [CEC]:printCecMessage, [4 -> 0] len: 1, body: 0d, result:no ack
10-04 09:26:42.159   441   441 D hdmicecd: [CEC]:printCecMessage, [4 -> 0] len: 1, body: 0d, result:no ack
10-04 09:26:42.159   441   441 E IPCThreadState: binder thread pool (1 threads) starved for 110 ms
10-04 09:26:42.214   441   441 D hdmicecd: [CEC]:printCecMessage, [4 -> 0] len: 1, body: 0d, result:no ack
10-04 09:26:42.271   441   441 D hdmicecd: [CEC]:printCecMessage, [4 -> 0] len: 1, body: 0d, result:no ack
10-04 09:26:42.271   441   441 E IPCThreadState: binder thread pool (1 threads) starved for 112 ms
10-04 09:26:42.273   426  1494 D rtk_heartbeat: heartbeat_timed_out: heartbeatCmdCount = 40107, expected nextSeqNum = 40107
10-04 09:26:42.274   426  1381 D rtk_heartbeat: rtkbt_heartbeat_cmpl_cback: Current SeqNum = 40107,should SeqNum=40107, status = 0
10-04 09:26:42.572   696   696 D ResendCecCommandAction: sendCommandWithoutRetries failed, retry
10-04 09:26:42.573   696   949 D HDMI    : [S]:<Text View On> 40:0D
10-04 09:26:42.627   441   441 D hdmicecd: [CEC]:printCecMessage, [4 -> 0] len: 1, body: 0d, result:no ack
10-04 09:26:42.683   441   441 D hdmicecd: [CEC]:printCecMessage, [4 -> 0] len: 1, body: 0d, result:no ack
10-04 09:26:42.683   441   441 E IPCThreadState: binder thread pool (1 threads) starved for 110 ms
10-04 09:26:42.739   441   441 D hdmicecd: [CEC]:printCecMessage, [4 -> 0] len: 1, body: 0d, result:no ack
10-04 09:26:42.794   441   441 D hdmicecd: [CEC]:printCecMessage, [4 -> 0] len: 1, body: 0d, result:no ack
10-04 09:26:42.795   441   441 E IPCThreadState: binder thread pool (1 threads) starved for 112 ms
10-04 09:26:43.273   426  1494 D rtk_heartbeat: heartbeat_timed_out: heartbeatCmdCount = 40108, expected nextSeqNum = 40108
10-04 09:26:43.274   426  1381 D rtk_heartbeat: rtkbt_heartbeat_cmpl_cback: Current SeqNum = 40108,should SeqNum=40108, status = 0
10-04 09:26:43.524   696   696 D HDMI    : one touch play retry:3
10-04 09:26:43.525   696   949 D HDMI    : [S]:<Text View On> 40:0D
10-04 09:26:43.583   441   441 D hdmicecd: [CEC]:printCecMessage, [4 -> 0] len: 1, body: 0d, result:no ack
10-04 09:26:43.638   441   441 D hdmicecd: [CEC]:printCecMessage, [4 -> 0] len: 1, body: 0d, result:no ack
10-04 09:26:43.639   441   441 E IPCThreadState: binder thread pool (1 threads) starved for 114 ms
10-04 09:26:43.695   441   441 D hdmicecd: [CEC]:printCecMessage, [4 -> 0] len: 1, body: 0d, result:no ack
10-04 09:26:43.751   441   441 D hdmicecd: [CEC]:printCecMessage, [4 -> 0] len: 1, body: 0d, result:no ack
10-04 09:26:43.751   441   441 E IPCThreadState: binder thread pool (1 threads) starved for 112 ms
10-04 09:26:43.751   696   949 D HDMI    : [S]:<Give Device Power Status> 40:8F
10-04 09:26:43.752   696   696 D ResendCecCommandAction: ResendCecCommandAction started
10-04 09:26:43.826     0     0 W [0 T1289  ..] RTW: rtw_get_sta_tx_stat() not support
10-04 09:26:43.826     0     0 W [0 T1289  ..] RTW: cfg80211_rtw_get_txpower
10-04 09:26:43.806   441   441 D hdmicecd: [CEC]:printCecMessage, [4 -> 0] len: 1, body: 8f, result:no ack
10-04 09:26:43.824   625   625 W adbd    : timeout expired while flushing socket, closing
10-04 09:26:43.850  1154  1154 I ThermalService: CPU temperatures: [42.100002]
10-04 09:26:43.863   441   441 D hdmicecd: [CEC]:printCecMessage, [4 -> 0] len: 1, body: 8f, result:no ack
10-04 09:26:43.863   441   441 E IPCThreadState: binder thread pool (1 threads) starved for 111 ms
10-04 09:26:43.919   441   441 D hdmicecd: [CEC]:printCecMessage, [4 -> 0] len: 1, body: 8f, result:no ack
10-04 09:26:43.975   441   441 D hdmicecd: [CEC]:printCecMessage, [4 -> 0] len: 1, body: 8f, result:no ack
10-04 09:26:43.975   441   441 E IPCThreadState: binder thread pool (1 threads) starved for 112 ms
10-04 09:26:44.052   696   696 D ResendCecCommandAction: sendCommandWithoutRetries failed, retry
10-04 09:26:44.053   696   949 D HDMI    : [S]:<Text View On> 40:0D
10-04 09:26:44.107   441   441 D hdmicecd: [CEC]:printCecMessage, [4 -> 0] len: 1, body: 0d, result:no ack
10-04 09:26:44.163   441   441 D hdmicecd: [CEC]:printCecMessage, [4 -> 0] len: 1, body: 0d, result:no ack
10-04 09:26:44.163   441   441 E IPCThreadState: binder thread pool (1 threads) starved for 110 ms
10-04 09:26:44.223   441   441 D hdmicecd: [CEC]:printCecMessage, [4 -> 0] len: 1, body: 0d, result:no ack
10-04 09:26:44.273   426  1494 D rtk_heartbeat: heartbeat_timed_out: heartbeatCmdCount = 40109, expected nextSeqNum = 40109
10-04 09:26:44.275   426  1381 D rtk_heartbeat: rtkbt_heartbeat_cmpl_cback: Current SeqNum = 40109,should SeqNum=40109, status = 0
10-04 09:26:44.279   441   441 D hdmicecd: [CEC]:printCecMessage, [4 -> 0] len: 1, body: 0d, result:no ack
10-04 09:26:44.279   441   441 E IPCThreadState: binder thread pool (1 threads) starved for 116 ms
10-04 09:26:44.581   696   696 D ResendCecCommandAction: sendCommandWithoutRetries failed, retry
10-04 09:26:44.581   696   949 D HDMI    : [S]:<Text View On> 40:0D
10-04 09:26:44.639   441   441 D hdmicecd: [CEC]:printCecMessage, [4 -> 0] len: 1, body: 0d, result:no ack
10-04 09:26:44.695   441   441 D hdmicecd: [CEC]:printCecMessage, [4 -> 0] len: 1, body: 0d, result:no ack
10-04 09:26:44.695   441   441 E IPCThreadState: binder thread pool (1 threads) starved for 114 ms
10-04 09:26:44.751   441   441 D hdmicecd: [CEC]:printCecMessage, [4 -> 0] len: 1, body: 0d, result:no ack
10-04 09:26:44.806   441   441 D hdmicecd: [CEC]:printCecMessage, [4 -> 0] len: 1, body: 0d, result:no ack
10-04 09:26:44.807   441   441 E IPCThreadState: binder thread pool (1 threads) starved for 112 ms
10-04 09:26:45.111  8084  8084 D Glide   : Finished loading BitmapDrawable from MEMORY_CACHE for http://tvimg.wynk.in/unsafe/fit-in/1920x548/filters:no_upscale():format(webp)/https://s3.ap-south-1.amazonaws.com/discovery-prod-arsenal/tile/artwork/1727954088147_pl-tournament_xstream-banner_1920-x-548.jpg with size [-2147483648x-2147483648] in 1.955291 ms
10-04 09:26:45.274   426  1494 D rtk_heartbeat: heartbeat_timed_out: heartbeatCmdCount = 40110, expected nextSeqNum = 40110
10-04 09:26:45.275   426  1381 D rtk_heartbeat: rtkbt_heartbeat_cmpl_cback: Current SeqNum = 40110,should SeqNum=40110, status = 0
10-04 09:26:45.366  8084  8093 I com.airtel.tv: Background young concurrent copying GC freed 494922(17MB) AllocSpace objects, 29(3460KB) LOS objects, 24% free, 63MB/84MB, paused 255us,175us total 135.661ms
10-04 09:26:45.401  8084  8095 W System  : A resource failed to call CursorWindow.close. 
10-04 09:26:45.401  8084  8095 W System  : A resource failed to call CursorWrapperInner.close. 
10-04 09:26:45.525   696   696 D HDMI    : one touch play retry:4
10-04 09:26:45.525   696   949 D HDMI    : [S]:<Text View On> 40:0D
10-04 09:26:45.586   441   441 D hdmicecd: [CEC]:printCecMessage, [4 -> 0] len: 1, body: 0d, result:no ack
10-04 09:26:45.647   441   441 D hdmicecd: [CEC]:printCecMessage, [4 -> 0] len: 1, body: 0d, result:no ack
10-04 09:26:45.647   441   441 E IPCThreadState: binder thread pool (1 threads) starved for 121 ms
10-04 09:26:45.707   441   441 D hdmicecd: [CEC]:printCecMessage, [4 -> 0] len: 1, body: 0d, result:no ack
10-04 09:26:45.762   441   441 D hdmicecd: [CEC]:printCecMessage, [4 -> 0] len: 1, body: 0d, result:no ack
10-04 09:26:45.763   441   441 E IPCThreadState: binder thread pool (1 threads) starved for 116 ms
10-04 09:26:45.764   696   949 D HDMI    : [S]:<Give Device Power Status> 40:8F
10-04 09:26:45.764   696   696 D ResendCecCommandAction: ResendCecCommandAction started
10-04 09:26:45.818   441   441 D hdmicecd: [CEC]:printCecMessage, [4 -> 0] len: 1, body: 8f, result:no ack
10-04 09:26:45.853  1154  1154 I ThermalService: CPU temperatures: [43.000004]
10-04 09:26:45.878   441   441 D hdmicecd: [CEC]:printCecMessage, [4 -> 0] len: 1, body: 8f, result:no ack
10-04 09:26:45.879   441   441 E IPCThreadState: binder thread pool (1 threads) starved for 115 ms
10-04 09:26:45.935   441   441 D hdmicecd: [CEC]:printCecMessage, [4 -> 0] len: 1, body: 8f, result:no ack
10-04 09:26:45.991   441   441 D hdmicecd: [CEC]:printCecMessage, [4 -> 0] len: 1, body: 8f, result:no ack
10-04 09:26:45.991   441   441 E IPCThreadState: binder thread pool (1 threads) starved for 112 ms
10-04 09:26:46.064   696   696 D ResendCecCommandAction: sendCommandWithoutRetries failed, retry
10-04 09:26:46.064   696   949 D HDMI    : [S]:<Text View On> 40:0D
10-04 09:26:46.119   441   441 D hdmicecd: [CEC]:printCecMessage, [4 -> 0] len: 1, body: 0d, result:no ack
10-04 09:26:46.179   441   441 D hdmicecd: [CEC]:printCecMessage, [4 -> 0] len: 1, body: 0d, result:no ack
10-04 09:26:46.179   441   441 E IPCThreadState: binder thread pool (1 threads) starved for 115 ms
10-04 09:26:46.235   441   441 D hdmicecd: [CEC]:printCecMessage, [4 -> 0] len: 1, body: 0d, result:no ack
10-04 09:26:46.274   426  1494 D rtk_heartbeat: heartbeat_timed_out: heartbeatCmdCount = 40111, expected nextSeqNum = 40111
10-04 09:26:46.275   426  1381 D rtk_heartbeat: rtkbt_heartbeat_cmpl_cback: Current SeqNum = 40111,should SeqNum=40111, status = 0
10-04 09:26:46.290   441   441 D hdmicecd: [CEC]:printCecMessage, [4 -> 0] len: 1, body: 0d, result:no ack
10-04 09:26:46.291   441   441 E IPCThreadState: binder thread pool (1 threads) starved for 112 ms
10-04 09:26:46.422   424   582 I audio_hw_hal_alsamgr: alsa format =0x1 delay frames =1024 total frames=1926400000
10-04 09:26:46.592   696   696 D ResendCecCommandAction: sendCommandWithoutRetries failed, retry
10-04 09:26:46.592   696   949 D HDMI    : [S]:<Text View On> 40:0D
10-04 09:26:46.651   441   441 D hdmicecd: [CEC]:printCecMessage, [4 -> 0] len: 1, body: 0d, result:no ack
10-04 09:26:46.707   441   441 D hdmicecd: [CEC]:printCecMessage, [4 -> 0] len: 1, body: 0d, result:no ack
10-04 09:26:46.707   441   441 E IPCThreadState: binder thread pool (1 threads) starved for 114 ms
10-04 09:26:46.767   441   441 D hdmicecd: [CEC]:printCecMessage, [4 -> 0] len: 1, body: 0d, result:no ack
10-04 09:26:46.831     0     0 W [1 T1289  ..] RTW: rtw_get_sta_tx_stat() not support
10-04 09:26:46.831     0     0 W [1 T1289  ..] RTW: cfg80211_rtw_get_txpower
10-04 09:26:46.823   441   441 D hdmicecd: [CEC]:printCecMessage, [4 -> 0] len: 1, body: 0d, result:no ack
10-04 09:26:46.823   441   441 E IPCThreadState: binder thread pool (1 threads) starved for 116 ms
10-04 09:26:47.274   426  1494 D rtk_heartbeat: heartbeat_timed_out: heartbeatCmdCount = 40112, expected nextSeqNum = 40112
10-04 09:26:47.275   426  1381 D rtk_heartbeat: rtkbt_heartbeat_cmpl_cback: Current SeqNum = 40112,should SeqNum=40112, status = 0
10-04 09:26:47.526   696   696 D HDMI    : one touch play retry:5
10-04 09:26:47.527   696   949 D HDMI    : [S]:<Text View On> 40:0D
10-04 09:26:47.583   441   441 D hdmicecd: [CEC]:printCecMessage, [4 -> 0] len: 1, body: 0d, result:no ack
10-04 09:26:47.639   441   441 D hdmicecd: [CEC]:printCecMessage, [4 -> 0] len: 1, body: 0d, result:no ack
10-04 09:26:47.639   441   441 E IPCThreadState: binder thread pool (1 threads) starved for 111 ms
10-04 09:26:47.695   441   441 D hdmicecd: [CEC]:printCecMessage, [4 -> 0] len: 1, body: 0d, result:no ack
10-04 09:26:47.751   441   441 D hdmicecd: [CEC]:printCecMessage, [4 -> 0] len: 1, body: 0d, result:no ack
10-04 09:26:47.751   441   441 E IPCThreadState: binder thread pool (1 threads) starved for 112 ms
10-04 09:26:47.751   696   949 D HDMI    : [S]:<Give Device Power Status> 40:8F
10-04 09:26:47.752   696   696 D ResendCecCommandAction: ResendCecCommandAction started
10-04 09:26:47.807   441   441 D hdmicecd: [CEC]:printCecMessage, [4 -> 0] len: 1, body: 8f, result:no ack
10-04 09:26:47.855  1154  1154 I ThermalService: CPU temperatures: [41.9]
10-04 09:26:47.863   441   441 D hdmicecd: [CEC]:printCecMessage, [4 -> 0] len: 1, body: 8f, result:no ack
10-04 09:26:47.863   441   441 E IPCThreadState: binder thread pool (1 threads) starved for 111 ms
10-04 09:26:47.919   441   441 D hdmicecd: [CEC]:printCecMessage, [4 -> 0] len: 1, body: 8f, result:no ack
10-04 09:26:47.975   441   441 D hdmicecd: [CEC]:printCecMessage, [4 -> 0] len: 1, body: 8f, result:no ack
10-04 09:26:47.975   441   441 E IPCThreadState: binder thread pool (1 threads) starved for 112 ms
10-04 09:26:48.052   696   696 D ResendCecCommandAction: sendCommandWithoutRetries failed, retry
10-04 09:26:48.052   696   949 D HDMI    : [S]:<Text View On> 40:0D
10-04 09:26:48.107   441   441 D hdmicecd: [CEC]:printCecMessage, [4 -> 0] len: 1, body: 0d, result:no ack
10-04 09:26:48.163   441   441 D hdmicecd: [CEC]:printCecMessage, [4 -> 0] len: 1, body: 0d, result:no ack
10-04 09:26:48.163   441   441 E IPCThreadState: binder thread pool (1 threads) starved for 110 ms
10-04 09:26:48.223   441   441 D hdmicecd: [CEC]:printCecMessage, [4 -> 0] len: 1, body: 0d, result:no ack
10-04 09:26:48.274   426  1494 D rtk_heartbeat: heartbeat_timed_out: heartbeatCmdCount = 40113, expected nextSeqNum = 40113
10-04 09:26:48.275   426  1381 D rtk_heartbeat: rtkbt_heartbeat_cmpl_cback: Current SeqNum = 40113,should SeqNum=40113, status = 0
10-04 09:26:48.279   441   441 D hdmicecd: [CEC]:printCecMessage, [4 -> 0] len: 1, body: 0d, result:no ack
10-04 09:26:48.279   441   441 E IPCThreadState: binder thread pool (1 threads) starved for 116 ms
10-04 09:26:48.580   696   696 D ResendCecCommandAction: sendCommandWithoutRetries failed, retry
10-04 09:26:48.580   696   949 D HDMI    : [S]:<Text View On> 40:0D
10-04 09:26:48.635   441   441 D hdmicecd: [CEC]:printCecMessage, [4 -> 0] len: 1, body: 0d, result:no ack
10-04 09:26:48.695   441   441 D hdmicecd: [CEC]:printCecMessage, [4 -> 0] len: 1, body: 0d, result:no ack
10-04 09:26:48.751   441   454 D hdmicecd: [CEC]:printCecMessage, [4 -> 0] len: 1, body: 0d, result:no ack
10-04 09:26:48.807   441   454 D hdmicecd: [CEC]:printCecMessage, [4 -> 0] len: 1, body: 0d, result:no ack
10-04 09:26:48.807   441   454 E IPCThreadState: binder thread pool (1 threads) starved for 226 ms
10-04 09:26:48.864  1826  1826 D BoundBrokerSvc: onUnbind: Intent { act=com.google.android.gms.measurement.START pkg=com.google.android.gms }
10-04 09:26:49.274   426  1494 D rtk_heartbeat: heartbeat_timed_out: heartbeatCmdCount = 40114, expected nextSeqNum = 40114
10-04 09:26:49.275   426  1381 D rtk_heartbeat: rtkbt_heartbeat_cmpl_cback: Current SeqNum = 40114,should SeqNum=40114, status = 0
10-04 09:26:49.527   696   696 W WindowManager: One touch play failed: 1
10-04 09:26:49.836     0     0 W [3 T1289  ..] RTW: rtw_get_sta_tx_stat() not support
10-04 09:26:49.836     0     0 W [3 T1289  ..] RTW: cfg80211_rtw_get_txpower
10-04 09:26:49.862  1154  1154 I ThermalService: CPU temperatures: [41.800003]
10-04 09:26:50.182  8084  8084 D Glide   : Finished loading BitmapDrawable from MEMORY_CACHE for http://tvimg.wynk.in/unsafe/fit-in/1920x548/filters:no_upscale():format(webp)/https://s3.ap-south-1.amazonaws.com/discovery-prod-arsenal/tile/artwork/1727811858264_airtel-stb_ind-vs-nz-3-oct-7.30pm_ss1hd_hindi_1920-x-548.jpg with size [-2147483648x-2147483648] in 1.119792 ms
10-04 09:26:50.274   426  1494 D rtk_heartbeat: heartbeat_timed_out: heartbeatCmdCount = 40115, expected nextSeqNum = 40115
10-04 09:26:50.276   426  1381 D rtk_heartbeat: rtkbt_heartbeat_cmpl_cback: Current SeqNum = 40115,should SeqNum=40115, status = 0
10-04 09:26:51.275   426  1494 D rtk_heartbeat: heartbeat_timed_out: heartbeatCmdCount = 40116, expected nextSeqNum = 40116
10-04 09:26:51.276   426  1381 D rtk_heartbeat: rtkbt_heartbeat_cmpl_cback: Current SeqNum = 40116,should SeqNum=40116, status = 0
10-04 09:26:51.756   424   582 I audio_hw_hal_alsamgr: alsa format =0x1 delay frames =1024 total frames=1926656000
10-04 09:26:51.867  1154  1154 I ThermalService: CPU temperatures: [41.9]
10-04 09:26:52.275   426  1494 D rtk_heartbeat: heartbeat_timed_out: heartbeatCmdCount = 40117, expected nextSeqNum = 40117
10-04 09:26:52.276   426  1381 D rtk_heartbeat: rtkbt_heartbeat_cmpl_cback: Current SeqNum = 40117,should SeqNum=40117, status = 0
10-04 09:26:52.840     0     0 W [1 T1289  ..] RTW: rtw_get_sta_tx_stat() not support
10-04 09:26:52.840     0     0 W [1 T1289  ..] RTW: cfg80211_rtw_get_txpower
10-04 09:26:52.864  8641  8641 D MonkeyStub: translateCommand: press DPAD_RIGHT
10-04 09:26:52.866   459   459 I lights-tch: flashMode 0 id 2 onMs 0 offMs 0 brightness 0
10-04 09:26:52.870   459   459 I lights-tch: flashMode 0 id 2 onMs 0 offMs 0 brightness 225
10-04 09:26:52.923   424   424 I audio_hw_hal_primary: [register_audio_patch:7826] Patch 3:id:3 mix(io:13)->dev_0[OUT_HDMI(id:18)] found, register the same patch, do nothing.
10-04 09:26:52.923   424   424 I audio_hw_hal_primary: [adev_create_audio_patch:7927] Patch 3: MIX->DEVICE, num_src:1 num_sink:1 patch_src:INVAL
10-04 09:26:52.923   424   424 I audio_hw_hal_primary: [adev_create_audio_patch:7931] sink[0]: OUT_HDMI(id:18)
10-04 09:26:52.923   424   424 I audio_hw_hal_primary: [adev_create_audio_patch:7988] Patch 3: mix(io:13) -> dev[OUT_HDMI(id:18)]
10-04 09:26:52.923  1154  1349 D UEventObserver: change@/devices/platform/auge_sound/sound/card0/controlC0��ACTION=change��DEVPATH=/devices/platform/auge_sound/sound/card0/controlC0��SUBSYSTEM=sound��AUDIO_FORMAT=0��MAJOR=116��MINOR=11��DEVNAME=snd/controlC0��SEQNUM=3146��
10-04 09:26:52.923   424   424 I audio_hw_hal_primary: [adev_create_audio_patch:8056] dev=0xf3782930 cur_out_device=0x400
10-04 09:26:52.923  1154  1349 W ContextImpl: Calling a method in the system process without a qualified user: android.app.ContextImpl.sendBroadcast:1220 android.content.ContextWrapper.sendBroadcast:504 com.droidlogic.audioservice.services.AudioSystemCmdService$1.onUEvent:177 com.droidlogic.UEventObserver$UEventThread.sendEvent:213 com.droidlogic.UEventObserver$UEventThread.run:190 
10-04 09:26:52.930   472  2595 D audioserver: FGS Logger Transaction failed
10-04 09:26:52.930   472  2595 D audioserver: -129
10-04 09:26:52.936   424  8590 I audio_hw_hal_primary: [mixer_aux_buffer_write:6665] io 13: out:0xf2d00740 usecase:PCM_NORMAL standby to unstandby
10-04 09:26:52.936   424  8590 E audio_hw_hal_virtualbuf: ms12 system input underrun happens read=110677177802 write=3199999950 diff=107477177852
10-04 09:26:52.940  1154  1348 I AudioSystemCmdService: onAudioPatchListUpdate
10-04 09:26:52.943  1154  1348 I AudioSystemCmdService: mAudioSink:[{{mHandle: 18, mRole: SINK}, mType: hdmi, mAddress: }], previousSink:[{{mHandle: 18, mRole: SINK}, mType: hdmi, mAddress: }]
10-04 09:26:52.943  1154  1348 I AudioSystemCmdService: updateAudioPatch cur sink does not change.
10-04 09:26:52.982     0     0 I [0 T230   ..] logd: logdr: UID=2000 GID=2000 PID=8719 n tail=0 logMask=99 pid=0 start=0ns deadline=0ns
10-04 09:26:52.958   424  8590 I audio_hw_hal_stream: aml_stream_out_info_print: out:0xf2d00740, stream_type:pcm, sync_mode:non tunnel, input_size:3694592 bytes
10-04 09:26:52.958   424  8590 I audio_hw_hal_stream: aml_stream_out_info_print: last_time:40044915 ms (sec:40044, nsec:915299636), last_position:19057 ms (914768), cur_time:40152541 ms (sec:40152, nsec:541865312), cur_position:19164 ms (919888)
10-04 09:26:52.958   424  8590 I audio_hw_hal_stream: aml_stream_out_info_print: time_gap:107626 ms (thr:100 ms), position_gap:106 ms, delay:78 ms, jitter: Position gap is behind system time gap by 107520 ms (thr:100 ms)
--------- beginning of main
10-04 09:26:53.078   424  8590 I audio_hw_hal_primary: [audiohal_get_latency:1258] io 13: out:0xf2d00740 frames:3072 rate:48000 whole_latency:64 alsa_latency:64
10-04 09:26:53.100   424  8590 I audio_hw_hal_primary: [audiohal_get_latency:1258] io 13: out:0xf2d00740 frames:3072 rate:48000 whole_latency:64 alsa_latency:64
10-04 09:26:53.118   424  8590 I audio_hw_hal_primary: [audiohal_get_latency:1258] io 13: out:0xf2d00740 frames:3072 rate:48000 whole_latency:64 alsa_latency:64
10-04 09:26:53.140   424  8590 I audio_hw_hal_primary: [audiohal_get_latency:1258] io 13: out:0xf2d00740 frames:3072 rate:48000 whole_latency:64 alsa_latency:64
10-04 09:26:53.141   472   662 D audioserver: FGS Logger Transaction failed
10-04 09:26:53.141   472   662 D audioserver: -129
10-04 09:26:53.275   426  1494 D rtk_heartbeat: heartbeat_timed_out: heartbeatCmdCount = 40118, expected nextSeqNum = 40118
10-04 09:26:53.276   426  1381 D rtk_heartbeat: rtkbt_heartbeat_cmpl_cback: Current SeqNum = 40118,should SeqNum=40118, status = 0
10-04 09:26:53.871  1154  1154 I ThermalService: CPU temperatures: [42.000004]
10-04 09:26:54.118  8641  8641 D MonkeyStub: translateCommand: press DPAD_CENTER
10-04 09:26:54.122   459   459 I lights-tch: flashMode 0 id 2 onMs 0 offMs 0 brightness 0
10-04 09:26:54.125   459   459 I lights-tch: flashMode 0 id 2 onMs 0 offMs 0 brightness 225
10-04 09:26:54.155  8084  8171 D ANALYTICS_IPTV: AnalyticsEventTracker ***Event***Event{ts=1728014214151, meta={"box_type":"iptv","source_of_stream":"2 | Home.screen_visible.none.none.none.none.none.none.none | none.screen_visible.none.none.none.none.none.none.none | none.click.none.none.none.none.TV_Channels.none.none | TV_Channels.click.tab_click.none.none.1.tv_channels.none.none","asset_name":"tv_channels","asset_position":"1","app_version":"1.0.0019:237","box_model":"bx:1.2.3","action":"tab_click","firmware":"fw:1.2.3","source_name":"TV_Channels"}, uid=5ye_gfsYCZe-PoQ4A0, did=8fb17cc052aef526, os=Android, ov=34, bn=237, nq=-1, nt=2, nct=0, lc=en|hi|ta|kn, av=1.0.0019, dt=STB, type=click, adid=95acddf7-5a94-4681-bf0a-0a767be9f2c3, brand=Airtel-Xstream, model=XstreamIPTV1-VT, dname=Vantiva XstreamIPTV1-VT, appId=IPTV, sId=8fb17cc052aef526, profileId=, ab_test=86079:0|108429:0|42374:0|78244:0|95458:0|75817:0|60412:1|117812:1|120676:1|113632:1|116206:0|66480:0|100390:2|76965:1|110385:0|129832:2, city=Delhi, state=National Capital Territory of Delhi, country=India, firebase_id=687ecd54b0fd95386e529fbf62179576} Critical: false
10-04 09:26:54.157  8084  8577 D ANALYTICS_IPTV: AnalyticsEventTracker ***Event***Event{ts=1728014214150, meta={"box_type":"iptv","source_of_stream":"2 | Home.screen_visible.none.none.none.none.none.none.none | none.screen_visible.none.none.none.none.none.none.none | none.click.none.none.none.none.TV_Channels.none.none","asset_name":"TV_Channels","app_version":"1.0.0019:237","box_model":"bx:1.2.3","firmware":"fw:1.2.3"}, uid=5ye_gfsYCZe-PoQ4A0, did=8fb17cc052aef526, os=Android, ov=34, bn=237, nq=-1, nt=2, nct=0, lc=en|hi|ta|kn, av=1.0.0019, dt=STB, type=click, adid=95acddf7-5a94-4681-bf0a-0a767be9f2c3, brand=Airtel-Xstream, model=XstreamIPTV1-VT, dname=Vantiva XstreamIPTV1-VT, appId=IPTV, sId=8fb17cc052aef526, profileId=, ab_test=86079:0|108429:0|42374:0|78244:0|95458:0|75817:0|60412:1|117812:1|120676:1|113632:1|116206:0|66480:0|100390:2|76965:1|110385:0|129832:2, city=Delhi, state=National Capital Territory of Delhi, country=India, firebase_id=687ecd54b0fd95386e529fbf62179576} Critical: false
10-04 09:26:54.176   424   424 I audio_hw_hal_primary: [register_audio_patch:7826] Patch 3:id:3 mix(io:13)->dev_0[OUT_HDMI(id:18)] found, register the same patch, do nothing.
10-04 09:26:54.176   424   424 I audio_hw_hal_primary: [adev_create_audio_patch:7927] Patch 3: MIX->DEVICE, num_src:1 num_sink:1 patch_src:INVAL
10-04 09:26:54.176   424   424 I audio_hw_hal_primary: [adev_create_audio_patch:7931] sink[0]: OUT_HDMI(id:18)
10-04 09:26:54.176   424   424 I audio_hw_hal_primary: [adev_create_audio_patch:7988] Patch 3: mix(io:13) -> dev[OUT_HDMI(id:18)]
10-04 09:26:54.176   424   424 I audio_hw_hal_primary: [adev_create_audio_patch:8056] dev=0xf3782930 cur_out_device=0x400
10-04 09:26:54.176  1154  1349 D UEventObserver: change@/devices/platform/auge_sound/sound/card0/controlC0��ACTION=change��DEVPATH=/devices/platform/auge_sound/sound/card0/controlC0��SUBSYSTEM=sound��AUDIO_FORMAT=0��MAJOR=116��MINOR=11��DEVNAME=snd/controlC0��SEQNUM=3147��
--------- beginning of system
10-04 09:26:54.176  1154  1349 W ContextImpl: Calling a method in the system process without a qualified user: android.app.ContextImpl.sendBroadcast:1220 android.content.ContextWrapper.sendBroadcast:504 com.droidlogic.audioservice.services.AudioSystemCmdService$1.onUEvent:177 com.droidlogic.UEventObserver$UEventThread.sendEvent:213 com.droidlogic.UEventObserver$UEventThread.run:190 
10-04 09:26:54.180   472   577 D audioserver: FGS Logger Transaction failed
10-04 09:26:54.180   472   577 D audioserver: -129
10-04 09:26:54.192  1154  1348 I AudioSystemCmdService: onAudioPatchListUpdate
10-04 09:26:54.196  1154  1348 I AudioSystemCmdService: mAudioSink:[{{mHandle: 18, mRole: SINK}, mType: hdmi, mAddress: }], previousSink:[{{mHandle: 18, mRole: SINK}, mType: hdmi, mAddress: }]
10-04 09:26:54.196  1154  1348 I AudioSystemCmdService: updateAudioPatch cur sink does not change.
--------- beginning of main
10-04 09:26:54.325   424  8590 I audio_hw_hal_primary: [audiohal_get_latency:1258] io 13: out:0xf2d00740 frames:3072 rate:48000 whole_latency:64 alsa_latency:64
10-04 09:26:54.335  8084  8084 E ThemeUtils: View class androidx.appcompat.widget.AppCompatImageView is an AppCompat widget that can only be used with a Theme.AppCompat theme (or descendant).
10-04 09:26:54.338  8084  8577 D ANALYTICS_IPTV: AnalyticsEventTracker ***Event***Event{ts=1728014214335, meta={"UID":"5ye_gfsYCZe-PoQ4A0","subscriber_id":"3026341863-001","box_type":"iptv","asset_name":"rendering_start","device_id":"8fb17cc052aef526","app_version":"1.0.0019:237","box_model":"bx:1.2.3","customer_id":"3026341863","firmware":"fw:1.2.3"}, uid=5ye_gfsYCZe-PoQ4A0, did=8fb17cc052aef526, os=Android, ov=34, bn=237, nq=-1, nt=2, nct=0, lc=en|hi|ta|kn, av=1.0.0019, dt=STB, type=layout_render_start, adid=95acddf7-5a94-4681-bf0a-0a767be9f2c3, brand=Airtel-Xstream, model=XstreamIPTV1-VT, dname=Vantiva XstreamIPTV1-VT, appId=IPTV, sId=8fb17cc052aef526, profileId=, ab_test=86079:0|108429:0|42374:0|78244:0|95458:0|75817:0|60412:1|117812:1|120676:1|113632:1|116206:0|66480:0|100390:2|76965:1|110385:0|129832:2, city=Delhi, state=National Capital Territory of Delhi, country=India, firebase_id=687ecd54b0fd95386e529fbf62179576} Critical: false
10-04 09:26:54.346   424  8590 I audio_hw_hal_primary: [audiohal_get_latency:1258] io 13: out:0xf2d00740 frames:3072 rate:48000 whole_latency:64 alsa_latency:64
10-04 09:26:54.368   424  8590 I audio_hw_hal_primary: [audiohal_get_latency:1258] io 13: out:0xf2d00740 frames:3072 rate:48000 whole_latency:64 alsa_latency:64
10-04 09:26:54.370   696  3336 D ConnectivityService: requestNetwork for uid/pid:10043/8084 activeRequest: null callbackRequest: 224 [NetworkRequest [ REQUEST id=225, [ Capabilities: INTERNET&NOT_RESTRICTED&TRUSTED&NOT_VCN_MANAGED Uid: 10043 RequestorUid: 10043 RequestorPkg: com.airtel.tv UnderlyingNetworks: Null] ]] callback flags: 0 order: 2147483647
10-04 09:26:54.372   696   910 D WifiNetworkFactory: got request NetworkRequest [ REQUEST id=225, [ Capabilities: INTERNET&NOT_RESTRICTED&TRUSTED&NOT_VCN_MANAGED Uid: 10043 RequestorUid: 10043 RequestorPkg: com.airtel.tv UnderlyingNetworks: Null] ]
10-04 09:26:54.372   696   910 D UntrustedWifiNetworkFactory: got request NetworkRequest [ REQUEST id=225, [ Capabilities: INTERNET&NOT_RESTRICTED&TRUSTED&NOT_VCN_MANAGED Uid: 10043 RequestorUid: 10043 RequestorPkg: com.airtel.tv UnderlyingNetworks: Null] ]
10-04 09:26:54.373   696   910 D OemPaidWifiNetworkFactory: got request NetworkRequest [ REQUEST id=225, [ Capabilities: INTERNET&NOT_RESTRICTED&TRUSTED&NOT_VCN_MANAGED Uid: 10043 RequestorUid: 10043 RequestorPkg: com.airtel.tv UnderlyingNetworks: Null] ]
10-04 09:26:54.373   696   910 D MultiInternetWifiNetworkFactory: got request NetworkRequest [ REQUEST id=225, [ Capabilities: INTERNET&NOT_RESTRICTED&TRUSTED&NOT_VCN_MANAGED Uid: 10043 RequestorUid: 10043 RequestorPkg: com.airtel.tv UnderlyingNetworks: Null] ]
10-04 09:26:54.373   696   918 D ConnectivityService: NetReassign [225 : null → 100] [c 0] [a 0] [i 2]
10-04 09:26:54.389   424  8590 I audio_hw_hal_primary: [audiohal_get_latency:1258] io 13: out:0xf2d00740 frames:3072 rate:48000 whole_latency:64 alsa_latency:64
10-04 09:26:54.410   424  8590 I audio_hw_hal_primary: [audiohal_get_latency:1258] io 13: out:0xf2d00740 frames:3072 rate:48000 whole_latency:64 alsa_latency:64
10-04 09:26:54.431   424  8590 I audio_hw_hal_primary: [audiohal_get_latency:1258] io 13: out:0xf2d00740 frames:3072 rate:48000 whole_latency:64 alsa_latency:64
10-04 09:26:54.452  8084  8084 D ANALYTICS_IPTV: AnalyticsEventTracker ***Event***Event{ts=1728014214449, meta={"page_id":"dthNewTvChannels","box_type":"iptv","source_of_stream":"3 | TV Channels.screen_visible.none.none.none.none.none.none.none | TV Channels.screen_visible.none.none.none.none.none.none.none","app_version":"1.0.0019:237","box_model":"bx:1.2.3","firmware":"fw:1.2.3","source_name":"TV Channels"}, uid=5ye_gfsYCZe-PoQ4A0, did=8fb17cc052aef526, os=Android, ov=34, bn=237, nq=-1, nt=2, nct=0, lc=en|hi|ta|kn, av=1.0.0019, dt=STB, type=screen_visible, adid=95acddf7-5a94-4681-bf0a-0a767be9f2c3, brand=Airtel-Xstream, model=XstreamIPTV1-VT, dname=Vantiva XstreamIPTV1-VT, appId=IPTV, sId=8fb17cc052aef526, profileId=, ab_test=86079:0|108429:0|42374:0|78244:0|95458:0|75817:0|60412:1|117812:1|120676:1|113632:1|116206:0|66480:0|100390:2|76965:1|110385:0|129832:2, city=Delhi, state=National Capital Territory of Delhi, country=India, firebase_id=687ecd54b0fd95386e529fbf62179576} Critical: false
10-04 09:26:54.453   424  8590 I audio_hw_hal_primary: [audiohal_get_latency:1258] io 13: out:0xf2d00740 frames:3072 rate:48000 whole_latency:64 alsa_latency:64
10-04 09:26:54.453   472   662 D audioserver: FGS Logger Transaction failed
10-04 09:26:54.453   472   662 D audioserver: -129
10-04 09:26:54.463  8084  8703 D ANALYTICS_IPTV: AnalyticsEventTracker ***Event***Event{ts=1728014214459, meta={"UID":"5ye_gfsYCZe-PoQ4A0","subscriber_id":"3026341863-001","box_type":"iptv","asset_name":"rendering_complete","device_id":"8fb17cc052aef526","app_version":"1.0.0019:237","box_model":"bx:1.2.3","customer_id":"3026341863","firmware":"fw:1.2.3"}, uid=5ye_gfsYCZe-PoQ4A0, did=8fb17cc052aef526, os=Android, ov=34, bn=237, nq=-1, nt=2, nct=0, lc=en|hi|ta|kn, av=1.0.0019, dt=STB, type=layout_render_complete, adid=95acddf7-5a94-4681-bf0a-0a767be9f2c3, brand=Airtel-Xstream, model=XstreamIPTV1-VT, dname=Vantiva XstreamIPTV1-VT, appId=IPTV, sId=8fb17cc052aef526, profileId=, ab_test=86079:0|108429:0|42374:0|78244:0|95458:0|75817:0|60412:1|117812:1|120676:1|113632:1|116206:0|66480:0|100390:2|76965:1|110385:0|129832:2, city=Delhi, state=National Capital Territory of Delhi, country=India, firebase_id=687ecd54b0fd95386e529fbf62179576} Critical: false
10-04 09:26:54.464  8084  8084 D ANALYTICS_IPTV: AnalyticsEventTracker ***Event***Event{ts=1728014214461, meta={"box_type":"iptv","source_of_stream":"3 | TV Channels.screen_visible.none.none.none.none.none.none.none | TV Channels.screen_visible.none.none.none.none.none.none.none | none.screen_visible.none.none.none.none.none.none.none","app_version":"1.0.0019:237","box_model":"bx:1.2.3","source":"TV Channels","firmware":"fw:1.2.3"}, uid=5ye_gfsYCZe-PoQ4A0, did=8fb17cc052aef526, os=Android, ov=34, bn=237, nq=-1, nt=2, nct=0, lc=en|hi|ta|kn, av=1.0.0019, dt=STB, type=screen_visible, adid=95acddf7-5a94-4681-bf0a-0a767be9f2c3, brand=Airtel-Xstream, model=XstreamIPTV1-VT, dname=Vantiva XstreamIPTV1-VT, appId=IPTV, sId=8fb17cc052aef526, profileId=, ab_test=86079:0|108429:0|42374:0|78244:0|95458:0|75817:0|60412:1|117812:1|120676:1|113632:1|116206:0|66480:0|100390:2|76965:1|110385:0|129832:2, city=Delhi, state=National Capital Territory of Delhi, country=India, firebase_id=687ecd54b0fd95386e529fbf62179576} Critical: false
10-04 09:26:54.884   424   582 I audio_hw_hal_alsamgr: alsa format =0x9000000 delay frames =1408 total frames=1926144000
10-04 09:26:54.962  8084  8171 E homepage: data received in RequestRetrofitRepo : tv.accedo.airtel.wynk.data.entity.LayoutBaseEntity@e64065a3
10-04 09:26:54.980  8084  8171 E homepage: post processing done
10-04 09:26:54.989  8084  8195 I WM-WorkerWrapper: Worker result SUCCESS for Work [ id=c1bd405f-2e8f-4e73-8105-54bf54f710b0, tags={ tv.airtel.wynk.analytics.sync.service.AnalyticsSyncService, com.airtel.analyticsSyncService } ]
--------- beginning of system
