10-04 09:32:13.855  8084  8449 I OpenGLRenderer: Davey! duration=863ms; Flags=0, FrameTimelineVsyncId=191172, IntendedVsync=40472569498600, Vsync=40472736331930, InputEventId=0, HandleInputStart=40472736906298, AnimationStart=40472736911840, PerformTraversalsStart=40472737713965, DrawStart=40473335195798, FrameDeadline=40472638232133, FrameInterval=40472736433256, FrameStartTime=16683333, SyncQueued=40473362100173, SyncStart=40473362231382, IssueDrawCommandsStart=40473363891007, SwapBuffers=40473380898965, FrameCompleted=40473432864632, DequeueBufferDuration=29166, QueueBufferDuration=467250, GpuCompleted=40473432864632, SwapBuffersCompleted=40473382345590, DisplayPresentTime=40467345627229, CommandSubmissionCompleted=40473380898965, 
10-04 09:32:13.878   441   454 D hdmicecd: [CEC]:printCecMessage, [4 -> 0] len: 1, body: 0d, result:no ack
10-04 09:32:13.879   441   454 E IPCThreadState: binder thread pool (1 threads) starved for 234 ms
10-04 09:32:13.879  8084  8084 E ThemeUtils: View class com.airbnb.lottie.LottieAnimationView is an AppCompat widget that can only be used with a Theme.AppCompat theme (or descendant).
10-04 09:32:13.883  8084  8084 E ThemeUtils: View class androidx.appcompat.widget.AppCompatTextView is an AppCompat widget that can only be used with a Theme.AppCompat theme (or descendant).
10-04 09:32:13.887  8084  8084 E ThemeUtils: View class androidx.appcompat.widget.AppCompatTextView is an AppCompat widget that can only be used with a Theme.AppCompat theme (or descendant).
10-04 09:32:13.900  8084  8084 E ThemeUtils: View class com.airbnb.lottie.LottieAnimationView is an AppCompat widget that can only be used with a Theme.AppCompat theme (or descendant).
10-04 09:32:13.904  8084  8084 E ThemeUtils: View class androidx.appcompat.widget.AppCompatTextView is an AppCompat widget that can only be used with a Theme.AppCompat theme (or descendant).
10-04 09:32:13.905  8084  8449 I OpenGLRenderer: Davey! duration=731ms; Flags=0, FrameTimelineVsyncId=191189, IntendedVsync=40472753014464, Vsync=40473403663710, InputEventId=0, HandleInputStart=40473411785923, AnimationStart=40473411791632, PerformTraversalsStart=40473414959507, DrawStart=40473449448632, FrameDeadline=40473455715249, FrameInterval=40473411059590, FrameStartTime=16683314, SyncQueued=40473454333757, SyncStart=40473454463965, IssueDrawCommandsStart=40473461409757, SwapBuffers=40473474060007, FrameCompleted=40473484638382, DequeueBufferDuration=27208, QueueBufferDuration=3862209, GpuCompleted=40473484638382, SwapBuffersCompleted=40473478586632, DisplayPresentTime=40467362310446, CommandSubmissionCompleted=40473474060007, 
10-04 09:32:13.909  8084  8084 E ThemeUtils: View class androidx.appcompat.widget.AppCompatTextView is an AppCompat widget that can only be used with a Theme.AppCompat theme (or descendant).
10-04 09:32:13.919  8084  8084 E ThemeUtils: View class com.airbnb.lottie.LottieAnimationView is an AppCompat widget that can only be used with a Theme.AppCompat theme (or descendant).
10-04 09:32:13.922  8084  8084 E ThemeUtils: View class androidx.appcompat.widget.AppCompatTextView is an AppCompat widget that can only be used with a Theme.AppCompat theme (or descendant).
10-04 09:32:13.926  8084  8084 E ThemeUtils: View class androidx.appcompat.widget.AppCompatTextView is an AppCompat widget that can only be used with a Theme.AppCompat theme (or descendant).
10-04 09:32:13.931  8084  8084 E ThemeUtils: View class com.airbnb.lottie.LottieAnimationView is an AppCompat widget that can only be used with a Theme.AppCompat theme (or descendant).
10-04 09:32:13.934  8084  8084 E ThemeUtils: View class androidx.appcompat.widget.AppCompatTextView is an AppCompat widget that can only be used with a Theme.AppCompat theme (or descendant).
10-04 09:32:13.939  8084  8084 E ThemeUtils: View class androidx.appcompat.widget.AppCompatTextView is an AppCompat widget that can only be used with a Theme.AppCompat theme (or descendant).
10-04 09:32:13.947  8084  8084 D Glide   : Finished loading BitmapDrawable from MEMORY_CACHE for http://tvimg.wynk.in/unsafe/fit-in/228x335/filters:no_upscale():format(webp)/https://image.airtel.tv/MWTV/MWTV_LIVETVCHANNEL_834/LANDSCAPE_43/Js98rDkv.png with size [-2147483648x-2147483648] in 0.552917 ms
10-04 09:32:13.947  8084  8084 D Glide Image loaded for url DeferredCoroutine{Completed}@da643d4: 
10-04 09:32:13.954  8084  8084 E ThemeUtils: View class com.airbnb.lottie.LottieAnimationView is an AppCompat widget that can only be used with a Theme.AppCompat theme (or descendant).
10-04 09:32:13.955   441   454 D hdmicecd: [CEC]:printCecMessage, [4 -> 1] len: 0, body:, result:no ack
10-04 09:32:13.957  8084  8084 E ThemeUtils: View class androidx.appcompat.widget.AppCompatTextView is an AppCompat widget that can only be used with a Theme.AppCompat theme (or descendant).
10-04 09:32:13.961  8084  8084 E ThemeUtils: View class androidx.appcompat.widget.AppCompatTextView is an AppCompat widget that can only be used with a Theme.AppCompat theme (or descendant).
10-04 09:32:14.063  8084  8084 D Glide   : Finished loading BitmapDrawable from MEMORY_CACHE for http://tvimg.wynk.in/unsafe/fit-in/228x335/filters:no_upscale():format(webp)/https://image.airtel.tv/FANCODE/FANCODE_MATCH_LIVE_108721/PORTRAIT/Deafult_2_x_3_2.jpg with size [-2147483648x-2147483648] in 0.625166 ms
10-04 09:32:14.064  8084  8084 D Glide Image loaded for url DeferredCoroutine{Completed}@5ddc72a: 
10-04 09:32:14.066  8084  8084 D Glide   : Finished loading BitmapDrawable from MEMORY_CACHE for http://tvimg.wynk.in/unsafe/fit-in/228x335/filters:no_upscale():format(webp)/https://image.airtel.tv/MWTV/MWTV_LIVETVCHANNEL_717/PORTRAIT/4ZNf4dH3.png with size [-2147483648x-2147483648] in 0.50625 ms
10-04 09:32:14.066  8084  8084 D Glide Image loaded for url DeferredCoroutine{Completed}@6e92bf6: 
10-04 09:32:14.069  8084  8084 D Glide   : Finished loading BitmapDrawable from MEMORY_CACHE for http://tvimg.wynk.in/unsafe/fit-in/228x335/filters:no_upscale():format(webp)/https://image.airtel.tv/MWTV/MWTV_LIVETVCHANNEL_254/PORTRAIT/LKNgfzia.png with size [-2147483648x-2147483648] in 0.47704199999999997 ms
10-04 09:32:14.069  8084  8084 D Glide Image loaded for url DeferredCoroutine{Completed}@d46e4cd: 
10-04 09:32:14.075  8084  8084 D Glide   : Finished loading BitmapDrawable from MEMORY_CACHE for http://tvimg.wynk.in/unsafe/fit-in/228x335/filters:no_upscale():format(webp)/https://xstreamcp-assets-msp.streamready.in/assets/EPICON/MOVIE/64d331750bd0ce0136846151/images/1614598480-agnivayu-vertical-500x750.jpg with size [-2147483648x-2147483648] in 0.566166 ms
10-04 09:32:14.075  8084  8084 D Glide Image loaded for url DeferredCoroutine{Completed}@24378d0: 
10-04 09:32:14.077  8084  8084 D Glide   : Finished loading BitmapDrawable from MEMORY_CACHE for http://tvimg.wynk.in/unsafe/fit-in/228x335/filters:no_upscale():format(webp)/https://xstreamcp-assets-msp.streamready.in/assets/EPICON/MOVIE/65fa0b28a23caa4f374b2ddc/images/1721902759-45322247-500x750.jpg with size [-2147483648x-2147483648] in 0.582042 ms
10-04 09:32:14.078  8084  8084 D Glide Image loaded for url DeferredCoroutine{Completed}@b0152ef: 
10-04 09:32:14.079  8084  8195 I WM-WorkerWrapper: Worker result SUCCESS for Work [ id=0aee2765-a359-4dc3-bcdd-5d4f43edec5c, tags={ tv.airtel.wynk.analytics.sync.service.AnalyticsSyncService, com.airtel.analyticsSyncService } ]
10-04 09:32:14.082  8084  8084 D Glide   : Finished loading BitmapDrawable from MEMORY_CACHE for http://tvimg.wynk.in/unsafe/fit-in/300x169/filters:no_upscale():format(webp)/https://s3.ap-south-1.amazonaws.com/discovery-prod-arsenal/tile/artwork/1722516970110_anime-booth.jpg with size [-2147483648x-2147483648] in 0.548625 ms
10-04 09:32:14.083  8084  8084 D Glide Image loaded for url DeferredCoroutine{Completed}@68e4eda: 
10-04 09:32:14.085  8084  8084 D Glide   : Finished loading BitmapDrawable from MEMORY_CACHE for http://tvimg.wynk.in/unsafe/fit-in/300x169/filters:no_upscale():format(webp)/https://s3.ap-south-1.amazonaws.com/discovery-prod-arsenal/tile/artwork/1723200512723_zindagi_updated.jpg with size [-2147483648x-2147483648] in 0.6778339999999999 ms
10-04 09:32:14.085  8084  8084 D Glide Image loaded for url DeferredCoroutine{Completed}@bfc0001: 
10-04 09:32:14.087  8084  8084 D Glide   : Finished loading BitmapDrawable from MEMORY_CACHE for http://tvimg.wynk.in/unsafe/fit-in/300x169/filters:no_upscale():format(webp)/https://s3.ap-south-1.amazonaws.com/discovery-prod-arsenal/tile/artwork/1722516626882_funschool.jpg with size [-2147483648x-2147483648] in 0.504625 ms
10-04 09:32:14.088  8084  8084 D Glide Image loaded for url DeferredCoroutine{Completed}@ade494: 
10-04 09:32:14.090  8084  8084 D Glide   : Finished loading BitmapDrawable from MEMORY_CACHE for http://tvimg.wynk.in/unsafe/fit-in/300x169/filters:no_upscale():format(webp)/https://s3.ap-south-1.amazonaws.com/discovery-prod-arsenal/tile/artwork/1724061688061_sunehre_pal.jpg with size [-2147483648x-2147483648] in 0.8318749999999999 ms
10-04 09:32:14.090  8084  8084 D Glide Image loaded for url DeferredCoroutine{Completed}@2177483: 
10-04 09:32:14.092  8084  8084 D Glide   : Finished loading BitmapDrawable from MEMORY_CACHE for http://tvimg.wynk.in/unsafe/fit-in/300x169/filters:no_upscale():format(webp)/https://s3.ap-south-1.amazonaws.com/discovery-prod-arsenal/tile/artwork/1722433605210_miniplex_batch_2.jpg with size [-2147483648x-2147483648] in 0.734709 ms
10-04 09:32:14.093  8084  8084 D Glide Image loaded for url DeferredCoroutine{Completed}@f20bc7e: 
10-04 09:32:14.095  8084  8084 D Glide   : Finished loading BitmapDrawable from MEMORY_CACHE for http://tvimg.wynk.in/unsafe/fit-in/300x169/filters:no_upscale():format(webp)/https://s3.ap-south-1.amazonaws.com/discovery-prod-arsenal/tile/artwork/1722433863153_rahasyamay_batch_2.jpg with size [-2147483648x-2147483648] in 0.544584 ms
10-04 09:32:14.095  8084  8084 D Glide Image loaded for url DeferredCoroutine{Completed}@d1bf4f5: 
10-04 09:32:14.096   696   696 D HDMI    : one touch play retry:1
10-04 09:32:14.096   696   949 D HDMI    : [S]:<Text View On> 40:0D
10-04 09:32:14.104  8084  8084 D Glide   : Finished loading BitmapDrawable from MEMORY_CACHE for http://tvimg.wynk.in/unsafe/fit-in/300x169/filters:no_upscale():format(webp)/https://xstreamcp-assets-msp.streamready.in/assets/SONYLIV_VOD/MOVIE/6485908c82488153bfe3e82b/images/salute_12aug_landscape_thumb.jpg with size [-2147483648x-2147483648] in 0.519417 ms
10-04 09:32:14.107  8084  8195 I WM-WorkerWrapper: Worker result SUCCESS for Work [ id=d85bed77-1934-42c9-9ef4-7b6a14bc085c, tags={ tv.airtel.wynk.analytics.sync.service.AnalyticsSyncService, com.airtel.analyticsSyncService } ]
10-04 09:32:14.110  8084  8084 D Glide   : Finished loading BitmapDrawable from MEMORY_CACHE for http://tvimg.wynk.in/unsafe/fit-in/300x169/filters:no_upscale():format(webp)/https://xstreamcp-assets-msp.streamready.in/assets/LIONSGATEPLAY/MOVIE/64f9ad835987c22787ba37a4/images/THEBLACKDEMONY2023MHI-airtel-cover-poster-1923X1082.jpg with size [-2147483648x-2147483648] in 0.295083 ms
10-04 09:32:14.114  8084  8084 D Glide   : Finished loading BitmapDrawable from MEMORY_CACHE for http://tvimg.wynk.in/unsafe/fit-in/300x169/filters:no_upscale():format(webp)/https://xstreamcp-assets-msp.streamready.in/assets/SONYLIV_VOD/EPISODE/6485cad482488153bfe4a7f5/images/maharani5_landscape_image.jpg with size [-2147483648x-2147483648] in 0.225292 ms
10-04 09:32:14.120  8084  8084 D Glide   : Finished loading BitmapDrawable from MEMORY_CACHE for http://tvimg.wynk.in/unsafe/fit-in/300x169/filters:no_upscale():format(webp)/https://xstreamcp-assets-msp.streamready.in/assets/SONYLIV_VOD/EPISODE/668fa79413fc7c3c9b6d8187/images/36_day_1920x1080_clean_airtel_landscape.jpg with size [-2147483648x-2147483648] in 0.220541 ms
10-04 09:32:14.125  8084  8084 D Glide   : Finished loading BitmapDrawable from MEMORY_CACHE for http://tvimg.wynk.in/unsafe/fit-in/300x169/filters:no_upscale():format(webp)/https://xstreamcp-assets-msp.streamready.in/assets/SHEMAROOME/MOVIE/6478338c59fcb666645f6943/images/xl_image_16_9_airtel_1723465577.jpg with size [-2147483648x-2147483648] in 0.21437499999999998 ms
10-04 09:32:14.129  8084  8084 D Glide   : Finished loading BitmapDrawable from MEMORY_CACHE for http://tvimg.wynk.in/unsafe/fit-in/300x169/filters:no_upscale():format(webp)/https://xstreamcp-assets-msp.streamready.in/assets/SHEMAROOME/MOVIE/6478327359fcb666645f5dc1/images/xl_image_16_9_1630335742.jpg with size [-2147483648x-2147483648] in 0.267583 ms
10-04 09:32:14.137  8084  8195 I WM-WorkerWrapper: Worker result SUCCESS for Work [ id=fa53ff17-9b9c-440b-9a3e-26f1642e02ec, tags={ tv.airtel.wynk.analytics.sync.service.AnalyticsSyncService, com.airtel.analyticsSyncService } ]
10-04 09:32:14.151   441   454 D hdmicecd: [CEC]:printCecMessage, [4 -> 0] len: 1, body: 0d, result:no ack
10-04 09:32:14.166  8084  8195 I WM-WorkerWrapper: Worker result SUCCESS for Work [ id=771759a4-652a-4a21-bd78-f8d053337a1d, tags={ tv.airtel.wynk.analytics.sync.service.AnalyticsSyncService, com.airtel.analyticsSyncService } ]
10-04 09:32:14.194  8084  8195 I WM-WorkerWrapper: Worker result SUCCESS for Work [ id=78ffea9f-1dba-44d6-9ef2-9616f4378787, tags={ tv.airtel.wynk.analytics.sync.service.AnalyticsSyncService, com.airtel.analyticsSyncService } ]
10-04 09:32:14.206   441   454 D hdmicecd: [CEC]:printCecMessage, [4 -> 0] len: 1, body: 0d, result:no ack
10-04 09:32:14.207   441   454 E IPCThreadState: binder thread pool (1 threads) starved for 110 ms
10-04 09:32:14.212   696  2569 W JobScheduler: Job didn't exist in JobStore: 5e9ee50 #u0a43/1445 com.airtel.tv/androidx.work.impl.background.systemjob.SystemJobService
10-04 09:32:14.226   696  2569 W JobScheduler: Job didn't exist in JobStore: 1ed3768 #u0a43/1446 com.airtel.tv/androidx.work.impl.background.systemjob.SystemJobService
10-04 09:32:14.231   696  2569 W JobScheduler: Job didn't exist in JobStore: 1ce3003 #u0a43/1447 com.airtel.tv/androidx.work.impl.background.systemjob.SystemJobService
10-04 09:32:14.232  8084  8195 I WM-WorkerWrapper: Worker result SUCCESS for Work [ id=b7a0c23a-946d-40e2-af29-2d4b223c501e, tags={ tv.airtel.wynk.analytics.sync.service.AnalyticsSyncService, com.airtel.analyticsSyncService } ]
10-04 09:32:14.236   696  2569 W JobScheduler: Job didn't exist in JobStore: 190d475 #u0a43/1449 com.airtel.tv/androidx.work.impl.background.systemjob.SystemJobService
10-04 09:32:14.242   696  2569 W JobScheduler: Job didn't exist in JobStore: 1baff77 #u0a43/1444 com.airtel.tv/androidx.work.impl.background.systemjob.SystemJobService
10-04 09:32:14.248   696  2569 W JobScheduler: Job didn't exist in JobStore: b914a98 #u0a43/1450 com.airtel.tv/androidx.work.impl.background.systemjob.SystemJobService
10-04 09:32:14.263   441   454 D hdmicecd: [CEC]:printCecMessage, [4 -> 0] len: 1, body: 0d, result:no ack
10-04 09:32:14.270  8084  8143 I WM-WorkerWrapper: Worker result SUCCESS for Work [ id=d805d7b5-347b-4a34-85ef-f34ab95ed6b1, tags={ tv.airtel.wynk.analytics.sync.service.AnalyticsSyncService, com.airtel.analyticsSyncService } ]
10-04 09:32:14.293  8084  8143 I WM-WorkerWrapper: Worker result SUCCESS for Work [ id=3ffb35d6-5dfa-4f1e-aa96-124abe4841a7, tags={ tv.airtel.wynk.analytics.sync.service.AnalyticsSyncService, com.airtel.analyticsSyncService } ]
10-04 09:32:14.314  8084  8143 I WM-WorkerWrapper: Worker result SUCCESS for Work [ id=ddd5eae3-07f1-4d34-ab6a-210be88f7cf3, tags={ tv.airtel.wynk.analytics.sync.service.AnalyticsSyncService, com.airtel.analyticsSyncService } ]
10-04 09:32:14.318   441   454 D hdmicecd: [CEC]:printCecMessage, [4 -> 0] len: 1, body: 0d, result:no ack
10-04 09:32:14.319   441   454 E IPCThreadState: binder thread pool (1 threads) starved for 112 ms
10-04 09:32:14.319   696   949 D HDMI    : [S]:<Give Device Power Status> 40:8F
10-04 09:32:14.319   696   696 D ResendCecCommandAction: ResendCecCommandAction started
10-04 09:32:14.331   426  1494 D rtk_heartbeat: heartbeat_timed_out: heartbeatCmdCount = 40439, expected nextSeqNum = 40439
10-04 09:32:14.333   426  1381 D rtk_heartbeat: rtkbt_heartbeat_cmpl_cback: Current SeqNum = 40439,should SeqNum=40439, status = 0
10-04 09:32:14.374   441   454 D hdmicecd: [CEC]:printCecMessage, [4 -> 0] len: 1, body: 8f, result:no ack
10-04 09:32:14.412  1154  1154 I ThermalService: CPU temperatures: [44.500004]
10-04 09:32:14.440     0     0 W [0 T1289  ..] RTW: rtw_get_sta_tx_stat() not support
10-04 09:32:14.440     0     0 W [0 T1289  ..] RTW: cfg80211_rtw_get_txpower
10-04 09:32:14.431   441   454 D hdmicecd: [CEC]:printCecMessage, [4 -> 0] len: 1, body: 8f, result:no ack
10-04 09:32:14.431   441   454 E IPCThreadState: binder thread pool (1 threads) starved for 111 ms
10-04 09:32:14.487   441   454 D hdmicecd: [CEC]:printCecMessage, [4 -> 0] len: 1, body: 8f, result:no ack
10-04 09:32:14.542   441   454 D hdmicecd: [CEC]:printCecMessage, [4 -> 0] len: 1, body: 8f, result:no ack
10-04 09:32:14.543   441   454 E IPCThreadState: binder thread pool (1 threads) starved for 112 ms
10-04 09:32:14.599   441   454 D hdmicecd: [CEC]:printCecMessage, [4 -> 3] len: 0, body:, result:no ack
10-04 09:32:14.619   696   696 D ResendCecCommandAction: sendCommandWithoutRetries failed, retry
10-04 09:32:14.620   696   949 D HDMI    : [S]:<Text View On> 40:0D
10-04 09:32:14.679   441   454 D hdmicecd: [CEC]:printCecMessage, [4 -> 0] len: 1, body: 0d, result:no ack
10-04 09:32:14.717  8084  8143 I WM-WorkerWrapper: Worker result SUCCESS for Work [ id=7e3304ad-9a72-4a85-8482-1e26895dcf9f, tags={ tv.airtel.wynk.analytics.sync.service.AnalyticsSyncService, com.airtel.analyticsSyncService } ]
10-04 09:32:14.738   441   454 D hdmicecd: [CEC]:printCecMessage, [4 -> 0] len: 1, body: 0d, result:no ack
10-04 09:32:14.739   441   454 E IPCThreadState: binder thread pool (1 threads) starved for 119 ms
10-04 09:32:14.760   696  2569 W JobScheduler: Job didn't exist in JobStore: 1de6b10 #u0a43/1463 com.airtel.tv/androidx.work.impl.background.systemjob.SystemJobService
10-04 09:32:14.769   696  2569 W JobScheduler: Job didn't exist in JobStore: e1ac036 #u0a43/1461 com.airtel.tv/androidx.work.impl.background.systemjob.SystemJobService
10-04 09:32:14.781   696  2569 W JobScheduler: Job didn't exist in JobStore: aaca40c #u0a43/1459 com.airtel.tv/androidx.work.impl.background.systemjob.SystemJobService
10-04 09:32:14.794   441   454 D hdmicecd: [CEC]:printCecMessage, [4 -> 0] len: 1, body: 0d, result:no ack
10-04 09:32:14.821   696  3334 W JobScheduler: Job didn't exist in JobStore: 568f45b #u0a43/1460 com.airtel.tv/androidx.work.impl.background.systemjob.SystemJobService
10-04 09:32:14.832   696  3334 W JobScheduler: Job didn't exist in JobStore: a547247 #u0a43/1456 com.airtel.tv/androidx.work.impl.background.systemjob.SystemJobService
10-04 09:32:14.841   696  2569 W JobScheduler: Job didn't exist in JobStore: 5501812 #u0a43/1457 com.airtel.tv/androidx.work.impl.background.systemjob.SystemJobService
10-04 09:32:14.851   441   454 D hdmicecd: [CEC]:printCecMessage, [4 -> 0] len: 1, body: 0d, result:no ack
10-04 09:32:14.851   441   454 E IPCThreadState: binder thread pool (1 threads) starved for 111 ms
10-04 09:32:14.852   696  2569 W JobScheduler: Job didn't exist in JobStore: f73b60d #u0a43/1462 com.airtel.tv/androidx.work.impl.background.systemjob.SystemJobService
10-04 09:32:14.859   696  2569 W JobScheduler: Job didn't exist in JobStore: 6b59a2f #u0a43/1464 com.airtel.tv/androidx.work.impl.background.systemjob.SystemJobService
10-04 09:32:14.868   696  2569 W JobScheduler: Job didn't exist in JobStore: b1c6499 #u0a43/1458 com.airtel.tv/androidx.work.impl.background.systemjob.SystemJobService
10-04 09:32:14.884   424   582 I audio_hw_hal_alsamgr: alsa format =0x9000000 delay frames =1536 total frames=1941504000
10-04 09:32:15.152   696   696 D ResendCecCommandAction: sendCommandWithoutRetries failed, retry
10-04 09:32:15.159   441   454 D hdmicecd: [CEC]:printCecMessage, [4 -> 5] len: 0, body:, result:no ack
10-04 09:32:15.159   696   949 D HDMI    : [S]:<Text View On> 40:0D
10-04 09:32:15.214   441   454 D hdmicecd: [CEC]:printCecMessage, [4 -> 0] len: 1, body: 0d, result:no ack
10-04 09:32:15.271   441   454 D hdmicecd: [CEC]:printCecMessage, [4 -> 0] len: 1, body: 0d, result:no ack
10-04 09:32:15.271   441   454 E IPCThreadState: binder thread pool (1 threads) starved for 112 ms
10-04 09:32:15.291   696  1553 E TaskPersister: File error accessing recents directory (directory doesn't exist?).
10-04 09:32:15.327   441   454 D hdmicecd: [CEC]:printCecMessage, [4 -> 0] len: 1, body: 0d, result:no ack
10-04 09:32:15.332   426  1494 D rtk_heartbeat: heartbeat_timed_out: heartbeatCmdCount = 40440, expected nextSeqNum = 40440
10-04 09:32:15.333   426  1381 D rtk_heartbeat: rtkbt_heartbeat_cmpl_cback: Current SeqNum = 40440,should SeqNum=40440, status = 0
10-04 09:32:15.383   441   454 D hdmicecd: [CEC]:printCecMessage, [4 -> 0] len: 1, body: 0d, result:no ack
10-04 09:32:15.383   441   454 E IPCThreadState: binder thread pool (1 threads) starved for 112 ms
10-04 09:32:15.715   441   454 D hdmicecd: [CEC]:printCecMessage, [4 -> 8] len: 0, body:, result:no ack
10-04 09:32:16.096   696   696 D HDMI    : one touch play retry:2
10-04 09:32:16.096   696   949 D HDMI    : [S]:<Text View On> 40:0D
10-04 09:32:16.155   441   454 D hdmicecd: [CEC]:printCecMessage, [4 -> 0] len: 1, body: 0d, result:no ack
10-04 09:32:16.210   441   454 D hdmicecd: [CEC]:printCecMessage, [4 -> 0] len: 1, body: 0d, result:no ack
10-04 09:32:16.211   441   454 E IPCThreadState: binder thread pool (1 threads) starved for 114 ms
10-04 09:32:16.267   441   454 D hdmicecd: [CEC]:printCecMessage, [4 -> 0] len: 1, body: 0d, result:no ack
10-04 09:32:16.323   441   454 D hdmicecd: [CEC]:printCecMessage, [4 -> 0] len: 1, body: 0d, result:no ack
10-04 09:32:16.323   441   454 E IPCThreadState: binder thread pool (1 threads) starved for 112 ms
10-04 09:32:16.323   696   949 D HDMI    : [S]:<Give Device Power Status> 40:8F
10-04 09:32:16.324   696   696 D ResendCecCommandAction: ResendCecCommandAction started
10-04 09:32:16.332   426  1494 D rtk_heartbeat: heartbeat_timed_out: heartbeatCmdCount = 40441, expected nextSeqNum = 40441
10-04 09:32:16.333   426  1381 D rtk_heartbeat: rtkbt_heartbeat_cmpl_cback: Current SeqNum = 40441,should SeqNum=40441, status = 0
10-04 09:32:16.379   441   454 D hdmicecd: [CEC]:printCecMessage, [4 -> 0] len: 1, body: 8f, result:no ack
10-04 09:32:16.415  1154  1154 I ThermalService: CPU temperatures: [42.600002]
10-04 09:32:16.435   441   454 D hdmicecd: [CEC]:printCecMessage, [4 -> 0] len: 1, body: 8f, result:no ack
10-04 09:32:16.435   441   454 E IPCThreadState: binder thread pool (1 threads) starved for 111 ms
10-04 09:32:16.495   441   454 D hdmicecd: [CEC]:printCecMessage, [4 -> 0] len: 1, body: 8f, result:no ack
10-04 09:32:16.551   441   454 D hdmicecd: [CEC]:printCecMessage, [4 -> 0] len: 1, body: 8f, result:no ack
10-04 09:32:16.551   441   454 E IPCThreadState: binder thread pool (1 threads) starved for 116 ms
10-04 09:32:16.607   441   454 D hdmicecd: [CEC]:printCecMessage, [4 -> b] len: 0, body:, result:no ack
10-04 09:32:16.624   696   696 D ResendCecCommandAction: sendCommandWithoutRetries failed, retry
10-04 09:32:16.624   696   949 D HDMI    : [S]:<Text View On> 40:0D
10-04 09:32:16.679   441   454 D hdmicecd: [CEC]:printCecMessage, [4 -> 0] len: 1, body: 0d, result:no ack
10-04 09:32:16.735   441   454 D hdmicecd: [CEC]:printCecMessage, [4 -> 0] len: 1, body: 0d, result:no ack
10-04 09:32:16.735   441   454 E IPCThreadState: binder thread pool (1 threads) starved for 110 ms
10-04 09:32:16.791   441   454 D hdmicecd: [CEC]:printCecMessage, [4 -> 0] len: 1, body: 0d, result:no ack
10-04 09:32:16.846   441   454 D hdmicecd: [CEC]:printCecMessage, [4 -> 0] len: 1, body: 0d, result:no ack
10-04 09:32:16.847   441   454 E IPCThreadState: binder thread pool (1 threads) starved for 111 ms
10-04 09:32:17.089   424   582 I audio_hw_hal_alsamgr: alsa format =0x1 delay frames =1024 total frames=1942272000
10-04 09:32:17.148   696   696 D ResendCecCommandAction: sendCommandWithoutRetries failed, retry
10-04 09:32:17.167   441   454 D hdmicecd: [CEC]:printCecMessage, [4 -> e] len: 0, body:, result:no ack
10-04 09:32:17.167   696   696 D HdmiCecController: [P]:AllocatedAddress=[]
10-04 09:32:17.167   696   949 D HDMI    : [S]:<Text View On> 40:0D
10-04 09:32:17.167   696   696 V HotPlugDetectionAction: Finish poll all devices.
10-04 09:32:17.225   441   454 D hdmicecd: [CEC]:printCecMessage, [4 -> 0] len: 1, body: 0d, result:no ack
10-04 09:32:17.282   441   454 D hdmicecd: [CEC]:printCecMessage, [4 -> 0] len: 1, body: 0d, result:no ack
10-04 09:32:17.283   441   454 E IPCThreadState: binder thread pool (1 threads) starved for 115 ms
10-04 09:32:17.332   426  1494 D rtk_heartbeat: heartbeat_timed_out: heartbeatCmdCount = 40442, expected nextSeqNum = 40442
10-04 09:32:17.333   426  1381 D rtk_heartbeat: rtkbt_heartbeat_cmpl_cback: Current SeqNum = 40442,should SeqNum=40442, status = 0
10-04 09:32:17.339   441   454 D hdmicecd: [CEC]:printCecMessage, [4 -> 0] len: 1, body: 0d, result:no ack
10-04 09:32:17.362   625   625 W adbd    : timeout expired while flushing socket, closing
10-04 09:32:17.398   441   454 D hdmicecd: [CEC]:printCecMessage, [4 -> 0] len: 1, body: 0d, result:no ack
10-04 09:32:17.399   441   454 E IPCThreadState: binder thread pool (1 threads) starved for 116 ms
10-04 09:32:17.444     0     0 W [1 T1289  ..] RTW: rtw_get_sta_tx_stat() not support
10-04 09:32:17.444     0     0 W [1 T1289  ..] RTW: cfg80211_rtw_get_txpower
10-04 09:32:18.096   696   696 D HDMI    : one touch play retry:3
10-04 09:32:18.096   696   949 D HDMI    : [S]:<Text View On> 40:0D
10-04 09:32:18.151   441   454 D hdmicecd: [CEC]:printCecMessage, [4 -> 0] len: 1, body: 0d, result:no ack
10-04 09:32:18.207   441   454 D hdmicecd: [CEC]:printCecMessage, [4 -> 0] len: 1, body: 0d, result:no ack
10-04 09:32:18.263   441   441 D hdmicecd: [CEC]:printCecMessage, [4 -> 0] len: 1, body: 0d, result:no ack
10-04 09:32:18.323   441   441 D hdmicecd: [CEC]:printCecMessage, [4 -> 0] len: 1, body: 0d, result:no ack
10-04 09:32:18.323   441   441 E IPCThreadState: binder thread pool (1 threads) starved for 226 ms
10-04 09:32:18.323   696   949 D HDMI    : [S]:<Give Device Power Status> 40:8F
10-04 09:32:18.323   696   696 D ResendCecCommandAction: ResendCecCommandAction started
10-04 09:32:18.332   426  1494 D rtk_heartbeat: heartbeat_timed_out: heartbeatCmdCount = 40443, expected nextSeqNum = 40443
10-04 09:32:18.333   426  1381 D rtk_heartbeat: rtkbt_heartbeat_cmpl_cback: Current SeqNum = 40443,should SeqNum=40443, status = 0
10-04 09:32:18.379   441   441 D hdmicecd: [CEC]:printCecMessage, [4 -> 0] len: 1, body: 8f, result:no ack
10-04 09:32:18.417  1154  1154 I ThermalService: CPU temperatures: [42.2]
10-04 09:32:18.435   441   441 D hdmicecd: [CEC]:printCecMessage, [4 -> 0] len: 1, body: 8f, result:no ack
10-04 09:32:18.435   441   441 E IPCThreadState: binder thread pool (1 threads) starved for 111 ms
10-04 09:32:18.491   441   441 D hdmicecd: [CEC]:printCecMessage, [4 -> 0] len: 1, body: 8f, result:no ack
10-04 09:32:18.547   441   441 D hdmicecd: [CEC]:printCecMessage, [4 -> 0] len: 1, body: 8f, result:no ack
10-04 09:32:18.547   441   441 E IPCThreadState: binder thread pool (1 threads) starved for 112 ms
10-04 09:32:18.624   696   696 D ResendCecCommandAction: sendCommandWithoutRetries failed, retry
10-04 09:32:18.624   696   949 D HDMI    : [S]:<Text View On> 40:0D
10-04 09:32:18.678   441   441 D hdmicecd: [CEC]:printCecMessage, [4 -> 0] len: 1, body: 0d, result:no ack
10-04 09:32:18.735   441   441 D hdmicecd: [CEC]:printCecMessage, [4 -> 0] len: 1, body: 0d, result:no ack
10-04 09:32:18.735   441   441 E IPCThreadState: binder thread pool (1 threads) starved for 110 ms
10-04 09:32:18.791   441   441 D hdmicecd: [CEC]:printCecMessage, [4 -> 0] len: 1, body: 0d, result:no ack
10-04 09:32:18.847   441   441 D hdmicecd: [CEC]:printCecMessage, [4 -> 0] len: 1, body: 0d, result:no ack
10-04 09:32:18.847   441   441 E IPCThreadState: binder thread pool (1 threads) starved for 112 ms
10-04 09:32:19.025  8084  8084 D Glide   : Finished loading BitmapDrawable from MEMORY_CACHE for http://tvimg.wynk.in/unsafe/fit-in/1920x548/filters:no_upscale():format(webp)/https://s3.ap-south-1.amazonaws.com/discovery-prod-arsenal/tile/artwork/1727954088147_pl-tournament_xstream-banner_1920-x-548.jpg with size [-2147483648x-2147483648] in 0.748958 ms
10-04 09:32:19.147   696   696 D ResendCecCommandAction: sendCommandWithoutRetries failed, retry
10-04 09:32:19.147   696   949 D HDMI    : [S]:<Text View On> 40:0D
10-04 09:32:19.203   441   441 D hdmicecd: [CEC]:printCecMessage, [4 -> 0] len: 1, body: 0d, result:no ack
10-04 09:32:19.259   441   441 D hdmicecd: [CEC]:printCecMessage, [4 -> 0] len: 1, body: 0d, result:no ack
10-04 09:32:19.259   441   441 E IPCThreadState: binder thread pool (1 threads) starved for 111 ms
10-04 09:32:19.315   441   441 D hdmicecd: [CEC]:printCecMessage, [4 -> 0] len: 1, body: 0d, result:no ack
10-04 09:32:19.332   426  1494 D rtk_heartbeat: heartbeat_timed_out: heartbeatCmdCount = 40444, expected nextSeqNum = 40444
10-04 09:32:19.333   426  1381 D rtk_heartbeat: rtkbt_heartbeat_cmpl_cback: Current SeqNum = 40444,should SeqNum=40444, status = 0
10-04 09:32:19.372   441   441 D hdmicecd: [CEC]:printCecMessage, [4 -> 0] len: 1, body: 0d, result:no ack
10-04 09:32:19.373   441   441 E IPCThreadState: binder thread pool (1 threads) starved for 114 ms
10-04 09:32:19.911  8084  8093 I com.airtel.tv: Background concurrent copying GC freed 526445(21MB) AllocSpace objects, 27(924KB) LOS objects, 25% free, 71MB/95MB, paused 312us,126us total 788.561ms
10-04 09:32:19.998  8084  8095 W System  : A resource failed to call close. 
10-04 09:32:20.002  8084  8095 W com.airtel.tv: ApkAssets: Deleting an ApkAssets object '<empty> and /vendor/app/AmStreamingInputTest/AmStreamingInputTest.apk' with 1 weak references
10-04 09:32:20.096   696   696 D HDMI    : one touch play retry:4
10-04 09:32:20.096   696   949 D HDMI    : [S]:<Text View On> 40:0D
10-04 09:32:20.151   441   441 D hdmicecd: [CEC]:printCecMessage, [4 -> 0] len: 1, body: 0d, result:no ack
10-04 09:32:20.210   441   441 D hdmicecd: [CEC]:printCecMessage, [4 -> 0] len: 1, body: 0d, result:no ack
10-04 09:32:20.211   441   441 E IPCThreadState: binder thread pool (1 threads) starved for 114 ms
10-04 09:32:20.267   441   441 D hdmicecd: [CEC]:printCecMessage, [4 -> 0] len: 1, body: 0d, result:no ack
10-04 09:32:20.322   441   441 D hdmicecd: [CEC]:printCecMessage, [4 -> 0] len: 1, body: 0d, result:no ack
10-04 09:32:20.323   441   441 E IPCThreadState: binder thread pool (1 threads) starved for 112 ms
10-04 09:32:20.323   696   949 D HDMI    : [S]:<Give Device Power Status> 40:8F
10-04 09:32:20.323   696   696 D ResendCecCommandAction: ResendCecCommandAction started
10-04 09:32:20.332   426  1494 D rtk_heartbeat: heartbeat_timed_out: heartbeatCmdCount = 40445, expected nextSeqNum = 40445
10-04 09:32:20.334   426  1381 D rtk_heartbeat: rtkbt_heartbeat_cmpl_cback: Current SeqNum = 40445,should SeqNum=40445, status = 0
10-04 09:32:20.379   441   441 D hdmicecd: [CEC]:printCecMessage, [4 -> 0] len: 1, body: 8f, result:no ack
10-04 09:32:20.419  1154  1154 I ThermalService: CPU temperatures: [42.600002]
10-04 09:32:20.449     0     0 W [0 T1289  ..] RTW: rtw_get_sta_tx_stat() not support
10-04 09:32:20.449     0     0 W [0 T1289  ..] RTW: cfg80211_rtw_get_txpower
10-04 09:32:20.434  1461  1487 E AtlLedController: Internet connected
10-04 09:32:20.435   441   441 D hdmicecd: [CEC]:printCecMessage, [4 -> 0] len: 1, body: 8f, result:no ack
10-04 09:32:20.444   696   918 W IPCThreadState: Sending oneway calls to frozen process.
10-04 09:32:20.445   696   918 W IPCThreadState: Sending oneway calls to frozen process.
10-04 09:32:20.445   696   918 W IPCThreadState: Sending oneway calls to frozen process.
10-04 09:32:20.445   696   918 W IPCThreadState: Sending oneway calls to frozen process.
10-04 09:32:20.446   696   918 W IPCThreadState: Sending oneway calls to frozen process.
10-04 09:32:20.491   441   454 D hdmicecd: [CEC]:printCecMessage, [4 -> 0] len: 1, body: 8f, result:no ack
10-04 09:32:20.547   441   454 D hdmicecd: [CEC]:printCecMessage, [4 -> 0] len: 1, body: 8f, result:no ack
10-04 09:32:20.547   441   454 E IPCThreadState: binder thread pool (1 threads) starved for 223 ms
10-04 09:32:20.624   696   696 D ResendCecCommandAction: sendCommandWithoutRetries failed, retry
10-04 09:32:20.624   696   949 D HDMI    : [S]:<Text View On> 40:0D
10-04 09:32:20.682   441   454 D hdmicecd: [CEC]:printCecMessage, [4 -> 0] len: 1, body: 0d, result:no ack
10-04 09:32:20.739   441   454 D hdmicecd: [CEC]:printCecMessage, [4 -> 0] len: 1, body: 0d, result:no ack
10-04 09:32:20.739   441   454 E IPCThreadState: binder thread pool (1 threads) starved for 114 ms
10-04 09:32:20.795   441   454 D hdmicecd: [CEC]:printCecMessage, [4 -> 0] len: 1, body: 0d, result:no ack
10-04 09:32:20.850   441   454 D hdmicecd: [CEC]:printCecMessage, [4 -> 0] len: 1, body: 0d, result:no ack
10-04 09:32:20.851   441   454 E IPCThreadState: binder thread pool (1 threads) starved for 111 ms
10-04 09:32:20.930   696  3334 W WifiService: Permission violation - getConfiguredNetworks not allowed for uid=10071, packageName=com.google.android.tvrecommendations, reason=java.lang.SecurityException: UID 10071 has no location permission
10-04 09:32:21.151   696   696 D ResendCecCommandAction: sendCommandWithoutRetries failed, retry
10-04 09:32:21.152   696   949 D HDMI    : [S]:<Text View On> 40:0D
10-04 09:32:21.207   441   454 D hdmicecd: [CEC]:printCecMessage, [4 -> 0] len: 1, body: 0d, result:no ack
10-04 09:32:21.262   441   454 D hdmicecd: [CEC]:printCecMessage, [4 -> 0] len: 1, body: 0d, result:no ack
10-04 09:32:21.263   441   454 E IPCThreadState: binder thread pool (1 threads) starved for 111 ms
10-04 09:32:21.319   441   454 D hdmicecd: [CEC]:printCecMessage, [4 -> 0] len: 1, body: 0d, result:no ack
10-04 09:32:21.333   426  1494 D rtk_heartbeat: heartbeat_timed_out: heartbeatCmdCount = 40446, expected nextSeqNum = 40446
10-04 09:32:21.334   426  1381 D rtk_heartbeat: rtkbt_heartbeat_cmpl_cback: Current SeqNum = 40446,should SeqNum=40446, status = 0
10-04 09:32:21.375   441   454 D hdmicecd: [CEC]:printCecMessage, [4 -> 0] len: 1, body: 0d, result:no ack
10-04 09:32:21.375   441   454 E IPCThreadState: binder thread pool (1 threads) starved for 112 ms
10-04 09:32:22.097   696   696 D HDMI    : one touch play retry:5
10-04 09:32:22.097   696   949 D HDMI    : [S]:<Text View On> 40:0D
10-04 09:32:22.155   441   454 D hdmicecd: [CEC]:printCecMessage, [4 -> 0] len: 1, body: 0d, result:no ack
10-04 09:32:22.211   441   454 D hdmicecd: [CEC]:printCecMessage, [4 -> 0] len: 1, body: 0d, result:no ack
10-04 09:32:22.211   441   454 E IPCThreadState: binder thread pool (1 threads) starved for 113 ms
10-04 09:32:22.267   441   454 D hdmicecd: [CEC]:printCecMessage, [4 -> 0] len: 1, body: 0d, result:no ack
10-04 09:32:22.323   441   454 D hdmicecd: [CEC]:printCecMessage, [4 -> 0] len: 1, body: 0d, result:no ack
10-04 09:32:22.323   441   454 E IPCThreadState: binder thread pool (1 threads) starved for 112 ms
10-04 09:32:22.323   696   949 D HDMI    : [S]:<Give Device Power Status> 40:8F
10-04 09:32:22.324   696   696 D ResendCecCommandAction: ResendCecCommandAction started
10-04 09:32:22.333   426  1494 D rtk_heartbeat: heartbeat_timed_out: heartbeatCmdCount = 40447, expected nextSeqNum = 40447
10-04 09:32:22.334   426  1381 D rtk_heartbeat: rtkbt_heartbeat_cmpl_cback: Current SeqNum = 40447,should SeqNum=40447, status = 0
10-04 09:32:22.379   441   454 D hdmicecd: [CEC]:printCecMessage, [4 -> 0] len: 1, body: 8f, result:no ack
10-04 09:32:22.423   424   582 I audio_hw_hal_alsamgr: alsa format =0x1 delay frames =1024 total frames=1942528000
10-04 09:32:22.423  1154  1154 I ThermalService: CPU temperatures: [42.100002]
10-04 09:32:22.435   441   454 D hdmicecd: [CEC]:printCecMessage, [4 -> 0] len: 1, body: 8f, result:no ack
10-04 09:32:22.435   441   454 E IPCThreadState: binder thread pool (1 threads) starved for 111 ms
10-04 09:32:22.491   441   454 D hdmicecd: [CEC]:printCecMessage, [4 -> 0] len: 1, body: 8f, result:no ack
10-04 09:32:22.546   441   454 D hdmicecd: [CEC]:printCecMessage, [4 -> 0] len: 1, body: 8f, result:no ack
10-04 09:32:22.547   441   454 E IPCThreadState: binder thread pool (1 threads) starved for 112 ms
10-04 09:32:22.624   696   696 D ResendCecCommandAction: sendCommandWithoutRetries failed, retry
10-04 09:32:22.624   696   949 D HDMI    : [S]:<Text View On> 40:0D
10-04 09:32:22.679   441   454 D hdmicecd: [CEC]:printCecMessage, [4 -> 0] len: 1, body: 0d, result:no ack
10-04 09:32:22.739   441   454 D hdmicecd: [CEC]:printCecMessage, [4 -> 0] len: 1, body: 0d, result:no ack
10-04 09:32:22.739   441   454 E IPCThreadState: binder thread pool (1 threads) starved for 114 ms
10-04 09:32:22.795   441   454 D hdmicecd: [CEC]:printCecMessage, [4 -> 0] len: 1, body: 0d, result:no ack
10-04 09:32:22.851   441   454 D hdmicecd: [CEC]:printCecMessage, [4 -> 0] len: 1, body: 0d, result:no ack
10-04 09:32:22.851   441   454 E IPCThreadState: binder thread pool (1 threads) starved for 112 ms
10-04 09:32:23.066  1826  1826 D BoundBrokerSvc: onUnbind: Intent { act=com.google.android.gms.measurement.START pkg=com.google.android.gms }
10-04 09:32:23.151   696   696 D ResendCecCommandAction: sendCommandWithoutRetries failed, retry
10-04 09:32:23.151   696   949 D HDMI    : [S]:<Text View On> 40:0D
10-04 09:32:23.207   441   454 D hdmicecd: [CEC]:printCecMessage, [4 -> 0] len: 1, body: 0d, result:no ack
10-04 09:32:23.263   441   454 D hdmicecd: [CEC]:printCecMessage, [4 -> 0] len: 1, body: 0d, result:no ack
10-04 09:32:23.263   441   454 E IPCThreadState: binder thread pool (1 threads) starved for 111 ms
10-04 09:32:23.319   441   454 D hdmicecd: [CEC]:printCecMessage, [4 -> 0] len: 1, body: 0d, result:no ack
10-04 09:32:23.333   426  1494 D rtk_heartbeat: heartbeat_timed_out: heartbeatCmdCount = 40448, expected nextSeqNum = 40448
10-04 09:32:23.334   426  1381 D rtk_heartbeat: rtkbt_heartbeat_cmpl_cback: Current SeqNum = 40448,should SeqNum=40448, status = 0
10-04 09:32:23.378   441   454 D hdmicecd: [CEC]:printCecMessage, [4 -> 0] len: 1, body: 0d, result:no ack
10-04 09:32:23.381   441   454 E IPCThreadState: binder thread pool (1 threads) starved for 118 ms
10-04 09:32:23.457     0     0 W [2 T1289  ..] RTW: rtw_get_sta_tx_stat() not support
10-04 09:32:23.457     0     0 W [2 T1289  ..] RTW: cfg80211_rtw_get_txpower
10-04 09:32:24.097   696   696 W WindowManager: One touch play failed: 1
10-04 09:32:24.187  8084  8084 D Glide   : Finished loading BitmapDrawable from DATA_DISK_CACHE for http://tvimg.wynk.in/unsafe/fit-in/1920x548/filters:no_upscale():format(webp)/https://s3.ap-south-1.amazonaws.com/discovery-prod-arsenal/tile/artwork/1727811858264_airtel-stb_ind-vs-nz-3-oct-7.30pm_ss1hd_hindi_1920-x-548.jpg with size [-2147483648x-2147483648] in 112.331042 ms
10-04 09:32:24.333   426  1494 D rtk_heartbeat: heartbeat_timed_out: heartbeatCmdCount = 40449, expected nextSeqNum = 40449
10-04 09:32:24.334   426  1381 D rtk_heartbeat: rtkbt_heartbeat_cmpl_cback: Current SeqNum = 40449,should SeqNum=40449, status = 0
10-04 09:32:24.427  1154  1154 I ThermalService: CPU temperatures: [43.4]
10-04 09:32:25.333   426  1494 D rtk_heartbeat: heartbeat_timed_out: heartbeatCmdCount = 40450, expected nextSeqNum = 40450
10-04 09:32:25.334   426  1381 D rtk_heartbeat: rtkbt_heartbeat_cmpl_cback: Current SeqNum = 40450,should SeqNum=40450, status = 0
10-04 09:32:26.333   426  1494 D rtk_heartbeat: heartbeat_timed_out: heartbeatCmdCount = 40451, expected nextSeqNum = 40451
10-04 09:32:26.335   426  1381 D rtk_heartbeat: rtkbt_heartbeat_cmpl_cback: Current SeqNum = 40451,should SeqNum=40451, status = 0
10-04 09:32:26.430  1154  1154 I ThermalService: CPU temperatures: [42.2]
10-04 09:32:26.464     0     0 W [2 T1289  ..] RTW: rtw_get_sta_tx_stat() not support
10-04 09:32:26.464     0     0 W [2 T1289  ..] RTW: cfg80211_rtw_get_txpower
10-04 09:32:27.334   426  1494 D rtk_heartbeat: heartbeat_timed_out: heartbeatCmdCount = 40452, expected nextSeqNum = 40452
10-04 09:32:27.335   426  1381 D rtk_heartbeat: rtkbt_heartbeat_cmpl_cback: Current SeqNum = 40452,should SeqNum=40452, status = 0
10-04 09:32:27.533     0     0 I [0 T230   ..] logd: logdr: UID=2000 GID=2000 PID=9251 n tail=0 logMask=99 pid=0 start=0ns deadline=0ns
--------- beginning of main
10-04 09:32:27.756   424   582 I audio_hw_hal_alsamgr: alsa format =0x1 delay frames =1024 total frames=1942784000
10-04 09:32:28.334   426  1494 D rtk_heartbeat: heartbeat_timed_out: heartbeatCmdCount = 40453, expected nextSeqNum = 40453
10-04 09:32:28.335   426  1381 D rtk_heartbeat: rtkbt_heartbeat_cmpl_cback: Current SeqNum = 40453,should SeqNum=40453, status = 0
10-04 09:32:28.434  1154  1154 I ThermalService: CPU temperatures: [42.100002]
10-04 09:32:28.686  9193  9193 D MonkeyStub: translateCommand: press DPAD_CENTER
10-04 09:32:28.688   459   459 I lights-tch: flashMode 0 id 2 onMs 0 offMs 0 brightness 0
10-04 09:32:28.693   459   459 I lights-tch: flashMode 0 id 2 onMs 0 offMs 0 brightness 225
10-04 09:32:28.732   424   471 I audio_hw_hal_primary: [register_audio_patch:7826] Patch 3:id:3 mix(io:13)->dev_0[OUT_HDMI(id:18)] found, register the same patch, do nothing.
10-04 09:32:28.732   424   471 I audio_hw_hal_primary: [adev_create_audio_patch:7927] Patch 3: MIX->DEVICE, num_src:1 num_sink:1 patch_src:INVAL
10-04 09:32:28.732   424   471 I audio_hw_hal_primary: [adev_create_audio_patch:7931] sink[0]: OUT_HDMI(id:18)
10-04 09:32:28.732   424   471 I audio_hw_hal_primary: [adev_create_audio_patch:7988] Patch 3: mix(io:13) -> dev[OUT_HDMI(id:18)]
10-04 09:32:28.732   424   471 I audio_hw_hal_primary: [adev_create_audio_patch:8056] dev=0xf3782930 cur_out_device=0x400
10-04 09:32:28.733  1154  1349 D UEventObserver: change@/devices/platform/auge_sound/sound/card0/controlC0��ACTION=change��DEVPATH=/devices/platform/auge_sound/sound/card0/controlC0��SUBSYSTEM=sound��AUDIO_FORMAT=0��MAJOR=116��MINOR=11��DEVNAME=snd/controlC0��SEQNUM=3170��
--------- beginning of system
10-04 09:32:28.734  1154  1349 W ContextImpl: Calling a method in the system process without a qualified user: android.app.ContextImpl.sendBroadcast:1220 android.content.ContextWrapper.sendBroadcast:504 com.droidlogic.audioservice.services.AudioSystemCmdService$1.onUEvent:177 com.droidlogic.UEventObserver$UEventThread.sendEvent:213 com.droidlogic.UEventObserver$UEventThread.run:190 
10-04 09:32:28.740   472  1848 D audioserver: FGS Logger Transaction failed
10-04 09:32:28.740   472  1848 D audioserver: -129
10-04 09:32:28.745   424  8590 I audio_hw_hal_primary: [mixer_aux_buffer_write:6665] io 13: out:0xf2d00740 usecase:PCM_NORMAL standby to unstandby
10-04 09:32:28.745   424  8590 E audio_hw_hal_virtualbuf: ms12 system input underrun happens read=243023852366 write=10879999830 diff=232143852536
10-04 09:32:28.762  1154  1348 I AudioSystemCmdService: onAudioPatchListUpdate
--------- beginning of main
10-04 09:32:28.850   424  8590 I audio_hw_hal_primary: [audiohal_get_latency:1258] io 13: out:0xf2d00740 frames:3072 rate:48000 whole_latency:64 alsa_latency:64
10-04 09:32:28.871   424  8590 I audio_hw_hal_primary: [audiohal_get_latency:1258] io 13: out:0xf2d00740 frames:3072 rate:48000 whole_latency:64 alsa_latency:64
10-04 09:32:28.887   424  8590 I audio_hw_hal_primary: [audiohal_get_latency:1258] io 13: out:0xf2d00740 frames:3072 rate:48000 whole_latency:64 alsa_latency:64
10-04 09:32:28.909   424  8590 I audio_hw_hal_primary: [audiohal_get_latency:1258] io 13: out:0xf2d00740 frames:3072 rate:48000 whole_latency:64 alsa_latency:64
10-04 09:32:28.928   424  8590 I audio_hw_hal_primary: [audiohal_get_latency:1258] io 13: out:0xf2d00740 frames:3072 rate:48000 whole_latency:64 alsa_latency:64
10-04 09:32:28.949   424  8590 I audio_hw_hal_primary: [audiohal_get_latency:1258] io 13: out:0xf2d00740 frames:3072 rate:48000 whole_latency:64 alsa_latency:64
10-04 09:32:28.950   472   662 D audioserver: FGS Logger Transaction failed
10-04 09:32:28.950   472   662 D audioserver: -129
10-04 09:32:29.117  8084  8084 D Glide   : Finished loading BitmapDrawable from MEMORY_CACHE for http://tvimg.wynk.in/unsafe/fit-in/1920x548/filters:no_upscale():format(webp)/https://s3.ap-south-1.amazonaws.com/discovery-prod-arsenal/tile/artwork/1727949256048_action-adda_1920x548.jpg with size [-2147483648x-2147483648] in 0.8066249999999999 ms
10-04 09:32:29.334   426  1494 D rtk_heartbeat: heartbeat_timed_out: heartbeatCmdCount = 40454, expected nextSeqNum = 40454
10-04 09:32:29.335   426  1381 D rtk_heartbeat: rtkbt_heartbeat_cmpl_cback: Current SeqNum = 40454,should SeqNum=40454, status = 0
--------- beginning of kernel
10-04 09:32:29.468     0     0 W [1 T1289  ..] RTW: rtw_get_sta_tx_stat() not support
10-04 09:32:29.468     0     0 W [1 T1289  ..] RTW: cfg80211_rtw_get_txpower
10-04 09:32:29.875  9193  9193 D MonkeyStub: translateCommand: press DPAD_DOWN
10-04 09:32:29.878   459   459 I lights-tch: flashMode 0 id 2 onMs 0 offMs 0 brightness 0
10-04 09:32:29.881   459   459 I lights-tch: flashMode 0 id 2 onMs 0 offMs 0 brightness 225
10-04 09:32:29.911  9193  9193 D MonkeyStub: translateCommand: press DPAD_DOWN
10-04 09:32:29.913   459   459 I lights-tch: flashMode 0 id 2 onMs 0 offMs 0 brightness 0
10-04 09:32:29.926  8084  8084 D focus content view tv.airtel.xstream.widget.FeaturedBannerView{8584cfa VFE...C.. .F...... 0,0-
10-04 09:32:29.926  8084  8084 D focus content direction 130: 
10-04 09:32:29.926   459   459 I lights-tch: flashMode 0 id 2 onMs 0 offMs 0 brightness 225
10-04 09:32:29.929  8084  8084 D focus content view tv.airtel.xstream.widget.FeaturedBannerView{8584cfa VFE...C.. .F...... 0,0-
10-04 09:32:29.930  8084  8084 D focus content direction 130: 
10-04 09:32:29.930  8084  8084 D focus content view android.widget.FrameLayout{e38616d VFE...C.. ........ 96,16-304,133 #7f0b05
10-04 09:32:29.931  8084  8084 D focus view tv.airtel.xstream.widget.FeaturedBannerView{8584cfa VFE...C.. .F...... 0,0-1920,700
10-04 09:32:29.931  8084  8084 D focus direction 130: 
10-04 09:32:29.931  8084  8084 D focus Next view android.widget.FrameLayout{e38616d VFE...C.. ........ 96,16-304,133 #7f0b0562 
10-04 09:32:29.932  8084  8084 D focus view TAg Featured banner: 
10-04 09:32:29.932  8084  8084 D focus next view parent androidx.constraintlayout.widget.ConstraintLayout{ea615f0 V.E...... ...
10-04 09:32:29.932  8084  8084 D focus view parent android.widget.FrameLayout{8960d08 V.E...... ........ 0,0-1920,1080 #7f0b02d
10-04 09:32:29.933  8084  8084 D next focus content view android.widget.FrameLayout{e38616d VFE...C.. ........ 96,16-304,133 #7
10-04 09:32:29.953  8084  8084 D ANALYTICS_IPTV: AnalyticsEventTracker ***Event***Event{ts=1728014549950, meta={"box_type":"iptv","asset_position":"0","app_version":"1.0.0019:237","box_model":"bx:1.2.3","content_id":"Netflix","action":"card_visible","firmware":"fw:1.2.3","source_name":"Home","rail_position":"0"}, uid=5ye_gfsYCZe-PoQ4A0, did=8fb17cc052aef526, os=Android, ov=34, bn=237, nq=-1, nt=2, nct=0, lc=en|hi|ta|kn, av=1.0.0019, dt=STB, type=content_visible, adid=95acddf7-5a94-4681-bf0a-0a767be9f2c3, brand=Airtel-Xstream, model=XstreamIPTV1-VT, dname=Vantiva XstreamIPTV1-VT, appId=IPTV, sId=8fb17cc052aef526, profileId=, ab_test=86079:0|108429:0|42374:0|78244:0|95458:0|75817:0|60412:1|117812:1|120676:1|113632:1|116206:0|66480:0|100390:2|76965:1|110385:0|129832:2, city=Delhi, state=National Capital Territory of Delhi, country=India, firebase_id=687ecd54b0fd95386e529fbf62179576} Critical: false
10-04 09:32:29.958  8084  8084 D ANALYTICS_IPTV: AnalyticsEventTracker ***Event***Event{ts=1728014549955, meta={"box_type":"iptv","asset_position":"0","app_version":"1.0.0019:237","box_model":"bx:1.2.3","content_id":"Netflix","action":"rail_scroll","firmware":"fw:1.2.3","source_name":"Home","rail_position":"0"}, uid=5ye_gfsYCZe-PoQ4A0, did=8fb17cc052aef526, os=Android, ov=34, bn=237, nq=-1, nt=2, nct=0, lc=en|hi|ta|kn, av=1.0.0019, dt=STB, type=rail_scroll, adid=95acddf7-5a94-4681-bf0a-0a767be9f2c3, brand=Airtel-Xstream, model=XstreamIPTV1-VT, dname=Vantiva XstreamIPTV1-VT, appId=IPTV, sId=8fb17cc052aef526, profileId=, ab_test=86079:0|108429:0|42374:0|78244:0|95458:0|75817:0|60412:1|117812:1|120676:1|113632:1|116206:0|66480:0|100390:2|76965:1|110385:0|129832:2, city=Delhi, state=National Capital Territory of Delhi, country=India, firebase_id=687ecd54b0fd95386e529fbf62179576} Critical: false
10-04 09:32:29.964  8084  8839 D ANALYTICS_IPTV: AnalyticsEventTracker ***Event***Event{ts=1728014549961, meta={"box_type":"iptv","asset_position":"0","app_version":"1.0.0019:237","box_model":"bx:1.2.3","action":"rail_scroll","firmware":"fw:1.2.3","source_name":"Home","rail_position":"0"}, uid=5ye_gfsYCZe-PoQ4A0, did=8fb17cc052aef526, os=Android, ov=34, bn=237, nq=-1, nt=2, nct=0, lc=en|hi|ta|kn, av=1.0.0019, dt=STB, type=rail_scroll, adid=95acddf7-5a94-4681-bf0a-0a767be9f2c3, brand=Airtel-Xstream, model=XstreamIPTV1-VT, dname=Vantiva XstreamIPTV1-VT, appId=IPTV, sId=8fb17cc052aef526, profileId=, ab_test=86079:0|108429:0|42374:0|78244:0|95458:0|75817:0|60412:1|117812:1|120676:1|113632:1|116206:0|66480:0|100390:2|76965:1|110385:0|129832:2, city=Delhi, state=National Capital Territory of Delhi, country=India, firebase_id=687ecd54b0fd95386e529fbf62179576} Critical: false
--------- beginning of system
