10-04 09:27:14.946  8084  8172 I System.out: Inappupdate worker updateMap is null 
10-04 09:27:14.946  8084  8172 D InAppUpdateManager: BaseActivity showOTAPopupIfAPKAvailable apkAvailable = false
10-04 09:27:15.144   696   696 D ResendCecCommandAction: sendCommandWithoutRetries failed, retry
10-04 09:27:15.175   441   441 D hdmicecd: [CEC]:printCecMessage, [4 -> 8] len: 0, body:, result:no ack
10-04 09:27:15.175   696   949 D HDMI    : [S]:<Text View On> 40:0D
10-04 09:27:15.231   441   441 D hdmicecd: [CEC]:printCecMessage, [4 -> 0] len: 1, body: 0d, result:no ack
10-04 09:27:15.279   426  1494 D rtk_heartbeat: heartbeat_timed_out: heartbeatCmdCount = 40140, expected nextSeqNum = 40140
10-04 09:27:15.281   426  1381 D rtk_heartbeat: rtkbt_heartbeat_cmpl_cback: Current SeqNum = 40140,should SeqNum=40140, status = 0
10-04 09:27:15.287   441   441 D hdmicecd: [CEC]:printCecMessage, [4 -> 0] len: 1, body: 0d, result:no ack
10-04 09:27:15.287   441   441 E IPCThreadState: binder thread pool (1 threads) starved for 111 ms
10-04 09:27:15.343   441   441 D hdmicecd: [CEC]:printCecMessage, [4 -> 0] len: 1, body: 0d, result:no ack
10-04 09:27:15.403   441   441 D hdmicecd: [CEC]:printCecMessage, [4 -> 0] len: 1, body: 0d, result:no ack
10-04 09:27:15.403   441   441 E IPCThreadState: binder thread pool (1 threads) starved for 116 ms
10-04 09:27:15.515  8084  8084 D NotifManager: Subscribed FcmTopic(id=ZIP_122)
10-04 09:27:15.681  8084  8172 D ANALYTICS_IPTV: AnalyticsEventTracker ***Event***Event{ts=1728014235678, meta={"UID":"5ye_gfsYCZe-PoQ4A0","subscriber_id":"3026341863-001","box_type":"iptv","device_id":"8fb17cc052aef526","app_version":"1.0.0019:237","box_model":"bx:1.2.3","customer_id":"3026341863","firmware":"fw:1.2.3"}, uid=5ye_gfsYCZe-PoQ4A0, did=8fb17cc052aef526, os=Android, ov=34, bn=237, nq=-1, nt=2, nct=0, lc=en|hi|ta|kn, av=1.0.0019, dt=STB, type=launcher_boot_end, adid=95acddf7-5a94-4681-bf0a-0a767be9f2c3, brand=Airtel-Xstream, model=XstreamIPTV1-VT, dname=Vantiva XstreamIPTV1-VT, appId=IPTV, sId=8fb17cc052aef526, profileId=, ab_test=86079:0|108429:0|42374:0|78244:0|95458:0|75817:0|60412:1|117812:1|120676:1|113632:1|116206:0|66480:0|100390:2|76965:1|110385:0|129832:2, city=Delhi, state=National Capital Territory of Delhi, country=India, firebase_id=687ecd54b0fd95386e529fbf62179576} Critical: false
10-04 09:27:15.735   441   441 D hdmicecd: [CEC]:printCecMessage, [4 -> b] len: 0, body:, result:no ack
10-04 09:27:15.756   696  3336 W ProcessStats: Tracking association SourceState{3edf2a9 com.airtel.tv/10043 BTop #5713} whose proc state 2 is better than process ProcessState{514aa4f com.tataelxsi.icx:remote/10066 pkg=com.tataelxsi.icx} proc state 3 (55 skipped)
10-04 09:27:15.768   696  3336 D ConnectivityService: requestNetwork for uid/pid:10043/8084 activeRequest: null callbackRequest: 254 [NetworkRequest [ REQUEST id=255, [ Capabilities: INTERNET&NOT_RESTRICTED&TRUSTED&NOT_VCN_MANAGED Uid: 10043 RequestorUid: 10043 RequestorPkg: com.airtel.tv UnderlyingNetworks: Null] ]] callback flags: 0 order: 2147483647
10-04 09:27:15.772   696   910 D WifiNetworkFactory: got request NetworkRequest [ REQUEST id=255, [ Capabilities: INTERNET&NOT_RESTRICTED&TRUSTED&NOT_VCN_MANAGED Uid: 10043 RequestorUid: 10043 RequestorPkg: com.airtel.tv UnderlyingNetworks: Null] ]
10-04 09:27:15.773   696   910 D UntrustedWifiNetworkFactory: got request NetworkRequest [ REQUEST id=255, [ Capabilities: INTERNET&NOT_RESTRICTED&TRUSTED&NOT_VCN_MANAGED Uid: 10043 RequestorUid: 10043 RequestorPkg: com.airtel.tv UnderlyingNetworks: Null] ]
10-04 09:27:15.774   696   910 D OemPaidWifiNetworkFactory: got request NetworkRequest [ REQUEST id=255, [ Capabilities: INTERNET&NOT_RESTRICTED&TRUSTED&NOT_VCN_MANAGED Uid: 10043 RequestorUid: 10043 RequestorPkg: com.airtel.tv UnderlyingNetworks: Null] ]
10-04 09:27:15.774   696   910 D MultiInternetWifiNetworkFactory: got request NetworkRequest [ REQUEST id=255, [ Capabilities: INTERNET&NOT_RESTRICTED&TRUSTED&NOT_VCN_MANAGED Uid: 10043 RequestorUid: 10043 RequestorPkg: com.airtel.tv UnderlyingNetworks: Null] ]
10-04 09:27:15.774   696   918 D ConnectivityService: NetReassign [255 : null → 100] [c 0] [a 1] [i 4]
10-04 09:27:15.807  8084  8143 I WM-WorkerWrapper: Worker result SUCCESS for Work [ id=961f598c-94be-438e-900c-ab47388261aa, tags={ tv.airtel.wynk.analytics.sync.service.AnalyticsSyncService, com.airtel.analyticsSyncService } ]
10-04 09:27:15.882   696  1326 D ConnectivityService: requestNetwork for uid/pid:10043/8084 activeRequest: null callbackRequest: 256 [NetworkRequest [ REQUEST id=257, [ Capabilities: INTERNET&NOT_RESTRICTED&TRUSTED&NOT_VCN_MANAGED Uid: 10043 RequestorUid: 10043 RequestorPkg: com.airtel.tv UnderlyingNetworks: Null] ]] callback flags: 0 order: 2147483647
10-04 09:27:15.884   696   910 D WifiNetworkFactory: got request NetworkRequest [ REQUEST id=257, [ Capabilities: INTERNET&NOT_RESTRICTED&TRUSTED&NOT_VCN_MANAGED Uid: 10043 RequestorUid: 10043 RequestorPkg: com.airtel.tv UnderlyingNetworks: Null] ]
10-04 09:27:15.884   696   910 D UntrustedWifiNetworkFactory: got request NetworkRequest [ REQUEST id=257, [ Capabilities: INTERNET&NOT_RESTRICTED&TRUSTED&NOT_VCN_MANAGED Uid: 10043 RequestorUid: 10043 RequestorPkg: com.airtel.tv UnderlyingNetworks: Null] ]
10-04 09:27:15.885   696   910 D OemPaidWifiNetworkFactory: got request NetworkRequest [ REQUEST id=257, [ Capabilities: INTERNET&NOT_RESTRICTED&TRUSTED&NOT_VCN_MANAGED Uid: 10043 RequestorUid: 10043 RequestorPkg: com.airtel.tv UnderlyingNetworks: Null] ]
10-04 09:27:15.885   696   910 D MultiInternetWifiNetworkFactory: got request NetworkRequest [ REQUEST id=257, [ Capabilities: INTERNET&NOT_RESTRICTED&TRUSTED&NOT_VCN_MANAGED Uid: 10043 RequestorUid: 10043 RequestorPkg: com.airtel.tv UnderlyingNetworks: Null] ]
10-04 09:27:15.885   696   918 D ConnectivityService: NetReassign [257 : null → 100] [c 1] [a 0] [i 2]
10-04 09:27:15.906  1154  1154 I ThermalService: CPU temperatures: [44.300003]
10-04 09:27:15.916  8084  8143 I WM-WorkerWrapper: Worker result SUCCESS for Work [ id=34d2512f-6244-473a-ae28-21293eeb96bf, tags={ tv.airtel.wynk.analytics.sync.service.AnalyticsSyncService, com.airtel.analyticsSyncService } ]
10-04 09:27:16.015   696   696 D HDMI    : one touch play retry:3
10-04 09:27:16.015   696   949 D HDMI    : [S]:<Text View On> 40:0D
10-04 09:27:16.070   441   441 D hdmicecd: [CEC]:printCecMessage, [4 -> 0] len: 1, body: 0d, result:no ack
10-04 09:27:16.127   441   441 D hdmicecd: [CEC]:printCecMessage, [4 -> 0] len: 1, body: 0d, result:no ack
10-04 09:27:16.127   441   441 E IPCThreadState: binder thread pool (1 threads) starved for 111 ms
10-04 09:27:16.183   441   441 D hdmicecd: [CEC]:printCecMessage, [4 -> 0] len: 1, body: 0d, result:no ack
10-04 09:27:16.183  8084  8172 D ANALYTICS_IPTV: AnalyticsEventTracker ***Event***Event{ts=1728014236179, meta={"UID":"5ye_gfsYCZe-PoQ4A0","subscriber_id":"3026341863-001","box_type":"iptv","device_id":"8fb17cc052aef526","app_version":"1.0.0019:237","box_model":"bx:1.2.3","customer_id":"3026341863","firmware":"fw:1.2.3"}, uid=5ye_gfsYCZe-PoQ4A0, did=8fb17cc052aef526, os=Android, ov=34, bn=237, nq=-1, nt=2, nct=0, lc=en|hi|ta|kn, av=1.0.0019, dt=STB, type=launcher_boot_end, adid=95acddf7-5a94-4681-bf0a-0a767be9f2c3, brand=Airtel-Xstream, model=XstreamIPTV1-VT, dname=Vantiva XstreamIPTV1-VT, appId=IPTV, sId=8fb17cc052aef526, profileId=, ab_test=86079:0|108429:0|42374:0|78244:0|95458:0|75817:0|60412:1|117812:1|120676:1|113632:1|116206:0|66480:0|100390:2|76965:1|110385:0|129832:2, city=Delhi, state=National Capital Territory of Delhi, country=India, firebase_id=687ecd54b0fd95386e529fbf62179576} Critical: false
10-04 09:27:16.239   441   441 D hdmicecd: [CEC]:printCecMessage, [4 -> 0] len: 1, body: 0d, result:no ack
10-04 09:27:16.239   441   441 E IPCThreadState: binder thread pool (1 threads) starved for 112 ms
10-04 09:27:16.239   696   949 D HDMI    : [S]:<Give Device Power Status> 40:8F
10-04 09:27:16.240   696   696 D ResendCecCommandAction: ResendCecCommandAction started
10-04 09:27:16.280   426  1494 D rtk_heartbeat: heartbeat_timed_out: heartbeatCmdCount = 40141, expected nextSeqNum = 40141
10-04 09:27:16.281   426  1381 D rtk_heartbeat: rtkbt_heartbeat_cmpl_cback: Current SeqNum = 40141,should SeqNum=40141, status = 0
10-04 09:27:16.290   696  3336 D ConnectivityService: requestNetwork for uid/pid:10043/8084 activeRequest: null callbackRequest: 258 [NetworkRequest [ REQUEST id=259, [ Capabilities: INTERNET&NOT_RESTRICTED&TRUSTED&NOT_VCN_MANAGED Uid: 10043 RequestorUid: 10043 RequestorPkg: com.airtel.tv UnderlyingNetworks: Null] ]] callback flags: 0 order: 2147483647
10-04 09:27:16.294   696   910 D WifiNetworkFactory: got request NetworkRequest [ REQUEST id=259, [ Capabilities: INTERNET&NOT_RESTRICTED&TRUSTED&NOT_VCN_MANAGED Uid: 10043 RequestorUid: 10043 RequestorPkg: com.airtel.tv UnderlyingNetworks: Null] ]
10-04 09:27:16.294   696   910 D UntrustedWifiNetworkFactory: got request NetworkRequest [ REQUEST id=259, [ Capabilities: INTERNET&NOT_RESTRICTED&TRUSTED&NOT_VCN_MANAGED Uid: 10043 RequestorUid: 10043 RequestorPkg: com.airtel.tv UnderlyingNetworks: Null] ]
10-04 09:27:16.295   696   918 D ConnectivityService: NetReassign [259 : null → 100] [c 0] [a 1] [i 3]
10-04 09:27:16.295   696   910 D OemPaidWifiNetworkFactory: got request NetworkRequest [ REQUEST id=259, [ Capabilities: INTERNET&NOT_RESTRICTED&TRUSTED&NOT_VCN_MANAGED Uid: 10043 RequestorUid: 10043 RequestorPkg: com.airtel.tv UnderlyingNetworks: Null] ]
10-04 09:27:16.295   696   910 D MultiInternetWifiNetworkFactory: got request NetworkRequest [ REQUEST id=259, [ Capabilities: INTERNET&NOT_RESTRICTED&TRUSTED&NOT_VCN_MANAGED Uid: 10043 RequestorUid: 10043 RequestorPkg: com.airtel.tv UnderlyingNetworks: Null] ]
10-04 09:27:16.296   441   441 D hdmicecd: [CEC]:printCecMessage, [4 -> 0] len: 1, body: 8f, result:no ack
10-04 09:27:16.330  8084  8195 I WM-WorkerWrapper: Worker result SUCCESS for Work [ id=df29e998-45a3-40e3-8ff1-ad77c411dc26, tags={ tv.airtel.wynk.analytics.sync.service.AnalyticsSyncService, com.airtel.analyticsSyncService } ]
10-04 09:27:16.348   696  3336 W JobScheduler: Job didn't exist in JobStore: b73b6af #u0a43/1238 com.airtel.tv/androidx.work.impl.background.systemjob.SystemJobService
10-04 09:27:16.355   441   441 D hdmicecd: [CEC]:printCecMessage, [4 -> 0] len: 1, body: 8f, result:no ack
10-04 09:27:16.355   441   441 E IPCThreadState: binder thread pool (1 threads) starved for 115 ms
10-04 09:27:16.398   696  1326 D ConnectivityService: requestNetwork for uid/pid:10043/8084 activeRequest: null callbackRequest: 260 [NetworkRequest [ REQUEST id=261, [ Capabilities: INTERNET&NOT_RESTRICTED&TRUSTED&NOT_VCN_MANAGED Uid: 10043 RequestorUid: 10043 RequestorPkg: com.airtel.tv UnderlyingNetworks: Null] ]] callback flags: 0 order: 2147483647
10-04 09:27:16.400   696   910 D WifiNetworkFactory: got request NetworkRequest [ REQUEST id=261, [ Capabilities: INTERNET&NOT_RESTRICTED&TRUSTED&NOT_VCN_MANAGED Uid: 10043 RequestorUid: 10043 RequestorPkg: com.airtel.tv UnderlyingNetworks: Null] ]
10-04 09:27:16.401   696   910 D UntrustedWifiNetworkFactory: got request NetworkRequest [ REQUEST id=261, [ Capabilities: INTERNET&NOT_RESTRICTED&TRUSTED&NOT_VCN_MANAGED Uid: 10043 RequestorUid: 10043 RequestorPkg: com.airtel.tv UnderlyingNetworks: Null] ]
10-04 09:27:16.402   696   910 D OemPaidWifiNetworkFactory: got request NetworkRequest [ REQUEST id=261, [ Capabilities: INTERNET&NOT_RESTRICTED&TRUSTED&NOT_VCN_MANAGED Uid: 10043 RequestorUid: 10043 RequestorPkg: com.airtel.tv UnderlyingNetworks: Null] ]
10-04 09:27:16.403   696   910 D MultiInternetWifiNetworkFactory: got request NetworkRequest [ REQUEST id=261, [ Capabilities: INTERNET&NOT_RESTRICTED&TRUSTED&NOT_VCN_MANAGED Uid: 10043 RequestorUid: 10043 RequestorPkg: com.airtel.tv UnderlyingNetworks: Null] ]
10-04 09:27:16.404   696   918 D ConnectivityService: NetReassign [261 : null → 100] [c 1] [a 0] [i 5]
10-04 09:27:16.411   441   441 D hdmicecd: [CEC]:printCecMessage, [4 -> 0] len: 1, body: 8f, result:no ack
10-04 09:27:16.437  8084  8143 I WM-WorkerWrapper: Worker result SUCCESS for Work [ id=8a697b9a-b43f-44c3-963c-96829b536112, tags={ tv.airtel.wynk.analytics.sync.service.AnalyticsSyncService, com.airtel.analyticsSyncService } ]
10-04 09:27:16.467   441   441 D hdmicecd: [CEC]:printCecMessage, [4 -> 0] len: 1, body: 8f, result:no ack
10-04 09:27:16.467   441   441 E IPCThreadState: binder thread pool (1 threads) starved for 112 ms
10-04 09:27:16.522   441   441 D hdmicecd: [CEC]:printCecMessage, [4 -> e] len: 0, body:, result:no ack
10-04 09:27:16.526   696   696 D HdmiCecController: [P]:AllocatedAddress=[]
10-04 09:27:16.527   696   696 V HotPlugDetectionAction: Finish poll all devices.
10-04 09:27:16.540   696   696 D ResendCecCommandAction: sendCommandWithoutRetries failed, retry
10-04 09:27:16.540   696   949 D HDMI    : [S]:<Text View On> 40:0D
10-04 09:27:16.595   441   441 D hdmicecd: [CEC]:printCecMessage, [4 -> 0] len: 1, body: 0d, result:no ack
10-04 09:27:16.650   441   441 D hdmicecd: [CEC]:printCecMessage, [4 -> 0] len: 1, body: 0d, result:no ack
10-04 09:27:16.651   441   441 E IPCThreadState: binder thread pool (1 threads) starved for 110 ms
10-04 09:27:16.707   441   441 D hdmicecd: [CEC]:printCecMessage, [4 -> 0] len: 1, body: 0d, result:no ack
10-04 09:27:16.763   441   441 D hdmicecd: [CEC]:printCecMessage, [4 -> 0] len: 1, body: 0d, result:no ack
10-04 09:27:16.763   441   441 E IPCThreadState: binder thread pool (1 threads) starved for 112 ms
10-04 09:27:16.896     0     0 W [2 T1289  ..] RTW: rtw_get_sta_tx_stat() not support
10-04 09:27:16.896     0     0 W [2 T1289  ..] RTW: cfg80211_rtw_get_txpower
10-04 09:27:16.896  8084  8084 D NotifManager: Subscribed FcmTopic(id=ZIP_HAR)
10-04 09:27:17.064   696   696 D ResendCecCommandAction: sendCommandWithoutRetries failed, retry
10-04 09:27:17.064   696   949 D HDMI    : [S]:<Text View On> 40:0D
10-04 09:27:17.119   441   441 D hdmicecd: [CEC]:printCecMessage, [4 -> 0] len: 1, body: 0d, result:no ack
10-04 09:27:17.178   441   441 D hdmicecd: [CEC]:printCecMessage, [4 -> 0] len: 1, body: 0d, result:no ack
10-04 09:27:17.179   441   441 E IPCThreadState: binder thread pool (1 threads) starved for 114 ms
10-04 09:27:17.235   441   441 D hdmicecd: [CEC]:printCecMessage, [4 -> 0] len: 1, body: 0d, result:no ack
10-04 09:27:17.280   426  1494 D rtk_heartbeat: heartbeat_timed_out: heartbeatCmdCount = 40142, expected nextSeqNum = 40142
10-04 09:27:17.281   426  1381 D rtk_heartbeat: rtkbt_heartbeat_cmpl_cback: Current SeqNum = 40142,should SeqNum=40142, status = 0
10-04 09:27:17.290   441   441 D hdmicecd: [CEC]:printCecMessage, [4 -> 0] len: 1, body: 0d, result:no ack
10-04 09:27:17.291   441   441 E IPCThreadState: binder thread pool (1 threads) starved for 112 ms
10-04 09:27:17.416  8084  8172 D ANALYTICS_IPTV: AnalyticsEventTracker ***Event***Event{ts=1728014237412, meta={"UID":"5ye_gfsYCZe-PoQ4A0","subscriber_id":"3026341863-001","box_type":"iptv","device_id":"8fb17cc052aef526","app_version":"1.0.0019:237","box_model":"bx:1.2.3","customer_id":"3026341863","firmware":"fw:1.2.3"}, uid=5ye_gfsYCZe-PoQ4A0, did=8fb17cc052aef526, os=Android, ov=34, bn=237, nq=-1, nt=2, nct=0, lc=en|hi|ta|kn, av=1.0.0019, dt=STB, type=launcher_boot_end, adid=95acddf7-5a94-4681-bf0a-0a767be9f2c3, brand=Airtel-Xstream, model=XstreamIPTV1-VT, dname=Vantiva XstreamIPTV1-VT, appId=IPTV, sId=8fb17cc052aef526, profileId=, ab_test=86079:0|108429:0|42374:0|78244:0|95458:0|75817:0|60412:1|117812:1|120676:1|113632:1|116206:0|66480:0|100390:2|76965:1|110385:0|129832:2, city=Delhi, state=National Capital Territory of Delhi, country=India, firebase_id=687ecd54b0fd95386e529fbf62179576} Critical: false
10-04 09:27:17.494   696  1134 D ConnectivityService: requestNetwork for uid/pid:10043/8084 activeRequest: null callbackRequest: 262 [NetworkRequest [ REQUEST id=263, [ Capabilities: INTERNET&NOT_RESTRICTED&TRUSTED&NOT_VCN_MANAGED Uid: 10043 RequestorUid: 10043 RequestorPkg: com.airtel.tv UnderlyingNetworks: Null] ]] callback flags: 0 order: 2147483647
10-04 09:27:17.496   696   910 D WifiNetworkFactory: got request NetworkRequest [ REQUEST id=263, [ Capabilities: INTERNET&NOT_RESTRICTED&TRUSTED&NOT_VCN_MANAGED Uid: 10043 RequestorUid: 10043 RequestorPkg: com.airtel.tv UnderlyingNetworks: Null] ]
10-04 09:27:17.497   696   910 D UntrustedWifiNetworkFactory: got request NetworkRequest [ REQUEST id=263, [ Capabilities: INTERNET&NOT_RESTRICTED&TRUSTED&NOT_VCN_MANAGED Uid: 10043 RequestorUid: 10043 RequestorPkg: com.airtel.tv UnderlyingNetworks: Null] ]
10-04 09:27:17.497   696   910 D OemPaidWifiNetworkFactory: got request NetworkRequest [ REQUEST id=263, [ Capabilities: INTERNET&NOT_RESTRICTED&TRUSTED&NOT_VCN_MANAGED Uid: 10043 RequestorUid: 10043 RequestorPkg: com.airtel.tv UnderlyingNetworks: Null] ]
10-04 09:27:17.497   696   918 D ConnectivityService: NetReassign [263 : null → 100] [c 1] [a 0] [i 2]
10-04 09:27:17.497   696   910 D MultiInternetWifiNetworkFactory: got request NetworkRequest [ REQUEST id=263, [ Capabilities: INTERNET&NOT_RESTRICTED&TRUSTED&NOT_VCN_MANAGED Uid: 10043 RequestorUid: 10043 RequestorPkg: com.airtel.tv UnderlyingNetworks: Null] ]
10-04 09:27:17.544  8084  8193 I WM-WorkerWrapper: Worker result SUCCESS for Work [ id=0fb2e288-7acd-4dbc-a7a4-980d24b7e618, tags={ tv.airtel.wynk.analytics.sync.service.AnalyticsSyncService, com.airtel.analyticsSyncService } ]
10-04 09:27:17.628   696  1134 D ConnectivityService: requestNetwork for uid/pid:10043/8084 activeRequest: null callbackRequest: 264 [NetworkRequest [ REQUEST id=265, [ Capabilities: INTERNET&NOT_RESTRICTED&TRUSTED&NOT_VCN_MANAGED Uid: 10043 RequestorUid: 10043 RequestorPkg: com.airtel.tv UnderlyingNetworks: Null] ]] callback flags: 0 order: 2147483647
10-04 09:27:17.631   696   910 D WifiNetworkFactory: got request NetworkRequest [ REQUEST id=265, [ Capabilities: INTERNET&NOT_RESTRICTED&TRUSTED&NOT_VCN_MANAGED Uid: 10043 RequestorUid: 10043 RequestorPkg: com.airtel.tv UnderlyingNetworks: Null] ]
10-04 09:27:17.631   696   910 D UntrustedWifiNetworkFactory: got request NetworkRequest [ REQUEST id=265, [ Capabilities: INTERNET&NOT_RESTRICTED&TRUSTED&NOT_VCN_MANAGED Uid: 10043 RequestorUid: 10043 RequestorPkg: com.airtel.tv UnderlyingNetworks: Null] ]
10-04 09:27:17.632   696   910 D OemPaidWifiNetworkFactory: got request NetworkRequest [ REQUEST id=265, [ Capabilities: INTERNET&NOT_RESTRICTED&TRUSTED&NOT_VCN_MANAGED Uid: 10043 RequestorUid: 10043 RequestorPkg: com.airtel.tv UnderlyingNetworks: Null] ]
10-04 09:27:17.636   696   910 D MultiInternetWifiNetworkFactory: got request NetworkRequest [ REQUEST id=265, [ Capabilities: INTERNET&NOT_RESTRICTED&TRUSTED&NOT_VCN_MANAGED Uid: 10043 RequestorUid: 10043 RequestorPkg: com.airtel.tv UnderlyingNetworks: Null] ]
10-04 09:27:17.637   696   918 D ConnectivityService: NetReassign [265 : null → 100] [c 0] [a 1] [i 7]
10-04 09:27:17.662  8084  8195 I WM-WorkerWrapper: Worker result SUCCESS for Work [ id=39bb65a4-963e-4222-a136-b8998fa5e106, tags={ tv.airtel.wynk.analytics.sync.service.AnalyticsSyncService, com.airtel.analyticsSyncService } ]
10-04 09:27:17.791  8084  8084 D Glide   : Finished loading BitmapDrawable from DATA_DISK_CACHE for http://tvimg.wynk.in/unsafe/fit-in/1920x548/filters:no_upscale():format(webp)/https://s3.ap-south-1.amazonaws.com/discovery-prod-arsenal/tile/artwork/1727954088147_pl-tournament_xstream-banner_1920-x-548.jpg with size [-2147483648x-2147483648] in 104.299208 ms
10-04 09:27:17.910  1154  1154 I ThermalService: CPU temperatures: [44.300003]
10-04 09:27:18.015   696   696 D HDMI    : one touch play retry:4
10-04 09:27:18.015   696   949 D HDMI    : [S]:<Text View On> 40:0D
10-04 09:27:18.071   441   441 D hdmicecd: [CEC]:printCecMessage, [4 -> 0] len: 1, body: 0d, result:no ack
10-04 09:27:18.127   441   441 D hdmicecd: [CEC]:printCecMessage, [4 -> 0] len: 1, body: 0d, result:no ack
10-04 09:27:18.127   441   441 E IPCThreadState: binder thread pool (1 threads) starved for 111 ms
10-04 09:27:18.182   441   441 D hdmicecd: [CEC]:printCecMessage, [4 -> 0] len: 1, body: 0d, result:no ack
10-04 09:27:18.239   441   441 D hdmicecd: [CEC]:printCecMessage, [4 -> 0] len: 1, body: 0d, result:no ack
10-04 09:27:18.240   441   441 E IPCThreadState: binder thread pool (1 threads) starved for 113 ms
10-04 09:27:18.240   696   949 D HDMI    : [S]:<Give Device Power Status> 40:8F
10-04 09:27:18.240   696   696 D ResendCecCommandAction: ResendCecCommandAction started
10-04 09:27:18.280   426  1494 D rtk_heartbeat: heartbeat_timed_out: heartbeatCmdCount = 40143, expected nextSeqNum = 40143
10-04 09:27:18.281   426  1381 D rtk_heartbeat: rtkbt_heartbeat_cmpl_cback: Current SeqNum = 40143,should SeqNum=40143, status = 0
10-04 09:27:18.295   441   441 D hdmicecd: [CEC]:printCecMessage, [4 -> 0] len: 1, body: 8f, result:no ack
10-04 09:27:18.350   441   441 D hdmicecd: [CEC]:printCecMessage, [4 -> 0] len: 1, body: 8f, result:no ack
10-04 09:27:18.351   441   441 E IPCThreadState: binder thread pool (1 threads) starved for 111 ms
10-04 09:27:18.406   441   441 D hdmicecd: [CEC]:printCecMessage, [4 -> 0] len: 1, body: 8f, result:no ack
10-04 09:27:18.422   424   582 I audio_hw_hal_alsamgr: alsa format =0x1 delay frames =1024 total frames=1927936000
10-04 09:27:18.467   441   441 D hdmicecd: [CEC]:printCecMessage, [4 -> 0] len: 1, body: 8f, result:no ack
10-04 09:27:18.467   441   441 E IPCThreadState: binder thread pool (1 threads) starved for 116 ms
10-04 09:27:18.540   696   696 D ResendCecCommandAction: sendCommandWithoutRetries failed, retry
10-04 09:27:18.540   696   949 D HDMI    : [S]:<Text View On> 40:0D
10-04 09:27:18.595   441   441 D hdmicecd: [CEC]:printCecMessage, [4 -> 0] len: 1, body: 0d, result:no ack
10-04 09:27:18.650   441   441 D hdmicecd: [CEC]:printCecMessage, [4 -> 0] len: 1, body: 0d, result:no ack
10-04 09:27:18.651   441   441 E IPCThreadState: binder thread pool (1 threads) starved for 110 ms
10-04 09:27:18.707   441   441 D hdmicecd: [CEC]:printCecMessage, [4 -> 0] len: 1, body: 0d, result:no ack
10-04 09:27:18.763   441   441 D hdmicecd: [CEC]:printCecMessage, [4 -> 0] len: 1, body: 0d, result:no ack
10-04 09:27:18.763   441   441 E IPCThreadState: binder thread pool (1 threads) starved for 112 ms
10-04 09:27:19.063   696   696 D ResendCecCommandAction: sendCommandWithoutRetries failed, retry
10-04 09:27:19.063   696   949 D HDMI    : [S]:<Text View On> 40:0D
10-04 09:27:19.119   441   441 D hdmicecd: [CEC]:printCecMessage, [4 -> 0] len: 1, body: 0d, result:no ack
10-04 09:27:19.174   441   441 D hdmicecd: [CEC]:printCecMessage, [4 -> 0] len: 1, body: 0d, result:no ack
10-04 09:27:19.175   441   441 E IPCThreadState: binder thread pool (1 threads) starved for 111 ms
10-04 09:27:19.231   441   441 D hdmicecd: [CEC]:printCecMessage, [4 -> 0] len: 1, body: 0d, result:no ack
10-04 09:27:19.280   426  1494 D rtk_heartbeat: heartbeat_timed_out: heartbeatCmdCount = 40144, expected nextSeqNum = 40144
10-04 09:27:19.281   426  1381 D rtk_heartbeat: rtkbt_heartbeat_cmpl_cback: Current SeqNum = 40144,should SeqNum=40144, status = 0
10-04 09:27:19.286   441   441 D hdmicecd: [CEC]:printCecMessage, [4 -> 0] len: 1, body: 0d, result:no ack
10-04 09:27:19.287   441   441 E IPCThreadState: binder thread pool (1 threads) starved for 112 ms
10-04 09:27:19.901     0     0 W [1 T1289  ..] RTW: rtw_get_sta_tx_stat() not support
10-04 09:27:19.901     0     0 W [1 T1289  ..] RTW: cfg80211_rtw_get_txpower
10-04 09:27:19.914  1154  1154 I ThermalService: CPU temperatures: [42.600002]
10-04 09:27:20.015   696   696 D HDMI    : one touch play retry:5
10-04 09:27:20.016   696   949 D HDMI    : [S]:<Text View On> 40:0D
10-04 09:27:20.071   441   441 D hdmicecd: [CEC]:printCecMessage, [4 -> 0] len: 1, body: 0d, result:no ack
10-04 09:27:20.126   441   441 D hdmicecd: [CEC]:printCecMessage, [4 -> 0] len: 1, body: 0d, result:no ack
10-04 09:27:20.127   441   441 E IPCThreadState: binder thread pool (1 threads) starved for 111 ms
10-04 09:27:20.183   441   441 D hdmicecd: [CEC]:printCecMessage, [4 -> 0] len: 1, body: 0d, result:no ack
10-04 09:27:20.239   441   441 D hdmicecd: [CEC]:printCecMessage, [4 -> 0] len: 1, body: 0d, result:no ack
10-04 09:27:20.239   441   441 E IPCThreadState: binder thread pool (1 threads) starved for 112 ms
10-04 09:27:20.239   696   949 D HDMI    : [S]:<Give Device Power Status> 40:8F
10-04 09:27:20.240   696   696 D ResendCecCommandAction: ResendCecCommandAction started
10-04 09:27:20.280   426  1494 D rtk_heartbeat: heartbeat_timed_out: heartbeatCmdCount = 40145, expected nextSeqNum = 40145
10-04 09:27:20.281   426  1381 D rtk_heartbeat: rtkbt_heartbeat_cmpl_cback: Current SeqNum = 40145,should SeqNum=40145, status = 0
10-04 09:27:20.295   441   441 D hdmicecd: [CEC]:printCecMessage, [4 -> 0] len: 1, body: 8f, result:no ack
10-04 09:27:20.351   441   441 D hdmicecd: [CEC]:printCecMessage, [4 -> 0] len: 1, body: 8f, result:no ack
10-04 09:27:20.351   441   441 E IPCThreadState: binder thread pool (1 threads) starved for 111 ms
10-04 09:27:20.353  1826  1826 D BoundBrokerSvc: onUnbind: Intent { act=com.google.android.gms.measurement.START pkg=com.google.android.gms }
10-04 09:27:20.407   441   441 D hdmicecd: [CEC]:printCecMessage, [4 -> 0] len: 1, body: 8f, result:no ack
10-04 09:27:20.463   441   441 D hdmicecd: [CEC]:printCecMessage, [4 -> 0] len: 1, body: 8f, result:no ack
10-04 09:27:20.463   441   441 E IPCThreadState: binder thread pool (1 threads) starved for 112 ms
10-04 09:27:20.540   696   696 D ResendCecCommandAction: sendCommandWithoutRetries failed, retry
10-04 09:27:20.541   696   949 D HDMI    : [S]:<Text View On> 40:0D
10-04 09:27:20.595   441   441 D hdmicecd: [CEC]:printCecMessage, [4 -> 0] len: 1, body: 0d, result:no ack
10-04 09:27:20.651   441   441 D hdmicecd: [CEC]:printCecMessage, [4 -> 0] len: 1, body: 0d, result:no ack
10-04 09:27:20.651   441   441 E IPCThreadState: binder thread pool (1 threads) starved for 110 ms
10-04 09:27:20.707   441   441 D hdmicecd: [CEC]:printCecMessage, [4 -> 0] len: 1, body: 0d, result:no ack
10-04 09:27:20.763   441   441 D hdmicecd: [CEC]:printCecMessage, [4 -> 0] len: 1, body: 0d, result:no ack
10-04 09:27:20.763   441   441 E IPCThreadState: binder thread pool (1 threads) starved for 112 ms
10-04 09:27:21.063   696   696 D ResendCecCommandAction: sendCommandWithoutRetries failed, retry
10-04 09:27:21.064   696   949 D HDMI    : [S]:<Text View On> 40:0D
10-04 09:27:21.119   441   441 D hdmicecd: [CEC]:printCecMessage, [4 -> 0] len: 1, body: 0d, result:no ack
10-04 09:27:21.175   441   441 D hdmicecd: [CEC]:printCecMessage, [4 -> 0] len: 1, body: 0d, result:no ack
10-04 09:27:21.175   441   441 E IPCThreadState: binder thread pool (1 threads) starved for 111 ms
10-04 09:27:21.231   441   441 D hdmicecd: [CEC]:printCecMessage, [4 -> 0] len: 1, body: 0d, result:no ack
10-04 09:27:21.281   426  1494 D rtk_heartbeat: heartbeat_timed_out: heartbeatCmdCount = 40146, expected nextSeqNum = 40146
10-04 09:27:21.282   426  1381 D rtk_heartbeat: rtkbt_heartbeat_cmpl_cback: Current SeqNum = 40146,should SeqNum=40146, status = 0
10-04 09:27:21.286   441   441 D hdmicecd: [CEC]:printCecMessage, [4 -> 0] len: 1, body: 0d, result:no ack
10-04 09:27:21.287   441   441 E IPCThreadState: binder thread pool (1 threads) starved for 112 ms
10-04 09:27:21.918  1154  1154 I ThermalService: CPU temperatures: [42.4]
10-04 09:27:22.016   696   696 W WindowManager: One touch play failed: 1
10-04 09:27:22.281   426  1494 D rtk_heartbeat: heartbeat_timed_out: heartbeatCmdCount = 40147, expected nextSeqNum = 40147
10-04 09:27:22.282   426  1381 D rtk_heartbeat: rtkbt_heartbeat_cmpl_cback: Current SeqNum = 40147,should SeqNum=40147, status = 0
10-04 09:27:22.863  8084  8084 D Glide   : Finished loading BitmapDrawable from DATA_DISK_CACHE for http://tvimg.wynk.in/unsafe/fit-in/1920x548/filters:no_upscale():format(webp)/https://s3.ap-south-1.amazonaws.com/discovery-prod-arsenal/tile/artwork/1727811858264_airtel-stb_ind-vs-nz-3-oct-7.30pm_ss1hd_hindi_1920-x-548.jpg with size [-2147483648x-2147483648] in 129.797875 ms
10-04 09:27:22.907     0     0 W [1 T1289  ..] RTW: rtw_get_sta_tx_stat() not support
10-04 09:27:22.907     0     0 W [1 T1289  ..] RTW: cfg80211_rtw_get_txpower
10-04 09:27:23.281   426  1494 D rtk_heartbeat: heartbeat_timed_out: heartbeatCmdCount = 40148, expected nextSeqNum = 40148
10-04 09:27:23.283   426  1381 D rtk_heartbeat: rtkbt_heartbeat_cmpl_cback: Current SeqNum = 40148,should SeqNum=40148, status = 0
10-04 09:27:23.755   424   582 I audio_hw_hal_alsamgr: alsa format =0x1 delay frames =1024 total frames=1928192000
10-04 09:27:23.919  1154  1154 I ThermalService: CPU temperatures: [42.800003]
10-04 09:27:24.281   426  1494 D rtk_heartbeat: heartbeat_timed_out: heartbeatCmdCount = 40149, expected nextSeqNum = 40149
10-04 09:27:24.282   426  1381 D rtk_heartbeat: rtkbt_heartbeat_cmpl_cback: Current SeqNum = 40149,should SeqNum=40149, status = 0
10-04 09:27:25.281   426  1494 D rtk_heartbeat: heartbeat_timed_out: heartbeatCmdCount = 40150, expected nextSeqNum = 40150
10-04 09:27:25.285   426  1381 D rtk_heartbeat: rtkbt_heartbeat_cmpl_cback: Current SeqNum = 40150,should SeqNum=40150, status = 0
10-04 09:27:25.366  8641  8641 D MonkeyStub: translateCommand: press DPAD_RIGHT
10-04 09:27:25.368   459   459 I lights-tch: flashMode 0 id 2 onMs 0 offMs 0 brightness 0
10-04 09:27:25.374   459   459 I lights-tch: flashMode 0 id 2 onMs 0 offMs 0 brightness 225
10-04 09:27:25.420   424   673 I audio_hw_hal_primary: [register_audio_patch:7826] Patch 3:id:3 mix(io:13)->dev_0[OUT_HDMI(id:18)] found, register the same patch, do nothing.
10-04 09:27:25.421   424   673 I audio_hw_hal_primary: [adev_create_audio_patch:7927] Patch 3: MIX->DEVICE, num_src:1 num_sink:1 patch_src:INVAL
10-04 09:27:25.421   424   673 I audio_hw_hal_primary: [adev_create_audio_patch:7931] sink[0]: OUT_HDMI(id:18)
10-04 09:27:25.421   424   673 I audio_hw_hal_primary: [adev_create_audio_patch:7988] Patch 3: mix(io:13) -> dev[OUT_HDMI(id:18)]
10-04 09:27:25.421   424   673 I audio_hw_hal_primary: [adev_create_audio_patch:8056] dev=0xf3782930 cur_out_device=0x400
10-04 09:27:25.426  1154  1349 D UEventObserver: change@/devices/platform/auge_sound/sound/card0/controlC0��ACTION=change��DEVPATH=/devices/platform/auge_sound/sound/card0/controlC0��SUBSYSTEM=sound��AUDIO_FORMAT=0��MAJOR=116��MINOR=11��DEVNAME=snd/controlC0��SEQNUM=3153��
10-04 09:27:25.426  1154  1349 W ContextImpl: Calling a method in the system process without a qualified user: android.app.ContextImpl.sendBroadcast:1220 android.content.ContextWrapper.sendBroadcast:504 com.droidlogic.audioservice.services.AudioSystemCmdService$1.onUEvent:177 com.droidlogic.UEventObserver$UEventThread.sendEvent:213 com.droidlogic.UEventObserver$UEventThread.run:190 
10-04 09:27:25.427   472  2595 D audioserver: FGS Logger Transaction failed
10-04 09:27:25.427   472  2595 D audioserver: -129
10-04 09:27:25.430   424  8590 I audio_hw_hal_primary: [mixer_aux_buffer_write:6665] io 13: out:0xf2d00740 usecase:PCM_NORMAL standby to unstandby
10-04 09:27:25.430   424  8590 E audio_hw_hal_virtualbuf: ms12 system input underrun happens read=17613464216 write=4010666604 diff=13602797612
10-04 09:27:25.435  1154  1348 I AudioSystemCmdService: onAudioPatchListUpdate
10-04 09:27:25.438  1154  1348 I AudioSystemCmdService: mAudioSink:[{{mHandle: 18, mRole: SINK}, mType: hdmi, mAddress: }], previousSink:[{{mHandle: 18, mRole: SINK}, mType: hdmi, mAddress: }]
10-04 09:27:25.438  1154  1348 I AudioSystemCmdService: updateAudioPatch cur sink does not change.
10-04 09:27:25.464     0     0 I [0 T230   ..] logd: logdr: UID=2000 GID=2000 PID=8844 n tail=0 logMask=99 pid=0 start=0ns deadline=0ns
10-04 09:27:25.453   424  8590 I audio_hw_hal_stream: aml_stream_out_info_print: out:0xf2d00740, stream_type:pcm, sync_mode:non tunnel, input_size:6111232 bytes
10-04 09:27:25.453   424  8590 I audio_hw_hal_stream: aml_stream_out_info_print: last_time:40171283 ms (sec:40171, nsec:283865696), last_position:31644 ms (1518928), cur_time:40185038 ms (sec:40185, nsec:38792036), cur_position:31751 ms (1524048)
10-04 09:27:25.453   424  8590 I audio_hw_hal_stream: aml_stream_out_info_print: time_gap:13755 ms (thr:100 ms), position_gap:106 ms, delay:78 ms, jitter: Position gap is behind system time gap by 13649 ms (thr:100 ms)
--------- beginning of main
10-04 09:27:25.594   424  8590 I audio_hw_hal_primary: [audiohal_get_latency:1258] io 13: out:0xf2d00740 frames:3072 rate:48000 whole_latency:64 alsa_latency:64
10-04 09:27:25.613   424  8590 I audio_hw_hal_primary: [audiohal_get_latency:1258] io 13: out:0xf2d00740 frames:3072 rate:48000 whole_latency:64 alsa_latency:64
10-04 09:27:25.634   424  8590 I audio_hw_hal_primary: [audiohal_get_latency:1258] io 13: out:0xf2d00740 frames:3072 rate:48000 whole_latency:64 alsa_latency:64
10-04 09:27:25.635   472   662 D audioserver: FGS Logger Transaction failed
10-04 09:27:25.635   472   662 D audioserver: -129
--------- beginning of kernel
10-04 09:27:25.913     0     0 W [3 T1289  ..] RTW: rtw_get_sta_tx_stat() not support
10-04 09:27:25.913     0     0 W [3 T1289  ..] RTW: cfg80211_rtw_get_txpower
10-04 09:27:25.923  1154  1154 I ThermalService: CPU temperatures: [42.7]
10-04 09:27:25.941  6706  6767 I cast_shell: [1004/092725.940932:INFO:mdns_app_filter.cc(3358)] MdnsAppFilter: responses sent in 96 seconds: 5
10-04 09:27:26.281   426  1494 D rtk_heartbeat: heartbeat_timed_out: heartbeatCmdCount = 40151, expected nextSeqNum = 40151
10-04 09:27:26.283   426  1381 D rtk_heartbeat: rtkbt_heartbeat_cmpl_cback: Current SeqNum = 40151,should SeqNum=40151, status = 0
10-04 09:27:26.604  8641  8641 D MonkeyStub: translateCommand: press DPAD_CENTER
10-04 09:27:26.606   459   459 I lights-tch: flashMode 0 id 2 onMs 0 offMs 0 brightness 0
10-04 09:27:26.610   459   459 I lights-tch: flashMode 0 id 2 onMs 0 offMs 0 brightness 225
10-04 09:27:26.623  8084  8575 D ANALYTICS_IPTV: AnalyticsEventTracker ***Event***Event{ts=1728014246619, meta={"box_type":"iptv","source_of_stream":"1 | Home.screen_visible.none.none.none.none.none.none.none | none.screen_visible.none.none.none.none.none.none.none | none.click.none.none.none.none.TV_Channels.none.none | TV_Channels.click.tab_click.none.none.1.tv_channels.none.none","asset_name":"tv_channels","asset_position":"1","app_version":"1.0.0019:237","box_model":"bx:1.2.3","action":"tab_click","firmware":"fw:1.2.3","source_name":"TV_Channels"}, uid=5ye_gfsYCZe-PoQ4A0, did=8fb17cc052aef526, os=Android, ov=34, bn=237, nq=-1, nt=2, nct=0, lc=en|hi|ta|kn, av=1.0.0019, dt=STB, type=click, adid=95acddf7-5a94-4681-bf0a-0a767be9f2c3, brand=Airtel-Xstream, model=XstreamIPTV1-VT, dname=Vantiva XstreamIPTV1-VT, appId=IPTV, sId=8fb17cc052aef526, profileId=, ab_test=86079:0|108429:0|42374:0|78244:0|95458:0|75817:0|60412:1|117812:1|120676:1|113632:1|116206:0|66480:0|100390:2|76965:1|110385:0|129832:2, city=Delhi, state=National Capital Territory of Delhi, country=India, firebase_id=687ecd54b0fd95386e529fbf62179576} Critical: false
10-04 09:27:26.624  8084  8172 D ANALYTICS_IPTV: AnalyticsEventTracker ***Event***Event{ts=1728014246618, meta={"box_type":"iptv","source_of_stream":"1 | Home.screen_visible.none.none.none.none.none.none.none | none.screen_visible.none.none.none.none.none.none.none | none.click.none.none.none.none.TV_Channels.none.none","asset_name":"TV_Channels","app_version":"1.0.0019:237","box_model":"bx:1.2.3","firmware":"fw:1.2.3"}, uid=5ye_gfsYCZe-PoQ4A0, did=8fb17cc052aef526, os=Android, ov=34, bn=237, nq=-1, nt=2, nct=0, lc=en|hi|ta|kn, av=1.0.0019, dt=STB, type=click, adid=95acddf7-5a94-4681-bf0a-0a767be9f2c3, brand=Airtel-Xstream, model=XstreamIPTV1-VT, dname=Vantiva XstreamIPTV1-VT, appId=IPTV, sId=8fb17cc052aef526, profileId=, ab_test=86079:0|108429:0|42374:0|78244:0|95458:0|75817:0|60412:1|117812:1|120676:1|113632:1|116206:0|66480:0|100390:2|76965:1|110385:0|129832:2, city=Delhi, state=National Capital Territory of Delhi, country=India, firebase_id=687ecd54b0fd95386e529fbf62179576} Critical: false
10-04 09:27:26.670   424   673 I audio_hw_hal_primary: [register_audio_patch:7826] Patch 3:id:3 mix(io:13)->dev_0[OUT_HDMI(id:18)] found, register the same patch, do nothing.
10-04 09:27:26.670   424   673 I audio_hw_hal_primary: [adev_create_audio_patch:7927] Patch 3: MIX->DEVICE, num_src:1 num_sink:1 patch_src:INVAL
10-04 09:27:26.670   424   673 I audio_hw_hal_primary: [adev_create_audio_patch:7931] sink[0]: OUT_HDMI(id:18)
10-04 09:27:26.670   424   673 I audio_hw_hal_primary: [adev_create_audio_patch:7988] Patch 3: mix(io:13) -> dev[OUT_HDMI(id:18)]
10-04 09:27:26.670   424   673 I audio_hw_hal_primary: [adev_create_audio_patch:8056] dev=0xf3782930 cur_out_device=0x400
--------- beginning of main
10-04 09:27:26.757  8084  8084 D ContentTabFragment::onViewCreated: 
10-04 09:27:26.757  8084  8084 D ContentTabFragment::initViewModel: 
10-04 09:27:26.763  8084  8084 D ContentTabFragment::initUi start: 
10-04 09:27:26.765  8084  8084 D ContentTabFragment::initUi finish: 
10-04 09:27:26.770  8084  8084 D ANALYTICS_IPTV: AnalyticsEventTracker ***Event***Event{ts=1728014246767, meta={"box_type":"iptv","source_of_stream":"2 | TV Channels.screen_visible.none.none.none.none.none.none.none","app_version":"1.0.0019:237","box_model":"bx:1.2.3","firmware":"fw:1.2.3","source_name":"TV Channels"}, uid=5ye_gfsYCZe-PoQ4A0, did=8fb17cc052aef526, os=Android, ov=34, bn=237, nq=-1, nt=2, nct=0, lc=en|hi|ta|kn, av=1.0.0019, dt=STB, type=screen_visible, adid=95acddf7-5a94-4681-bf0a-0a767be9f2c3, brand=Airtel-Xstream, model=XstreamIPTV1-VT, dname=Vantiva XstreamIPTV1-VT, appId=IPTV, sId=8fb17cc052aef526, profileId=, ab_test=86079:0|108429:0|42374:0|78244:0|95458:0|75817:0|60412:1|117812:1|120676:1|113632:1|116206:0|66480:0|100390:2|76965:1|110385:0|129832:2, city=Delhi, state=National Capital Territory of Delhi, country=India, firebase_id=687ecd54b0fd95386e529fbf62179576} Critical: false
10-04 09:27:26.778  8084  8084 E ThemeUtils: View class androidx.appcompat.widget.AppCompatImageView is an AppCompat widget that can only be used with a Theme.AppCompat theme (or descendant).
10-04 09:27:26.781  8084  8172 D ANALYTICS_IPTV: AnalyticsEventTracker ***Event***Event{ts=1728014246777, meta={"UID":"5ye_gfsYCZe-PoQ4A0","subscriber_id":"3026341863-001","box_type":"iptv","asset_name":"rendering_start","device_id":"8fb17cc052aef526","app_version":"1.0.0019:237","box_model":"bx:1.2.3","customer_id":"3026341863","firmware":"fw:1.2.3"}, uid=5ye_gfsYCZe-PoQ4A0, did=8fb17cc052aef526, os=Android, ov=34, bn=237, nq=-1, nt=2, nct=0, lc=en|hi|ta|kn, av=1.0.0019, dt=STB, type=layout_render_start, adid=95acddf7-5a94-4681-bf0a-0a767be9f2c3, brand=Airtel-Xstream, model=XstreamIPTV1-VT, dname=Vantiva XstreamIPTV1-VT, appId=IPTV, sId=8fb17cc052aef526, profileId=, ab_test=86079:0|108429:0|42374:0|78244:0|95458:0|75817:0|60412:1|117812:1|120676:1|113632:1|116206:0|66480:0|100390:2|76965:1|110385:0|129832:2, city=Delhi, state=National Capital Territory of Delhi, country=India, firebase_id=687ecd54b0fd95386e529fbf62179576} Critical: false
10-04 09:27:26.798   424  8590 I audio_hw_hal_primary: [audiohal_get_latency:1258] io 13: out:0xf2d00740 frames:3072 rate:48000 whole_latency:64 alsa_latency:64
10-04 09:27:26.811   696  1134 D ConnectivityService: requestNetwork for uid/pid:10043/8084 activeRequest: null callbackRequest: 266 [NetworkRequest [ REQUEST id=267, [ Capabilities: INTERNET&NOT_RESTRICTED&TRUSTED&NOT_VCN_MANAGED Uid: 10043 RequestorUid: 10043 RequestorPkg: com.airtel.tv UnderlyingNetworks: Null] ]] callback flags: 0 order: 2147483647
10-04 09:27:26.813   696   910 D WifiNetworkFactory: got request NetworkRequest [ REQUEST id=267, [ Capabilities: INTERNET&NOT_RESTRICTED&TRUSTED&NOT_VCN_MANAGED Uid: 10043 RequestorUid: 10043 RequestorPkg: com.airtel.tv UnderlyingNetworks: Null] ]
10-04 09:27:26.814   696   910 D UntrustedWifiNetworkFactory: got request NetworkRequest [ REQUEST id=267, [ Capabilities: INTERNET&NOT_RESTRICTED&TRUSTED&NOT_VCN_MANAGED Uid: 10043 RequestorUid: 10043 RequestorPkg: com.airtel.tv UnderlyingNetworks: Null] ]
10-04 09:27:26.814   696   910 D OemPaidWifiNetworkFactory: got request NetworkRequest [ REQUEST id=267, [ Capabilities: INTERNET&NOT_RESTRICTED&TRUSTED&NOT_VCN_MANAGED Uid: 10043 RequestorUid: 10043 RequestorPkg: com.airtel.tv UnderlyingNetworks: Null] ]
10-04 09:27:26.814   696   910 D MultiInternetWifiNetworkFactory: got request NetworkRequest [ REQUEST id=267, [ Capabilities: INTERNET&NOT_RESTRICTED&TRUSTED&NOT_VCN_MANAGED Uid: 10043 RequestorUid: 10043 RequestorPkg: com.airtel.tv UnderlyingNetworks: Null] ]
10-04 09:27:26.814   696   918 D ConnectivityService: NetReassign [267 : null → 100] [c 1] [a 0] [i 2]
10-04 09:27:26.821   424  8590 I audio_hw_hal_primary: [audiohal_get_latency:1258] io 13: out:0xf2d00740 frames:3072 rate:48000 whole_latency:64 alsa_latency:64
10-04 09:27:26.840   424  8590 I audio_hw_hal_primary: [audiohal_get_latency:1258] io 13: out:0xf2d00740 frames:3072 rate:48000 whole_latency:64 alsa_latency:64
10-04 09:27:26.862   424  8590 I audio_hw_hal_primary: [audiohal_get_latency:1258] io 13: out:0xf2d00740 frames:3072 rate:48000 whole_latency:64 alsa_latency:64
10-04 09:27:26.871  8084  8084 D ANALYTICS_IPTV: AnalyticsEventTracker ***Event***Event{ts=1728014246868, meta={"page_id":"dthNewTvChannels","box_type":"iptv","source_of_stream":"2 | TV Channels.screen_visible.none.none.none.none.none.none.none | TV Channels.screen_visible.none.none.none.none.none.none.none","app_version":"1.0.0019:237","box_model":"bx:1.2.3","firmware":"fw:1.2.3","source_name":"TV Channels"}, uid=5ye_gfsYCZe-PoQ4A0, did=8fb17cc052aef526, os=Android, ov=34, bn=237, nq=-1, nt=2, nct=0, lc=en|hi|ta|kn, av=1.0.0019, dt=STB, type=screen_visible, adid=95acddf7-5a94-4681-bf0a-0a767be9f2c3, brand=Airtel-Xstream, model=XstreamIPTV1-VT, dname=Vantiva XstreamIPTV1-VT, appId=IPTV, sId=8fb17cc052aef526, profileId=, ab_test=86079:0|108429:0|42374:0|78244:0|95458:0|75817:0|60412:1|117812:1|120676:1|113632:1|116206:0|66480:0|100390:2|76965:1|110385:0|129832:2, city=Delhi, state=National Capital Territory of Delhi, country=India, firebase_id=687ecd54b0fd95386e529fbf62179576} Critical: false
10-04 09:27:26.883   424  8590 I audio_hw_hal_primary: [audiohal_get_latency:1258] io 13: out:0xf2d00740 frames:3072 rate:48000 whole_latency:64 alsa_latency:64
10-04 09:27:26.883  8084  8084 D ANALYTICS_IPTV: AnalyticsEventTracker ***Event***Event{ts=1728014246880, meta={"box_type":"iptv","source_of_stream":"2 | TV Channels.screen_visible.none.none.none.none.none.none.none | TV Channels.screen_visible.none.none.none.none.none.none.none | none.screen_visible.none.none.none.none.none.none.none","app_version":"1.0.0019:237","box_model":"bx:1.2.3","source":"TV Channels","firmware":"fw:1.2.3"}, uid=5ye_gfsYCZe-PoQ4A0, did=8fb17cc052aef526, os=Android, ov=34, bn=237, nq=-1, nt=2, nct=0, lc=en|hi|ta|kn, av=1.0.0019, dt=STB, type=screen_visible, adid=95acddf7-5a94-4681-bf0a-0a767be9f2c3, brand=Airtel-Xstream, model=XstreamIPTV1-VT, dname=Vantiva XstreamIPTV1-VT, appId=IPTV, sId=8fb17cc052aef526, profileId=, ab_test=86079:0|108429:0|42374:0|78244:0|95458:0|75817:0|60412:1|117812:1|120676:1|113632:1|116206:0|66480:0|100390:2|76965:1|110385:0|129832:2, city=Delhi, state=National Capital Territory of Delhi, country=India, firebase_id=687ecd54b0fd95386e529fbf62179576} Critical: false
10-04 09:27:26.885   424   582 I audio_hw_hal_alsamgr: alsa format =0x9000000 delay frames =1408 total frames=1927680000
10-04 09:27:26.888  8084  8172 D ANALYTICS_IPTV: AnalyticsEventTracker ***Event***Event{ts=1728014246878, meta={"UID":"5ye_gfsYCZe-PoQ4A0","subscriber_id":"3026341863-001","box_type":"iptv","asset_name":"rendering_complete","device_id":"8fb17cc052aef526","app_version":"1.0.0019:237","box_model":"bx:1.2.3","customer_id":"3026341863","firmware":"fw:1.2.3"}, uid=5ye_gfsYCZe-PoQ4A0, did=8fb17cc052aef526, os=Android, ov=34, bn=237, nq=-1, nt=2, nct=0, lc=en|hi|ta|kn, av=1.0.0019, dt=STB, type=layout_render_complete, adid=95acddf7-5a94-4681-bf0a-0a767be9f2c3, brand=Airtel-Xstream, model=XstreamIPTV1-VT, dname=Vantiva XstreamIPTV1-VT, appId=IPTV, sId=8fb17cc052aef526, profileId=, ab_test=86079:0|108429:0|42374:0|78244:0|95458:0|75817:0|60412:1|117812:1|120676:1|113632:1|116206:0|66480:0|100390:2|76965:1|110385:0|129832:2, city=Delhi, state=National Capital Territory of Delhi, country=India, firebase_id=687ecd54b0fd95386e529fbf62179576} Critical: false
10-04 09:27:26.905   424  8590 I audio_hw_hal_primary: [audiohal_get_latency:1258] io 13: out:0xf2d00740 frames:3072 rate:48000 whole_latency:64 alsa_latency:64
10-04 09:27:26.926   424  8590 I audio_hw_hal_primary: [audiohal_get_latency:1258] io 13: out:0xf2d00740 frames:3072 rate:48000 whole_latency:64 alsa_latency:64
10-04 09:27:26.947   424  8590 I audio_hw_hal_primary: [audiohal_get_latency:1258] io 13: out:0xf2d00740 frames:3072 rate:48000 whole_latency:64 alsa_latency:64
10-04 09:27:26.948   472   662 D audioserver: FGS Logger Transaction failed
10-04 09:27:26.948   472   662 D audioserver: -129
--------- beginning of system
10-04 09:27:26.967   696  1326 W ProcessStats: Tracking association SourceState{3edf2a9 com.airtel.tv/10043 BTop #5749} whose proc state 2 is better than process ProcessState{514aa4f com.tataelxsi.icx:remote/10066 pkg=com.tataelxsi.icx} proc state 3 (11 skipped)
10-04 09:27:26.977   696  1326 D ConnectivityService: requestNetwork for uid/pid:10043/8084 activeRequest: null callbackRequest: 268 [NetworkRequest [ REQUEST id=269, [ Capabilities: INTERNET&NOT_RESTRICTED&TRUSTED&NOT_VCN_MANAGED Uid: 10043 RequestorUid: 10043 RequestorPkg: com.airtel.tv UnderlyingNetworks: Null] ]] callback flags: 0 order: 2147483647
10-04 09:27:26.979   696   910 D WifiNetworkFactory: got request NetworkRequest [ REQUEST id=269, [ Capabilities: INTERNET&NOT_RESTRICTED&TRUSTED&NOT_VCN_MANAGED Uid: 10043 RequestorUid: 10043 RequestorPkg: com.airtel.tv UnderlyingNetworks: Null] ]
10-04 09:27:26.979   696   910 D UntrustedWifiNetworkFactory: got request NetworkRequest [ REQUEST id=269, [ Capabilities: INTERNET&NOT_RESTRICTED&TRUSTED&NOT_VCN_MANAGED Uid: 10043 RequestorUid: 10043 RequestorPkg: com.airtel.tv UnderlyingNetworks: Null] ]
10-04 09:27:26.980   696   910 D OemPaidWifiNetworkFactory: got request NetworkRequest [ REQUEST id=269, [ Capabilities: INTERNET&NOT_RESTRICTED&TRUSTED&NOT_VCN_MANAGED Uid: 10043 RequestorUid: 10043 RequestorPkg: com.airtel.tv UnderlyingNetworks: Null] ]
10-04 09:27:26.980   696   918 D ConnectivityService: NetReassign [269 : null → 100] [c 0] [a 1] [i 2]
10-04 09:27:26.981   696   910 D MultiInternetWifiNetworkFactory: got request NetworkRequest [ REQUEST id=269, [ Capabilities: INTERNET&NOT_RESTRICTED&TRUSTED&NOT_VCN_MANAGED Uid: 10043 RequestorUid: 10043 RequestorPkg: com.airtel.tv UnderlyingNetworks: Null] ]
10-04 09:27:27.212  8084  8172 E homepage: data received in RequestRetrofitRepo : tv.accedo.airtel.wynk.data.entity.LayoutBaseEntity@e64065a3
10-04 09:27:27.234  8084  8172 E homepage: post processing done
10-04 09:27:27.237  6706  6732 I cast_shell: [1004/092727.237556:INFO:wifi_frame_histogram_capturer.cc(406)] No histogram or IOCTL data
10-04 09:27:27.242  6706  6732 I cast_shell: [1004/092727.242125:INFO:wifi_util.cc(197)] Current wifi TDLS peers:
10-04 09:27:27.242  6706  6732 I cast_shell: [1004/092727.242276:INFO:wifi_util.cc(199)] 	No peers:
10-04 09:27:27.247  6706  6706 I cast_shell: [1004/092727.247375:INFO:metrics_recorder.cc(193)] Record action: Cast.CecHdmiInputState.Active
10-04 09:27:27.247  6706  6706 I cast_shell: [1004/092727.247541:INFO:metrics_recorder.cc(193)] Record action: Cast.CecStandby.On
10-04 09:27:27.282   426  1494 D rtk_heartbeat: heartbeat_timed_out: heartbeatCmdCount = 40152, expected nextSeqNum = 40152
10-04 09:27:27.283   426  1381 D rtk_heartbeat: rtkbt_heartbeat_cmpl_cback: Current SeqNum = 40152,should SeqNum=40152, status = 0
10-04 09:27:27.296  8084  8084 D IPTV_KPI: TAB_LOAD : 682 ms
10-04 09:27:27.316  8084  8084 E ConstraintLayout: layout_constraintWidth_default="wrap" is deprecated.
10-04 09:27:27.316  8084  8084 E ConstraintLayout: Use layout_width="WRAP_CONTENT" and layout_constrainedWidth="true" instead.
10-04 09:27:27.326  8084  8172 E ThemeUtils: View class com.airbnb.lottie.LottieAnimationView is an AppCompat widget that can only be used with a Theme.AppCompat theme (or descendant).
10-04 09:27:27.333  8084  8172 E ThemeUtils: View class androidx.appcompat.widget.AppCompatTextView is an AppCompat widget that can only be used with a Theme.AppCompat theme (or descendant).
10-04 09:27:27.338  8084  8172 E ThemeUtils: View class androidx.appcompat.widget.AppCompatTextView is an AppCompat widget that can only be used with a Theme.AppCompat theme (or descendant).
10-04 09:27:27.341  8084  8172 D SmartAsyncLayoutInflater: The background thread failed to inflate. Inflation falls back to the main thread. Error message=Binary XML file line #2 in com.airtel.tv:layout/custom_header_view: Binary XML file line #2 in com.airtel.tv:layout/custom_header_view: Error inflating class <unknown>
10-04 09:27:27.344  8084  8084 E ThemeUtils: View class androidx.appcompat.widget.AppCompatImageView is an AppCompat widget that can only be used with a Theme.AppCompat theme (or descendant).
10-04 09:27:27.349  8084  8084 E ThemeUtils: View class androidx.appcompat.widget.AppCompatImageView is an AppCompat widget that can only be used with a Theme.AppCompat theme (or descendant).
10-04 09:27:27.364  8084  8084 E ThemeUtils: View class androidx.appcompat.widget.AppCompatImageView is an AppCompat widget that can only be used with a Theme.AppCompat theme (or descendant).
