10-04 09:32:43.256  9330  9330 I MultiDex: VM has multidex support, MultiDex support library is disabled.
10-04 09:32:43.264  9330  9330 D CompatibilityChangeReporter: Compat change id reported: 3400644; UID 10070; state: ENABLED
10-04 09:32:43.291   441   455 D hdmicecd: [CEC]:printCecMessage, [4 -> 0] len: 1, body: 0d, result:no ack
10-04 09:32:43.309  1826  1826 D BoundBrokerSvc: onBind: Intent { act=com.google.android.mobstore.service.START pkg=com.google.android.gms }
10-04 09:32:43.310  1826  1826 D BoundBrokerSvc: Loading bound service for intent: Intent { act=com.google.android.mobstore.service.START pkg=com.google.android.gms }
10-04 09:32:43.336   426  1494 D rtk_heartbeat: heartbeat_timed_out: heartbeatCmdCount = 40468, expected nextSeqNum = 40468
10-04 09:32:43.337   426  1381 D rtk_heartbeat: rtkbt_heartbeat_cmpl_cback: Current SeqNum = 40468,should SeqNum=40468, status = 0
10-04 09:32:43.346   441   455 D hdmicecd: [CEC]:printCecMessage, [4 -> 0] len: 1, body: 0d, result:no ack
10-04 09:32:43.347   441   455 E IPCThreadState: binder thread pool (1 threads) starved for 111 ms
10-04 09:32:43.379   696   800 D CompatibilityChangeReporter: Compat change id reported: 161145287; UID 10070; state: ENABLED
10-04 09:32:43.403   441   455 D hdmicecd: [CEC]:printCecMessage, [4 -> 0] len: 1, body: 0d, result:no ack
10-04 09:32:43.425  9330  9330 I smb     : SslGuard completed installation.
10-04 09:32:43.429  9330  9330 I katniss_interactor_StartupTaskManager: Processing 34 tasks
10-04 09:32:43.430  9330  9330 I katniss_interactor_StartupTaskManager: Running 2 critical task(s)
10-04 09:32:43.430   696   752 I system_server: Background young concurrent copying GC freed 473360(16MB) AllocSpace objects, 8(160KB) LOS objects, 42% free, 22MB/39MB, paused 390us,206us total 134.790ms
10-04 09:32:43.430  9330  9330 I katniss_interactor_StartupTaskManager: GSERVICES running
10-04 09:32:43.432   696   753 W JavaBinder: BinderProxy is being destroyed but the application did not call unlinkToDeath to unlink all of its death recipients beforehand.  Releasing leaked death recipient: com.android.server.am.ActivityManagerService$14
10-04 09:32:43.432   696   753 I BpBinder: onLastStrongRef automatically unlinking death recipients: 
10-04 09:32:43.433   696   753 W JavaBinder: BinderProxy is being destroyed but the application did not call unlinkToDeath to unlink all of its death recipients beforehand.  Releasing leaked death recipient: com.android.server.am.ActivityManagerService$14
10-04 09:32:43.433   696   753 I BpBinder: onLastStrongRef automatically unlinking death recipients: 
10-04 09:32:43.433   696   753 W JavaBinder: BinderProxy is being destroyed but the application did not call unlinkToDeath to unlink all of its death recipients beforehand.  Releasing leaked death recipient: com.android.server.am.ActivityManagerService$14
10-04 09:32:43.434   696   753 I BpBinder: onLastStrongRef automatically unlinking death recipients: 
10-04 09:32:43.437   696   753 W JavaBinder: BinderProxy is being destroyed but the application did not call unlinkToDeath to unlink all of its death recipients beforehand.  Releasing leaked death recipient: com.android.server.am.ActivityManagerService$14
10-04 09:32:43.437   696   753 I BpBinder: onLastStrongRef automatically unlinking death recipients: 
10-04 09:32:43.439   696   800 D CompatibilityChangeReporter: Compat change id reported: 135634846; UID 10073; state: DISABLED
10-04 09:32:43.439   696   753 W JavaBinder: BinderProxy is being destroyed but the application did not call unlinkToDeath to unlink all of its death recipients beforehand.  Releasing leaked death recipient: com.android.server.am.ActivityManagerService$14
10-04 09:32:43.439   696   753 I BpBinder: onLastStrongRef automatically unlinking death recipients: 
10-04 09:32:43.440   696   818 D CompatibilityChangeReporter: Compat change id reported: 143937733; UID 10073; state: ENABLED
10-04 09:32:43.447   696   753 W JavaBinder: BinderProxy is being destroyed but the application did not call unlinkToDeath to unlink all of its death recipients beforehand.  Releasing leaked death recipient: com.android.server.am.ActivityManagerService$14
10-04 09:32:43.447   696   753 I BpBinder: onLastStrongRef automatically unlinking death recipients: 
10-04 09:32:43.450   696   754 W System  : A resource failed to call release. 
10-04 09:32:43.452   696   754 W System  : A resource failed to call release. 
10-04 09:32:43.456   400   400 D Zygote  : Forked child process 9356
10-04 09:32:43.456   696   818 I ActivityManager: Start proc 9356:com.google.process.gservices/u0a73 for content provider {com.google.android.gsf/com.google.android.gsf.gservices.GservicesProvider}
10-04 09:32:43.458   441   455 D hdmicecd: [CEC]:printCecMessage, [4 -> 0] len: 1, body: 0d, result:no ack
10-04 09:32:43.459   441   455 E IPCThreadState: binder thread pool (1 threads) starved for 112 ms
10-04 09:32:43.471  9356  9356 I ocess.gservices: Using CollectorTypeCC GC.
10-04 09:32:43.478  9356  9356 E ocess.gservices: Not starting debugger since process cannot load the jdwp agent.
10-04 09:32:43.493   696   800 D CompatibilityChangeReporter: Compat change id reported: 168419799; UID 10073; state: DISABLED
10-04 09:32:43.493   696   800 D CompatibilityChangeReporter: Compat change id reported: 273564678; UID 10073; state: DISABLED
10-04 09:32:43.512  9356  9356 D CompatibilityChangeReporter: Compat change id reported: 171979766; UID 10073; state: ENABLED
10-04 09:32:43.513  9356  9356 D CompatibilityChangeReporter: Compat change id reported: 242716250; UID 10073; state: ENABLED
10-04 09:32:43.524  9356  9356 D nativeloader: Configuring clns-shared-4 for other apk /system/framework/org.apache.http.legacy.jar. target_sdk_version=34, uses_libraries=ALL, library_path=/system_ext/priv-app/GoogleServicesFramework/lib/arm:/system_ext/priv-app/GoogleServicesFramework/GoogleServicesFramework.apk!/lib/armeabi-v7a:/system/lib:/system_ext/lib, permitted_path=/data:/mnt/expand:/data/user/0/com.google.android.gsf:/system_ext/priv-app/GoogleServicesFramework:/system/lib:/system_ext/lib
10-04 09:32:43.566  9356  9356 D nativeloader: Configuring clns-shared-5 for other apk /system_ext/priv-app/GoogleServicesFramework/GoogleServicesFramework.apk. target_sdk_version=34, uses_libraries=, library_path=/system_ext/priv-app/GoogleServicesFramework/lib/arm:/system_ext/priv-app/GoogleServicesFramework/GoogleServicesFramework.apk!/lib/armeabi-v7a:/system/lib:/system_ext/lib, permitted_path=/data:/mnt/expand:/data/user/0/com.google.android.gsf:/system_ext/priv-app/GoogleServicesFramework:/system/lib:/system_ext/lib
10-04 09:32:43.593  9356  9356 V GraphicsEnvironment: Currently set values for:
10-04 09:32:43.593  9356  9356 V GraphicsEnvironment:   angle_gl_driver_selection_pkgs=[]
10-04 09:32:43.593  9356  9356 V GraphicsEnvironment:   angle_gl_driver_selection_values=[]
10-04 09:32:43.594  9356  9356 V GraphicsEnvironment: ANGLE GameManagerService for com.google.android.gsf: false
10-04 09:32:43.594  9356  9356 V GraphicsEnvironment: com.google.android.gsf is not listed in per-application setting
10-04 09:32:43.594  9356  9356 V GraphicsEnvironment: Neither updatable production driver nor prerelease driver is supported.
10-04 09:32:43.606  9356  9356 I GservicesProvider: Gservices pushing to system: true; secure/global: true
10-04 09:32:43.625   696   800 W ActivityManager: Unable to start service Intent { act=com.google.android.gms.gservices.START pkg=com.google.android.gms } U=0: not found
10-04 09:32:43.626   696   800 W ActivityManager: Unbind failed: could not find connection for android.os.BinderProxy@f27405c
10-04 09:32:43.627  9356  9372 E GmsClient: unable to connect to service: com.google.android.gms.gservices.START on com.google.android.gms
10-04 09:32:43.704   696   800 I ActivityManager: Flag disabled. Ignoring finishAttachApplication from uid: 10073. pid: 9356
10-04 09:32:43.709  9330  9330 I katniss_interactor_StartupTaskManager: GSERVICES ran in PT0.278306875S
10-04 09:32:43.709  9330  9330 I katniss_interactor_StartupTaskManager: PRIMES running
10-04 09:32:43.709  9330  9330 I katniss_interactor_StartupTaskManager: PRIMES ran in PT0.000011541S
10-04 09:32:43.709  9330  9330 I katniss_interactor_StartupTaskManager: All critical tasks run in PT0.279692751S
10-04 09:32:43.709  9330  9330 I katniss_interactor_StartupTaskManager: Launching 26 async tasks
10-04 09:32:43.712  9330  9373 I katniss_interactor_StartupTaskManager: AssistantWrapperStartupTask running
10-04 09:32:43.712  9330  9374 I katniss_interactor_StartupTaskManager: DeviceDataStoreStartupTask running
10-04 09:32:43.712  9330  9330 I katniss_interactor_StartupTaskManager: All async tasks launched in PT0.282987459S
10-04 09:32:43.713  9330  9373 I katniss_interactor_StartupTaskManager: AssistantWrapperStartupTask ran in PT0.000123667S
10-04 09:32:43.715   696   800 I ActivityManager: Flag disabled. Ignoring finishAttachApplication from uid: 10070. pid: 9330
10-04 09:32:43.715  9330  9374 I katniss_interactor_StartupTaskManager: UserDataStoreStartupTask running
10-04 09:32:43.715  9330  9374 I katniss_interactor_StartupTaskManager: CastStartupTask running
10-04 09:32:43.715  9330  9374 I katniss_interactor_StartupTaskManager: DscAccessorCacheStartupTask waiting for [UserDataStoreStartupTask]
10-04 09:32:43.716  9330  9374 I katniss_interactor_StartupTaskManager: HotwordAccessorCacheStartupTask waiting for [DeviceDataStoreStartupTask]
10-04 09:32:43.716  9330  9374 I katniss_interactor_StartupTaskManager: KatnissAccountManagerStartupTask waiting for [UserDataStoreStartupTask]
10-04 09:32:43.717  9330  9373 I katniss_interactor_StartupTaskManager: LoggerStartupTask running
10-04 09:32:43.717  9330  9374 I katniss_interactor_StartupTaskManager: PendingCheckAutoLogoutAccessorCacheStartupTask waiting for [UserDataStoreStartupTask]
10-04 09:32:43.717  9330  9374 I katniss_interactor_StartupTaskManager: HotwordStartupTask running
10-04 09:32:43.718  9330  9374 I katniss_interactor_StartupTaskManager: HotwordStartupTask ran in PT0.001232875S
10-04 09:32:43.719  9330  9374 I katniss_interactor_StartupTaskManager: KidsModeDataAccessorCacheStartupTask waiting for [UserDataStoreStartupTask]
10-04 09:32:43.719  9330  9374 I katniss_interactor_StartupTaskManager: LedRebootStateStartupTask running
10-04 09:32:43.723  9330  9374 I katniss_interactor_HotwordUtilsImpl: Checking for LowPowerStandby, isKatnissExempt=true, isHardwareHotwordAllowed=true
10-04 09:32:43.724  9330  9373 I katniss_interactor_SearchProcessClient: Create the SearchProcessClient
10-04 09:32:43.725  9330  9373 I katniss_interactor_StartupTaskManager: LoggerStartupTask ran in PT0.004143208S
10-04 09:32:43.725  9330  9373 I katniss_interactor_StartupTaskManager: LibAssistantLedUtilsStartupTask running
10-04 09:32:43.725  9330  9374 I katniss_interactor_StartupTaskManager: MediaSessionStateClearcutLoggerImplStartupTask running
10-04 09:32:43.725  9330  9374 I katniss_interactor_StartupTaskManager: MediaSessionStateClearcutLoggerImplStartupTask ran in PT0.000019292S
10-04 09:32:43.725  9330  9374 I katniss_interactor_StartupTaskManager: MediaSessionStateTcrLoggerImpl running
10-04 09:32:43.726  9330  9374 I katniss_interactor_StartupTaskManager: MediaSessionStateTcrLoggerImpl ran in PT0.000014708S
10-04 09:32:43.726  9330  9374 I katniss_interactor_StartupTaskManager: MediaSessionStateTrackerTask running
10-04 09:32:43.729  9330  9374 I katniss_interactor_StartupTaskManager: MediaSessionStateTrackerTask ran in PT0.002686709S
10-04 09:32:43.730  9330  9374 I katniss_interactor_StartupTaskManager: LocationStartupTask waiting for [DeviceDataStoreStartupTask]
10-04 09:32:43.730  9330  9374 I katniss_interactor_StartupTaskManager: NetworkStateStartupTask running
10-04 09:32:43.733  9330  9354 I katniss_interactor_AssistantLedsImpl: Opening lightsSession
10-04 09:32:43.736  9330  9374 I katniss_interactor_StartupTaskManager: NetworkStateStartupTask ran in PT0.005443708S
10-04 09:32:43.736  9330  9374 I katniss_interactor_StartupTaskManager: PackageCacheStartupTask running
10-04 09:32:43.736  9330  9374 I katniss_interactor_PackageCache: Initializing package cache
10-04 09:32:43.737  9330  9374 I katniss_interactor_StartupTaskManager: SecurityProviderStartupTask running
10-04 09:32:43.737  9330  9348 I katniss_interactor_AppsSearchDisabledMigration: PDS migration required: false
10-04 09:32:43.737  9330  9374 I katniss_interactor_StartupTaskManager: TokenUpdaterStartupTask waiting for [UserDataStoreStartupTask]
10-04 09:32:43.737  9330  9348 I katniss_interactor_HomeGraphDataMigration: PDS migration required: false
10-04 09:32:43.737  9330  9374 I katniss_interactor_StartupTaskManager: ConfigStartupTask running
10-04 09:32:43.737  9330  9374 I katniss_interactor_StartupTaskManager: ConfigStartupTask ran in PT0.000005792S
10-04 09:32:43.738  9330  9374 I katniss_interactor_StartupTaskManager: EnvironmentStartupTask running
10-04 09:32:43.739  9330  9374 I katniss_interactor_EnvironmentStartupTask: Katniss version: 7.15.20240818.2 : 15001332
10-04 09:32:43.739  9330  9374 I katniss_interactor_EnvironmentStartupTask: This is a RELEASE build.
10-04 09:32:43.739  9330  9373 I katniss_interactor_AnimationParser: BrightnessMultiplier: [1.000000]
10-04 09:32:43.740  9330  9374 I katniss_interactor_StartupTaskManager: EnvironmentStartupTask ran in PT0.001628209S
10-04 09:32:43.740  9330  9374 I katniss_interactor_StartupTaskManager: FileCleanerStartupTask waiting for [DeviceDataStoreStartupTask, UserDataStoreStartupTask]
10-04 09:32:43.740  9330  9374 I katniss_interactor_StartupTaskManager: KatnissVoiceInteractionServiceStartupTask running
10-04 09:32:43.740  9330  9374 I katniss_interactor_StartupTaskManager: ProcessExitReasonStartupTask running
10-04 09:32:43.742  9330  9374 I katniss_interactor_ProcessExitReasonStartupTask: INTERACTOR was restarted due to REASON_SIGNALED(9)
10-04 09:32:43.742  9330  9374 I katniss_interactor_StartupTaskManager: ProcessExitReasonStartupTask ran in PT0.0020175S
10-04 09:32:43.745  9330  9354 I katniss_interactor_AssistantLedsImpl: Closing lightsSession
10-04 09:32:43.745  9330  9377 I katniss_interactor_AppContextDataMigration: PDS migration required: false
10-04 09:32:43.745  9330  9373 I katniss_interactor_AnimationParser: BrightnessMultiplier: [1.000000]
10-04 09:32:43.752  9330  9373 I katniss_interactor_AnimationParser: BrightnessMultiplier: [1.000000]
10-04 09:32:43.753  9330  9376 I katniss_interactor_SearchTabDataMigration: PDS migration required: false
10-04 09:32:43.756   424   582 I audio_hw_hal_alsamgr: alsa format =0x1 delay frames =1024 total frames=1943552000
10-04 09:32:43.758  9330  9373 I katniss_interactor_AnimationParser: BrightnessMultiplier: [1.000000]
10-04 09:32:43.759  9330  9377 W DynamiteModule: Local module descriptor class for com.google.android.gms.providerinstaller.dynamite not found.
10-04 09:32:43.759   696   696 D ResendCecCommandAction: sendCommandWithoutRetries failed, retry
10-04 09:32:43.760   696   949 D HDMI    : [S]:<Text View On> 40:0D
10-04 09:32:43.762   696   800 D HDMI    : Process pid:9330 is calling addHotplugEventListener
10-04 09:32:43.763  9330  9373 I katniss_interactor_AnimationParser: BrightnessMultiplier: [1.000000]
10-04 09:32:43.766   442   442 D hdmicecd: [HdmiCecControl]:isConnected, port:0, connected:yes
10-04 09:32:43.766   442   442 D hdmiconnection: isConnected:1
10-04 09:32:43.769  9330  9373 I katniss_interactor_AnimationParser: BrightnessMultiplier: [1.000000]
10-04 09:32:43.771  9330  9373 I katniss_interactor_AnimationParser: BrightnessMultiplier: [1.000000]
10-04 09:32:43.772  9330  9376 I katniss_interactor_CastDataMigrationBuilder: Migrating data to PDS
10-04 09:32:43.774  9330  9373 I katniss_interactor_AnimationParser: BrightnessMultiplier: [1.000000]
10-04 09:32:43.775  9330  9375 I katniss_interactor_PackageCache: Apps for Intent { act=android.intent.action.MAIN cat=[android.intent.category.LEANBACK_LAUNCHER] }: [AppInfo(enabled=true, longVersionCode=1, packageName=com.android.tv.settings, versionCode=1, versionName=1.0), AppInfo(enabled=true, longVersionCode=237, packageName=com.airtel.tv, versionCode=237, versionName=1.0.0019), AppInfo(enabled=true, longVersionCode=84281918, packageName=com.android.vending, versionCode=84281918, versionName=42.8.19-31 [8] [PR] 675198992), AppInfo(enabled=true, longVersionCode=510300320, packageName=com.google.android.youtube.tv, versionCode=510300320, versionName=5.10.300), AppInfo(enabled=true, longVersionCode=111003320, packageName=com.google.android.youtube.tvmusic, versionCode=111003320, versionName=1.11.03), AppInfo(enabled=true, longVersionCode=34, packageName=com.vantiva.tv.devmodelock, versionCode=34, versionName=14), AppInfo(enabled=true, longVersionCode=606018051, packageName=com.amazon.amazonvideo.livingroom, versionCode=606018051, versionName=6.18.5+v15.3.0.135-armv7a), AppInfo(enabled=true, longVersionCode=1011, packageName=com.apps.updater, versionCode=1011, versionName=1.0.1011), AppInfo(enabled=true, longVersionCode=2012002, packageName=com.droidlogic.exoplayer2.demo, versionCode=2012002, versionName=2.12.2_20240718), AppInfo(enabled=true, longVersionCode=1000027, packageName=com.droidlogic.streaming.inputsourcetest, versionCode=1000027, versionName=1.0.027), AppInfo(enabled=true, longVersionCode=1, packageName=com.droidlogic.tv.settings, versionCode=1, versionName=1.0), AppInfo(enabled=true, longVersionCode=34, packageName=com.droidlogic.updater, versionCode=34, versionName=14), AppInfo(enabled=true, longVersionCode=1011, packageName=com.firmware.update, versionCode=1011, versionName=1.0.1011), AppInfo(enabled=true, longVersionCode=517324270, packageName=com.google.android.play.games, versionCode=517324270, versionName=2024.03.51732 (646593252.646593252-020700)), AppInfo(enabled=true, longVersionCode=44015257, packageName=com.google.android.videos, versionCode=44015257, versionName=4.40.15.23-tv), AppInfo(enabled=true, longVersionCode=19785, packageName=com.netflix.ninja, versionCode=19785, versionName=11.0.4 build 19785), AppInfo(enabled=true, longVersionCode=203230693, packageName=com.graymatrix.did, versionCode=203230693, versionName=5.51.4)]
10-04 09:32:43.776  9330  9373 I katniss_interactor_AnimationParser: BrightnessMultiplier: [1.000000]
10-04 09:32:43.777  9330  9375 I katniss_interactor_PackageCache: Apps for Intent { act=android.intent.action.MAIN cat=[android.intent.category.LEANBACK_SETTINGS] }: [AppInfo(enabled=true, longVersionCode=1, packageName=com.android.tv.settings, versionCode=1, versionName=1.0), AppInfo(enabled=true, longVersionCode=1, packageName=com.android.tv.settings, versionCode=1, versionName=1.0)]
10-04 09:32:43.779  1409  1434 W ProviderHelper: Unknown dynamite feature providerinstaller.dynamite
10-04 09:32:43.780  9330  9374 I katniss_interactor_StartupTaskManager: DeviceDataStoreStartupTask ran in PT0.067415333S
10-04 09:32:43.780  9330  9374 I katniss_interactor_StartupTaskManager: HotwordAccessorCacheStartupTask running
10-04 09:32:43.782  9330  9373 I katniss_interactor_StartupTaskManager: LibAssistantLedUtilsStartupTask ran in PT0.056789334S
10-04 09:32:43.782  9330  9373 I katniss_interactor_StartupTaskManager: LocationStartupTask running
10-04 09:32:43.784  9330  9373 I katniss_interactor_LocationStartupTask: Last known Location[fused 28.666667,77.273580 hAcc=2000.0 et=0], countryCode=IN
10-04 09:32:43.786  9330  9374 I katniss_interactor_StartupTaskManager: HotwordAccessorCacheStartupTask ran in PT0.005391375S
10-04 09:32:43.787  9330  9374 I katniss_interactor_HotwordUtilsImpl: Checking for LowPowerStandby, isKatnissExempt=true, isHardwareHotwordAllowed=true
10-04 09:32:43.789  9330  9374 I katniss_interactor_StartupTaskManager: UserDataStoreStartupTask ran in PT0.073791208S
10-04 09:32:43.789  9330  9375 I katniss_interactor_PackageCache: Apps for Intent { act=android.intent.action.MAIN cat=[android.intent.category.HOME] }: [AppInfo(enabled=true, longVersionCode=237, packageName=com.airtel.tv, versionCode=237, versionName=1.0.0019), AppInfo(enabled=true, longVersionCode=1, packageName=com.android.tv.settings, versionCode=1, versionName=1.0)]
10-04 09:32:43.789  9330  9374 I katniss_interactor_LedRebootStateStartupTask: Restore Led State to MUTE as hotword toggle is off
10-04 09:32:43.789  9330  9330 I katniss_interactor_CecConfigFactory: Using HdmiControlManager for CEC settings
10-04 09:32:43.790  9330  9374 I katniss_interactor_HotwordUtilsImpl: Checking for LowPowerStandby, isKatnissExempt=true, isHardwareHotwordAllowed=true
10-04 09:32:43.790  9330  9377 I DynamiteModule: Considering local module com.google.android.gms.providerinstaller.dynamite:0 and remote module com.google.android.gms.providerinstaller.dynamite:0
10-04 09:32:43.791  9330  9374 I katniss_interactor_StartupTaskManager: LedRebootStateStartupTask ran in PT0.071417584S
10-04 09:32:43.791  9330  9377 W ProviderInstaller: Failed to load providerinstaller module: No acceptable module com.google.android.gms.providerinstaller.dynamite found. Local version is 0 and remote version is 0.
10-04 09:32:43.791  9330  9373 I katniss_interactor_LocationStartupTask: Requesting Request[@30m HIGH_ACCURACY, minUpdateDistance=100.0, waitForAccurateLocation]
10-04 09:32:43.791  9330  9374 I katniss_interactor_StartupTaskManager: KatnissVoiceInteractionServiceStartupTask ran in PT0.051151417S
10-04 09:32:43.792  9330  9373 I katniss_interactor_StartupTaskManager: LocationStartupTask ran in PT0.009091375S
10-04 09:32:43.793  9330  9375 I katniss_interactor_PackageCache: Apps for Intent { act=com.google.assistant.DATA_SHARING_CONSENT }: [AppInfo(enabled=true, longVersionCode=15001332, packageName=com.google.android.katniss, versionCode=15001332, versionName=7.15.20240818.2)]
10-04 09:32:43.793  9330  9374 I katniss_interactor_StartupTaskManager: DscAccessorCacheStartupTask running
10-04 09:32:43.794  9330  9374 I katniss_interactor_StartupTaskManager: DscAccessorCacheStartupTask ran in PT0.0003265S
10-04 09:32:43.794  9330  9374 I katniss_interactor_StartupTaskManager: KatnissAccountManagerStartupTask running
10-04 09:32:43.796  9330  9373 I katniss_interactor_KatnissAccountManagerImpl: Read invalid search account from PDS
10-04 09:32:43.796  9330  9373 I katniss_interactor_KatnissAccountManagerImpl: Read invalid search account from PDS
10-04 09:32:43.799  9330  9373 I katniss_interactor_KatnissAccountManagerImpl: Read invalid search account from PDS
10-04 09:32:43.802  9330  9373 I katniss_interactor_StartupTaskManager: PendingCheckAutoLogoutAccessorCacheStartupTask running
10-04 09:32:43.802  9330  9373 I katniss_interactor_StartupTaskManager: PendingCheckAutoLogoutAccessorCacheStartupTask ran in PT0.000225S
10-04 09:32:43.803  9330  9373 I katniss_interactor_StartupTaskManager: KidsModeDataAccessorCacheStartupTask running
10-04 09:32:43.804  9330  9373 I katniss_interactor_StartupTaskManager: KidsModeDataAccessorCacheStartupTask ran in PT0.000179791S
10-04 09:32:43.804  9330  9330 D CompatibilityChangeReporter: Compat change id reported: 183155436; UID 10070; state: ENABLED
10-04 09:32:43.804  9330  9373 I katniss_interactor_StartupTaskManager: TokenUpdaterStartupTask running
10-04 09:32:43.805  9330  9373 I katniss_interactor_TokenUpdaterImpl: Starting TokenUpdater.
10-04 09:32:43.806  9330  9373 I katniss_interactor_StartupTaskManager: TokenUpdaterStartupTask ran in PT0.001600708S
10-04 09:32:43.806  9330  9373 I katniss_interactor_StartupTaskManager: FileCleanerStartupTask running
10-04 09:32:43.806  9330  9373 I katniss_interactor_FileCleanerStartupTask: Deleting obsolete files and directories
10-04 09:32:43.807  9330  9373 I katniss_interactor_StartupTaskManager: CastStartupTask ran in PT0.091521833S
10-04 09:32:43.809  9330  9373 I katniss_interactor_KatnissAccountManagerImpl: Read invalid search account from PDS
10-04 09:32:43.815   441   455 D hdmicecd: [CEC]:printCecMessage, [4 -> 0] len: 1, body: 0d, result:no ack
10-04 09:32:43.816  9330  9377 D nativeloader: Configuring clns-6 for other apk /system/framework/com.android.location.provider.jar. target_sdk_version=34, uses_libraries=ALL, library_path=/data/app/~~UrSo5sLxvN8sMY38JlK5Eg==/com.google.android.gms-Q-AUMzGeb03V_lWofGjT8A==/lib/arm:/data/app/~~UrSo5sLxvN8sMY38JlK5Eg==/com.google.android.gms-Q-AUMzGeb03V_lWofGjT8A==/base.apk!/lib/armeabi-v7a, permitted_path=/data:/mnt/expand:/data/user/0/com.google.android.gms
10-04 09:32:43.817  9330  9374 I katniss_interactor_KatnissAccountManagerImpl: Retrieved 0 Google account from GMS.
10-04 09:32:43.817  9330  9373 I katniss_interactor_KatnissAccountManagerImpl: Read invalid search account from PDS
10-04 09:32:43.819  9330  9374 I katniss_interactor_GlobalAccountsAccessor: Writing 0 accounts
10-04 09:32:43.823  9330  9373 I katniss_interactor_StartupTaskManager: PackageCacheStartupTask ran in PT0.086336542S
10-04 09:32:43.823  9330  9373 I katniss_interactor_StartupTaskManager: FileCleanerStartupTask ran in PT0.0166455S
10-04 09:32:43.823  9330  9374 I katniss_interactor_KatnissAccountManagerImpl: Retrieved 0 Google account from GMS.
10-04 09:32:43.824  9330  9374 I katniss_interactor_GlobalAccountsAccessor: Writing 0 accounts
10-04 09:32:43.825  9330  9373 I katniss_interactor_SearchAccountResolverImpl: No adult account available, clearing the search account.
10-04 09:32:43.828  9330  9330 I katniss_interactor_CecConfigFactory: Using HdmiControlManager for CEC settings
10-04 09:32:43.829  9330  9374 I katniss_interactor_KatnissAccountManagerImpl: Read invalid search account from PDS
10-04 09:32:43.830  9330  9374 I katniss_interactor_KatnissAccountManagerImpl: Updating searchAccount
10-04 09:32:43.831  9330  9374 I katniss_interactor_KatnissAccountManagerImpl: Read empty search account from PDS
10-04 09:32:43.831  9330  9330 I katniss_interactor_CecConfigFactory: Using HdmiControlManager for CEC settings
10-04 09:32:43.833  9330  9374 I katniss_interactor_ThirdPartyCapabilitiesUpdater: Account changed.
10-04 09:32:43.833  9330  9373 I katniss_interactor_KatnissAccountManagerImpl: Read invalid search account from PDS
10-04 09:32:43.833  9330  9374 I katniss_interactor_StartupTaskManager: KatnissAccountManagerStartupTask ran in PT0.039077292S
10-04 09:32:43.834  9330  9373 I katniss_interactor_KatnissAccountManagerImpl: Read invalid search account from PDS
10-04 09:32:43.834  9330  9374 I katniss_interactor_KatnissAccountManagerImpl: Read invalid search account from PDS
10-04 09:32:43.835  9330  9374 I katniss_interactor_KatnissAccountManagerImpl: Read invalid search account from PDS
10-04 09:32:43.838  9330  9330 I katniss_interactor_CecConfigFactory: Using HdmiControlManager for CEC settings
10-04 09:32:43.839  9330  9374 I katniss_interactor_KatnissVoiceInteractionServicePeer: Setting up Katniss.
10-04 09:32:43.839  9330  9373 W AudioManager: attempt to call unregisterAudioPlaybackCallback() on a callback that was never registered
10-04 09:32:43.840  9330  9352 I katniss_interactor_KatnissVoiceInteractionServicePeer: Mirrored settings already exist. Skipping mirrored settings initialization.
10-04 09:32:43.840  9330  9330 I katniss_interactor_KatnissVoiceInteractionServicePeer: onBind(Intent { act=android.service.voice.VoiceInteractionService cmp=com.google.android.katniss/.search.serviceapi.KatnissVoiceInteractionService })
10-04 09:32:43.840  9330  9373 I katniss_interactor_ScreenOffModeAudioPolicyEnforcerImpl: Not changing mute status because of OEM's flag 
10-04 09:32:43.845  9330  9374 I katniss_interactor_AssistantWrapperImpl: Method[maybeToggleHotwordStateWithReason] called while Assistant is not running.
10-04 09:32:43.846  9330  9374 W Settings: Setting device_provisioned has moved from android.provider.Settings.Secure to android.provider.Settings.Global.
10-04 09:32:43.850  9330  9330 I katniss_interactor_KatnissVoiceInteractionServicePeer: onReady
10-04 09:32:43.854  9330  9374 I katniss_interactor_KatnissVoiceInteractionServicePeer: Skip DspManager check.
10-04 09:32:43.854  9330  9374 I katniss_interactor_AssistantWrapperImpl: In state[UNINITIALIZED] received signal[INITIALIZE].
10-04 09:32:43.854  9330  9374 I katniss_interactor_AssistantWrapperImpl: Setting state to [UNINITIALIZED]
10-04 09:32:43.855  9330  9374 I katniss_interactor_AssistantWrapperImpl: Starting initialization.
10-04 09:32:43.855  9330  9373 I katniss_interactor_AssistantWrapperImpl: Creating LibAssistant config string
10-04 09:32:43.856  9330  9373 I katniss_interactor_AssistantWrapperImpl: hotword=false, hotwordSupported=true, isHotwordAcceptedAndToggled=false, isScreenOn=true, isScreenlessSupported=true, isDeviceProvisioned=true, hardwareHotwordMicOn=true
10-04 09:32:43.857  9330  9373 W libc    : Access denied finding property "ro.vendor.opa.device_model_id"
10-04 09:32:43.857  9330  9374 I katniss_interactor_KatnissAccountManagerImpl: Read invalid search account from PDS
10-04 09:32:43.859  9330  9377 D nativeloader: Configuring clns-7 for other apk /data/app/~~UrSo5sLxvN8sMY38JlK5Eg==/com.google.android.gms-Q-AUMzGeb03V_lWofGjT8A==/base.apk. target_sdk_version=34, uses_libraries=, library_path=/data/app/~~UrSo5sLxvN8sMY38JlK5Eg==/com.google.android.gms-Q-AUMzGeb03V_lWofGjT8A==/lib/arm:/data/app/~~UrSo5sLxvN8sMY38JlK5Eg==/com.google.android.gms-Q-AUMzGeb03V_lWofGjT8A==/base.apk!/lib/armeabi-v7a, permitted_path=/data:/mnt/expand:/data/user/0/com.google.android.gms
10-04 09:32:43.859  9330  9373 I katniss_interactor_AssistantWrapperImpl: Libassistant load started
10-04 09:32:43.861  9330  9374 I katniss_interactor_KatnissVoiceInteractionServicePeer: isActiveVIS: true
10-04 09:32:43.863  9330  9374 I katniss_interactor_DspManager: Screen state changed to: true
10-04 09:32:43.863  9330  9374 I katniss_interactor_DspManager: DspManager not initialized yet.
10-04 09:32:43.863  9330  9374 I katniss_interactor_AssistantWrapperImpl: Method[maybeToggleHotwordStateWithReason] called while Assistant is not running.
10-04 09:32:43.867  9330  9374 I katniss_interactor_KatnissVoiceInteractionServicePeer: #doSetup in #startSetup succeeded
10-04 09:32:43.871   441   455 D hdmicecd: [CEC]:printCecMessage, [4 -> 0] len: 1, body: 0d, result:no ack
10-04 09:32:43.871   441   455 E IPCThreadState: binder thread pool (1 threads) starved for 111 ms
10-04 09:32:43.926   441   455 D hdmicecd: [CEC]:printCecMessage, [4 -> 0] len: 1, body: 0d, result:no ack
10-04 09:32:43.983   441   455 D hdmicecd: [CEC]:printCecMessage, [4 -> 0] len: 1, body: 0d, result:no ack
10-04 09:32:43.983   441   455 E IPCThreadState: binder thread pool (1 threads) starved for 112 ms
10-04 09:32:44.006  9330  9352 I katniss_interactor_LocationStartupTask: Received Location[fused 28.666667,77.273580 hAcc=2000.0 et=+11h14m9s741ms]
10-04 09:32:44.006  9330  9352 I katniss_interactor_LocationStartupTask: Not writing new location since the last one is only PT11H14M23.703S old and the new one is only 0.0 meters away
10-04 09:32:44.203  9330  9374 I katniss_interactor_AssistantWrapperImpl: Libassistant load finished
10-04 09:32:44.204  9330  9374 I katniss_interactor_AssistantWrapperImpl: Creating AssistantManagerNative
10-04 09:32:44.207  9330  9374 I native  : I0000 00:00:1728014564.207778    9374 android_audio_providers.cc:118] Parsing near field config
10-04 09:32:44.208  9330  9374 I native  : I0000 00:00:1728014564.208238    9374 android_audio_providers.cc:66] [Near field]: Sample rate: 16000, num channels: 1, sample format: 0
10-04 09:32:44.208  9330  9374 I native  : I0000 00:00:1728014564.208526    9374 android_audio_providers.cc:73] Parsing loopback config
10-04 09:32:44.209  9330  9374 I native  : I0000 00:00:1728014564.209477    9374 android_audio_providers.cc:66] [Loopback]: Sample rate: 16000, num channels: 2, sample format: 0
10-04 09:32:44.211  9330  9374 I assistant: [INFO:android_volume_control_impl.cc(192)] Volume steps set to: 25
10-04 09:32:44.234  9330  9377 V NativeCrypto: Registering com/google/android/gms/org/conscrypt/NativeCrypto's 305 native methods...
10-04 09:32:44.235  9330  9374 I assistant: [INFO:assistant_manager_native.cc(465)] AddDeviceStateListener
10-04 09:32:44.236  9330  9374 I assistant: [INFO:assistant_manager_native.cc(477)] AddConversationStateListener
10-04 09:32:44.238  9330  9374 I assistant: [INFO:assistant_manager_native.cc(491)] SetTestStateChangeObserver
10-04 09:32:44.238  9330  9374 I katniss_interactor_AssistantWrapperImpl: Registering AecProbeReceiver
10-04 09:32:44.240  9330  9374 I katniss_interactor_AssistantWrapperImpl: Subscribing to AppCapabilities and ThirdPartyCapabilities updates
10-04 09:32:44.240  9330  9374 I katniss_interactor_AssistantWrapperImpl: Toggling LocalGrpcMediaExecution
10-04 09:32:44.240  9330  9374 I cr_AssistantManagerNative: Enabling local GRPC execution
10-04 09:32:44.240  9330  9374 D BindingManager: with
10-04 09:32:44.240  9330  9374 D BindingManager: bind to service
10-04 09:32:44.248  9330  9373 I katniss_interactor_AssistantWrapperImpl: Attaching ZwiebackUpdateEventListener
10-04 09:32:44.249  9330  9373 I katniss_interactor_AssistantWrapperImpl: Registering LocaleChangeEventListener
10-04 09:32:44.249  9330  9373 I assistant: [INFO:assistant_manager_native.cc(523)] Adding LocaleChangeEventListener
10-04 09:32:44.249  9330  9373 I katniss_interactor_AssistantWrapperImpl: Updating Locale Override
10-04 09:32:44.249  9330  9373 I katniss_interactor_AssistantWrapperImpl: Registering AudioInputEventListeners
10-04 09:32:44.250  9330  9373 I assistant: [INFO:assistant_manager_native.cc(511)] Adding AudioInputEventListener
10-04 09:32:44.250  9330  9373 I katniss_interactor_AssistantWrapperImpl: Registering ActionExecutors
10-04 09:32:44.261  9330  9330 D WM-PackageManagerHelper: Skipping component enablement for androidx.work.impl.background.systemjob.SystemJobService
10-04 09:32:44.261  9330  9330 D WM-Schedulers: Created SystemJobScheduler and enabled SystemJobService
10-04 09:32:44.263  9330  9348 D WM-ForceStopRunnable: The default process name was not specified.
10-04 09:32:44.263  9330  9373 I katniss_interactor_AssistantWrapperImpl: Attaching Start-completion Listener
10-04 09:32:44.263  9330  9330 I katniss_interactor_CecConfigFactory: Using HdmiControlManager for CEC settings
10-04 09:32:44.263  9330  9374 I katniss_interactor_AssistantWrapperImpl: Registering DeviceActionHandler
10-04 09:32:44.263  9330  9374 I assistant: [INFO:assistant_manager_native.cc(544)] RegisterDeviceActionHandler
10-04 09:32:44.263  9330  9348 D WM-ForceStopRunnable: Performing cleanup operations.
10-04 09:32:44.264  9330  9330 I BindingManager: Bound service connected
10-04 09:32:44.264  9330  9330 D RetryBindingHandler: Remove all enqueued WHAT_RETRY_BIND_SERVICE messages
10-04 09:32:44.264  9330  9373 I katniss_interactor_AssistantWrapperImpl: Starting LibAssistant
10-04 09:32:44.264  9330  9373 I assistant: [INFO:assistant_manager_native.cc(256)] Starting assistant
10-04 09:32:44.265  9330  9374 D CompatibilityChangeReporter: Compat change id reported: 240663182; UID 10070; state: ENABLED
10-04 09:32:44.267  9330  9390 W native  : W0000 00:00:1728014564.267377    9390 publisher.cc:35] [FTL] No subscribers for event "assistant.api.events.RecognitionEvent" from publisher "InitializeInternal"
10-04 09:32:44.270  9330  9390 W native  : W0000 00:00:1728014564.270582    9390 flag_manager_impl.cc:281] Unknown flag ActionQueue__enable_dispatching_fix. will infer its type using value=true
10-04 09:32:44.271  9330  9399 E native  : E0000 00:00:1728014564.271319    9399 ip_address_util.cc:23] Failed to get netmask
10-04 09:32:44.272  9330  9399 E native  : E0000 00:00:1728014564.272281    9399 ip_address_util.cc:23] Failed to get netmask
10-04 09:32:44.276  9330  9330 I cr_AssistantManagerNative$AssistantLocalGrpcAuthCallback: local grpc token update
10-04 09:32:44.276  9330  9330 D RetryBindingHandler: reset retry binding handler
10-04 09:32:44.276  9330  9330 D RetryBindingHandler: Remove all enqueued WHAT_RETRY_BIND_SERVICE messages
10-04 09:32:44.337   426  1494 D rtk_heartbeat: heartbeat_timed_out: heartbeatCmdCount = 40469, expected nextSeqNum = 40469
10-04 09:32:44.338   426  1381 D rtk_heartbeat: rtkbt_heartbeat_cmpl_cback: Current SeqNum = 40469,should SeqNum=40469, status = 0
10-04 09:32:44.346  9330  9348 D CompatibilityChangeReporter: Compat change id reported: 160794467; UID 10070; state: ENABLED
10-04 09:32:44.362  9330  9390 W native  : W0000 00:00:1728014564.362755    9390 phenotype_fetcher.cc:174] Failed to get the committed configuration for com.google.libassistant due to lack of registration info.
10-04 09:32:44.398  9330  9390 I tflite  : Initialized TensorFlow Lite runtime.
10-04 09:32:44.399  9330  9390 W libc    : Access denied finding property "ro.hardware.chipname"
10-04 09:32:44.461  1154  1154 I ThermalService: CPU temperatures: [45.4]
10-04 09:32:44.490     0     0 W [3 T1289  ..] RTW: rtw_get_sta_tx_stat() not support
10-04 09:32:44.491     0     0 W [3 T1289  ..] RTW: cfg80211_rtw_get_txpower
10-04 09:32:44.521  9330  9390 I katniss_interactor_DspManager: dspManagerCallback not initialized yet. Skip creating Dsp hotword detector.
10-04 09:32:44.521  9330  9390 W native  : W0000 00:00:1728014564.521704    9390 publisher.cc:35] [FTL] No subscribers for event "assistant.api.events.DeviceStateEvent" from publisher "InitializeInternal"
10-04 09:32:44.542  9330  9390 W native  : W0000 00:00:1728014564.542104    9390 publisher.cc:35] [FTL] No subscribers for event "assistant.api.events.DeviceStateEvent" from publisher "InitializeInternal"
10-04 09:32:44.542  9330  9390 W native  : W0000 00:00:1728014564.542774    9390 publisher.cc:35] [FTL] No subscribers for event "assistant.api.events.DeviceStateEvent" from publisher "InitializeInternal"
10-04 09:32:44.542  9330  9398 W native  : W0000 00:00:1728014564.542866    9398 publisher.cc:35] [FTL] No subscribers for event "assistant.api.events.MetricEvent" from publisher "RecordCastEventImpl"
10-04 09:32:44.543  9330  9398 W native  : W0000 00:00:1728014564.543241    9398 publisher.cc:35] [FTL] No subscribers for event "assistant.api.events.ConversationEvent" from publisher "ActivityManagerImpl"
10-04 09:32:44.543  9330  9373 I katniss_interactor_AssistantWrapperImpl: In state[INITIALIZING] received signal[INIT_FINISHED].
10-04 09:32:44.543  9330  9398 W native  : W0000 00:00:1728014564.543471    9398 phenotype_manager_impl.cc:145] No registration info was found.
10-04 09:32:44.543  9330  9398 W native  : W0000 00:00:1728014564.543544    9398 phenotype_manager_impl.cc:145] GetServerTriggerTokens: Some packages' data could not be read
10-04 09:32:44.543  9330  9373 I katniss_interactor_AssistantWrapperImpl: Setting state to [INITIALIZING]
10-04 09:32:44.544  9330  9373 I katniss_interactor_AssistantWrapperImpl: Assistant is now running.
10-04 09:32:44.548  9330  9373 I katniss_interactor_ThirdPartyCapabilitiesUpdater: refreshThirdPartyCapabilities
10-04 09:32:44.553  9330  9374 I katniss_interactor_KatnissAccountManagerImpl: Read invalid search account from PDS
10-04 09:32:44.554  9330  9390 W native  : W0000 00:00:1728014564.554898    9390 publisher.cc:35] [FTL] No subscribers for event "assistant.api.events.MetricEvent" from publisher "UmaMetricsForwarder"
10-04 09:32:44.555  9330  9374 I katniss_interactor_KatnissAccountManagerImpl: Read invalid search account from PDS
10-04 09:32:44.556  9330  9373 I katniss_interactor_KatnissAccountManagerImpl: Read invalid search account from PDS
10-04 09:32:44.557  9330  9373 I katniss_interactor_KatnissAccountManagerImpl: Read invalid search account from PDS
10-04 09:32:44.561  9330  9426 I katniss_interactor_KatnissAccountManagerImpl: Read invalid search account from PDS
10-04 09:32:44.580  9330  9374 I katniss_interactor_UiClientOpHandler: GetConversationParams starts
10-04 09:32:44.583  9330  9374 I katniss_interactor_UiClientOpHandler: Fetched foregroundAppPackage: com.airtel.tv
10-04 09:32:44.584  9330  9374 I katniss_interactor_KatnissAccountManagerImpl: Read invalid search account from PDS
10-04 09:32:44.585  9330  9337 I niss:interactor: Method exceeds compiler instruction limit: 18872 in java.lang.Object eje.b()
10-04 09:32:44.587  9330  9373 I katniss_interactor_KatnissAccountManagerImpl: Read invalid search account from PDS
10-04 09:32:44.595  9330  9425 I katniss_interactor_KatnissAccountManagerImpl: Read invalid search account from PDS
10-04 09:32:44.605  9330  9373 I katniss_interactor_UiClientOpHandler: GetConversationParams ends
10-04 09:32:44.607  9330  9398 W native  : W0000 00:00:1728014564.607314    9398 phenotype_manager_impl.cc:145] GetServerTriggerTokens: Some packages' data could not be read
10-04 09:32:44.607  9330  9398 W native  : W0000 00:00:1728014564.607568    9398 publisher.cc:35] [FTL] No subscribers for event "assistant.api.events.ConversationEvent" from publisher "S3Session"
10-04 09:32:44.617  9330  9374 I assistant: [INFO:assistant_manager_native.cc(410)] SetLocation lat:28.6667 long: 77.2736
10-04 09:32:44.620  9330  9373 I katniss_interactor_TokenUpdaterImpl: Stopping TokenUpdater.
10-04 09:32:44.622  9330  9374 I katniss_interactor_TokenUpdaterImpl: Starting TokenUpdater.
10-04 09:32:44.628  9330  9373 I katniss_interactor_KatnissAccountManagerImpl: Retrieved 0 Google account from GMS.
10-04 09:32:44.629  9330  9373 I katniss_interactor_GlobalAccountsAccessor: Writing 0 accounts
10-04 09:32:44.629  9330  9374 W katniss_interactor_CastIdUpdaterImpl: CastIdUpdater job not running. Ignoring stop().
10-04 09:32:44.631  9330  9373 I katniss_interactor_KatnissAccountManagerImpl: Read invalid search account from PDS
10-04 09:32:44.632  9330  9374 I katniss_interactor_KatnissIpcConnection: Starting the connection to the target service. .KatnissSearchProcessService
10-04 09:32:44.632  9330  9373 I katniss_interactor_AssistantWrapperImpl: In state[RUNNING] received signal[TOKEN_REFRESHED].
10-04 09:32:44.632  9330  9373 I katniss_interactor_CastIdUpdaterImpl: Retrieved valid castId
10-04 09:32:44.632  9330  9373 I katniss_interactor_AssistantWrapperImpl: In state[RUNNING] received signal[CAST_ID_RETRIEVED].
10-04 09:32:44.637   696   800 D CompatibilityChangeReporter: Compat change id reported: 135634846; UID 10070; state: DISABLED
10-04 09:32:44.638   696   818 D CompatibilityChangeReporter: Compat change id reported: 143937733; UID 10070; state: ENABLED
10-04 09:32:44.640  9330  9374 I assistant: [INFO:assistant_manager_native.cc(308)] Setting Assistant access tokens.
10-04 09:32:44.661   400   400 D Zygote  : Forked child process 9427
10-04 09:32:44.662   696   818 I ActivityManager: Start proc 9427:com.google.android.katniss:search/u0a70 for service {com.google.android.katniss/com.google.android.apps.tvsearch.controller.libas.KatnissSearchProcessService}
10-04 09:32:44.679  9427  9427 I .katniss:search: Using CollectorTypeCC GC.
10-04 09:32:44.688  9427  9427 E .katniss:search: Not starting debugger since process cannot load the jdwp agent.
10-04 09:32:44.710   696   696 D HDMI    : one touch play retry:3
10-04 09:32:44.711   696   949 D HDMI    : [S]:<Text View On> 40:0D
10-04 09:32:44.726  9330  9390 I katniss_interactor_AssistantWrapperImpl: LibAssistant received Auth Token in sign-out mode.
10-04 09:32:44.726  9330  9390 W native  : W0000 00:00:1728014564.726778    9390 publisher.cc:35] [FTL] No subscribers for event "assistant.api.events.DeviceStateEvent" from publisher "InitializeInternal"
10-04 09:32:44.735  9330  9377 W ActivityThread: ClassLoader.loadClass: The class loader returned by Thread.getContextClassLoader() may fail for processes that host multiple applications. You should explicitly specify a context class loader. For example: Thread.setContextClassLoader(getClass().getClassLoader());
10-04 09:32:44.738  9427  9427 D CompatibilityChangeReporter: Compat change id reported: 171979766; UID 10070; state: ENABLED
10-04 09:32:44.738  9427  9427 D CompatibilityChangeReporter: Compat change id reported: 242716250; UID 10070; state: ENABLED
10-04 09:32:44.750  9427  9427 D nativeloader: Configuring clns-4 for other apk /system/framework/org.apache.http.legacy.jar. target_sdk_version=34, uses_libraries=ALL, library_path=/data/app/~~6-DNF2Dr42OksMlsH5zYYQ==/com.google.android.katniss-hZRuuPaueIHcMmJs6RF8vA==/lib/arm:/data/app/~~6-DNF2Dr42OksMlsH5zYYQ==/com.google.android.katniss-hZRuuPaueIHcMmJs6RF8vA==/base.apk!/lib/armeabi-v7a:/data/app/~~6-DNF2Dr42OksMlsH5zYYQ==/com.google.android.katniss-hZRuuPaueIHcMmJs6RF8vA==/split_config.armeabi_v7a.apk!/lib/armeabi-v7a:/data/app/~~6-DNF2Dr42OksMlsH5zYYQ==/com.google.android.katniss-hZRuuPaueIHcMmJs6RF8vA==/split_config.en.apk!/lib/armeabi-v7a:/data/app/~~6-DNF2Dr42OksMlsH5zYYQ==/com.google.android.katniss-hZRuuPaueIHcMmJs6RF8vA==/split_config.gu.apk!/lib/armeabi-v7a, permitted_path=/data:/mnt/expand:/data/user/0/com.google.android.katniss
10-04 09:32:44.762  9330  9377 I ProviderInstaller: Installed default security provider GmsCore_OpenSSL
10-04 09:32:44.762  9330  9377 I katniss_interactor_SecurityProviderStartupTask: Security provider installed.
10-04 09:32:44.762  9330  9373 I katniss_interactor_StartupTaskManager: SecurityProviderStartupTask ran in PT1.025449542S
10-04 09:32:44.764  9330  9374 I katniss_interactor_StartupTaskManager: All tasks ran in PT1.334048209S
10-04 09:32:44.767   441   455 D hdmicecd: [CEC]:printCecMessage, [4 -> 0] len: 1, body: 0d, result:no ack
10-04 09:32:44.778  9427  9427 W ziparchive: Unable to open '/data/app/~~6-DNF2Dr42OksMlsH5zYYQ==/com.google.android.katniss-hZRuuPaueIHcMmJs6RF8vA==/split_config.armeabi_v7a.dm': No such file or directory
10-04 09:32:44.778  9427  9427 W ziparchive: Unable to open '/data/app/~~6-DNF2Dr42OksMlsH5zYYQ==/com.google.android.katniss-hZRuuPaueIHcMmJs6RF8vA==/split_config.armeabi_v7a.dm': No such file or directory
10-04 09:32:44.779  9427  9427 W .katniss:search: Entry not found
10-04 09:32:44.780  9427  9427 W ziparchive: Unable to open '/data/app/~~6-DNF2Dr42OksMlsH5zYYQ==/com.google.android.katniss-hZRuuPaueIHcMmJs6RF8vA==/split_config.en.dm': No such file or directory
10-04 09:32:44.781  9427  9427 W ziparchive: Unable to open '/data/app/~~6-DNF2Dr42OksMlsH5zYYQ==/com.google.android.katniss-hZRuuPaueIHcMmJs6RF8vA==/split_config.en.dm': No such file or directory
10-04 09:32:44.781  9427  9427 W .katniss:search: Entry not found
10-04 09:32:44.782  9427  9427 W ziparchive: Unable to open '/data/app/~~6-DNF2Dr42OksMlsH5zYYQ==/com.google.android.katniss-hZRuuPaueIHcMmJs6RF8vA==/split_config.gu.dm': No such file or directory
10-04 09:32:44.782  9427  9427 W ziparchive: Unable to open '/data/app/~~6-DNF2Dr42OksMlsH5zYYQ==/com.google.android.katniss-hZRuuPaueIHcMmJs6RF8vA==/split_config.gu.dm': No such file or directory
10-04 09:32:44.783  9427  9427 W .katniss:search: Entry not found
10-04 09:32:44.786  9427  9427 D nativeloader: Configuring clns-5 for other apk /data/app/~~6-DNF2Dr42OksMlsH5zYYQ==/com.google.android.katniss-hZRuuPaueIHcMmJs6RF8vA==/base.apk:/data/app/~~6-DNF2Dr42OksMlsH5zYYQ==/com.google.android.katniss-hZRuuPaueIHcMmJs6RF8vA==/split_config.armeabi_v7a.apk:/data/app/~~6-DNF2Dr42OksMlsH5zYYQ==/com.google.android.katniss-hZRuuPaueIHcMmJs6RF8vA==/split_config.en.apk:/data/app/~~6-DNF2Dr42OksMlsH5zYYQ==/com.google.android.katniss-hZRuuPaueIHcMmJs6RF8vA==/split_config.gu.apk. target_sdk_version=34, uses_libraries=, library_path=/data/app/~~6-DNF2Dr42OksMlsH5zYYQ==/com.google.android.katniss-hZRuuPaueIHcMmJs6RF8vA==/lib/arm:/data/app/~~6-DNF2Dr42OksMlsH5zYYQ==/com.google.android.katniss-hZRuuPaueIHcMmJs6RF8vA==/base.apk!/lib/armeabi-v7a:/data/app/~~6-DNF2Dr42OksMlsH5zYYQ==/com.google.android.katniss-hZRuuPaueIHcMmJs6RF8vA==/split_config.armeabi_v7a.apk!/lib/armeabi-v7a:/data/app/~~6-DNF2Dr42OksMlsH5zYYQ==/com.google.android.katniss-hZRuuPaueIHcMmJs6RF8vA==/split_config.en.apk!/lib/armeabi-v7a:/data/app/~~6-DNF2Dr42OksMlsH
10-04 09:32:44.802  9427  9427 V GraphicsEnvironment: Currently set values for:
10-04 09:32:44.802  9427  9427 V GraphicsEnvironment:   angle_gl_driver_selection_pkgs=[]
10-04 09:32:44.802  9427  9427 V GraphicsEnvironment:   angle_gl_driver_selection_values=[]
10-04 09:32:44.805  9427  9427 V GraphicsEnvironment: ANGLE GameManagerService for com.google.android.katniss: false
10-04 09:32:44.805  9427  9427 V GraphicsEnvironment: com.google.android.katniss is not listed in per-application setting
10-04 09:32:44.805  9427  9427 V GraphicsEnvironment: Neither updatable production driver nor prerelease driver is supported.
10-04 09:32:44.813  9427  9427 I MultiDex: Installing application
10-04 09:32:44.814  9427  9427 I MultiDex: VM with version 2.1.0 has multidex support
10-04 09:32:44.814  9427  9427 I MultiDex: VM has multidex support, MultiDex support library is disabled.
10-04 09:32:44.822   441   455 D hdmicecd: [CEC]:printCecMessage, [4 -> 0] len: 1, body: 0d, result:no ack
10-04 09:32:44.823   441   455 E IPCThreadState: binder thread pool (1 threads) starved for 112 ms
10-04 09:32:44.823  9427  9427 D CompatibilityChangeReporter: Compat change id reported: 183155436; UID 10070; state: ENABLED
10-04 09:32:44.826  9427  9427 I FirebaseApp: Device unlocked: initializing all Firebase APIs for app [DEFAULT]
10-04 09:32:44.839  9427  9427 I FirebaseInitProvider: FirebaseApp initialization successful
10-04 09:32:44.870  9427  9454 I DynamiteModule: Considering local module com.google.android.gms.measurement.dynamite:124 and remote module com.google.android.gms.measurement.dynamite:125
10-04 09:32:44.870  9427  9454 I DynamiteModule: Selected remote version of com.google.android.gms.measurement.dynamite, version >= 125
10-04 09:32:44.870  9427  9454 V DynamiteModule: Dynamite loader version >= 2, using loadModule2NoCrashUtils
10-04 09:32:44.877  9427  9427 D CompatibilityChangeReporter: Compat change id reported: 3400644; UID 10070; state: ENABLED
