10-04 09:26:55.042   696  3336 W JobScheduler: Job didn't exist in JobStore: 9aacb20 #u0a43/1162 com.airtel.tv/androidx.work.impl.background.systemjob.SystemJobService
10-04 09:26:55.073  8084  8084 D IPTV_KPI: TAB_LOAD : 944 ms
10-04 09:26:55.115  8084  8084 I showFeaturedBanner: 
10-04 09:26:55.164  8084  8084 E ConstraintLayout: layout_constraintWidth_default="wrap" is deprecated.
10-04 09:26:55.164  8084  8084 E ConstraintLayout: Use layout_width="WRAP_CONTENT" and layout_constrainedWidth="true" instead.
10-04 09:26:55.180  8084  8559 D TrafficStats: tagSocket(128) with statsTag=0xffffffff, statsUid=-1
10-04 09:26:55.188  8084  8703 E ThemeUtils: View class com.airbnb.lottie.LottieAnimationView is an AppCompat widget that can only be used with a Theme.AppCompat theme (or descendant).
10-04 09:26:55.193  8084  8703 E ThemeUtils: View class androidx.appcompat.widget.AppCompatTextView is an AppCompat widget that can only be used with a Theme.AppCompat theme (or descendant).
10-04 09:26:55.206  8084  8703 E ThemeUtils: View class androidx.appcompat.widget.AppCompatTextView is an AppCompat widget that can only be used with a Theme.AppCompat theme (or descendant).
10-04 09:26:55.215  8084  8703 D SmartAsyncLayoutInflater: The background thread failed to inflate. Inflation falls back to the main thread. Error message=Binary XML file line #2 in com.airtel.tv:layout/custom_header_view: Binary XML file line #2 in com.airtel.tv:layout/custom_header_view: Error inflating class <unknown>
10-04 09:26:55.219  8084  8084 E ThemeUtils: View class androidx.appcompat.widget.AppCompatImageView is an AppCompat widget that can only be used with a Theme.AppCompat theme (or descendant).
10-04 09:26:55.229  8084  8084 E ThemeUtils: View class androidx.appcompat.widget.AppCompatImageView is an AppCompat widget that can only be used with a Theme.AppCompat theme (or descendant).
10-04 09:26:55.248  8084  8084 E ThemeUtils: View class androidx.appcompat.widget.AppCompatImageView is an AppCompat widget that can only be used with a Theme.AppCompat theme (or descendant).
10-04 09:26:55.257  8084  8084 E ThemeUtils: View class androidx.appcompat.widget.AppCompatImageView is an AppCompat widget that can only be used with a Theme.AppCompat theme (or descendant).
10-04 09:26:55.275  8084  8084 E ThemeUtils: View class androidx.appcompat.widget.AppCompatImageView is an AppCompat widget that can only be used with a Theme.AppCompat theme (or descendant).
10-04 09:26:55.275   426  1494 D rtk_heartbeat: heartbeat_timed_out: heartbeatCmdCount = 40120, expected nextSeqNum = 40120
10-04 09:26:55.277   426  1381 D rtk_heartbeat: rtkbt_heartbeat_cmpl_cback: Current SeqNum = 40120,should SeqNum=40120, status = 0
10-04 09:26:55.283  8084  8084 E ThemeUtils: View class androidx.appcompat.widget.AppCompatImageView is an AppCompat widget that can only be used with a Theme.AppCompat theme (or descendant).
10-04 09:26:55.298  8084  8084 E ThemeUtils: View class androidx.appcompat.widget.AppCompatImageView is an AppCompat widget that can only be used with a Theme.AppCompat theme (or descendant).
10-04 09:26:55.305  8084  8084 E ThemeUtils: View class androidx.appcompat.widget.AppCompatImageView is an AppCompat widget that can only be used with a Theme.AppCompat theme (or descendant).
10-04 09:26:55.316  8084  8084 E ThemeUtils: View class androidx.appcompat.widget.AppCompatImageView is an AppCompat widget that can only be used with a Theme.AppCompat theme (or descendant).
10-04 09:26:55.322  8084  8084 E ThemeUtils: View class androidx.appcompat.widget.AppCompatImageView is an AppCompat widget that can only be used with a Theme.AppCompat theme (or descendant).
10-04 09:26:55.332  8084  8084 E ThemeUtils: View class androidx.appcompat.widget.AppCompatImageView is an AppCompat widget that can only be used with a Theme.AppCompat theme (or descendant).
10-04 09:26:55.339  8084  8084 E ThemeUtils: View class androidx.appcompat.widget.AppCompatImageView is an AppCompat widget that can only be used with a Theme.AppCompat theme (or descendant).
10-04 09:26:55.348  8641  8641 D MonkeyStub: translateCommand: press DPAD_DOWN
10-04 09:26:55.350   459   459 I lights-tch: flashMode 0 id 2 onMs 0 offMs 0 brightness 0
10-04 09:26:55.353   459   459 I lights-tch: flashMode 0 id 2 onMs 0 offMs 0 brightness 225
10-04 09:26:55.369  8084  8084 E ConstraintLayout: layout_constraintWidth_default="wrap" is deprecated.
10-04 09:26:55.369  8084  8084 E ConstraintLayout: Use layout_width="WRAP_CONTENT" and layout_constrainedWidth="true" instead.
10-04 09:26:55.378  8084  8703 E ThemeUtils: View class com.airbnb.lottie.LottieAnimationView is an AppCompat widget that can only be used with a Theme.AppCompat theme (or descendant).
10-04 09:26:55.382  8084  8703 E ThemeUtils: View class androidx.appcompat.widget.AppCompatTextView is an AppCompat widget that can only be used with a Theme.AppCompat theme (or descendant).
10-04 09:26:55.387  8084  8703 E ThemeUtils: View class androidx.appcompat.widget.AppCompatTextView is an AppCompat widget that can only be used with a Theme.AppCompat theme (or descendant).
10-04 09:26:55.391  8084  8703 D SmartAsyncLayoutInflater: The background thread failed to inflate. Inflation falls back to the main thread. Error message=Binary XML file line #2 in com.airtel.tv:layout/custom_header_view: Binary XML file line #2 in com.airtel.tv:layout/custom_header_view: Error inflating class <unknown>
10-04 09:26:55.393  8084  8084 E ThemeUtils: View class androidx.appcompat.widget.AppCompatImageView is an AppCompat widget that can only be used with a Theme.AppCompat theme (or descendant).
10-04 09:26:55.398  8084  8084 E ThemeUtils: View class androidx.appcompat.widget.AppCompatImageView is an AppCompat widget that can only be used with a Theme.AppCompat theme (or descendant).
10-04 09:26:55.409  8084  8084 E ThemeUtils: View class androidx.appcompat.widget.AppCompatImageView is an AppCompat widget that can only be used with a Theme.AppCompat theme (or descendant).
10-04 09:26:55.414  8084  8084 E ThemeUtils: View class androidx.appcompat.widget.AppCompatImageView is an AppCompat widget that can only be used with a Theme.AppCompat theme (or descendant).
10-04 09:26:55.422  8084  8084 E ThemeUtils: View class androidx.appcompat.widget.AppCompatImageView is an AppCompat widget that can only be used with a Theme.AppCompat theme (or descendant).
10-04 09:26:55.427  8084  8084 E ThemeUtils: View class androidx.appcompat.widget.AppCompatImageView is an AppCompat widget that can only be used with a Theme.AppCompat theme (or descendant).
10-04 09:26:55.437  8084  8084 E ThemeUtils: View class androidx.appcompat.widget.AppCompatImageView is an AppCompat widget that can only be used with a Theme.AppCompat theme (or descendant).
10-04 09:26:55.442  8084  8084 E ThemeUtils: View class androidx.appcompat.widget.AppCompatImageView is an AppCompat widget that can only be used with a Theme.AppCompat theme (or descendant).
10-04 09:26:55.452  8084  8084 E ThemeUtils: View class androidx.appcompat.widget.AppCompatImageView is an AppCompat widget that can only be used with a Theme.AppCompat theme (or descendant).
10-04 09:26:55.457  8084  8084 E ThemeUtils: View class androidx.appcompat.widget.AppCompatImageView is an AppCompat widget that can only be used with a Theme.AppCompat theme (or descendant).
10-04 09:26:55.467  8084  8084 E ThemeUtils: View class androidx.appcompat.widget.AppCompatImageView is an AppCompat widget that can only be used with a Theme.AppCompat theme (or descendant).
10-04 09:26:55.471  8084  8084 E ThemeUtils: View class androidx.appcompat.widget.AppCompatImageView is an AppCompat widget that can only be used with a Theme.AppCompat theme (or descendant).
10-04 09:26:55.496  8084  8084 E ConstraintLayout: layout_constraintWidth_default="wrap" is deprecated.
10-04 09:26:55.496  8084  8084 E ConstraintLayout: Use layout_width="WRAP_CONTENT" and layout_constrainedWidth="true" instead.
10-04 09:26:55.505  8084  8703 E ThemeUtils: View class com.airbnb.lottie.LottieAnimationView is an AppCompat widget that can only be used with a Theme.AppCompat theme (or descendant).
10-04 09:26:55.509  8084  8703 E ThemeUtils: View class androidx.appcompat.widget.AppCompatTextView is an AppCompat widget that can only be used with a Theme.AppCompat theme (or descendant).
10-04 09:26:55.515  8084  8703 E ThemeUtils: View class androidx.appcompat.widget.AppCompatTextView is an AppCompat widget that can only be used with a Theme.AppCompat theme (or descendant).
10-04 09:26:55.519  8084  8703 D SmartAsyncLayoutInflater: The background thread failed to inflate. Inflation falls back to the main thread. Error message=Binary XML file line #2 in com.airtel.tv:layout/custom_header_view: Binary XML file line #2 in com.airtel.tv:layout/custom_header_view: Error inflating class <unknown>
10-04 09:26:55.522  8084  8084 E ThemeUtils: View class androidx.appcompat.widget.AppCompatImageView is an AppCompat widget that can only be used with a Theme.AppCompat theme (or descendant).
10-04 09:26:55.526  8084  8084 E ThemeUtils: View class androidx.appcompat.widget.AppCompatImageView is an AppCompat widget that can only be used with a Theme.AppCompat theme (or descendant).
10-04 09:26:55.536  8084  8084 E ThemeUtils: View class androidx.appcompat.widget.AppCompatImageView is an AppCompat widget that can only be used with a Theme.AppCompat theme (or descendant).
10-04 09:26:55.540  8084  8084 E ThemeUtils: View class androidx.appcompat.widget.AppCompatImageView is an AppCompat widget that can only be used with a Theme.AppCompat theme (or descendant).
10-04 09:26:55.549  8084  8084 E ThemeUtils: View class androidx.appcompat.widget.AppCompatImageView is an AppCompat widget that can only be used with a Theme.AppCompat theme (or descendant).
10-04 09:26:55.554  8084  8084 E ThemeUtils: View class androidx.appcompat.widget.AppCompatImageView is an AppCompat widget that can only be used with a Theme.AppCompat theme (or descendant).
10-04 09:26:55.564  8084  8084 E ThemeUtils: View class androidx.appcompat.widget.AppCompatImageView is an AppCompat widget that can only be used with a Theme.AppCompat theme (or descendant).
10-04 09:26:55.569  8084  8084 E ThemeUtils: View class androidx.appcompat.widget.AppCompatImageView is an AppCompat widget that can only be used with a Theme.AppCompat theme (or descendant).
10-04 09:26:55.577  8084  8084 E ThemeUtils: View class androidx.appcompat.widget.AppCompatImageView is an AppCompat widget that can only be used with a Theme.AppCompat theme (or descendant).
10-04 09:26:55.582  8084  8084 E ThemeUtils: View class androidx.appcompat.widget.AppCompatImageView is an AppCompat widget that can only be used with a Theme.AppCompat theme (or descendant).
10-04 09:26:55.591  8084  8084 E ThemeUtils: View class androidx.appcompat.widget.AppCompatImageView is an AppCompat widget that can only be used with a Theme.AppCompat theme (or descendant).
10-04 09:26:55.595  8084  8084 E ThemeUtils: View class androidx.appcompat.widget.AppCompatImageView is an AppCompat widget that can only be used with a Theme.AppCompat theme (or descendant).
10-04 09:26:55.660  8641  8641 D MonkeyStub: translateCommand: press DPAD_DOWN
10-04 09:26:55.663   459   459 I lights-tch: flashMode 0 id 2 onMs 0 offMs 0 brightness 0
10-04 09:26:55.666   459   459 I lights-tch: flashMode 0 id 2 onMs 0 offMs 0 brightness 225
10-04 09:26:55.708  8084  8084 D focus content view tv.airtel.xstream.widget.FeaturedBannerView{1b3d25f VFE...C.. .F....ID 0,0-
10-04 09:26:55.708  8084  8084 D focus content direction 130: 
10-04 09:26:55.709  8084  8084 D focus content view tv.airtel.xstream.widget.FeaturedBannerView{1b3d25f VFE...C.. .F....ID 0,0-
10-04 09:26:55.710  8084  8084 D focus content direction 130: 
10-04 09:26:55.710  8084  8084 D focus content view android.widget.FrameLayout{ff11012 VFE...C.. ........ 96,16-411,193 #7f0b01
10-04 09:26:55.710  8084  8084 D focus view tv.airtel.xstream.widget.FeaturedBannerView{1b3d25f VFE...C.. .F....ID 0,0-1920,700
10-04 09:26:55.710  8084  8084 D focus direction 130: 
10-04 09:26:55.710  8084  8084 D focus Next view android.widget.FrameLayout{ff11012 VFE...C.. ........ 96,16-411,193 #7f0b013d 
10-04 09:26:55.710  8084  8084 D focus view TAg Featured banner: 
10-04 09:26:55.710  8084  8084 D focus next view parent androidx.constraintlayout.widget.ConstraintLayout{8cc1b5e V.E...... ...
10-04 09:26:55.711  8084  8084 D focus view parent android.widget.FrameLayout{8212665 V.E...... ......ID 0,0-1920,1080 #7f0b02d
10-04 09:26:55.712  8084  8084 D next focus content view android.widget.FrameLayout{ff11012 VFE...C.. ........ 96,16-411,193 #7
10-04 09:26:55.743  8084  8084 D ANALYTICS_IPTV: AnalyticsEventTracker ***Event***Event{ts=1728014215740, meta={"content_name":"9 Baj Gaye","tile_type":"LOCAL_TILE","box_type":"iptv","asset_position":"0","app_version":"1.0.0019:237","box_model":"bx:1.2.3","series_name":"9 Baj Gaye","action":"card_visible","rail_name":"Trending now on TV","firmware":"fw:1.2.3","source_name":"TV Channels","rail_position":"0"}, uid=5ye_gfsYCZe-PoQ4A0, did=8fb17cc052aef526, os=Android, ov=34, bn=237, nq=-1, nt=2, nct=0, lc=en|hi|ta|kn, av=1.0.0019, dt=STB, type=content_visible, adid=95acddf7-5a94-4681-bf0a-0a767be9f2c3, brand=Airtel-Xstream, model=XstreamIPTV1-VT, dname=Vantiva XstreamIPTV1-VT, appId=IPTV, sId=8fb17cc052aef526, profileId=, ab_test=86079:0|108429:0|42374:0|78244:0|95458:0|75817:0|60412:1|117812:1|120676:1|113632:1|116206:0|66480:0|100390:2|76965:1|110385:0|129832:2, city=Delhi, state=National Capital Territory of Delhi, country=India, firebase_id=687ecd54b0fd95386e529fbf62179576} Critical: false
10-04 09:26:55.749  8084  8084 D ANALYTICS_IPTV: AnalyticsEventTracker ***Event***Event{ts=1728014215746, meta={"content_name":"9 Baj Gaye","tile_type":"LOCAL_TILE","box_type":"iptv","asset_position":"0","app_version":"1.0.0019:237","box_model":"bx:1.2.3","series_name":"9 Baj Gaye","action":"rail_scroll","firmware":"fw:1.2.3","source_name":"TV Channels","rail_position":"0"}, uid=5ye_gfsYCZe-PoQ4A0, did=8fb17cc052aef526, os=Android, ov=34, bn=237, nq=-1, nt=2, nct=0, lc=en|hi|ta|kn, av=1.0.0019, dt=STB, type=rail_scroll, adid=95acddf7-5a94-4681-bf0a-0a767be9f2c3, brand=Airtel-Xstream, model=XstreamIPTV1-VT, dname=Vantiva XstreamIPTV1-VT, appId=IPTV, sId=8fb17cc052aef526, profileId=, ab_test=86079:0|108429:0|42374:0|78244:0|95458:0|75817:0|60412:1|117812:1|120676:1|113632:1|116206:0|66480:0|100390:2|76965:1|110385:0|129832:2, city=Delhi, state=National Capital Territory of Delhi, country=India, firebase_id=687ecd54b0fd95386e529fbf62179576} Critical: false
10-04 09:26:55.756  8084  8084 I Choreographer: Skipped 37 frames!  The application may be doing too much work on its main thread.
10-04 09:26:55.758  8084  8703 D ANALYTICS_IPTV: AnalyticsEventTracker ***Event***Event{ts=1728014215755, meta={"content_name":"9 Baj Gaye","tile_type":"LOCAL_TILE","box_type":"iptv","asset_position":"0","app_version":"1.0.0019:237","box_model":"bx:1.2.3","action":"rail_scroll","firmware":"fw:1.2.3","source_name":"TV Channels","rail_position":"0"}, uid=5ye_gfsYCZe-PoQ4A0, did=8fb17cc052aef526, os=Android, ov=34, bn=237, nq=-1, nt=2, nct=0, lc=en|hi|ta|kn, av=1.0.0019, dt=STB, type=rail_scroll, adid=95acddf7-5a94-4681-bf0a-0a767be9f2c3, brand=Airtel-Xstream, model=XstreamIPTV1-VT, dname=Vantiva XstreamIPTV1-VT, appId=IPTV, sId=8fb17cc052aef526, profileId=, ab_test=86079:0|108429:0|42374:0|78244:0|95458:0|75817:0|60412:1|117812:1|120676:1|113632:1|116206:0|66480:0|100390:2|76965:1|110385:0|129832:2, city=Delhi, state=National Capital Territory of Delhi, country=India, firebase_id=687ecd54b0fd95386e529fbf62179576} Critical: false
10-04 09:26:55.797   424   424 I audio_hw_hal_primary: [register_audio_patch:7826] Patch 3:id:3 mix(io:13)->dev_0[OUT_HDMI(id:18)] found, register the same patch, do nothing.
10-04 09:26:55.797   424   424 I audio_hw_hal_primary: [adev_create_audio_patch:7927] Patch 3: MIX->DEVICE, num_src:1 num_sink:1 patch_src:INVAL
10-04 09:26:55.797   424   424 I audio_hw_hal_primary: [adev_create_audio_patch:7931] sink[0]: OUT_HDMI(id:18)
10-04 09:26:55.797   424   424 I audio_hw_hal_primary: [adev_create_audio_patch:7988] Patch 3: mix(io:13) -> dev[OUT_HDMI(id:18)]
10-04 09:26:55.798   424   424 I audio_hw_hal_primary: [adev_create_audio_patch:8056] dev=0xf3782930 cur_out_device=0x400
10-04 09:26:55.798  1154  1349 D UEventObserver: change@/devices/platform/auge_sound/sound/card0/controlC0��ACTION=change��DEVPATH=/devices/platform/auge_sound/sound/card0/controlC0��SUBSYSTEM=sound��AUDIO_FORMAT=0��MAJOR=116��MINOR=11��DEVNAME=snd/controlC0��SEQNUM=3148��
10-04 09:26:55.799  1154  1349 W ContextImpl: Calling a method in the system process without a qualified user: android.app.ContextImpl.sendBroadcast:1220 android.content.ContextWrapper.sendBroadcast:504 com.droidlogic.audioservice.services.AudioSystemCmdService$1.onUEvent:177 com.droidlogic.UEventObserver$UEventThread.sendEvent:213 com.droidlogic.UEventObserver$UEventThread.run:190 
10-04 09:26:55.806   472  2595 D audioserver: FGS Logger Transaction failed
10-04 09:26:55.806   472  2595 D audioserver: -129
10-04 09:26:55.811  1154  1348 I AudioSystemCmdService: onAudioPatchListUpdate
10-04 09:26:55.814  1154  1348 I AudioSystemCmdService: mAudioSink:[{{mHandle: 18, mRole: SINK}, mType: hdmi, mAddress: }], previousSink:[{{mHandle: 18, mRole: SINK}, mType: hdmi, mAddress: }]
10-04 09:26:55.815  1154  1348 I AudioSystemCmdService: updateAudioPatch cur sink does not change.
--------- beginning of kernel
10-04 09:26:55.848     0     0 W [0 T1289  ..] RTW: rtw_get_sta_tx_stat() not support
10-04 09:26:55.848     0     0 W [0 T1289  ..] RTW: cfg80211_rtw_get_txpower
10-04 09:26:55.828  8084  8084 E ThemeUtils: View class com.airbnb.lottie.LottieAnimationView is an AppCompat widget that can only be used with a Theme.AppCompat theme (or descendant).
10-04 09:26:55.832  8084  8084 E ThemeUtils: View class androidx.appcompat.widget.AppCompatTextView is an AppCompat widget that can only be used with a Theme.AppCompat theme (or descendant).
10-04 09:26:55.837  8084  8084 E ThemeUtils: View class androidx.appcompat.widget.AppCompatTextView is an AppCompat widget that can only be used with a Theme.AppCompat theme (or descendant).
10-04 09:26:55.843  8084  8084 D Glide   : Finished loading BitmapDrawable from REMOTE for http://tvimg.wynk.in/unsafe/fit-in/1920x548/filters:no_upscale():format(webp)/https://s3.ap-south-1.amazonaws.com/discovery-prod-arsenal/tile/artwork/1727814405983_airtel-darshan_xstream-box_banner_1920x548_270923-02_(1).jpg with size [-2147483648x-2147483648] in 751.009292 ms
--------- beginning of main
10-04 09:26:55.967   424  8590 I audio_hw_hal_primary: [audiohal_get_latency:1258] io 13: out:0xf2d00740 frames:3072 rate:48000 whole_latency:64 alsa_latency:64
10-04 09:26:55.989   424  8590 I audio_hw_hal_primary: [audiohal_get_latency:1258] io 13: out:0xf2d00740 frames:3072 rate:48000 whole_latency:64 alsa_latency:64
10-04 09:26:56.010   424  8590 I audio_hw_hal_primary: [audiohal_get_latency:1258] io 13: out:0xf2d00740 frames:3072 rate:48000 whole_latency:64 alsa_latency:64
10-04 09:26:56.029  8084  8084 D Glide   : Finished loading BitmapDrawable from DATA_DISK_CACHE for http://tvimg.wynk.in/unsafe/fit-in/300x169/filters:no_upscale():format(webp)/https://s3.ap-south-1.amazonaws.com/discovery-prod-arsenal/tile/artwork/1722231458196_bhakti_2.jpg with size [-2147483648x-2147483648] in 145.444708 ms
10-04 09:26:56.030  8084  8084 D Glide Image loaded for url DeferredCoroutine{Completed}@2402e29: 
10-04 09:26:56.032   424  8590 I audio_hw_hal_primary: [audiohal_get_latency:1258] io 13: out:0xf2d00740 frames:3072 rate:48000 whole_latency:64 alsa_latency:64
10-04 09:26:56.036  8084  8084 D Glide   : Finished loading BitmapDrawable from DATA_DISK_CACHE for http://tvimg.wynk.in/unsafe/fit-in/300x169/filters:no_upscale():format(webp)/https://s3.ap-south-1.amazonaws.com/discovery-prod-arsenal/tile/artwork/1722427627871_anime_booth_english_1.jpg with size [-2147483648x-2147483648] in 121.46187499999999 ms
10-04 09:26:56.036  8084  8084 D Glide Image loaded for url DeferredCoroutine{Completed}@68483e5: 
10-04 09:26:56.053   424  8590 I audio_hw_hal_primary: [audiohal_get_latency:1258] io 13: out:0xf2d00740 frames:3072 rate:48000 whole_latency:64 alsa_latency:64
10-04 09:26:56.074   424  8590 I audio_hw_hal_primary: [audiohal_get_latency:1258] io 13: out:0xf2d00740 frames:3072 rate:48000 whole_latency:64 alsa_latency:64
10-04 09:26:56.075   472   662 D audioserver: FGS Logger Transaction failed
10-04 09:26:56.075   472   662 D audioserver: -129
--------- beginning of system
10-04 09:26:56.129   696  2569 W JobScheduler: Job didn't exist in JobStore: c2dde11 #u0a43/1163 com.airtel.tv/androidx.work.impl.background.systemjob.SystemJobService
10-04 09:26:56.143  8084  8084 D Glide   : Finished loading BitmapDrawable from DATA_DISK_CACHE for http://tvimg.wynk.in/unsafe/fit-in/300x169/filters:no_upscale():format(webp)/https://s3.ap-south-1.amazonaws.com/discovery-prod-arsenal/tile/artwork/1722427471173_funschool.jpg with size [-2147483648x-2147483648] in 224.55962499999998 ms
10-04 09:26:56.143  8084  8084 D Glide Image loaded for url DeferredCoroutine{Completed}@33ca340: 
10-04 09:26:56.145  8084  8084 D Glide   : Finished loading BitmapDrawable from DATA_DISK_CACHE for http://tvimg.wynk.in/unsafe/fit-in/300x169/filters:no_upscale():format(webp)/https://s3.ap-south-1.amazonaws.com/discovery-prod-arsenal/tile/artwork/1722427558802_topper_tv.jpg with size [-2147483648x-2147483648] in 221.906251 ms
10-04 09:26:56.145  8084  8084 D Glide Image loaded for url DeferredCoroutine{Completed}@6f8bbe: 
10-04 09:26:56.160  8084  8570 D TrafficStats: tagSocket(135) with statsTag=0xffffffff, statsUid=-1
10-04 09:26:56.169  8084  8559 D TrafficStats: tagSocket(147) with statsTag=0xffffffff, statsUid=-1
10-04 09:26:56.173  8084  8084 D Glide   : Finished loading BitmapDrawable from DATA_DISK_CACHE for http://tvimg.wynk.in/unsafe/fit-in/300x169/filters:no_upscale():format(webp)/https://s3.ap-south-1.amazonaws.com/discovery-prod-arsenal/tile/artwork/1722427589208_anime-booth-english_2.jpg with size [-2147483648x-2147483648] in 244.92820899999998 ms
10-04 09:26:56.174  8084  8084 D Glide Image loaded for url DeferredCoroutine{Completed}@40a533b: 
10-04 09:26:56.183  8084  8084 I showQuickDetail: 
10-04 09:26:56.273  8084  8143 I WM-WorkerWrapper: Worker result SUCCESS for Work [ id=ccf054b5-3838-4024-b12a-3e9a0b1ee3ee, tags={ tv.airtel.wynk.analytics.sync.service.AnalyticsSyncService, com.airtel.analyticsSyncService } ]
10-04 09:26:56.276   426  1494 D rtk_heartbeat: heartbeat_timed_out: heartbeatCmdCount = 40121, expected nextSeqNum = 40121
10-04 09:26:56.277   426  1381 D rtk_heartbeat: rtkbt_heartbeat_cmpl_cback: Current SeqNum = 40121,should SeqNum=40121, status = 0
10-04 09:26:56.311  8084  8143 I WM-WorkerWrapper: Worker result SUCCESS for Work [ id=5b8f4c28-fc73-4ac4-9ae2-ace249abae02, tags={ tv.airtel.wynk.analytics.sync.service.AnalyticsSyncService, com.airtel.analyticsSyncService } ]
10-04 09:26:56.357  8084  8084 E image load: onResourceReady null: 
10-04 09:26:56.360  8084  8143 I WM-WorkerWrapper: Worker result SUCCESS for Work [ id=c78099c1-c753-433c-bae5-aa1a6c31698d, tags={ tv.airtel.wynk.analytics.sync.service.AnalyticsSyncService, com.airtel.analyticsSyncService } ]
10-04 09:26:56.374  8084  8084 D ANALYTICS_IPTV: AnalyticsEventTracker ***Event***Event{ts=1728014216370, meta={"content_name":"9 Baj Gaye","tile_type":"LOCAL_TILE","box_type":"iptv","app_version":"1.0.0019:237","box_model":"bx:1.2.3","content_id":"-2072475139","action":"card_focus","rail_name":"Trending now on TV","firmware":"fw:1.2.3","source_name":"TV Channels"}, uid=5ye_gfsYCZe-PoQ4A0, did=8fb17cc052aef526, os=Android, ov=34, bn=237, nq=-1, nt=2, nct=0, lc=en|hi|ta|kn, av=1.0.0019, dt=STB, type=focus, adid=95acddf7-5a94-4681-bf0a-0a767be9f2c3, brand=Airtel-Xstream, model=XstreamIPTV1-VT, dname=Vantiva XstreamIPTV1-VT, appId=IPTV, sId=8fb17cc052aef526, profileId=, ab_test=86079:0|108429:0|42374:0|78244:0|95458:0|75817:0|60412:1|117812:1|120676:1|113632:1|116206:0|66480:0|100390:2|76965:1|110385:0|129832:2, city=Delhi, state=National Capital Territory of Delhi, country=India, firebase_id=687ecd54b0fd95386e529fbf62179576} Critical: false
10-04 09:26:56.403  8084  8143 I WM-WorkerWrapper: Worker result SUCCESS for Work [ id=dfec318d-6173-48a8-a448-069394a8fbf7, tags={ tv.airtel.wynk.analytics.sync.service.AnalyticsSyncService, com.airtel.analyticsSyncService } ]
10-04 09:26:56.452  8084  8143 I WM-WorkerWrapper: Worker result SUCCESS for Work [ id=bb620ea0-e874-4c8f-b7b1-9e8090c38a7c, tags={ tv.airtel.wynk.analytics.sync.service.AnalyticsSyncService, com.airtel.analyticsSyncService } ]
10-04 09:26:56.517  8084  8143 I WM-WorkerWrapper: Worker result SUCCESS for Work [ id=94b5c696-32ab-4738-becb-c38e01563de9, tags={ tv.airtel.wynk.analytics.sync.service.AnalyticsSyncService, com.airtel.analyticsSyncService } ]
10-04 09:26:56.537  8084  8084 D Glide   : Finished loading BitmapDrawable from DATA_DISK_CACHE for http://tvimg.wynk.in/unsafe/fit-in/300x169/filters:no_upscale():format(webp)/https://s3.ap-south-1.amazonaws.com/discovery-prod-arsenal/tile/artwork/1716445174349_dagduseth_darshan.jpg with size [-2147483648x-2147483648] in 530.356167 ms
10-04 09:26:56.537  8084  8084 D Glide Image loaded for url DeferredCoroutine{Completed}@ce31627: 
10-04 09:26:56.541  8084  8084 D Glide   : Finished loading BitmapDrawable from REMOTE for http://tvimg.wynk.in/unsafe/fit-in/300x169/filters:no_upscale():format(webp)/https://xstreamcp-assets-msp.streamready.in/assets/LIVETV/PROGRAM/LIVETV_PROGRAM_ABP_NEWS_1371010_04OCT0930_04OCT1000/images/ABPNEWS_9SecondMeinNews_1371010.jpg with size [-2147483648x-2147483648] in 558.458126 ms
10-04 09:26:56.542  8084  8084 D Glide Image loaded for url DeferredCoroutine{Completed}@b01a27d: 
10-04 09:26:56.547  8084  8084 D Glide   : Finished loading BitmapDrawable from DATA_DISK_CACHE for http://tvimg.wynk.in/unsafe/fit-in/300x169/filters:no_upscale():format(webp)/https://s3.ap-south-1.amazonaws.com/discovery-prod-arsenal/tile/artwork/1716444626203_iskcon_darshan.jpg with size [-2147483648x-2147483648] in 536.411417 ms
10-04 09:26:56.547  8084  8084 D Glide Image loaded for url DeferredCoroutine{Completed}@8e27572: 
10-04 09:26:56.552   696  3336 W JobScheduler: Job didn't exist in JobStore: d3a5e4 #u0a43/1164 com.airtel.tv/androidx.work.impl.background.systemjob.SystemJobService
10-04 09:26:56.554  8084  8084 D Glide   : Finished loading BitmapDrawable from REMOTE for http://tvimg.wynk.in/unsafe/fit-in/300x169/filters:no_upscale():format(webp)/https://xstreamcp-assets-msp.streamready.in/assets/LIVETV/PROGRAM/LIVETV_PROGRAM_ZEE_BUSINESS_258430_04OCT0930_04OCT1000/images/ZEEBUSINESS_FirstTrade_258430.jpg with size [-2147483648x-2147483648] in 569.6671249999999 ms
10-04 09:26:56.555  8084  8084 D Glide Image loaded for url DeferredCoroutine{Completed}@60edc3: 
10-04 09:26:56.559   696  3336 W JobScheduler: Job didn't exist in JobStore: acfe213 #u0a43/1165 com.airtel.tv/androidx.work.impl.background.systemjob.SystemJobService
10-04 09:26:56.567   696  3336 W JobScheduler: Job didn't exist in JobStore: 94bf34e #u0a43/1166 com.airtel.tv/androidx.work.impl.background.systemjob.SystemJobService
10-04 09:26:56.634  8084  8084 D Glide   : Finished loading BitmapDrawable from REMOTE for http://tvimg.wynk.in/unsafe/fit-in/300x169/filters:no_upscale():format(webp)/https://xstreamcp-assets-msp.streamready.in/assets/LIVETV/PROGRAM/LIVETV_PROGRAM_ZEE_NEWS_1424397_04OCT0930_04OCT1000/images/ZEENEWS_9KiNews_1424397.jpg with size [-2147483648x-2147483648] in 647.395667 ms
10-04 09:26:56.634  8084  8084 D Glide Image loaded for url DeferredCoroutine{Completed}@dc7a435: 
10-04 09:26:56.639   696  3336 W JobScheduler: Job didn't exist in JobStore: d7a7605 #u0a43/1167 com.airtel.tv/androidx.work.impl.background.systemjob.SystemJobService
10-04 09:26:56.640  8084  8084 D Glide   : Finished loading BitmapDrawable from DATA_DISK_CACHE for http://tvimg.wynk.in/unsafe/fit-in/300x169/filters:no_upscale():format(webp)/https://s3.ap-south-1.amazonaws.com/discovery-prod-arsenal/tile/artwork/1716446714791_ujjain_darshan.jpg with size [-2147483648x-2147483648] in 626.8187919999999 ms
10-04 09:26:56.640  8084  8084 D Glide Image loaded for url DeferredCoroutine{Completed}@80740ca: 
10-04 09:26:56.642  8084  8084 D Glide   : Finished loading BitmapDrawable from REMOTE for http://tvimg.wynk.in/unsafe/fit-in/300x169/filters:no_upscale():format(webp)/https://xstreamcp-assets-msp.streamready.in/assets/LIVETV/PROGRAM/LIVETV_PROGRAM_NEWS24_591081_04OCT0926_04OCT0956/images/News24_Kalchakra_591081.jpg with size [-2147483648x-2147483648] in 650.3796259999999 ms
10-04 09:26:56.642  8084  8084 D Glide Image loaded for url DeferredCoroutine{Completed}@710523b: 
10-04 09:26:56.645  8084  8084 D Glide   : Finished loading BitmapDrawable from DATA_DISK_CACHE for http://tvimg.wynk.in/unsafe/fit-in/300x169/filters:no_upscale():format(webp)/https://s3.ap-south-1.amazonaws.com/discovery-prod-arsenal/tile/artwork/1724061592356_astrovaani_rakshabandhan.png with size [-2147483648x-2147483648] in 629.0788339999999 ms
10-04 09:26:56.645  8084  8084 D Glide Image loaded for url DeferredCoroutine{Completed}@fa32d58: 
10-04 09:26:56.649   696  3336 W JobScheduler: Job didn't exist in JobStore: db64568 #u0a43/1168 com.airtel.tv/androidx.work.impl.background.systemjob.SystemJobService
10-04 09:26:56.650  8084  8084 D Glide   : Finished loading BitmapDrawable from DATA_DISK_CACHE for http://tvimg.wynk.in/unsafe/fit-in/300x169/filters:no_upscale():format(webp)/https://s3.ap-south-1.amazonaws.com/discovery-prod-arsenal/tile/artwork/1716446758318_somnath_darshan.jpg with size [-2147483648x-2147483648] in 631.375042 ms
10-04 09:26:56.650  8084  8084 D Glide Image loaded for url DeferredCoroutine{Completed}@a5b4eb1: 
10-04 09:26:56.655   696  2569 W JobScheduler: Job didn't exist in JobStore: 7a39a67 #u0a43/1169 com.airtel.tv/androidx.work.impl.background.systemjob.SystemJobService
10-04 09:26:56.656  8084  8084 D Glide   : Finished loading BitmapDrawable from REMOTE for http://tvimg.wynk.in/unsafe/fit-in/300x169/filters:no_upscale():format(webp)/https://xstreamcp-assets-msp.streamready.in/assets/LIVETV/PROGRAM/LIVETV_PROGRAM_STAR_PLUS_931665_04OCT0900_04OCT0930/images/STARPLUS_Anupamaa_931665.jpg with size [-2147483648x-2147483648] in 661.2993749999999 ms
10-04 09:26:56.656  8084  8084 D Glide Image loaded for url DeferredCoroutine{Completed}@8c09f96: 
10-04 09:26:56.725  8084  8084 D Glide   : Finished loading BitmapDrawable from DATA_DISK_CACHE for http://tvimg.wynk.in/unsafe/fit-in/300x169/filters:no_upscale():format(webp)/https://s3.ap-south-1.amazonaws.com/discovery-prod-arsenal/tile/artwork/1722427423953_airtel_fun_zone_rails_(1).jpg with size [-2147483648x-2147483648] in 699.102459 ms
10-04 09:26:56.726  8084  8084 D Glide Image loaded for url DeferredCoroutine{Completed}@fc8cdb3: 
10-04 09:26:56.733  8084  8084 D Glide   : Finished loading BitmapDrawable from DATA_DISK_CACHE for http://tvimg.wynk.in/unsafe/fit-in/300x169/filters:no_upscale():format(webp)/https://s3.ap-south-1.amazonaws.com/discovery-prod-arsenal/tile/artwork/1722427515135_disney_batch_2.jpg with size [-2147483648x-2147483648] in 705.136125 ms
10-04 09:26:56.734  8084  8084 D Glide Image loaded for url DeferredCoroutine{Completed}@a3c22e9: 
10-04 09:26:56.989  8641  8641 D MonkeyStub: translateCommand: press DPAD_RIGHT
10-04 09:26:56.991   459   459 I lights-tch: flashMode 0 id 2 onMs 0 offMs 0 brightness 0
10-04 09:26:56.995   459   459 I lights-tch: flashMode 0 id 2 onMs 0 offMs 0 brightness 225
10-04 09:26:57.002  8084  8084 E ThemeUtils: View class androidx.appcompat.widget.AppCompatImageView is an AppCompat widget that can only be used with a Theme.AppCompat theme (or descendant).
10-04 09:26:57.007  8084  8084 E ThemeUtils: View class androidx.appcompat.widget.AppCompatImageView is an AppCompat widget that can only be used with a Theme.AppCompat theme (or descendant).
10-04 09:26:57.032  8084  8084 D ANALYTICS_IPTV: AnalyticsEventTracker ***Event***Event{ts=1728014217029, meta={"content_name":"First Trade","tile_type":"LOCAL_TILE","box_type":"iptv","asset_position":"1","app_version":"1.0.0019:237","box_model":"bx:1.2.3","series_name":"First Trade","action":"card_visible","rail_name":"Trending now on TV","firmware":"fw:1.2.3","source_name":"TV Channels","rail_position":"0"}, uid=5ye_gfsYCZe-PoQ4A0, did=8fb17cc052aef526, os=Android, ov=34, bn=237, nq=-1, nt=2, nct=0, lc=en|hi|ta|kn, av=1.0.0019, dt=STB, type=content_visible, adid=95acddf7-5a94-4681-bf0a-0a767be9f2c3, brand=Airtel-Xstream, model=XstreamIPTV1-VT, dname=Vantiva XstreamIPTV1-VT, appId=IPTV, sId=8fb17cc052aef526, profileId=, ab_test=86079:0|108429:0|42374:0|78244:0|95458:0|75817:0|60412:1|117812:1|120676:1|113632:1|116206:0|66480:0|100390:2|76965:1|110385:0|129832:2, city=Delhi, state=National Capital Territory of Delhi, country=India, firebase_id=687ecd54b0fd95386e529fbf62179576} Critical: false
10-04 09:26:57.039  8084  8084 D ANALYTICS_IPTV: AnalyticsEventTracker ***Event***Event{ts=1728014217036, meta={"content_name":"First Trade","tile_type":"LOCAL_TILE","box_type":"iptv","asset_position":"1","app_version":"1.0.0019:237","box_model":"bx:1.2.3","series_name":"First Trade","action":"rail_scroll","firmware":"fw:1.2.3","source_name":"TV Channels","rail_position":"0"}, uid=5ye_gfsYCZe-PoQ4A0, did=8fb17cc052aef526, os=Android, ov=34, bn=237, nq=-1, nt=2, nct=0, lc=en|hi|ta|kn, av=1.0.0019, dt=STB, type=rail_scroll, adid=95acddf7-5a94-4681-bf0a-0a767be9f2c3, brand=Airtel-Xstream, model=XstreamIPTV1-VT, dname=Vantiva XstreamIPTV1-VT, appId=IPTV, sId=8fb17cc052aef526, profileId=, ab_test=86079:0|108429:0|42374:0|78244:0|95458:0|75817:0|60412:1|117812:1|120676:1|113632:1|116206:0|66480:0|100390:2|76965:1|110385:0|129832:2, city=Delhi, state=National Capital Territory of Delhi, country=India, firebase_id=687ecd54b0fd95386e529fbf62179576} Critical: false
10-04 09:26:57.045  8641  8641 D MonkeyStub: translateCommand: press DPAD_RIGHT
10-04 09:26:57.049   459   459 I lights-tch: flashMode 0 id 2 onMs 0 offMs 0 brightness 0
10-04 09:26:57.053  8084  8577 D ANALYTICS_IPTV: AnalyticsEventTracker ***Event***Event{ts=1728014217048, meta={"content_name":"First Trade","tile_type":"LOCAL_TILE","box_type":"iptv","asset_position":"1","app_version":"1.0.0019:237","box_model":"bx:1.2.3","action":"rail_scroll","firmware":"fw:1.2.3","source_name":"TV Channels","rail_position":"0"}, uid=5ye_gfsYCZe-PoQ4A0, did=8fb17cc052aef526, os=Android, ov=34, bn=237, nq=-1, nt=2, nct=0, lc=en|hi|ta|kn, av=1.0.0019, dt=STB, type=rail_scroll, adid=95acddf7-5a94-4681-bf0a-0a767be9f2c3, brand=Airtel-Xstream, model=XstreamIPTV1-VT, dname=Vantiva XstreamIPTV1-VT, appId=IPTV, sId=8fb17cc052aef526, profileId=, ab_test=86079:0|108429:0|42374:0|78244:0|95458:0|75817:0|60412:1|117812:1|120676:1|113632:1|116206:0|66480:0|100390:2|76965:1|110385:0|129832:2, city=Delhi, state=National Capital Territory of Delhi, country=India, firebase_id=687ecd54b0fd95386e529fbf62179576} Critical: false
10-04 09:26:57.077   424   673 I audio_hw_hal_primary: [register_audio_patch:7826] Patch 3:id:3 mix(io:13)->dev_0[OUT_HDMI(id:18)] found, register the same patch, do nothing.
10-04 09:26:57.077   424   673 I audio_hw_hal_primary: [adev_create_audio_patch:7927] Patch 3: MIX->DEVICE, num_src:1 num_sink:1 patch_src:INVAL
10-04 09:26:57.077   424   673 I audio_hw_hal_primary: [adev_create_audio_patch:7931] sink[0]: OUT_HDMI(id:18)
10-04 09:26:57.077   424   673 I audio_hw_hal_primary: [adev_create_audio_patch:7988] Patch 3: mix(io:13) -> dev[OUT_HDMI(id:18)]
10-04 09:26:57.078  1154  1349 D UEventObserver: change@/devices/platform/auge_sound/sound/card0/controlC0��ACTION=change��DEVPATH=/devices/platform/auge_sound/sound/card0/controlC0��SUBSYSTEM=sound��AUDIO_FORMAT=0��MAJOR=116��MINOR=11��DEVNAME=snd/controlC0��SEQNUM=3149��
10-04 09:26:57.078   424   673 I audio_hw_hal_primary: [adev_create_audio_patch:8056] dev=0xf3782930 cur_out_device=0x400
10-04 09:26:57.079  1154  1349 W ContextImpl: Calling a method in the system process without a qualified user: android.app.ContextImpl.sendBroadcast:1220 android.content.ContextWrapper.sendBroadcast:504 com.droidlogic.audioservice.services.AudioSystemCmdService$1.onUEvent:177 com.droidlogic.UEventObserver$UEventThread.sendEvent:213 com.droidlogic.UEventObserver$UEventThread.run:190 
10-04 09:26:57.082   472   577 D audioserver: FGS Logger Transaction failed
10-04 09:26:57.082   472   577 D audioserver: -129
10-04 09:26:57.089  1154  1348 I AudioSystemCmdService: onAudioPatchListUpdate
10-04 09:26:57.090   424   582 I audio_hw_hal_alsamgr: alsa format =0x1 delay frames =1024 total frames=1926912000
10-04 09:26:57.092  1154  1348 I AudioSystemCmdService: mAudioSink:[{{mHandle: 18, mRole: SINK}, mType: hdmi, mAddress: }], previousSink:[{{mHandle: 18, mRole: SINK}, mType: hdmi, mAddress: }]
10-04 09:26:57.092  1154  1348 I AudioSystemCmdService: updateAudioPatch cur sink does not change.
10-04 09:26:57.104   459   459 I lights-tch: flashMode 0 id 2 onMs 0 offMs 0 brightness 225
10-04 09:26:57.113  8084  8084 E ThemeUtils: View class androidx.appcompat.widget.AppCompatImageView is an AppCompat widget that can only be used with a Theme.AppCompat theme (or descendant).
10-04 09:26:57.120  8084  8084 E ThemeUtils: View class androidx.appcompat.widget.AppCompatImageView is an AppCompat widget that can only be used with a Theme.AppCompat theme (or descendant).
10-04 09:26:57.149  8084  8084 D ANALYTICS_IPTV: AnalyticsEventTracker ***Event***Event{ts=1728014217146, meta={"content_name":"9 Ki News","tile_type":"LOCAL_TILE","box_type":"iptv","asset_position":"2","app_version":"1.0.0019:237","box_model":"bx:1.2.3","series_name":"9 Ki News","action":"card_visible","rail_name":"Trending now on TV","firmware":"fw:1.2.3","source_name":"TV Channels","rail_position":"0"}, uid=5ye_gfsYCZe-PoQ4A0, did=8fb17cc052aef526, os=Android, ov=34, bn=237, nq=-1, nt=2, nct=0, lc=en|hi|ta|kn, av=1.0.0019, dt=STB, type=content_visible, adid=95acddf7-5a94-4681-bf0a-0a767be9f2c3, brand=Airtel-Xstream, model=XstreamIPTV1-VT, dname=Vantiva XstreamIPTV1-VT, appId=IPTV, sId=8fb17cc052aef526, profileId=, ab_test=86079:0|108429:0|42374:0|78244:0|95458:0|75817:0|60412:1|117812:1|120676:1|113632:1|116206:0|66480:0|100390:2|76965:1|110385:0|129832:2, city=Delhi, state=National Capital Territory of Delhi, country=India, firebase_id=687ecd54b0fd95386e529fbf62179576} Critical: false
--------- beginning of main
10-04 09:26:57.276   426  1494 D rtk_heartbeat: heartbeat_timed_out: heartbeatCmdCount = 40122, expected nextSeqNum = 40122
10-04 09:26:57.277   426  1381 D rtk_heartbeat: rtkbt_heartbeat_cmpl_cback: Current SeqNum = 40122,should SeqNum=40122, status = 0
10-04 09:26:57.284  6706  6706 I cast_shell: [1004/092657.284692:INFO:metrics_stat_logger.cc(38)] Metrics stat for the past 60 secs : total=1
10-04 09:26:57.284  6706  6706 I cast_shell: [metrics_stat_logger] Cast.Discovery.Mdns.Query.Cast.Count=1
10-04 09:26:57.290   424  8590 I audio_hw_hal_primary: [audiohal_get_latency:1258] io 13: out:0xf2d00740 frames:3072 rate:48000 whole_latency:64 alsa_latency:64
10-04 09:26:57.291  8084  8193 I WM-WorkerWrapper: Worker result SUCCESS for Work [ id=1d1cc852-4b54-48c4-bcc7-733b5e212b01, tags={ tv.airtel.wynk.analytics.sync.service.AnalyticsSyncService, com.airtel.analyticsSyncService } ]
10-04 09:26:57.321  8084  8084 D Glide   : Finished loading BitmapDrawable from REMOTE for http://tvimg.wynk.in/unsafe/fit-in/300x169/filters:no_upscale():format(webp)/https://xstreamcp-assets-msp.streamready.in/assets/LIVETV/PROGRAM/LIVETV_PROGRAM_INDIA_TV_1712740_04OCT0858_04OCT0958/images/INDIATV_9Baje9KhabarSuper50_1712740.jpg with size [-2147483648x-2147483648] in 139.2995 ms
10-04 09:26:57.322  8084  8084 D Glide Image loaded for url DeferredCoroutine{Completed}@efa7d06: 
10-04 09:26:57.333   424  8590 I audio_hw_hal_primary: [audiohal_get_latency:1258] io 13: out:0xf2d00740 frames:3072 rate:48000 whole_latency:64 alsa_latency:64
10-04 09:26:57.333   424  8590 I audio_hw_hal_primary: [audiohal_get_latency:1258] io 13: out:0xf2d00740 frames:3072 rate:48000 whole_latency:64 alsa_latency:64
10-04 09:26:57.355   424  8590 I audio_hw_hal_primary: [audiohal_get_latency:1258] io 13: out:0xf2d00740 frames:3072 rate:48000 whole_latency:64 alsa_latency:64
10-04 09:26:57.355   424  8590 I audio_hw_hal_primary: [audiohal_get_latency:1258] io 13: out:0xf2d00740 frames:3072 rate:48000 whole_latency:64 alsa_latency:64
10-04 09:26:57.355   472   662 D audioserver: FGS Logger Transaction failed
10-04 09:26:57.355   472   662 D audioserver: -129
10-04 09:26:57.375   424  8590 I audio_hw_hal_primary: [audiohal_get_latency:1258] io 13: out:0xf2d00740 frames:3072 rate:48000 whole_latency:64 alsa_latency:64
10-04 09:26:57.397   424  8590 I audio_hw_hal_primary: [audiohal_get_latency:1258] io 13: out:0xf2d00740 frames:3072 rate:48000 whole_latency:64 alsa_latency:64
10-04 09:26:57.418   424  8590 I audio_hw_hal_primary: [audiohal_get_latency:1258] io 13: out:0xf2d00740 frames:3072 rate:48000 whole_latency:64 alsa_latency:64
10-04 09:26:57.439   424  8590 I audio_hw_hal_primary: [audiohal_get_latency:1258] io 13: out:0xf2d00740 frames:3072 rate:48000 whole_latency:64 alsa_latency:64
10-04 09:26:57.461   424  8590 I audio_hw_hal_primary: [audiohal_get_latency:1258] io 13: out:0xf2d00740 frames:3072 rate:48000 whole_latency:64 alsa_latency:64
10-04 09:26:57.482   424  8590 I audio_hw_hal_primary: [audiohal_get_latency:1258] io 13: out:0xf2d00740 frames:3072 rate:48000 whole_latency:64 alsa_latency:64
10-04 09:26:57.482   472   662 D audioserver: FGS Logger Transaction failed
10-04 09:26:57.482   472   662 D audioserver: -129
10-04 09:26:57.553  8084  8084 I showQuickDetail: 
10-04 09:26:57.553  8084  8084 E image load: onResourceReady null: 
10-04 09:26:57.572  8084  8084 D ANALYTICS_IPTV: AnalyticsEventTracker ***Event***Event{ts=1728014217569, meta={"content_name":"9 Ki News","tile_type":"LOCAL_TILE","box_type":"iptv","app_version":"1.0.0019:237","box_model":"bx:1.2.3","content_id":"-166448608","action":"card_focus","rail_name":"Trending now on TV","firmware":"fw:1.2.3","source_name":"TV Channels"}, uid=5ye_gfsYCZe-PoQ4A0, did=8fb17cc052aef526, os=Android, ov=34, bn=237, nq=-1, nt=2, nct=0, lc=en|hi|ta|kn, av=1.0.0019, dt=STB, type=focus, adid=95acddf7-5a94-4681-bf0a-0a767be9f2c3, brand=Airtel-Xstream, model=XstreamIPTV1-VT, dname=Vantiva XstreamIPTV1-VT, appId=IPTV, sId=8fb17cc052aef526, profileId=, ab_test=86079:0|108429:0|42374:0|78244:0|95458:0|75817:0|60412:1|117812:1|120676:1|113632:1|116206:0|66480:0|100390:2|76965:1|110385:0|129832:2, city=Delhi, state=National Capital Territory of Delhi, country=India, firebase_id=687ecd54b0fd95386e529fbf62179576} Critical: false
10-04 09:26:57.706  8084  8193 I WM-WorkerWrapper: Worker result SUCCESS for Work [ id=0800b4df-be91-420f-9f2b-dc28483a6173, tags={ tv.airtel.wynk.analytics.sync.service.AnalyticsSyncService, com.airtel.analyticsSyncService } ]
10-04 09:26:57.745  8084  8193 I WM-WorkerWrapper: Worker result SUCCESS for Work [ id=312222c4-9bad-404b-b3e2-2d8efcef93e7, tags={ tv.airtel.wynk.analytics.sync.service.AnalyticsSyncService, com.airtel.analyticsSyncService } ]
10-04 09:26:57.822  8084  8084 D Glide   : Finished loading BitmapDrawable from REMOTE for http://tvimg.wynk.in/unsafe/fit-in/300x169/filters:no_upscale():format(webp)/https://xstreamcp-assets-msp.streamready.in/assets/LIVETV/PROGRAM/LIVETV_PROGRAM_CNBC_AWAAZ_11703_04OCT0927_04OCT0957/images/CNBCAwaaz_PehlaSauda_11703.jpg with size [-2147483648x-2147483648] in 573.646209 ms
10-04 09:26:57.824  8084  8084 D Glide Image loaded for url DeferredCoroutine{Completed}@4ec2da7: 
10-04 09:26:57.879  1154  1154 I ThermalService: CPU temperatures: [45.000004]
10-04 09:26:57.883  8084  8093 I com.airtel.tv: Background young concurrent copying GC freed 417058(16MB) AllocSpace objects, 20(1488KB) LOS objects, 20% free, 66MB/84MB, paused 339us,198us total 146.318ms
10-04 09:26:57.908  8084  8193 I WM-WorkerWrapper: Worker result SUCCESS for Work [ id=9ae91788-85bb-4949-8a00-8a8c0a95fbb4, tags={ tv.airtel.wynk.analytics.sync.service.AnalyticsSyncService, com.airtel.analyticsSyncService } ]
10-04 09:26:57.973   424  8590 I audio_hw_hal_stream: aml_stream_out_info_print: out:0xf2d00740, stream_type:pcm, sync_mode:non tunnel, input_size:4669440 bytes
10-04 09:26:57.973   424  8590 I audio_hw_hal_stream: aml_stream_out_info_print: last_time:40157533 ms (sec:40157, nsec:533865023), last_position:24156 ms (1159504), cur_time:40157555 ms (sec:40157, nsec:555841523), cur_position:24177 ms (1160528)
10-04 09:26:57.973   424  8590 I audio_hw_hal_stream: aml_stream_out_info_print: time_gap:22 ms (thr:100 ms), position_gap:21 ms, delay:142 ms, jitter: Position gap is behind system time gap by 1 ms (thr:100 ms)
10-04 09:26:57.976  8084  8084 D Glide   : Finished loading BitmapDrawable from REMOTE for http://tvimg.wynk.in/unsafe/fit-in/1244x626/filters:no_upscale():format(webp)/https://xstreamcp-assets-msp.streamready.in/assets/LIVETV/PROGRAM/LIVETV_PROGRAM_ZEE_NEWS_1424397_04OCT0930_04OCT1000/images/ZEENEWS_9KiNews_1424397.jpg with size [-2147483648x-2147483648] in 363.18395899999996 ms
10-04 09:26:57.976  8084  8084 D Glide Image loaded for url DeferredCoroutine{Completed}@9cf6fc0: 
10-04 09:26:58.002  8084  8193 I WM-WorkerWrapper: Worker result SUCCESS for Work [ id=46890e97-9ea8-4a55-ac49-e0ee9d57f255, tags={ tv.airtel.wynk.analytics.sync.service.AnalyticsSyncService, com.airtel.analyticsSyncService } ]
10-04 09:26:58.043  8084  8193 I WM-WorkerWrapper: Worker result SUCCESS for Work [ id=80cdb450-0909-41b8-9027-66ae5c1fc727, tags={ tv.airtel.wynk.analytics.sync.service.AnalyticsSyncService, com.airtel.analyticsSyncService } ]
10-04 09:26:58.168  8084  8193 I WM-WorkerWrapper: Worker result SUCCESS for Work [ id=4a404940-15f2-4945-8761-dafc2a0fd967, tags={ tv.airtel.wynk.analytics.sync.service.AnalyticsSyncService, com.airtel.analyticsSyncService } ]
--------- beginning of system
10-04 09:26:58.246   696  1326 W JobScheduler: Job didn't exist in JobStore: 9b910 #u0a43/1188 com.airtel.tv/androidx.work.impl.background.systemjob.SystemJobService
10-04 09:26:58.276   426  1494 D rtk_heartbeat: heartbeat_timed_out: heartbeatCmdCount = 40123, expected nextSeqNum = 40123
10-04 09:26:58.277   426  1381 D rtk_heartbeat: rtkbt_heartbeat_cmpl_cback: Current SeqNum = 40123,should SeqNum=40123, status = 0
10-04 09:26:58.280   696  3336 W JobScheduler: Job didn't exist in JobStore: 40d82f8 #u0a43/1184 com.airtel.tv/androidx.work.impl.background.systemjob.SystemJobService
10-04 09:26:58.308  8641  8641 D MonkeyStub: translateCommand: press DPAD_CENTER
10-04 09:26:58.310   459   459 I lights-tch: flashMode 0 id 2 onMs 0 offMs 0 brightness 0
10-04 09:26:58.315   459   459 I lights-tch: flashMode 0 id 2 onMs 0 offMs 0 brightness 225
10-04 09:26:58.335  8084  8084 D ANALYTICS_IPTV: AnalyticsEventTracker ***Event***Event{ts=1728014218331, meta={"content_name":"9 Ki News","tile_type":"LOCAL_TILE","app_version":"1.0.0019:237","box_model":"bx:1.2.3","content_id":"-166448608","box_type":"iptv","source_of_stream":"3 | TV Channels.screen_visible.none.none.none.none.none.none.none | TV Channels.screen_visible.none.none.none.none.none.none.none | none.screen_visible.none.none.none.none.none.none.none | TV Channels.click.tile_click.none.0.2.none.none.-166448608","asset_position":"2","series_name":"9 Ki News","action":"tile_click","firmware":"fw:1.2.3","source_name":"TV Channels","rail_position":"0"}, uid=5ye_gfsYCZe-PoQ4A0, did=8fb17cc052aef526, os=Android, ov=34, bn=237, nq=-1, nt=2, nct=0, lc=en|hi|ta|kn, av=1.0.0019, dt=STB, type=click, adid=95acddf7-5a94-4681-bf0a-0a767be9f2c3, brand=Airtel-Xstream, model=XstreamIPTV1-VT, dname=Vantiva XstreamIPTV1-VT, appId=IPTV, sId=8fb17cc052aef526, profileId=, ab_test=86079:0|108429:0|42374:0|78244:0|95458:0|75817:0|60412:1|117812:1|120676:1|113632:1|116206:0|66480:0|100390:2|76965:1|110385:0|129832:2, city=Delhi, state=National Capital Territory of Delhi, country=India, firebase_id=687ecd54b0fd95386e529fbf62179576} Critical: false
10-04 09:26:58.345   696  3336 W JobScheduler: Job didn't exist in JobStore: b89a9ba #u0a43/1178 com.airtel.tv/androidx.work.impl.background.systemjob.SystemJobService
10-04 09:26:58.354   696  3336 W JobScheduler: Job didn't exist in JobStore: d8b6874 #u0a43/1180 com.airtel.tv/androidx.work.impl.background.systemjob.SystemJobService
10-04 09:26:58.359   424   673 I audio_hw_hal_primary: [register_audio_patch:7826] Patch 3:id:3 mix(io:13)->dev_0[OUT_HDMI(id:18)] found, register the same patch, do nothing.
10-04 09:26:58.359   424   673 I audio_hw_hal_primary: [adev_create_audio_patch:7927] Patch 3: MIX->DEVICE, num_src:1 num_sink:1 patch_src:INVAL
10-04 09:26:58.359   424   673 I audio_hw_hal_primary: [adev_create_audio_patch:7931] sink[0]: OUT_HDMI(id:18)
10-04 09:26:58.359   424   673 I audio_hw_hal_primary: [adev_create_audio_patch:7988] Patch 3: mix(io:13) -> dev[OUT_HDMI(id:18)]
10-04 09:26:58.360  1154  1349 D UEventObserver: change@/devices/platform/auge_sound/sound/card0/controlC0��ACTION=change��DEVPATH=/devices/platform/auge_sound/sound/card0/controlC0��SUBSYSTEM=sound��AUDIO_FORMAT=0��MAJOR=116��MINOR=11��DEVNAME=snd/controlC0��SEQNUM=3150��
10-04 09:26:58.360   424   673 I audio_hw_hal_primary: [adev_create_audio_patch:8056] dev=0xf3782930 cur_out_device=0x400
