10-04 09:32:44.879   441   455 D hdmicecd: [CEC]:printCecMessage, [4 -> 0] len: 1, body: 0d, result:no ack
10-04 09:32:44.892  9427  9454 W System  : ClassLoader referenced unknown path: 
10-04 09:32:44.893  9427  9454 D nativeloader: Configuring clns-6 for other apk . target_sdk_version=34, uses_libraries=, library_path=/data/app/~~UrSo5sLxvN8sMY38JlK5Eg==/com.google.android.gms-Q-AUMzGeb03V_lWofGjT8A==/lib/arm:/data/app/~~UrSo5sLxvN8sMY38JlK5Eg==/com.google.android.gms-Q-AUMzGeb03V_lWofGjT8A==/base.apk!/lib/armeabi-v7a, permitted_path=/data:/mnt/expand:/data/user/0/com.google.android.gms
10-04 09:32:44.924  9427  9454 W .katniss:search: ClassLoaderContext classpath size mismatch. expected=7, found=3 (DLC[];PCL[base.apk*3266707937:base.apk!classes2.dex*1379536614:base.apk!classes3.dex*3179058502:base.apk!classes4.dex*2657101618:base.apk!classes5.dex*1863096462:base.apk!classes6.dex*1684234364:base.apk!classes7.dex*1034413003]{PCL[/system/framework/org.apache.http.legacy.jar*4221838581]#PCL[/system/framework/com.android.location.provider.jar*1595314706]} | DLC[];PCL[/data/app/~~6-DNF2Dr42OksMlsH5zYYQ==/com.google.android.katniss-hZRuuPaueIHcMmJs6RF8vA==/base.apk*2863512062:/data/app/~~6-DNF2Dr42OksMlsH5zYYQ==/com.google.android.katniss-hZRuuPaueIHcMmJs6RF8vA==/base.apk!classes2.dex*2858563006:/data/app/~~6-DNF2Dr42OksMlsH5zYYQ==/com.google.android.katniss-hZRuuPaueIHcMmJs6RF8vA==/base.apk!classes3.dex*1249435286]{PCL[/system/framework/org.apache.http.legacy.jar*4221838581]})
10-04 09:32:44.927  9427  9427 I smb     : SslGuard completed installation.
10-04 09:32:44.934  9427  9427 I katniss_search_StartupTaskManager: Processing 34 tasks
10-04 09:32:44.934  9427  9427 I katniss_search_StartupTaskManager: Running 2 critical task(s)
10-04 09:32:44.935   441   455 D hdmicecd: [CEC]:printCecMessage, [4 -> 0] len: 1, body: 0d, result:no ack
10-04 09:32:44.935   441   455 E IPCThreadState: binder thread pool (1 threads) starved for 112 ms
10-04 09:32:44.935   696   949 D HDMI    : [S]:<Give Device Power Status> 40:8F
10-04 09:32:44.935   696   696 D ResendCecCommandAction: ResendCecCommandAction started
10-04 09:32:44.936  9427  9427 I katniss_search_StartupTaskManager: GSERVICES running
10-04 09:32:44.942  9427  9427 I katniss_search_StartupTaskManager: GSERVICES ran in PT0.006394292S
10-04 09:32:44.943  9427  9427 I katniss_search_StartupTaskManager: PRIMES running
10-04 09:32:44.943  9427  9427 I katniss_search_StartupTaskManager: PRIMES ran in PT0.0000135S
10-04 09:32:44.943  9427  9427 I katniss_search_StartupTaskManager: All critical tasks run in PT0.008730541S
10-04 09:32:44.943  9427  9427 I katniss_search_StartupTaskManager: Launching 21 async tasks
10-04 09:32:44.946  9427  9472 I katniss_search_StartupTaskManager: DeviceDataStoreStartupTask running
10-04 09:32:44.947  9427  9427 I katniss_search_StartupTaskManager: All async tasks launched in PT0.013268791S
10-04 09:32:44.949  9427  9473 I katniss_search_StartupTaskManager: UserDataStoreStartupTask running
10-04 09:32:44.949   696  1134 I ActivityManager: Flag disabled. Ignoring finishAttachApplication from uid: 10070. pid: 9427
10-04 09:32:44.950  9427  9473 I katniss_search_StartupTaskManager: CastStartupTask running
10-04 09:32:44.951  9427  9473 I katniss_search_CastServiceInfoImpl: startLoadingCastInfo
10-04 09:32:44.952  9427  9473 I katniss_search_CastServiceInfoImpl: Start new task to load cast info.
10-04 09:32:44.952  9427  9473 I katniss_search_StartupTaskManager: DscAccessorCacheStartupTask waiting for [UserDataStoreStartupTask]
10-04 09:32:44.952  9427  9473 I katniss_search_StartupTaskManager: HotwordAccessorCacheStartupTask waiting for [DeviceDataStoreStartupTask]
10-04 09:32:44.952  9427  9473 I katniss_search_StartupTaskManager: KatnissAccountManagerStartupTask waiting for [UserDataStoreStartupTask]
10-04 09:32:44.953  9427  9473 I katniss_search_StartupTaskManager: LoggerStartupTask running
10-04 09:32:44.955  9427  9473 I katniss_search_KatnissIpcConnection: Starting the connection to the target service. .LatencyLoggerService
10-04 09:32:44.957  9427  9472 I katniss_search_StartupTaskManager: PendingCheckAutoLogoutAccessorCacheStartupTask waiting for [UserDataStoreStartupTask]
10-04 09:32:44.957  9427  9472 I katniss_search_StartupTaskManager: AccountsUpdateListenerStartupTask waiting for [UserDataStoreStartupTask]
10-04 09:32:44.957  9427  9472 I katniss_search_StartupTaskManager: KidsModeDataAccessorCacheStartupTask waiting for [UserDataStoreStartupTask]
10-04 09:32:44.958  9427  9472 I katniss_search_StartupTaskManager: LifecycleStartupTask running
10-04 09:32:44.958  9427  9472 I katniss_search_StartupTaskManager: LifecycleStartupTask ran in PT0.000123416S
10-04 09:32:44.959  9427  9472 I katniss_search_StartupTaskManager: FixAssistantSettingsStartupTask running
10-04 09:32:44.962  9427  9472 I katniss_search_StartupTaskManager: FixAssistantSettingsStartupTask ran in PT0.003059291S
10-04 09:32:44.962  9427  9472 I katniss_search_StartupTaskManager: LocationUpdaterStartupTask waiting for [DeviceDataStoreStartupTask]
10-04 09:32:44.963  9427  9472 I katniss_search_StartupTaskManager: NetworkStateStartupTask running
10-04 09:32:44.965  9427  9473 I katniss_search_StartupTaskManager: LoggerStartupTask ran in PT0.012051667S
10-04 09:32:44.965  9427  9473 I katniss_search_StartupTaskManager: PackageCacheStartupTask running
10-04 09:32:44.967  9427  9472 I katniss_search_StartupTaskManager: NetworkStateStartupTask ran in PT0.004052792S
10-04 09:32:44.967  9427  9473 I katniss_search_PackageCache: Initializing package cache
10-04 09:32:44.967  9427  9473 I katniss_search_StartupTaskManager: SecurityProviderStartupTask running
10-04 09:32:44.968  9427  9472 I katniss_search_StartupTaskManager: UsageStatsStartupTask waiting for [DeviceDataStoreStartupTask]
10-04 09:32:44.968  9427  9473 I katniss_search_StartupTaskManager: WidgetInfoStartupTask running
10-04 09:32:44.968  9427  9472 I katniss_search_StartupTaskManager: ConfigStartupTask running
10-04 09:32:44.968  9427  9472 I katniss_search_StartupTaskManager: ConfigStartupTask ran in PT0.000009334S
10-04 09:32:44.969  9427  9473 I katniss_search_StartupTaskManager: WidgetInfoStartupTask ran in PT0.001207292S
10-04 09:32:44.970  9427  9472 I katniss_search_StartupTaskManager: EnvironmentStartupTask running
10-04 09:32:44.970  9427  9473 I katniss_search_StartupTaskManager: ProcessExitReasonStartupTask running
10-04 09:32:44.970  9427  9476 I katniss_search_AppsSearchDisabledMigration: PDS migration required: false
10-04 09:32:44.971  9427  9476 I katniss_search_HomeGraphDataMigration: PDS migration required: false
10-04 09:32:44.971  9427  9472 I katniss_search_EnvironmentStartupTask: Katniss version: 7.15.20240818.2 : 15001332
10-04 09:32:44.972  9427  9472 I katniss_search_EnvironmentStartupTask: This is a RELEASE build.
10-04 09:32:44.972  9427  9472 I katniss_search_StartupTaskManager: EnvironmentStartupTask ran in PT0.002204459S
10-04 09:32:44.975  9427  9473 I katniss_search_ProcessExitReasonStartupTask: SEARCH was restarted due to REASON_SIGNALED(9)
10-04 09:32:44.976  9427  9473 I katniss_search_StartupTaskManager: ProcessExitReasonStartupTask ran in PT0.005396833S
10-04 09:32:44.979  9427  9476 I katniss_search_SearchTabDataMigration: PDS migration required: false
10-04 09:32:44.979  9427  9470 D TrafficStats: tagSocket(81) with statsTag=0xffffffff, statsUid=-1
10-04 09:32:44.981  9427  9462 I katniss_search_AppContextDataMigration: PDS migration required: false
10-04 09:32:44.990  9427  9476 W DynamiteModule: Local module descriptor class for com.google.android.gms.providerinstaller.dynamite not found.
10-04 09:32:44.991   441   455 D hdmicecd: [CEC]:printCecMessage, [4 -> 0] len: 1, body: 8f, result:no ack
10-04 09:32:44.993  1409  2283 W ProviderHelper: Unknown dynamite feature providerinstaller.dynamite
10-04 09:32:44.997  6706  6763 I cast_shell: [1004/093244.997006:INFO:metrics_recorder.cc(193)] Record action: Setup.eureka_info.Local
10-04 09:32:45.003  9427  9473 I katniss_search_StartupTaskManager: UserDataStoreStartupTask ran in PT0.054390375S
10-04 09:32:45.004  9427  9473 I katniss_search_KatnissAccountManagerImpl: Read invalid search account from PDS
10-04 09:32:45.004  9427  9473 I katniss_search_KatnissAccountManagerImpl: Read invalid search account from PDS
10-04 09:32:45.005  9427  9473 I katniss_search_StartupTaskManager: DscAccessorCacheStartupTask running
10-04 09:32:45.005  6706  6763 W libc    : Access denied finding property "ro.boot.wificountrycode"
10-04 09:32:45.006  9427  9472 I katniss_search_StartupTaskManager: KatnissAccountManagerStartupTask running
10-04 09:32:45.006  9427  9476 I DynamiteModule: Considering local module com.google.android.gms.providerinstaller.dynamite:0 and remote module com.google.android.gms.providerinstaller.dynamite:0
10-04 09:32:45.006   696  1134 W ActivityManager: Receiver with filter android.content.IntentFilter@d9f4d29 already registered for pid 9427, callerPackage is com.google.android.katniss
10-04 09:32:45.007  9427  9462 I katniss_search_CastDataMigrationBuilder: Migrating data to PDS
10-04 09:32:45.001  6706  6706 W Setup_IOThread: type=1400 audit(0.0:127): avc:  denied  { read } for  name="u:object_r:wifi_config_prop:s0" dev="tmpfs" ino=403 scontext=u:r:mediashell_app:s0:c67,c256,c512,c768 tcontext=u:object_r:wifi_config_prop:s0 tclass=file permissive=0 app=com.google.android.apps.mediashell
10-04 09:32:45.005  6706  6706 W Setup_IOThread: type=1400 audit(0.0:128): avc:  denied  { read } for  name="u:object_r:wifi_config_prop:s0" dev="tmpfs" ino=403 scontext=u:r:mediashell_app:s0:c67,c256,c512,c768 tcontext=u:object_r:wifi_config_prop:s0 tclass=file permissive=0 app=com.google.android.apps.mediashell
10-04 09:32:45.009  6706  6763 W libc    : Access denied finding property "ro.boot.wificountrycode"
10-04 09:32:45.009  9427  9476 W ProviderInstaller: Failed to load providerinstaller module: No acceptable module com.google.android.gms.providerinstaller.dynamite found. Local version is 0 and remote version is 0.
10-04 09:32:45.005  6706  6706 W Setup_IOThread: type=1400 audit(0.0:129): avc:  denied  { read } for  name="u:object_r:wifi_config_prop:s0" dev="tmpfs" ino=403 scontext=u:r:mediashell_app:s0:c67,c256,c512,c768 tcontext=u:object_r:wifi_config_prop:s0 tclass=file permissive=0 app=com.google.android.apps.mediashell
10-04 09:32:45.010  6706  6763 W libc    : Access denied finding property "ro.boot.wificountrycode"
10-04 09:32:45.014  9427  9473 I katniss_search_StartupTaskManager: DscAccessorCacheStartupTask ran in PT0.008973625S
10-04 09:32:45.014  9427  9473 I katniss_search_StartupTaskManager: PendingCheckAutoLogoutAccessorCacheStartupTask running
10-04 09:32:45.017  9427  9473 I katniss_search_StartupTaskManager: PendingCheckAutoLogoutAccessorCacheStartupTask ran in PT0.001576583S
10-04 09:32:45.019  6706  6736 I DrmHalHidl: No hidl drm factories found
10-04 09:32:45.020   223   223 I hwservicemanager: getTransport: Cannot find entry android.hardware.drm@1.0::IDrmFactory/default in either framework or device VINTF manifest.
10-04 09:32:45.021  9427  9473 I katniss_search_StartupTaskManager: AccountsUpdateListenerStartupTask running
10-04 09:32:45.021  6706  6736 E DrmHalHidl: Failed to find passthrough drm factories
10-04 09:32:45.022  9427  9472 I katniss_search_KatnissAccountManagerImpl: Retrieved 0 Google account from GMS.
10-04 09:32:45.023  9427  9472 I katniss_search_GlobalAccountsAccessor: Writing 0 accounts
10-04 09:32:45.023  6706  6736 I DrmUtils: found IDrmFactory. Instance name:[android.hardware.drm.IDrmFactory/clearkey]
10-04 09:32:45.023  9427  9472 I katniss_search_StartupTaskManager: KidsModeDataAccessorCacheStartupTask running
10-04 09:32:45.024  9427  9472 I katniss_search_StartupTaskManager: KidsModeDataAccessorCacheStartupTask ran in PT0.000225334S
10-04 09:32:45.024  9427  9472 I katniss_search_StartupTaskManager: DeviceDataStoreStartupTask ran in PT0.077682S
10-04 09:32:45.024  6706  6736 I DrmUtils: found IDrmFactory. Instance name:[android.hardware.drm.IDrmFactory/verimatrix]
10-04 09:32:45.025  6706  6736 I DrmUtils: found IDrmFactory. Instance name:[android.hardware.drm.IDrmFactory/widevine]
10-04 09:32:45.026   469   469 I WVCdm-DrmFactory: [app][com.google.android.apps.mediashell] calling virtual ::ndk::ScopedAStatus wvdrm::hardware::drm::widevine::WVDrmFactory::createDrmPlugin(const Uuid &, const string &, std::shared_ptr< ::aidl::android::hardware::drm::IDrmPlugin> *)
10-04 09:32:45.026   469   469 D WVCdm   : Instantiating CDM.
10-04 09:32:45.027  9427  9475 I katniss_search_PackageCache: Apps for Intent { act=android.intent.action.MAIN cat=[android.intent.category.LEANBACK_LAUNCHER] }: [AppInfo(enabled=true, longVersionCode=1, packageName=com.android.tv.settings, versionCode=1, versionName=1.0), AppInfo(enabled=true, longVersionCode=237, packageName=com.airtel.tv, versionCode=237, versionName=1.0.0019), AppInfo(enabled=true, longVersionCode=84281918, packageName=com.android.vending, versionCode=84281918, versionName=42.8.19-31 [8] [PR] 675198992), AppInfo(enabled=true, longVersionCode=510300320, packageName=com.google.android.youtube.tv, versionCode=510300320, versionName=5.10.300), AppInfo(enabled=true, longVersionCode=111003320, packageName=com.google.android.youtube.tvmusic, versionCode=111003320, versionName=1.11.03), AppInfo(enabled=true, longVersionCode=34, packageName=com.vantiva.tv.devmodelock, versionCode=34, versionName=14), AppInfo(enabled=true, longVersionCode=606018051, packageName=com.amazon.amazonvideo.livingroom, versionCode=606018051, versionName=6.18.5+v15.3.0.135-armv7a), AppInfo(enabled=true, longVersionCode=1011, packageName=com.apps.updater, versionCode=1011, versionName=1.0.1011), AppInfo(enabled=true, longVersionCode=2012002, packageName=com.droidlogic.exoplayer2.demo, versionCode=2012002, versionName=2.12.2_20240718), AppInfo(enabled=true, longVersionCode=1000027, packageName=com.droidlogic.streaming.inputsourcetest, versionCode=1000027, versionName=1.0.027), AppInfo(enabled=true, longVersionCode=1, packageName=com.droidlogic.tv.settings, versionCode=1, versionName=1.0), AppInfo(enabled=true, longVersionCode=34, packageName=com.droidlogic.updater, versionCode=34, versionName=14), AppInfo(enabled=true, longVersionCode=1011, packageName=com.firmware.update, versionCode=1011, versionName=1.0.1011), AppInfo(enabled=true, longVersionCode=517324270, packageName=com.google.android.play.games, versionCode=517324270, versionName=2024.03.51732 (646593252.646593252-020700)), AppInfo(enabled=true, longVersionCode=44015257, packageName=com.google.android.videos, versionCode=44015257, versionName=4.40.15.23-tv), AppInfo(enabled=true, longVersionCode=19785, packageName=com.netflix.ninja, versionCode=19785, versionName=11.0.4 build 19785), AppInfo(enabled=true, longVersionCode=203230693, packageName=com.graymatrix.did, versionCode=203230693, versionName=5.51.4)]
10-04 09:32:45.028   469   469 D WVCdm   : [cdm_engine.cpp(581):QueryStatus] security_level = Default, query_token = WidevineCdmVersion
10-04 09:32:45.028   469   469 I WVCdm   : [file_utils.cpp(38):Exists] stat failed: ENOENT
10-04 09:32:45.028   469   469 I WVCdm   : [oemcrypto_adapter_dynamic.cpp(783):Initialize] Level 3 Build Info (v18): {"soc_vendor":"L3_34136","soc_model":"ARM 32 bit","ta_ver":"18.1.0+May 15 2024_23:17:25_","uses_opk":false,"tee_os":"none","tee_os_ver":"0.0.0","form_factor":"L3","implementer":"Widevine","fused":false}
10-04 09:32:45.029   469  9484 I WVCdm   : [(0):] Level3 Library 34136 May 15 2024 23:17:25
10-04 09:32:45.031  9427  9472 I katniss_search_KatnissAccountManagerImpl: Read invalid search account from PDS
10-04 09:32:45.032  9427  9475 I katniss_search_PackageCache: Apps for Intent { act=android.intent.action.MAIN cat=[android.intent.category.LEANBACK_SETTINGS] }: [AppInfo(enabled=true, longVersionCode=1, packageName=com.android.tv.settings, versionCode=1, versionName=1.0), AppInfo(enabled=true, longVersionCode=1, packageName=com.android.tv.settings, versionCode=1, versionName=1.0)]
10-04 09:32:45.033  9427  9473 I katniss_search_AccountsUpdateHandler: #startListening
10-04 09:32:45.035   696  1088 D HDMI    : Process pid:9427 is calling addHotplugEventListener
10-04 09:32:45.036   442   442 D hdmicecd: [HdmiCecControl]:isConnected, port:0, connected:yes
10-04 09:32:45.036   442   442 D hdmiconnection: isConnected:1
10-04 09:32:45.039  9427  9472 I katniss_search_StartupTaskManager: HotwordAccessorCacheStartupTask running
10-04 09:32:45.040  9427  9476 D nativeloader: Configuring clns-7 for other apk /system/framework/com.android.location.provider.jar. target_sdk_version=34, uses_libraries=ALL, library_path=/data/app/~~UrSo5sLxvN8sMY38JlK5Eg==/com.google.android.gms-Q-AUMzGeb03V_lWofGjT8A==/lib/arm:/data/app/~~UrSo5sLxvN8sMY38JlK5Eg==/com.google.android.gms-Q-AUMzGeb03V_lWofGjT8A==/base.apk!/lib/armeabi-v7a, permitted_path=/data:/mnt/expand:/data/user/0/com.google.android.gms
10-04 09:32:45.040  9427  9472 I katniss_search_StartupTaskManager: HotwordAccessorCacheStartupTask ran in PT0.000325875S
10-04 09:32:45.040  9427  9472 I katniss_search_StartupTaskManager: LocationUpdaterStartupTask running
10-04 09:32:45.043  9427  9473 I katniss_search_StartupTaskManager: AccountsUpdateListenerStartupTask ran in PT0.021541833S
10-04 09:32:45.043  9427  9472 I katniss_search_StartupTaskManager: LocationUpdaterStartupTask ran in PT0.00262025S
10-04 09:32:45.043  9427  9473 I katniss_search_StartupTaskManager: UsageStatsStartupTask running
10-04 09:32:45.044  9427  9472 I katniss_search_SearchAccountResolverImpl: No adult account available, clearing the search account.
10-04 09:32:45.045  9427  9427 I katniss_search_CecConfigFactory: Using HdmiControlManager for CEC settings
10-04 09:32:45.047   441   455 D hdmicecd: [CEC]:printCecMessage, [4 -> 0] len: 1, body: 8f, result:no ack
10-04 09:32:45.047   441   455 E IPCThreadState: binder thread pool (1 threads) starved for 111 ms
10-04 09:32:45.050   469   469 I WVCdm   : [oemcrypto_adapter_dynamic.cpp(797):Initialize] L3 Initialized. Trying L1.
10-04 09:32:45.053  9427  9475 I katniss_search_PackageCache: Apps for Intent { act=android.intent.action.MAIN cat=[android.intent.category.HOME] }: [AppInfo(enabled=true, longVersionCode=237, packageName=com.airtel.tv, versionCode=237, versionName=1.0.0019), AppInfo(enabled=true, longVersionCode=1, packageName=com.android.tv.settings, versionCode=1, versionName=1.0)]
10-04 09:32:45.055  9330  9330 I katniss_interactor_KatnissIpcConnection: Service is connected. .KatnissSearchProcessService
10-04 09:32:45.056  9427  9427 I katniss_search_KatnissIpcConnection: Service is connected. .LatencyLoggerService
10-04 09:32:45.058   469   469 D WVCdm   : [oemcrypto_adapter_dynamic.cpp(821):Initialize] OEMCrypto_Initialize Level 1 success. I will use level 1.
10-04 09:32:45.059   469   469 I WVCdm   : [oemcrypto_adapter_dynamic.cpp(831):Initialize] Level 1 Build Info (v18): {"soc_vendor":"Amlogic","soc_model":"S905Y5","provision":"Provision 4.0 HW DICE","ta_ver":"18.5.0+Jul  5 202418:49:11","uses_opk":true,"tee_os":"OP-TEE","tee_os_ver":"V3.8.0","form_factor":"mbx","implementer":"Widevine","fused":true,"is_debug":false}
10-04 09:32:45.059   469   469 I WVCdm   : [file_utils.cpp(38):Exists] stat failed: ENOENT
10-04 09:32:45.060   469   469 D WVCdm   : [crypto_session.cpp(472):CacheVersion] OEMCrypto version (default security level): 18.5
10-04 09:32:45.060   469   469 D WVCdm   : [crypto_session.cpp(481):CacheVersion] OEMCrypto version (L3 security level): 18.1
10-04 09:32:45.061   469   469 D WVCdm   : [cdm_engine.cpp(581):QueryStatus] security_level = Default, query_token = DeviceID
10-04 09:32:45.062   469   469 D WVCdm   : [crypto_session.cpp(924):Open] Opening crypto session: requested_security_level = Default
10-04 09:32:45.062   469   469 D WVCdm   : [cdm_usage_table.cpp(162):Init] security_level = L1
10-04 09:32:45.063   469   469 D WVCdm   : [cdm_usage_table.cpp(520):DetermineTableCapacity] capacity = 300, security_level = L1
10-04 09:32:45.064  9427  9472 I katniss_search_KatnissAccountManagerImpl: Updating searchAccount
10-04 09:32:45.064  9427  9472 I katniss_search_KatnissAccountManagerImpl: Read empty search account from PDS
10-04 09:32:45.067  9427  9475 I katniss_search_PackageCache: Apps for Intent { act=com.google.assistant.DATA_SHARING_CONSENT }: [AppInfo(enabled=true, longVersionCode=15001332, packageName=com.google.android.katniss, versionCode=15001332, versionName=7.15.20240818.2)]
10-04 09:32:45.072  9427  9473 I katniss_search_StartupTaskManager: PackageCacheStartupTask ran in PT0.1063035S
10-04 09:32:45.072  9427  9427 D WM-PackageManagerHelper: Skipping component enablement for androidx.work.impl.background.systemjob.SystemJobService
10-04 09:32:45.072  9427  9427 D WM-Schedulers: Created SystemJobScheduler and enabled SystemJobService
10-04 09:32:45.073  9427  9472 I katniss_search_KatnissIpcConnection: Starting the connection to the target service. .KatnissInteractorProcessService
10-04 09:32:45.074  9427  9462 D WM-ForceStopRunnable: The default process name was not specified.
10-04 09:32:45.074  9427  9462 D WM-ForceStopRunnable: Performing cleanup operations.
10-04 09:32:45.075  9427  9476 D nativeloader: Configuring clns-8 for other apk /data/app/~~UrSo5sLxvN8sMY38JlK5Eg==/com.google.android.gms-Q-AUMzGeb03V_lWofGjT8A==/base.apk. target_sdk_version=34, uses_libraries=, library_path=/data/app/~~UrSo5sLxvN8sMY38JlK5Eg==/com.google.android.gms-Q-AUMzGeb03V_lWofGjT8A==/lib/arm:/data/app/~~UrSo5sLxvN8sMY38JlK5Eg==/com.google.android.gms-Q-AUMzGeb03V_lWofGjT8A==/base.apk!/lib/armeabi-v7a, permitted_path=/data:/mnt/expand:/data/user/0/com.google.android.gms
10-04 09:32:45.076  9427  9427 I katniss_search_FixAssistantSettingsWorker: WorkSpec with initial delay [PT33H54M39S]
10-04 09:32:45.084  9427  9472 I katniss_search_StartupTaskManager: KatnissAccountManagerStartupTask ran in PT0.078305958S
10-04 09:32:45.086  9427  9475 I katniss_search_SearchSettingsImpl: Mirroring UDC settings of 0 account(s) to :interactor
10-04 09:32:45.095   469   469 I WVCdm   : [cdm_usage_table.cpp(203):RestoreTable] Found usage table to restore: entry_count = 0
10-04 09:32:45.098  9427  9427 I katniss_search_KatnissSearchProcessServicePeer: Received new message to handle: 9
10-04 09:32:45.103   441   455 D hdmicecd: [CEC]:printCecMessage, [4 -> 0] len: 1, body: 8f, result:no ack
10-04 09:32:45.106  9427  9472 I katniss_search_StartupTaskManager: UsageStatsStartupTask ran in PT0.062214458S
10-04 09:32:45.107  9427  9427 I katniss_search_KatnissIpcConnection: Service is connected. .KatnissInteractorProcessService
10-04 09:32:45.111   469   469 I WVCdm   : [file_utils.cpp(38):Exists] stat failed: ENOENT
10-04 09:32:45.113   469   469 D WVCdm   : [crypto_session.cpp(924):Open] Opening crypto session: requested_security_level = Default
10-04 09:32:45.118   469   469 I WVCdm   : [file_utils.cpp(38):Exists] stat failed: ENOENT
10-04 09:32:45.126   469   469 I WVCdm   : [file_utils.cpp(38):Exists] stat failed: ENOENT
10-04 09:32:45.126   469   469 I WVCdm   : [file_utils.cpp(38):Exists] stat failed: ENOENT
10-04 09:32:45.128  9427  9462 D CompatibilityChangeReporter: Compat change id reported: 160794467; UID 10070; state: ENABLED
10-04 09:32:45.137   469   469 I WVCdm   : [file_utils.cpp(38):Exists] stat failed: ENOENT
10-04 09:32:45.139   469   469 I WVCdm   : [cdm_engine.cpp(216):OpenSession] New session: session_id = sid38
10-04 09:32:45.139   446   485 D WifiHAL : Setting APF program, halHandle = 0xeaf411b0
10-04 09:32:45.139   469   469 I WVCdm   : [cdm_engine.cpp(1050):QueryOemCryptoSessionId] session_id = sid38
10-04 09:32:45.139   446   485 I WifiHAL : createRequest: APF set program request
10-04 09:32:45.139   446   485 D WifiHAL : error code -95 mapped to -3
10-04 09:32:45.139   446   485 I WifiHAL : Request Response failed for APF, result = -3
10-04 09:32:45.140   696   910 E WifiStaIfaceAidlImpl: installApfPacketFilter failed with service-specific exception: android.os.ServiceSpecificException:  (code 4)
10-04 09:32:45.146  9427  9489 E .katniss:search: No package ID 78 found for resource ID 0x780b000f.
10-04 09:32:45.148  9427  9489 E .katniss:search: No package ID 78 found for resource ID 0x780b000f.
10-04 09:32:45.153  9427  9489 I FA      : App measurement initialized, version: 104014
10-04 09:32:45.153  9427  9489 I FA      : To enable debug logging run: adb shell setprop log.tag.FA VERBOSE
10-04 09:32:45.155  9427  9489 I FA      : To enable faster debug mode event logging run:
10-04 09:32:45.155  9427  9489 I FA      :   adb shell setprop debug.firebase.analytics.app com.google.android.katniss
10-04 09:32:45.159   441   455 D hdmicecd: [CEC]:printCecMessage, [4 -> 0] len: 1, body: 8f, result:no ack
10-04 09:32:45.159   441   455 E IPCThreadState: binder thread pool (1 threads) starved for 112 ms
10-04 09:32:45.162   469   469 I WVCdm   : [cdm_engine.cpp(955):QuerySessionStatus] session_id = sid38
10-04 09:32:45.163  6706  6736 I cast_shell: [1004/093245.163204:INFO:jni_client_auth_creds_mediadrm.cc(301)] Cast: signing message with length 35
10-04 09:32:45.166  9427  9475 D WM-GreedyScheduler: Cancelling work ID 495b2ee1-3ab0-41b0-878e-51e03e0616b2
10-04 09:32:45.173  9427  9476 V NativeCrypto: Registering com/google/android/gms/org/conscrypt/NativeCrypto's 305 native methods...
10-04 09:32:45.176  5567  5567 I Finsky  : [2] qsk.onStartJob(127): SCH: job service start with id 9949.
10-04 09:32:45.191   469   469 I WVCdm   : [cdm_engine.cpp(261):CloseSession] session_id = sid38
10-04 09:32:45.197  5567  9494 I Finsky  : [185] qqy.a(1137): SCH: Satisfied jobs for 9949 are: 10-11, 10-26, 10-123
10-04 09:32:45.207  9427  9475 D CompatibilityChangeReporter: Compat change id reported: 194532703; UID 10070; state: ENABLED
10-04 09:32:45.207  9427  9475 D CompatibilityChangeReporter: Compat change id reported: 253665015; UID 10070; state: ENABLED
10-04 09:32:45.208  9427  9475 D WM-SystemJobScheduler: Scheduling work ID 495b2ee1-3ab0-41b0-878e-51e03e0616b2Job ID 52
10-04 09:32:45.210   696  1134 D CompatibilityChangeReporter: Compat change id reported: 271850009; UID 10070; state: ENABLED
10-04 09:32:45.210   696  1134 D CompatibilityChangeReporter: Compat change id reported: 253665015; UID 10070; state: ENABLED
10-04 09:32:45.211   696  1134 D CompatibilityChangeReporter: Compat change id reported: 194532703; UID 10070; state: ENABLED
10-04 09:32:45.223  9427  9475 D WM-PackageManagerHelper: Skipping component enablement for androidx.work.impl.background.systemalarm.RescheduleReceiver
10-04 09:32:45.229   469   469 I WVCdm   : [(0):] L3 Terminate.
10-04 09:32:45.229   469   469 I WVCdm   : [oemcrypto_adapter_dynamic.cpp(843):Level1Terminate] L1 Terminate
10-04 09:32:45.231  6706  6763 I cast_shell: [1004/093245.231133:INFO:metrics_recorder.cc(193)] Record action: Setup.eureka_info.Local.200
10-04 09:32:45.236   696   696 D ResendCecCommandAction: sendCommandWithoutRetries failed, retry
10-04 09:32:45.236   696   949 D HDMI    : [S]:<Text View On> 40:0D
10-04 09:32:45.236  8084  8113 I TRuntime.CctTransportBackend: Making request to: https://firebaselogging-pa.googleapis.com/v1/firelog/legacy/batchlog
10-04 09:32:45.245   581   615 D statsd_drm: statsd_mediadrm_puller skipping empty entry
10-04 09:32:45.245   581   615 D statsd_drm: statsd_mediadrm_puller skipping empty entry
10-04 09:32:45.255  9427  9472 D CompatibilityChangeReporter: Compat change id reported: 247079863; UID 10070; state: ENABLED
10-04 09:32:45.256  9427  9472 I katniss_search_CastServiceInfoImpl: Cast info was successfully loaded.
10-04 09:32:45.256  9427  9472 I katniss_search_StartupTaskManager: CastStartupTask ran in PT0.306727501S
10-04 09:32:45.292  1826  9244 D AdvertisingIdClient: AdvertisingIdClient already created.
10-04 09:32:45.294  9330  9390 W native  : W0000 00:00:1728014565.294083    9390 publisher.cc:35] [FTL] No subscribers for event "assistant.api.events.DeviceStateEvent" from publisher "InitializeInternal"
10-04 09:32:45.294  9330  9402 W native  : W0000 00:00:1728014565.294519    9402 publisher.cc:35] [FTL] No subscribers for event "assistant.api.events.MetricEvent" from publisher "RecordCastEventImpl"
10-04 09:32:45.294  9330  9398 W native  : W0000 00:00:1728014565.294622    9398 action_processor.cc:208] [FTL] Failed to find |conversation_id| for |interaction_id|: 16
10-04 09:32:45.294  9330  9402 W native  : W0000 00:00:1728014565.294673    9402 publisher.cc:35] [FTL] No subscribers for event "assistant.api.events.MetricEvent" from publisher "RecordCastEventImpl"
10-04 09:32:45.294  9330  9402 W native  : W0000 00:00:1728014565.294781    9402 publisher.cc:35] [FTL] No subscribers for event "assistant.api.events.MetricEvent" from publisher "RecordCastEventImpl"
10-04 09:32:45.295   441   455 D hdmicecd: [CEC]:printCecMessage, [4 -> 0] len: 1, body: 0d, result:no ack
10-04 09:32:45.296  1826  9244 I AdvertisingIdClient: shouldSendLog 39878259
10-04 09:32:45.296  1826  9244 I AdvertisingIdClient: GetInfoInternal elapse 3ms
10-04 09:32:45.323  9330  9398 W native  : W0000 00:00:1728014565.322995    9398 publisher.cc:35] [FTL] No subscribers for event "assistant.api.events.DeviceStateEvent" from publisher "ProcessSettingsAction"
10-04 09:32:45.323  9330  9398 W native  : W0000 00:00:1728014565.323266    9398 publisher.cc:35] [FTL] No subscribers for event "assistant.api.events.DeviceStateEvent" from publisher "ProcessSettingsAction"
10-04 09:32:45.325  9330  9398 W native  : W0000 00:00:1728014565.325672    9398 publisher.cc:35] [FTL] No subscribers for event "assistant.api.events.ConversationEvent" from publisher "S3Session"
10-04 09:32:45.337   426  1494 D rtk_heartbeat: heartbeat_timed_out: heartbeatCmdCount = 40470, expected nextSeqNum = 40470
10-04 09:32:45.338   426  1381 D rtk_heartbeat: rtkbt_heartbeat_cmpl_cback: Current SeqNum = 40470,should SeqNum=40470, status = 0
10-04 09:32:45.338  9427  9476 W ActivityThread: ClassLoader.loadClass: The class loader returned by Thread.getContextClassLoader() may fail for processes that host multiple applications. You should explicitly specify a context class loader. For example: Thread.setContextClassLoader(getClass().getClassLoader());
10-04 09:32:45.351   441   455 D hdmicecd: [CEC]:printCecMessage, [4 -> 0] len: 1, body: 0d, result:no ack
10-04 09:32:45.351   441   455 E IPCThreadState: binder thread pool (1 threads) starved for 113 ms
10-04 09:32:45.351  9427  9476 I ProviderInstaller: Installed default security provider GmsCore_OpenSSL
10-04 09:32:45.351  9427  9476 I katniss_search_SecurityProviderStartupTask: Security provider installed.
10-04 09:32:45.354  9427  9473 I katniss_search_StartupTaskManager: SecurityProviderStartupTask ran in PT0.385925208S
10-04 09:32:45.354  9427  9473 I katniss_search_StartupTaskManager: All tasks ran in PT0.41986675S
10-04 09:32:45.379  5567  9496 I Finsky  : [186] qrk.accept(817): SCH: Job 10-11 starting
10-04 09:32:45.388  5567  5630 I Finsky  : [63] rgd.a(125): Running split install cleaner
10-04 09:32:45.407   441   455 D hdmicecd: [CEC]:printCecMessage, [4 -> 0] len: 1, body: 0d, result:no ack
10-04 09:32:45.417  5567  9496 I Finsky  : [186] qrk.accept(817): SCH: Job 10-26 starting
10-04 09:32:45.436  5567  9496 I Finsky  : [186] qrk.accept(817): SCH: Job 10-123 starting
10-04 09:32:45.439  5567  5567 I Finsky  : [2] AppRecoveryHygieneJob.a(6): AppRecoveryHygieneJob starting
10-04 09:32:45.462   441   455 D hdmicecd: [CEC]:printCecMessage, [4 -> 0] len: 1, body: 0d, result:no ack
10-04 09:32:45.463   441   455 E IPCThreadState: binder thread pool (1 threads) starved for 110 ms
10-04 09:32:45.479  5567  5636 I Finsky  : [68] qra.q(56): SCH: jobFinished: 10-26. TimeElapsed: 57ms.
10-04 09:32:45.491  5567  9502 I Finsky  : [188] rgf.accept(17): Removed 0 obsolete sessions.
10-04 09:32:45.495  5567  9502 I Finsky  : [188] rkl.accept(199): Removed 0 corrupted downloaded sessions.
10-04 09:32:45.503  5567  5630 I Finsky  : [63] hua.apply(522): AppRecoveryHygieneJob: successfully finished generating v3.1 signatures
10-04 09:32:45.503  5567  5630 I Finsky  : [63] htx.a(1700): AppRecoveryHygieneJob: starting fetching app recovery item details of packages
10-04 09:32:45.509  5567  5630 I Finsky  : [63] ekq.apply(19): AppRecoveryHygieneJob: successfully fetched app recovery item details of packages
10-04 09:32:45.510  5567  5630 I Finsky  : [63] htx.a(1878): AppRecoveryHygieneJob: no item details are available for app recovery updates
10-04 09:32:45.511  5567  9502 I Finsky  : [188] rgf.accept(84): Finished completion of 0 sessions. Successful: 0. Failed: 0.
10-04 09:32:45.518  5567  5630 I Finsky  : [63] hua.apply(508): AppRecoveryHygieneJob finished
10-04 09:32:45.519  5567  5630 I Finsky  : [63] qra.q(56): SCH: jobFinished: 10-123. TimeElapsed: 81ms.
10-04 09:32:45.599  5567  5625 I Finsky  : [59] qra.q(56): SCH: jobFinished: 10-11. TimeElapsed: 202ms.
10-04 09:32:45.612  5567  5635 I Finsky  : [67] qlf.accept(380): SCH: Scheduling phonesky job Id: 1-1337, CT: 1728013945995, Constraints: [{ L: 32572790, D: 75772790, C: CHARGING_NONE, I: IDLE_NONE, N: NET_ANY }]
10-04 09:32:45.612  5567  5635 I Finsky  : [67] qlf.accept(380): SCH: Scheduling phonesky job Id: 10-4, CT: 1728013942805, Constraints: [{ L: 1200000, D: 86400000, C: CHARGING_NONE, I: IDLE_NONE, N: NET_ANY }]
10-04 09:32:45.624  5567  5625 I Finsky  : [59] qma.apply(60): SCH: Scheduling 1 system job(s)
10-04 09:32:45.624  5567  5625 I Finsky  : [59] qqx.b(244): SCH: Scheduling system job Id: 9954, L: 577181, D: 75153161, C: false, I: false, N: 1
10-04 09:32:45.634  5567  9496 I Finsky  : [186] qsk.a(24): SCH: job service finished with id 9949.
10-04 09:32:45.763   696   696 D ResendCecCommandAction: sendCommandWithoutRetries failed, retry
10-04 09:32:45.764   696   949 D HDMI    : [S]:<Text View On> 40:0D
10-04 09:32:45.819   441   455 D hdmicecd: [CEC]:printCecMessage, [4 -> 0] len: 1, body: 0d, result:no ack
10-04 09:32:45.874   441   455 D hdmicecd: [CEC]:printCecMessage, [4 -> 0] len: 1, body: 0d, result:no ack
10-04 09:32:45.875   441   455 E IPCThreadState: binder thread pool (1 threads) starved for 110 ms
10-04 09:32:45.931   441   455 D hdmicecd: [CEC]:printCecMessage, [4 -> 0] len: 1, body: 0d, result:no ack
10-04 09:32:45.986   441   455 D hdmicecd: [CEC]:printCecMessage, [4 -> 0] len: 1, body: 0d, result:no ack
10-04 09:32:45.987   441   455 E IPCThreadState: binder thread pool (1 threads) starved for 112 ms
10-04 09:32:46.257  8084  8084 D Glide   : Finished loading BitmapDrawable from MEMORY_CACHE for http://tvimg.wynk.in/unsafe/fit-in/1920x548/filters:no_upscale():format(webp)/https://s3.ap-south-1.amazonaws.com/discovery-prod-arsenal/tile/artwork/1727954088147_pl-tournament_xstream-banner_1920-x-548.jpg with size [-2147483648x-2147483648] in 0.6936249999999999 ms
10-04 09:32:46.337   426  1494 D rtk_heartbeat: heartbeat_timed_out: heartbeatCmdCount = 40471, expected nextSeqNum = 40471
10-04 09:32:46.338   426  1381 D rtk_heartbeat: rtkbt_heartbeat_cmpl_cback: Current SeqNum = 40471,should SeqNum=40471, status = 0
10-04 09:32:46.465  1154  1154 I ThermalService: CPU temperatures: [44.300003]
10-04 09:32:46.703  8084  8510 D TrafficStats: tagSocket(134) with statsTag=0xffffffff, statsUid=-1
10-04 09:32:46.711   696   696 D HDMI    : one touch play retry:4
10-04 09:32:46.711   696   949 D HDMI    : [S]:<Text View On> 40:0D
10-04 09:32:46.770   441   455 D hdmicecd: [CEC]:printCecMessage, [4 -> 0] len: 1, body: 0d, result:no ack
10-04 09:32:46.826   441   455 D hdmicecd: [CEC]:printCecMessage, [4 -> 0] len: 1, body: 0d, result:no ack
10-04 09:32:46.827   441   455 E IPCThreadState: binder thread pool (1 threads) starved for 115 ms
10-04 09:32:46.882   441   455 D hdmicecd: [CEC]:printCecMessage, [4 -> 0] len: 1, body: 0d, result:no ack
10-04 09:32:46.883   424   582 I audio_hw_hal_alsamgr: alsa format =0x9000000 delay frames =1536 total frames=1943040000
10-04 09:32:46.938   441   455 D hdmicecd: [CEC]:printCecMessage, [4 -> 0] len: 1, body: 0d, result:no ack
10-04 09:32:46.939   441   455 E IPCThreadState: binder thread pool (1 threads) starved for 111 ms
10-04 09:32:46.939   696   949 D HDMI    : [S]:<Give Device Power Status> 40:8F
10-04 09:32:46.939   696   696 D ResendCecCommandAction: ResendCecCommandAction started
10-04 09:32:46.995   441   455 D hdmicecd: [CEC]:printCecMessage, [4 -> 0] len: 1, body: 8f, result:no ack
10-04 09:32:47.051   441   455 D hdmicecd: [CEC]:printCecMessage, [4 -> 0] len: 1, body: 8f, result:no ack
10-04 09:32:47.051   441   455 E IPCThreadState: binder thread pool (1 threads) starved for 111 ms
10-04 09:32:47.107   441   455 D hdmicecd: [CEC]:printCecMessage, [4 -> 0] len: 1, body: 8f, result:no ack
10-04 09:32:47.163   441   455 D hdmicecd: [CEC]:printCecMessage, [4 -> 0] len: 1, body: 8f, result:no ack
10-04 09:32:47.163   441   455 E IPCThreadState: binder thread pool (1 threads) starved for 111 ms
10-04 09:32:47.239   696   696 D ResendCecCommandAction: sendCommandWithoutRetries failed, retry
10-04 09:32:47.239   696   949 D HDMI    : [S]:<Text View On> 40:0D
10-04 09:32:47.295   441   455 D hdmicecd: [CEC]:printCecMessage, [4 -> 0] len: 1, body: 0d, result:no ack
10-04 09:32:47.337   426  1494 D rtk_heartbeat: heartbeat_timed_out: heartbeatCmdCount = 40472, expected nextSeqNum = 40472
10-04 09:32:47.338   426  1381 D rtk_heartbeat: rtkbt_heartbeat_cmpl_cback: Current SeqNum = 40472,should SeqNum=40472, status = 0
10-04 09:32:47.354   441   455 D hdmicecd: [CEC]:printCecMessage, [4 -> 0] len: 1, body: 0d, result:no ack
10-04 09:32:47.410   441   441 D hdmicecd: [CEC]:printCecMessage, [4 -> 0] len: 1, body: 0d, result:no ack
10-04 09:32:47.466   441   441 D hdmicecd: [CEC]:printCecMessage, [4 -> 0] len: 1, body: 0d, result:no ack
10-04 09:32:47.467   441   441 E IPCThreadState: binder thread pool (1 threads) starved for 227 ms
10-04 09:32:47.495     0     0 W [2 T1289  ..] RTW: rtw_get_sta_tx_stat() not support
10-04 09:32:47.495     0     0 W [2 T1289  ..] RTW: cfg80211_rtw_get_txpower
10-04 09:32:47.642  8084  8113 I TRuntime.CctTransportBackend: Status Code: 200
10-04 09:32:47.768   696   696 D ResendCecCommandAction: sendCommandWithoutRetries failed, retry
10-04 09:32:47.768   696   949 D HDMI    : [S]:<Text View On> 40:0D
10-04 09:32:47.826   441   441 D hdmicecd: [CEC]:printCecMessage, [4 -> 0] len: 1, body: 0d, result:no ack
10-04 09:32:47.887   441   441 D hdmicecd: [CEC]:printCecMessage, [4 -> 0] len: 1, body: 0d, result:no ack
10-04 09:32:47.887   441   441 E IPCThreadState: binder thread pool (1 threads) starved for 118 ms
10-04 09:32:47.946   441   441 D hdmicecd: [CEC]:printCecMessage, [4 -> 0] len: 1, body: 0d, result:no ack
10-04 09:32:48.003   441   441 D hdmicecd: [CEC]:printCecMessage, [4 -> 0] len: 1, body: 0d, result:no ack
10-04 09:32:48.004   441   441 E IPCThreadState: binder thread pool (1 threads) starved for 117 ms
10-04 09:32:48.140  8084  8093 I com.airtel.tv: Background young concurrent copying GC freed 391937(26MB) AllocSpace objects, 6(232KB) LOS objects, 23% free, 80MB/104MB, paused 299us,179us total 171.971ms
10-04 09:32:48.337   426  1494 D rtk_heartbeat: heartbeat_timed_out: heartbeatCmdCount = 40473, expected nextSeqNum = 40473
10-04 09:32:48.338   426  1381 D rtk_heartbeat: rtkbt_heartbeat_cmpl_cback: Current SeqNum = 40473,should SeqNum=40473, status = 0
10-04 09:32:48.468  1154  1154 I ThermalService: CPU temperatures: [44.600002]
10-04 09:32:48.711   696   696 D HDMI    : one touch play retry:5
10-04 09:32:48.712   696   949 D HDMI    : [S]:<Text View On> 40:0D
10-04 09:32:48.767   441   441 D hdmicecd: [CEC]:printCecMessage, [4 -> 0] len: 1, body: 0d, result:no ack
10-04 09:32:48.823   441   441 D hdmicecd: [CEC]:printCecMessage, [4 -> 0] len: 1, body: 0d, result:no ack
10-04 09:32:48.823   441   441 E IPCThreadState: binder thread pool (1 threads) starved for 111 ms
10-04 09:32:48.879   441   441 D hdmicecd: [CEC]:printCecMessage, [4 -> 0] len: 1, body: 0d, result:no ack
10-04 09:32:48.935   441   441 D hdmicecd: [CEC]:printCecMessage, [4 -> 0] len: 1, body: 0d, result:no ack
10-04 09:32:48.935   441   441 E IPCThreadState: binder thread pool (1 threads) starved for 112 ms
10-04 09:32:48.935   696   949 D HDMI    : [S]:<Give Device Power Status> 40:8F
10-04 09:32:48.936   696   696 D ResendCecCommandAction: ResendCecCommandAction started
10-04 09:32:48.991   441   441 D hdmicecd: [CEC]:printCecMessage, [4 -> 0] len: 1, body: 8f, result:no ack
10-04 09:32:49.046   441   441 D hdmicecd: [CEC]:printCecMessage, [4 -> 0] len: 1, body: 8f, result:no ack
10-04 09:32:49.047   441   441 E IPCThreadState: binder thread pool (1 threads) starved for 111 ms
10-04 09:32:49.090   424   582 I audio_hw_hal_alsamgr: alsa format =0x1 delay frames =1024 total frames=1943808000
10-04 09:32:49.103   441   441 D hdmicecd: [CEC]:printCecMessage, [4 -> 0] len: 1, body: 8f, result:no ack
10-04 09:32:49.158   441   441 D hdmicecd: [CEC]:printCecMessage, [4 -> 0] len: 1, body: 8f, result:no ack
10-04 09:32:49.159   441   441 E IPCThreadState: binder thread pool (1 threads) starved for 112 ms
10-04 09:32:49.236   696   696 D ResendCecCommandAction: sendCommandWithoutRetries failed, retry
10-04 09:32:49.236   696   949 D HDMI    : [S]:<Text View On> 40:0D
10-04 09:32:49.291   441   441 D hdmicecd: [CEC]:printCecMessage, [4 -> 0] len: 1, body: 0d, result:no ack
10-04 09:32:49.338   426  1494 D rtk_heartbeat: heartbeat_timed_out: heartbeatCmdCount = 40474, expected nextSeqNum = 40474
10-04 09:32:49.339   426  1381 D rtk_heartbeat: rtkbt_heartbeat_cmpl_cback: Current SeqNum = 40474,should SeqNum=40474, status = 0
10-04 09:32:49.347   441   441 D hdmicecd: [CEC]:printCecMessage, [4 -> 0] len: 1, body: 0d, result:no ack
10-04 09:32:49.347   441   441 E IPCThreadState: binder thread pool (1 threads) starved for 110 ms
10-04 09:32:49.403   441   441 D hdmicecd: [CEC]:printCecMessage, [4 -> 0] len: 1, body: 0d, result:no ack
10-04 09:32:49.459   441   441 D hdmicecd: [CEC]:printCecMessage, [4 -> 0] len: 1, body: 0d, result:no ack
10-04 09:32:49.460   441   441 E IPCThreadState: binder thread pool (1 threads) starved for 112 ms
10-04 09:32:49.760   696   696 D ResendCecCommandAction: sendCommandWithoutRetries failed, retry
10-04 09:32:49.760   696   949 D HDMI    : [S]:<Text View On> 40:0D
10-04 09:32:49.815   441   441 D hdmicecd: [CEC]:printCecMessage, [4 -> 0] len: 1, body: 0d, result:no ack
10-04 09:32:49.875   441   441 D hdmicecd: [CEC]:printCecMessage, [4 -> 0] len: 1, body: 0d, result:no ack
10-04 09:32:49.876   441   441 E IPCThreadState: binder thread pool (1 threads) starved for 115 ms
10-04 09:32:49.931   441   441 D hdmicecd: [CEC]:printCecMessage, [4 -> 0] len: 1, body: 0d, result:no ack
10-04 09:32:49.987   441   441 D hdmicecd: [CEC]:printCecMessage, [4 -> 0] len: 1, body: 0d, result:no ack
10-04 09:32:49.987   441   441 E IPCThreadState: binder thread pool (1 threads) starved for 111 ms
10-04 09:32:50.338   426  1494 D rtk_heartbeat: heartbeat_timed_out: heartbeatCmdCount = 40475, expected nextSeqNum = 40475
10-04 09:32:50.339   426  1381 D rtk_heartbeat: rtkbt_heartbeat_cmpl_cback: Current SeqNum = 40475,should SeqNum=40475, status = 0
10-04 09:32:50.415  9330  9374 I katniss_interactor_KatnissAccountManagerImpl: Read invalid search account from PDS
10-04 09:32:50.420  9330  9377 V ClearcutMetricXmitter: Transmission is done.
10-04 09:32:50.424  9330  9374 I katniss_interactor_KatnissAccountManagerImpl: Read invalid search account from PDS
10-04 09:32:50.425  9330  9374 V ClearcutMetricXmitter: Transmission is done.
10-04 09:32:50.425  9330  9373 I katniss_interactor_KatnissAccountManagerImpl: Read invalid search account from PDS
10-04 09:32:50.426  9330  9375 V ClearcutMetricXmitter: Transmission is done.
10-04 09:32:50.426  9330  9373 I katniss_interactor_KatnissAccountManagerImpl: Read invalid search account from PDS
10-04 09:32:50.427  9330  9375 V ClearcutMetricXmitter: Transmission is done.
10-04 09:32:50.428  9330  9373 I katniss_interactor_KatnissAccountManagerImpl: Read invalid search account from PDS
10-04 09:32:50.428  9330  9373 V ClearcutMetricXmitter: Transmission is done.
10-04 09:32:50.428  9330  9374 I katniss_interactor_KatnissAccountManagerImpl: Read invalid search account from PDS
10-04 09:32:50.429  9330  9375 V ClearcutMetricXmitter: Transmission is done.
10-04 09:32:50.472  1154  1154 I ThermalService: CPU temperatures: [42.9]
10-04 09:32:50.500     0     0 W [1 T1289  ..] RTW: rtw_get_sta_tx_stat() not support
10-04 09:32:50.500     0     0 W [1 T1289  ..] RTW: cfg80211_rtw_get_txpower
10-04 09:32:50.712   696   696 W WindowManager: One touch play failed: 1
10-04 09:32:51.309  8084  8084 D Glide   : Finished loading BitmapDrawable from MEMORY_CACHE for http://tvimg.wynk.in/unsafe/fit-in/1920x548/filters:no_upscale():format(webp)/https://s3.ap-south-1.amazonaws.com/discovery-prod-arsenal/tile/artwork/1727811858264_airtel-stb_ind-vs-nz-3-oct-7.30pm_ss1hd_hindi_1920-x-548.jpg with size [-2147483648x-2147483648] in 0.664084 ms
10-04 09:32:51.338   426  1494 D rtk_heartbeat: heartbeat_timed_out: heartbeatCmdCount = 40476, expected nextSeqNum = 40476
10-04 09:32:51.339   426  1381 D rtk_heartbeat: rtkbt_heartbeat_cmpl_cback: Current SeqNum = 40476,should SeqNum=40476, status = 0
10-04 09:32:51.944  9427  9473 I katniss_search_KatnissAccountManagerImpl: Read invalid search account from PDS
10-04 09:32:51.947  9427  9475 V ClearcutMetricXmitter: Transmission is done.
10-04 09:32:52.338   426  1494 D rtk_heartbeat: heartbeat_timed_out: heartbeatCmdCount = 40477, expected nextSeqNum = 40477
10-04 09:32:52.339   426  1381 D rtk_heartbeat: rtkbt_heartbeat_cmpl_cback: Current SeqNum = 40477,should SeqNum=40477, status = 0
10-04 09:32:52.474  1154  1154 I ThermalService: CPU temperatures: [42.9]
10-04 09:32:53.338   426  1494 D rtk_heartbeat: heartbeat_timed_out: heartbeatCmdCount = 40478, expected nextSeqNum = 40478
10-04 09:32:53.339   426  1381 D rtk_heartbeat: rtkbt_heartbeat_cmpl_cback: Current SeqNum = 40478,should SeqNum=40478, status = 0
10-04 09:32:53.504     0     0 W [2 T1289  ..] RTW: rtw_get_sta_tx_stat() not support
10-04 09:32:53.504     0     0 W [2 T1289  ..] RTW: cfg80211_rtw_get_txpower
10-04 09:32:53.968  9193  9193 D MonkeyStub: translateCommand: press DPAD_RIGHT
10-04 09:32:53.971   459   459 I lights-tch: flashMode 0 id 2 onMs 0 offMs 0 brightness 0
10-04 09:32:53.974   459   459 I lights-tch: flashMode 0 id 2 onMs 0 offMs 0 brightness 225
10-04 09:32:54.029   424   471 I audio_hw_hal_primary: [register_audio_patch:7826] Patch 3:id:3 mix(io:13)->dev_0[OUT_HDMI(id:18)] found, register the same patch, do nothing.
10-04 09:32:54.029   424   471 I audio_hw_hal_primary: [adev_create_audio_patch:7927] Patch 3: MIX->DEVICE, num_src:1 num_sink:1 patch_src:INVAL
10-04 09:32:54.029   424   471 I audio_hw_hal_primary: [adev_create_audio_patch:7931] sink[0]: OUT_HDMI(id:18)
10-04 09:32:54.029   424   471 I audio_hw_hal_primary: [adev_create_audio_patch:7988] Patch 3: mix(io:13) -> dev[OUT_HDMI(id:18)]
10-04 09:32:54.029   424   471 I audio_hw_hal_primary: [adev_create_audio_patch:8056] dev=0xf3782930 cur_out_device=0x400
10-04 09:32:54.030  1154  1349 D UEventObserver: change@/devices/platform/auge_sound/sound/card0/controlC0��ACTION=change��DEVPATH=/devices/platform/auge_sound/sound/card0/controlC0��SUBSYSTEM=sound��AUDIO_FORMAT=0��MAJOR=116��MINOR=11��DEVNAME=snd/controlC0��SEQNUM=3178��
10-04 09:32:54.030  1154  1349 W ContextImpl: Calling a method in the system process without a qualified user: android.app.ContextImpl.sendBroadcast:1220 android.content.ContextWrapper.sendBroadcast:504 com.droidlogic.audioservice.services.AudioSystemCmdService$1.onUEvent:177 com.droidlogic.UEventObserver$UEventThread.sendEvent:213 com.droidlogic.UEventObserver$UEventThread.run:190 
10-04 09:32:54.037   472  1848 D audioserver: FGS Logger Transaction failed
10-04 09:32:54.037   472  1848 D audioserver: -129
10-04 09:32:54.042   424  8590 I audio_hw_hal_primary: [mixer_aux_buffer_write:6665] io 13: out:0xf2d00740 usecase:PCM_NORMAL standby to unstandby
10-04 09:32:54.042   424  8590 E audio_hw_hal_virtualbuf: ms12 system input underrun happens read=25296675304 write=12031999812 diff=13264675492
10-04 09:32:54.042  1154  1348 I AudioSystemCmdService: onAudioPatchListUpdate
10-04 09:32:54.070     0     0 I [1 T230   ..] logd: logdr: UID=2000 GID=2000 PID=9507 n tail=0 logMask=99 pid=0 start=0ns deadline=0ns
10-04 09:32:54.053  1154  1348 I AudioSystemCmdService: mAudioSink:[{{mHandle: 18, mRole: SINK}, mType: hdmi, mAddress: }], previousSink:[{{mHandle: 18, mRole: SINK}, mType: hdmi, mAddress: }]
10-04 09:32:54.053  1154  1348 I AudioSystemCmdService: updateAudioPatch cur sink does not change.
10-04 09:32:54.065   424  8590 I audio_hw_hal_stream: aml_stream_out_info_print: out:0xf2d00740, stream_type:pcm, sync_mode:non tunnel, input_size:14680064 bytes
10-04 09:32:54.065   424  8590 I audio_hw_hal_stream: aml_stream_out_info_print: last_time:40500253 ms (sec:40500, nsec:253758436), last_position:76295 ms (3662160), cur_time:40513651 ms (sec:40513, nsec:651112693), cur_position:76385 ms (3666512)
10-04 09:32:54.065   424  8590 I audio_hw_hal_stream: aml_stream_out_info_print: time_gap:13398 ms (thr:100 ms), position_gap:90 ms, delay:73 ms, jitter: Position gap is behind system time gap by 13308 ms (thr:100 ms)
--------- beginning of main
10-04 09:32:54.206   424  8590 I audio_hw_hal_primary: [audiohal_get_latency:1258] io 13: out:0xf2d00740 frames:3072 rate:48000 whole_latency:64 alsa_latency:64
10-04 09:32:54.224   424  8590 I audio_hw_hal_primary: [audiohal_get_latency:1258] io 13: out:0xf2d00740 frames:3072 rate:48000 whole_latency:64 alsa_latency:64
