10-04 09:27:02.365   696  3336 D CoreBackPreview: Window{20ccfcb u0 com.airtel.tv/tv.airtel.xstream.login.LoginActivity}: Setting back callback OnBackInvokedCallbackInfo{mCallback=android.window.IOnBackInvokedCallback$Stub$Proxy@8cb2666, mPriority=0, mIsAnimationCallback=false}
10-04 09:27:02.388  8084  8174 E OpenGLRenderer: Unable to match the desired swap behavior.
10-04 09:27:02.422   424   582 I audio_hw_hal_alsamgr: alsa format =0x1 delay frames =1024 total frames=1927168000
10-04 09:27:02.422   696   808 I ActivityTaskManager: Displayed com.airtel.tv/tv.airtel.xstream.login.LoginActivity for user 0: +620ms
10-04 09:27:02.425   696   808 V WindowManager: Sent Transition #10 createdAt=10-04 09:27:01.798 via request=TransitionRequestInfo { type = OPEN, triggerTask = TaskInfo{userId=0 taskId=212 displayId=0 isRunning=true baseIntent=Intent { flg=0x10000000 cmp=com.airtel.tv/tv.airtel.xstream.ui.home.MainActivity } baseActivity=ComponentInfo{com.airtel.tv/tv.airtel.xstream.login.LoginActivity} topActivity=ComponentInfo{com.airtel.tv/tv.airtel.xstream.login.LoginActivity} origActivity=null realActivity=ComponentInfo{com.airtel.tv/tv.airtel.xstream.ui.home.MainActivity} numActivities=1 lastActiveTime=40161402 supportsMultiWindow=false resizeMode=1 isResizeable=true minWidth=-1 minHeight=-1 defaultMinSize=220 token=WCT{RemoteToken{422ffed Task{8827d5b #212 type=standard A=10043:com.airtel.tv}}} topActivityType=1 pictureInPictureParams=null shouldDockBigOverlays=true launchIntoPipHostTaskId=-1 lastParentTaskIdBeforePip=-1 displayCutoutSafeInsets=null topActivityInfo=ActivityInfo{cd43254 tv.airtel.xstream.login.LoginActivity} launchCookies=[] positionInParent=Point(0, 0) parentTaskId=-1 isFocused=true isVisible=false isVisibleRequested=true isSleeping=false topActivityInSizeCompat=false topActivityEligibleForLetterboxEducation= false topActivityLetterboxed= false isFromDoubleTap= false topActivityLetterboxVerticalPosition= -1 topActivityLetterboxHorizontalPosition= -1 topActivityLetterboxWidth=-1 topActivityLetterboxHeight=-1 locusId=null displayAreaFeatureId=1 cameraCompatControlState=hidden}, remoteTransition = null, displayChange = null }
10-04 09:27:02.425   696   808 V WindowManager:     startWCT=WindowContainerTransaction { changes = {} hops = [] errorCallbackToken=null taskFragmentOrganizer=null }
10-04 09:27:02.425   696   808 V WindowManager:     info={id=10 t=OPEN f=0x0 trk=0 r=[0@Point(0, 0)] c=[{WCT{RemoteToken{422ffed Task{8827d5b #212 type=standard A=10043:com.airtel.tv}}} m=TO_FRONT f=MOVE_TO_TOP leash=Surface(name=Task=212)/@0x93aee96 sb=Rect(0, 0 - 1920, 1080) eb=Rect(0, 0 - 1920, 1080) d=0},{WCT{RemoteToken{40a0682 Task{5863db3 #217 type=standard A=10043:com.airtel.tv:-412346015}}} m=TO_BACK f=NONE leash=Surface(name=Task=217)/@0x552c764 sb=Rect(0, 0 - 1920, 1080) eb=Rect(0, 0 - 1920, 1080) d=0}]}
10-04 09:27:02.427   982  1072 V WindowManagerShell: onTransitionReady android.os.BinderProxy@b0eb7a2: {id=10 t=OPEN f=0x0 trk=0 r=[0@Point(0, 0)] c=[{WCT{android.window.IWindowContainerToken$Stub$Proxy@20aaf02} m=TO_FRONT f=MOVE_TO_TOP leash=Surface(name=Task=212)/@0x924f377 sb=Rect(0, 0 - 1920, 1080) eb=Rect(0, 0 - 1920, 1080) d=0},{WCT{android.window.IWindowContainerToken$Stub$Proxy@d6b5013} m=TO_BACK f=NONE leash=Surface(name=Task=217)/@0xbf41be4 sb=Rect(0, 0 - 1920, 1080) eb=Rect(0, 0 - 1920, 1080) d=0}]}
10-04 09:27:02.427   982  1072 V WindowManagerShell: Playing animation for (#10)android.os.BinderProxy@b0eb7a2@0
10-04 09:27:02.427   982  1072 V WindowManagerShell:  try handler com.android.wm.shell.keyguard.KeyguardTransitionHandler@5327bca
10-04 09:27:02.427   982  1072 V WindowManagerShell:  try handler com.android.wm.shell.activityembedding.ActivityEmbeddingController@72713b
10-04 09:27:02.427   982  1072 V WindowManagerShell:  try handler com.android.wm.shell.pip.tv.TvPipTransition@ddc6058
10-04 09:27:02.427   982  1072 V WindowManagerShell:  try handler com.android.wm.shell.transition.RemoteTransitionHandler@84005b1
10-04 09:27:02.429   982  1072 V WindowManagerShell: Transition doesn't have explicit remote, search filters for match for {id=10 t=OPEN f=0x0 trk=0 r=[0@Point(0, 0)] c=[{WCT{android.window.IWindowContainerToken$Stub$Proxy@20aaf02} m=TO_FRONT f=MOVE_TO_TOP leash=Surface(name=Task=212)/@0x924f377 sb=Rect(0, 0 - 1920, 1080) eb=Rect(0, 0 - 1920, 1080) d=0},{WCT{android.window.IWindowContainerToken$Stub$Proxy@d6b5013} m=TO_BACK f=NONE leash=Surface(name=Task=217)/@0xbf41be4 sb=Rect(0, 0 - 1920, 1080) eb=Rect(0, 0 - 1920, 1080) d=0}]}
10-04 09:27:02.429  8084  8084 D Glide   : Finished loading BitmapDrawable from REMOTE for https://xstreamcp-assets-msp.streamready.in/assets/LIVETV/LIVECHANNEL/6572eed7033abf53d08e53b3/images/355.webp with size [140x140] in 739.380043 ms
10-04 09:27:02.429   982  1072 V WindowManagerShell:  Delegate animation for #10 to null
10-04 09:27:02.430   982  1072 V WindowManagerShell:  try handler com.android.wm.shell.transition.DefaultTransitionHandler@ce48a96
10-04 09:27:02.430   982  1072 V WindowManagerShell: start default transition animation, info = {id=10 t=OPEN f=0x0 trk=0 r=[0@Point(0, 0)] c=[{WCT{android.window.IWindowContainerToken$Stub$Proxy@20aaf02} m=TO_FRONT f=MOVE_TO_TOP leash=Surface(name=Task=212)/@0x924f377 sb=Rect(0, 0 - 1920, 1080) eb=Rect(0, 0 - 1920, 1080) d=0},{WCT{android.window.IWindowContainerToken$Stub$Proxy@d6b5013} m=TO_BACK f=NONE leash=Surface(name=Task=217)/@0xbf41be4 sb=Rect(0, 0 - 1920, 1080) eb=Rect(0, 0 - 1920, 1080) d=0}]}
10-04 09:27:02.430   982  1072 V WindowManagerShell: loadAnimation: anim=android.view.animation.AlphaAnimation@ac91250 animAttr=0x9 type=OPEN isEntrance=false
10-04 09:27:02.431  8084  8084 D LoginActivity::dismissErrorView called  : 
10-04 09:27:02.431   982  1072 V WindowManagerShell: loadAnimation: anim=android.view.animation.AlphaAnimation@5115c49 animAttr=0x8 type=OPEN isEntrance=true
10-04 09:27:02.434   982  1072 V WindowManagerShell:  animated by com.android.wm.shell.transition.DefaultTransitionHandler@ce48a96
10-04 09:27:02.437  8084  8084 D Glide   : Finished loading BitmapDrawable from REMOTE for https://xstreamcp-assets-msp.streamready.in/assets/LIVETV/PROGRAM/LIVETV_PROGRAM_AAJ_TAK_HD_748974_04OCT0925_04OCT0940/images/AAJTAKHD_100Shahar100Khabar_748974.jpg with size [320x180] in 738.819292 ms
10-04 09:27:02.502   696  2531 I ImeTracker: com.airtel.tv:74055094: onRequestHide at ORIGIN_SERVER_HIDE_INPUT reason HIDE_UNSPECIFIED_WINDOW
10-04 09:27:02.503   696  2531 I ImeTracker: com.airtel.tv:74055094: onCancelled at PHASE_SERVER_SHOULD_HIDE
10-04 09:27:02.505  7788  7788 I GoogleInputMethodService: GoogleInputMethodService.onFinishInput():3184 
10-04 09:27:02.507  7788  7788 I GoogleInputMethodService: GoogleInputMethodService.updateDeviceLockedStatus():2246 repeatCheckTimes = 0, locked = false
10-04 09:27:02.508  7788  7788 I GoogleInputMethodService: GoogleInputMethodService.onStartInput():1982 onStartInput(EditorInfo{EditorInfo{packageName=com.airtel.tv, inputType=0, inputTypeString=NULL, enableLearning=false, autoCorrection=false, autoComplete=false, imeOptions=0, privateImeOptions=null, actionName=UNSPECIFIED, actionLabel=null, initialSelStart=-1, initialSelEnd=-1, initialCapsMode=0, label=null, fieldId=0, fieldName=null, extras=null, hintText=null, hintLocales=[]}}, false)
10-04 09:27:02.511  7788  7788 I GoogleInputMethodService: GoogleInputMethodService.updateDeviceLockedStatus():2246 repeatCheckTimes = 1, locked = false
10-04 09:27:02.511  7788  7788 I AndroidIME: InputBundleManager.loadActiveInputBundleId():450 loadActiveInputBundleId: und-Latn-x-password, password
10-04 09:27:02.512  7788  7788 I EmojiCompatManager: EmojiCompatManager.getEmojiCompatIfLoaded():342 EmojiCompat.init() was never called.
10-04 09:27:02.512  7788  7788 I EmojiCompatManager: java.lang.IllegalStateException: EmojiCompat is not initialized. Please call EmojiCompat.init() first
10-04 09:27:02.512  7788  7788 I EmojiCompatManager: 	at so.g(PG:3)
10-04 09:27:02.512  7788  7788 I EmojiCompatManager: 	at abd.a(PG:6)
10-04 09:27:02.512  7788  7788 I EmojiCompatManager: 	at edb.d(PG:1)
10-04 09:27:02.512  7788  7788 I EmojiCompatManager: 	at edb.b(PG:6)
10-04 09:27:02.512  7788  7788 I EmojiCompatManager: 	at com.android.inputmethod.latin.LatinIME.f(PG:286)
10-04 09:27:02.512  7788  7788 I EmojiCompatManager: 	at epp.onStartInput(PG:170)
10-04 09:27:02.512  7788  7788 I EmojiCompatManager: 	at android.inputmethodservice.InputMethodService.doStartInput(InputMethodService.java:3115)
10-04 09:27:02.512  7788  7788 I EmojiCompatManager: 	at android.inputmethodservice.InputMethodService$InputMethodImpl.startInput(InputMethodService.java:824)
10-04 09:27:02.512  7788  7788 I EmojiCompatManager: 	at android.inputmethodservice.InputMethodService$InputMethodImpl.dispatchStartInput(InputMethodService.java:853)
10-04 09:27:02.512  7788  7788 I EmojiCompatManager: 	at android.inputmethodservice.IInputMethodWrapper.executeMessage(IInputMethodWrapper.java:197)
10-04 09:27:02.512  7788  7788 I EmojiCompatManager: 	at com.android.internal.os.HandlerCaller$MyHandler.handleMessage(HandlerCaller.java:44)
10-04 09:27:02.512  7788  7788 I EmojiCompatManager: 	at android.os.Handler.dispatchMessage(Handler.java:106)
10-04 09:27:02.512  7788  7788 I EmojiCompatManager: 	at android.os.Looper.loopOnce(Looper.java:205)
10-04 09:27:02.512  7788  7788 I EmojiCompatManager: 	at android.os.Looper.loop(Looper.java:294)
10-04 09:27:02.512  7788  7788 I EmojiCompatManager: 	at android.app.ActivityThread.main(ActivityThread.java:8177)
10-04 09:27:02.512  7788  7788 I EmojiCompatManager: 	at java.lang.reflect.Method.invoke(Native Method)
10-04 09:27:02.512  7788  7788 I EmojiCompatManager: 	at com.android.internal.os.RuntimeInit$MethodAndArgsCaller.run(RuntimeInit.java:552)
10-04 09:27:02.512  7788  7788 I EmojiCompatManager: 	at com.android.internal.os.ZygoteInit.main(ZygoteInit.java:971)
10-04 09:27:02.582  8084  8093 I com.airtel.tv: Background young concurrent copying GC freed 291337(13MB) AllocSpace objects, 21(1076KB) LOS objects, 12% free, 73MB/84MB, paused 908us,254us total 590.261ms
10-04 09:27:02.614  1154  1154 D NetflixService: handleMessage
10-04 09:27:02.616  1154  1154 D NetflixService: com.airtel.tv is visible.
10-04 09:27:02.616  1154  1154 D NetflixService: com.netflix.ninja is not top activity.
10-04 09:27:02.619  1154  1154 D NetflixService: com.netflix.ninjais not top activity.
10-04 09:27:02.619  1154  1154 I NetflixService: fg: false  mIsNetflixFg: false
10-04 09:27:02.630  1154  1154 D NetflixService: com.airtel.tv is visible.
10-04 09:27:02.630  1154  1154 D NetflixService: com.google.android.youtube.tv is not top activity.
10-04 09:27:02.646   696  2569 D ConnectivityService: requestNetwork for uid/pid:10043/8084 activeRequest: null callbackRequest: 234 [NetworkRequest [ REQUEST id=235, [ Capabilities: INTERNET&NOT_RESTRICTED&TRUSTED&NOT_VCN_MANAGED Uid: 10043 RequestorUid: 10043 RequestorPkg: com.airtel.tv UnderlyingNetworks: Null] ]] callback flags: 0 order: 2147483647
10-04 09:27:02.649   696   910 D WifiNetworkFactory: got request NetworkRequest [ REQUEST id=235, [ Capabilities: INTERNET&NOT_RESTRICTED&TRUSTED&NOT_VCN_MANAGED Uid: 10043 RequestorUid: 10043 RequestorPkg: com.airtel.tv UnderlyingNetworks: Null] ]
10-04 09:27:02.649   696   910 D UntrustedWifiNetworkFactory: got request NetworkRequest [ REQUEST id=235, [ Capabilities: INTERNET&NOT_RESTRICTED&TRUSTED&NOT_VCN_MANAGED Uid: 10043 RequestorUid: 10043 RequestorPkg: com.airtel.tv UnderlyingNetworks: Null] ]
10-04 09:27:02.650   696   910 D OemPaidWifiNetworkFactory: got request NetworkRequest [ REQUEST id=235, [ Capabilities: INTERNET&NOT_RESTRICTED&TRUSTED&NOT_VCN_MANAGED Uid: 10043 RequestorUid: 10043 RequestorPkg: com.airtel.tv UnderlyingNetworks: Null] ]
10-04 09:27:02.650   696   910 D MultiInternetWifiNetworkFactory: got request NetworkRequest [ REQUEST id=235, [ Capabilities: INTERNET&NOT_RESTRICTED&TRUSTED&NOT_VCN_MANAGED Uid: 10043 RequestorUid: 10043 RequestorPkg: com.airtel.tv UnderlyingNetworks: Null] ]
10-04 09:27:02.650   696   918 D ConnectivityService: NetReassign [235 : null → 100] [c 1] [a 1] [i 2]
10-04 09:27:02.845   982  1072 V WindowManagerShell: Transition animation finished (aborted=false), notifying core (#10)android.os.BinderProxy@b0eb7a2@0
10-04 09:27:02.849   696   808 V WindowManager: Finish Transition #10: created at 10-04 09:27:01.798 collect-started=0.151ms request-sent=18.988ms started=26.702ms ready=26.632ms sent=621.47ms finished=1050.595ms
10-04 09:27:02.855   982  1072 V WindowManagerShell: Track 0 became idle
10-04 09:27:02.855   982  1072 V WindowManagerShell: All active transition animations finished
10-04 09:27:02.869  8084  8143 I WM-WorkerWrapper: Worker result SUCCESS for Work [ id=e34fcf90-5129-4002-87cc-f25961bcc0b3, tags={ tv.airtel.wynk.analytics.sync.service.AnalyticsSyncService, com.airtel.analyticsSyncService } ]
10-04 09:27:02.929  8084  8084 D ZapBanner: hidden
10-04 09:27:02.933   696  2569 I MediaFocusControl: abandonAudioFocus() from uid/pid 10043/8084 clientId=android.media.AudioManager@d119492helper.PlayerHelper$$ExternalSyntheticLambda0@6acee63
10-04 09:27:02.935   696  2569 I MediaFocusControl: abandonAudioFocus() from uid/pid 10043/8084 clientId=android.media.AudioManager@d119492helper.PlayerHelper$$ExternalSyntheticLambda0@6acee63
10-04 09:27:02.937   696  2569 W ActivityTaskManager: Finishing task with all activities already finished
10-04 09:27:02.937   696  2569 W ActivityTaskManager: Duplicate finish request for r=ActivityRecord{56c4f22 u0 com.airtel.tv/tv.airtel.xstream.ui.player.LinearPlayerActivity t217 f}}
10-04 09:27:02.941  8084  8084 D PLAYER_LOGGER : : App is going to kill
10-04 09:27:02.949  8084  8084 D ANALYTICS_IPTV: AnalyticsEventTracker ***Event***Event{ts=1728014222946, meta={"subtitles":"off","box_type":"iptv","app_version":"1.0.0019:237","box_model":"bx:1.2.3","play_session_id":"5ye_gfsYCZe-PoQ4A0-1728014219417","parent_content_id":"LIVETV_LIVETVCHANNEL_ZEE_NEWS","parent_lang":" (Original)","free":"no","firmware":"fw:1.2.3"}, uid=, did=8fb17cc052aef526, os=Android, ov=34, bn=237, nq=-1, nt=2, nct=0, lc=en_US, av=1.0.0019, dt=STB, type=app_kill, adid=95acddf7-5a94-4681-bf0a-0a767be9f2c3, brand=Airtel-Xstream, model=XstreamIPTV1-VT, dname=Vantiva XstreamIPTV1-VT, appId=IPTV, sId=8fb17cc052aef526, profileId=, city=Delhi, state=National Capital Territory of Delhi, country=India, firebase_id=687ecd54b0fd95386e529fbf62179576} Critical: true
10-04 09:27:02.964  8084  8084 W WindowOnBackDispatcher: sendCancelIfRunning: isInProgress=falsecallback=android.view.ViewRootImpl$$ExternalSyntheticLambda11@46dc88f
10-04 09:27:02.964   696  2569 D CoreBackPreview: Window{7fae7b8 u0 com.airtel.tv/tv.airtel.xstream.ui.player.LinearPlayerActivity}: Setting back callback null
10-04 09:27:02.970   696  2569 W InputManager-JNI: Input channel object '7fae7b8 com.airtel.tv/tv.airtel.xstream.ui.player.LinearPlayerActivity (client)' was disposed without first being removed with the input manager!
10-04 09:27:02.982   696  2569 W JobScheduler: Job didn't exist in JobStore: 5ce9c3e #u0a43/1207 com.airtel.tv/androidx.work.impl.background.systemjob.SystemJobService
10-04 09:27:02.993   696  3336 W JobScheduler: Job didn't exist in JobStore: 8d541bb #u0a43/1208 com.airtel.tv/androidx.work.impl.background.systemjob.SystemJobService
10-04 09:27:03.034  8084  8195 I WM-WorkerWrapper: Work [ id=5ceac8b7-997f-4b5c-b3f4-d9e7d8867180, tags={ tv.airtel.wynk.analytics.sync.service.AnalyticsSyncService, com.airtel.analyticsSyncService } ] was cancelled
10-04 09:27:03.034  8084  8195 I WM-WorkerWrapper: java.util.concurrent.CancellationException: Task was cancelled.
10-04 09:27:03.034  8084  8195 I WM-WorkerWrapper: 	at androidx.work.impl.utils.futures.AbstractFuture.cancellationExceptionWithCause(AbstractFuture.java:1184)
10-04 09:27:03.034  8084  8195 I WM-WorkerWrapper: 	at androidx.work.impl.utils.futures.AbstractFuture.getDoneValue(AbstractFuture.java:514)
10-04 09:27:03.034  8084  8195 I WM-WorkerWrapper: 	at androidx.work.impl.utils.futures.AbstractFuture.get(AbstractFuture.java:475)
10-04 09:27:03.034  8084  8195 I WM-WorkerWrapper: 	at androidx.work.impl.WorkerWrapper$2.run(WorkerWrapper.java:317)
10-04 09:27:03.034  8084  8195 I WM-WorkerWrapper: 	at androidx.work.impl.utils.SerialExecutorImpl$Task.run(SerialExecutorImpl.java:96)
10-04 09:27:03.034  8084  8195 I WM-WorkerWrapper: 	at java.util.concurrent.ThreadPoolExecutor.runWorker(ThreadPoolExecutor.java:1145)
10-04 09:27:03.034  8084  8195 I WM-WorkerWrapper: 	at java.util.concurrent.ThreadPoolExecutor$Worker.run(ThreadPoolExecutor.java:644)
10-04 09:27:03.034  8084  8195 I WM-WorkerWrapper: 	at java.lang.Thread.run(Thread.java:1012)
10-04 09:27:03.151  8641  8641 D MonkeyStub: translateCommand: press DPAD_CENTER
10-04 09:27:03.154   459   459 I lights-tch: flashMode 0 id 2 onMs 0 offMs 0 brightness 0
10-04 09:27:03.159   459   459 I lights-tch: flashMode 0 id 2 onMs 0 offMs 0 brightness 225
--------- beginning of main
10-04 09:27:03.354   696  3336 D ConnectivityService: requestNetwork for uid/pid:10043/8084 activeRequest: null callbackRequest: 236 [NetworkRequest [ REQUEST id=237, [ Capabilities: INTERNET&NOT_RESTRICTED&TRUSTED&NOT_VCN_MANAGED Uid: 10043 RequestorUid: 10043 RequestorPkg: com.airtel.tv UnderlyingNetworks: Null] ]] callback flags: 0 order: 2147483647
10-04 09:27:03.358   696   910 D WifiNetworkFactory: got request NetworkRequest [ REQUEST id=237, [ Capabilities: INTERNET&NOT_RESTRICTED&TRUSTED&NOT_VCN_MANAGED Uid: 10043 RequestorUid: 10043 RequestorPkg: com.airtel.tv UnderlyingNetworks: Null] ]
10-04 09:27:03.358   696   910 D UntrustedWifiNetworkFactory: got request NetworkRequest [ REQUEST id=237, [ Capabilities: INTERNET&NOT_RESTRICTED&TRUSTED&NOT_VCN_MANAGED Uid: 10043 RequestorUid: 10043 RequestorPkg: com.airtel.tv UnderlyingNetworks: Null] ]
10-04 09:27:03.358   696   910 D OemPaidWifiNetworkFactory: got request NetworkRequest [ REQUEST id=237, [ Capabilities: INTERNET&NOT_RESTRICTED&TRUSTED&NOT_VCN_MANAGED Uid: 10043 RequestorUid: 10043 RequestorPkg: com.airtel.tv UnderlyingNetworks: Null] ]
10-04 09:27:03.358   696   910 D MultiInternetWifiNetworkFactory: got request NetworkRequest [ REQUEST id=237, [ Capabilities: INTERNET&NOT_RESTRICTED&TRUSTED&NOT_VCN_MANAGED Uid: 10043 RequestorUid: 10043 RequestorPkg: com.airtel.tv UnderlyingNetworks: Null] ]
10-04 09:27:03.359   696   918 D ConnectivityService: NetReassign [237 : null → 100] [c 1] [a 1] [i 2]
10-04 09:27:03.418  8084  8193 I WM-WorkerWrapper: Worker result SUCCESS for Work [ id=521f53ee-bd72-4403-bc0b-57742b66b9f7, tags={ tv.airtel.wynk.analytics.sync.service.AnalyticsSyncService, com.airtel.analyticsSyncService } ]
--------- beginning of system
10-04 09:27:03.566   696  1553 E TaskPersister: File error accessing recents directory (directory doesn't exist?).
10-04 09:27:03.660  8084  8084 W System.err: java.lang.NullPointerException: userStateManager.lastSyncTime must not be null
10-04 09:27:03.660  8084  8084 W System.err: 	at tv.accedo.airtel.wynk.domain.interactor.SyncPendingDataRequest$buildUseCaseObservable$1$1.onNext(SyncPendingDataRequest.kt:47)
10-04 09:27:03.661  8084  8084 W System.err: 	at tv.accedo.airtel.wynk.domain.interactor.SyncPendingDataRequest$buildUseCaseObservable$1$1.onNext(SyncPendingDataRequest.kt:32)
10-04 09:27:03.661  8084  8084 W System.err: 	at io.reactivex.internal.operators.observable.ObservableObserveOn$ObserveOnObserver.drainNormal(ObservableObserveOn.java:201)
10-04 09:27:03.661  8084  8084 W System.err: 	at io.reactivex.internal.operators.observable.ObservableObserveOn$ObserveOnObserver.run(ObservableObserveOn.java:255)
10-04 09:27:03.661  8084  8084 W System.err: 	at io.reactivex.android.schedulers.HandlerScheduler$ScheduledRunnable.run(HandlerScheduler.java:124)
10-04 09:27:03.662  8084  8084 W System.err: 	at android.os.Handler.handleCallback(Handler.java:958)
10-04 09:27:03.662  8084  8084 W System.err: 	at android.os.Handler.dispatchMessage(Handler.java:99)
10-04 09:27:03.662  8084  8084 W System.err: 	at android.os.Looper.loopOnce(Looper.java:205)
10-04 09:27:03.662  8084  8084 W System.err: 	at android.os.Looper.loop(Looper.java:294)
10-04 09:27:03.662  8084  8084 W System.err: 	at android.app.ActivityThread.main(ActivityThread.java:8177)
10-04 09:27:03.663  8084  8084 W System.err: 	at java.lang.reflect.Method.invoke(Native Method)
10-04 09:27:03.663  8084  8084 W System.err: 	at com.android.internal.os.RuntimeInit$MethodAndArgsCaller.run(RuntimeInit.java:552)
10-04 09:27:03.663  8084  8084 W System.err: 	at com.android.internal.os.ZygoteInit.main(ZygoteInit.java:971)
10-04 09:27:03.671  8084  8084 D ANALYTICS_IPTV: AnalyticsEventTracker ***Event***Event{ts=1728014223667, meta={"subtitles":"off","box_type":"iptv","app_version":"1.0.0019:237","box_model":"bx:1.2.3","play_session_id":"5ye_gfsYCZe-PoQ4A0-1728014219417","parent_content_id":"LIVETV_LIVETVCHANNEL_ZEE_NEWS","parent_lang":" (Original)","free":"no","firmware":"fw:1.2.3"}, uid=, did=8fb17cc052aef526, os=Android, ov=34, bn=237, nq=-1, nt=2, nct=0, lc=en_US, av=1.0.0019, dt=STB, type=app_crashed, adid=95acddf7-5a94-4681-bf0a-0a767be9f2c3, brand=Airtel-Xstream, model=XstreamIPTV1-VT, dname=Vantiva XstreamIPTV1-VT, appId=IPTV, sId=8fb17cc052aef526, profileId=, city=Delhi, state=National Capital Territory of Delhi, country=India, firebase_id=687ecd54b0fd95386e529fbf62179576} Critical: true
10-04 09:27:03.753   696  3336 D ConnectivityService: requestNetwork for uid/pid:10043/8084 activeRequest: null callbackRequest: 238 [NetworkRequest [ REQUEST id=239, [ Capabilities: INTERNET&NOT_RESTRICTED&TRUSTED&NOT_VCN_MANAGED Uid: 10043 RequestorUid: 10043 RequestorPkg: com.airtel.tv UnderlyingNetworks: Null] ]] callback flags: 0 order: 2147483647
10-04 09:27:03.755   696   910 D WifiNetworkFactory: got request NetworkRequest [ REQUEST id=239, [ Capabilities: INTERNET&NOT_RESTRICTED&TRUSTED&NOT_VCN_MANAGED Uid: 10043 RequestorUid: 10043 RequestorPkg: com.airtel.tv UnderlyingNetworks: Null] ]
10-04 09:27:03.755   696   910 D UntrustedWifiNetworkFactory: got request NetworkRequest [ REQUEST id=239, [ Capabilities: INTERNET&NOT_RESTRICTED&TRUSTED&NOT_VCN_MANAGED Uid: 10043 RequestorUid: 10043 RequestorPkg: com.airtel.tv UnderlyingNetworks: Null] ]
10-04 09:27:03.756   696   910 D OemPaidWifiNetworkFactory: got request NetworkRequest [ REQUEST id=239, [ Capabilities: INTERNET&NOT_RESTRICTED&TRUSTED&NOT_VCN_MANAGED Uid: 10043 RequestorUid: 10043 RequestorPkg: com.airtel.tv UnderlyingNetworks: Null] ]
10-04 09:27:03.757   696   918 D ConnectivityService: NetReassign [239 : null → 100] [c 0] [a 1] [i 2]
10-04 09:27:03.757   696   910 D MultiInternetWifiNetworkFactory: got request NetworkRequest [ REQUEST id=239, [ Capabilities: INTERNET&NOT_RESTRICTED&TRUSTED&NOT_VCN_MANAGED Uid: 10043 RequestorUid: 10043 RequestorPkg: com.airtel.tv UnderlyingNetworks: Null] ]
10-04 09:27:03.799  8084  8143 I WM-WorkerWrapper: Worker result SUCCESS for Work [ id=054aece2-e157-49f9-ac4b-4d30cd270c36, tags={ tv.airtel.wynk.analytics.sync.service.AnalyticsSyncService, com.airtel.analyticsSyncService } ]
10-04 09:27:03.886  1154  1154 I ThermalService: CPU temperatures: [45.800003]
10-04 09:27:03.901  8084  8084 D LoginActivity::dismissErrorView called  : 
10-04 09:27:04.032  8084  8171 D CustomerInfoProvider: query calledcontent://com.airtel.tv.provider/customer/account_status
10-04 09:27:04.033  8084  8171 D CustomerInfoProvider: query: last path segment : account_status
10-04 09:27:04.040  8084  8171 E AccessDetails: updateAccountInfo: {"box_account_status":"SUSPENDED"}
10-04 09:27:04.045  8084  8171 D CustomerInfoProvider: query calledcontent://com.airtel.tv.provider/customer/region_data
10-04 09:27:04.046  8084  8171 D CustomerInfoProvider: query: last path segment : region_data
10-04 09:27:04.046  8084  8171 E AccessDetails: exception updateAccountInfo: Unknown single info URI content://com.airtel.tv.provider/customer/region_data
10-04 09:27:04.201  8084  8171 D CustomerInfoProvider: query calledcontent://com.airtel.tv.provider/customer/subscription_data
10-04 09:27:04.202  8084  8171 D CustomerInfoProvider: query: last path segment : subscription_data
10-04 09:27:04.206  8084  8171 E AccessDetails: updateAccountInfo: {"addOnSubscriptionInfo":"[{\"basePack\":true,\"dbrMode\":\"Y\",\"monthlyPrice\":\"389.00\",\"nameOfTariff\":\"Hindi Mega 1M\",\"offerId\":\"OFFER13702\",\"offerType\":\"ABP\",\"subscriptionEffDeactvnTs\":\"2024-01-06 09:31:29.422000\",\"tariffId\":\"ABP13915\"},{\"basePack\":false,\"dbrMode\":\"Y\",\"monthlyPrice\":\"0.00\",\"nameOfTariff\":\"HD Customer identifi\",\"offerId\":\"OFFERTOPUP3767\",\"offerType\":\"VAS\",\"subscriptionEffDeactvnTs\":\"2024-01-06 09:31:29.422000\",\"tariffId\":\"TOPUP3767\"},{\"basePack\":false,\"dbrMode\":\"Y\",\"monthlyPrice\":\"0.00\",\"nameOfTariff\":\"Airtel Free Chnls Bundle_ROI\",\"offerId\":\"OFFERVAS00002\",\"offerType\":\"VAS\",\"subscriptionEffDeactvnTs\":\"2024-01-06 09:31:29.422000\",\"tariffId\":\"VAS00002\"}]","mainOfferSubscriptionInfo":"[{\"basePack\":false,\"dbrMode\":\"Y\",\"monthlyPrice\":\"61.00\",\"nameOfTariff\":\"NCF 1M CHLD Rs.61\",\"offerId\":\"OFFERNCF09900\",\"offerType\":\"NCF\",\"subscriptionEffDeactvnTs\":\"2024-01-06 09:31:29.422000\",\"tariffId\":\"NCF09900\"}]"}
10-04 09:27:04.277   426  1494 D rtk_heartbeat: heartbeat_timed_out: heartbeatCmdCount = 40129, expected nextSeqNum = 40129
10-04 09:27:04.278   426  1381 D rtk_heartbeat: rtkbt_heartbeat_cmpl_cback: Current SeqNum = 40129,should SeqNum=40129, status = 0
10-04 09:27:04.326  8084  8093 I com.airtel.tv: Background concurrent copying GC freed 315608(19MB) AllocSpace objects, 36(4524KB) LOS objects, 27% free, 62MB/86MB, paused 248us,126us total 767.410ms
10-04 09:27:04.379  8641  8641 D MonkeyStub: translateCommand: press DPAD_DOWN
10-04 09:27:04.384   459   459 I lights-tch: flashMode 0 id 2 onMs 0 offMs 0 brightness 0
10-04 09:27:04.389   459   459 I lights-tch: flashMode 0 id 2 onMs 0 offMs 0 brightness 225
10-04 09:27:04.392   982   982 W WindowOnBackDispatcher: sendCancelIfRunning: isInProgress=falsecallback=android.view.ViewRootImpl$$ExternalSyntheticLambda11@6a6137f
10-04 09:27:04.393   696  2569 D CoreBackPreview: Window{5c10f51 u0 Toast}: Setting back callback null
10-04 09:27:04.394  8641  8641 D MonkeyStub: translateCommand: press DPAD_DOWN
10-04 09:27:04.399   459   459 I lights-tch: flashMode 0 id 2 onMs 0 offMs 0 brightness 0
10-04 09:27:04.403   696  1134 W InputManager-JNI: Input channel object '5c10f51 Toast (client)' was disposed without first being removed with the input manager!
10-04 09:27:04.403   459   459 I lights-tch: flashMode 0 id 2 onMs 0 offMs 0 brightness 225
10-04 09:27:04.408   696  1134 W NotificationService: Toast already killed. pkg=com.airtel.tv token=android.os.BinderProxy@ca27e20
--------- beginning of main
10-04 09:27:04.634  8084  8084 E ThemeUtils: View class androidx.appcompat.widget.AppCompatImageView is an AppCompat widget that can only be used with a Theme.AppCompat theme (or descendant).
10-04 09:27:04.636  8084  8084 E ThemeUtils: View class androidx.appcompat.widget.AppCompatImageView is an AppCompat widget that can only be used with a Theme.AppCompat theme (or descendant).
10-04 09:27:04.646  1154  2875 I NetflixService: onTaskStackChanged
--------- beginning of system
10-04 09:27:04.647   982  1072 D WindowManagerShell: TvPipController: onTaskStackChanged()
10-04 09:27:04.662  8084  8084 D Glide   : Finished loading BitmapDrawable from MEMORY_CACHE for http://tvimg.wynk.in/unsafe/filters:format(webp)/https://image.airtel.tv/grandslam/content/2024_7_23/BG.jpg with size [-2147483648x-2147483648] in 0.748166 ms
10-04 09:27:04.668  8084  8084 D MainActivity::setupLauncher: 
10-04 09:27:04.676  8084  8171 D ANALYTICS_IPTV: AnalyticsEventTracker ***Event***Event{ts=1728014224672, meta={"UID":"5ye_gfsYCZe-PoQ4A0","subscriber_id":"3026341863-001","box_type":"iptv","device_id":"8fb17cc052aef526","app_version":"1.0.0019:237","box_model":"bx:1.2.3","customer_id":"3026341863","firmware":"fw:1.2.3"}, uid=5ye_gfsYCZe-PoQ4A0, did=8fb17cc052aef526, os=Android, ov=34, bn=237, nq=-1, nt=2, nct=0, lc=en|hi|ta|kn, av=1.0.0019, dt=STB, type=launcher_boot_start, adid=95acddf7-5a94-4681-bf0a-0a767be9f2c3, brand=Airtel-Xstream, model=XstreamIPTV1-VT, dname=Vantiva XstreamIPTV1-VT, appId=IPTV, sId=8fb17cc052aef526, profileId=, ab_test=86079:0|108429:0|42374:0|78244:0|95458:0|75817:0|60412:1|117812:1|120676:1|113632:1|116206:0|66480:0|100390:2|76965:1|110385:0|129832:2, city=Delhi, state=National Capital Territory of Delhi, country=India, firebase_id=687ecd54b0fd95386e529fbf62179576} Critical: false
10-04 09:27:04.700  8084  8084 D OTAWorker: MainActivity event registered
10-04 09:27:04.701  8084  8084 D InAppUpdateManager: MainActivity Initializing InAppUpdateWorker
10-04 09:27:04.701  8084  8084 D InAppUpdateManager: BaseActivity Initializing OTAWorker
10-04 09:27:04.702  8084  8084 D InAppUpdateManager: Server IP: https://airtelxstreamotastaging.com:8009
10-04 09:27:04.702  8084  8084 D InAppUpdateManager: Promo Pull Frequency: 3600000
10-04 09:27:04.702  8084  8084 D InAppUpdateManager: setupUpdateWorker InAppUpdateWorker started
10-04 09:27:04.709  8084  8577 D InAppUpdateManager: Checking InAppUpdateWorkerInstance = com.te.otalibrary.update.InAppUpdateWorker@b44814c
10-04 09:27:04.734  8084  8084 I System.out: xxxxxxxxx::  registerRemotePairingReceiver
10-04 09:27:04.734  8084  8084 I System.out: xxxxxxxxx::  registerForPairingStatus
10-04 09:27:04.739  8084  8084 D MainActivity::onResume: 
10-04 09:27:04.772  8084  8084 W Glide   : Load failed for  with size [-2147483648x-2147483648]
10-04 09:27:04.772  8084  8084 W Glide   : class com.bumptech.glide.load.engine.GlideException: Failed to load resource
10-04 09:27:04.791   696  1134 D CoreBackPreview: Window{6f5c967 u0 com.airtel.tv/tv.airtel.xstream.ui.home.MainActivity}: Setting back callback OnBackInvokedCallbackInfo{mCallback=android.window.IOnBackInvokedCallback$Stub$Proxy@119b6fe, mPriority=0, mIsAnimationCallback=false}
10-04 09:27:04.797  8084  8511 D TrafficStats: tagSocket(144) with statsTag=0xffffffff, statsUid=-1
10-04 09:27:04.819  8084  8174 E OpenGLRenderer: Unable to match the desired swap behavior.
--------- beginning of kernel
10-04 09:27:04.861     0     0 W [3 T1289  ..] RTW: rtw_get_sta_tx_stat() not support
10-04 09:27:04.861     0     0 W [3 T1289  ..] RTW: cfg80211_rtw_get_txpower
10-04 09:27:04.924   696   808 I ActivityTaskManager: Displayed com.airtel.tv/tv.airtel.xstream.ui.home.MainActivity for user 0: +418ms
10-04 09:27:04.924   696   808 V WindowManager: Sent Transition #11 createdAt=10-04 09:27:04.487 via request=TransitionRequestInfo { type = CLOSE, triggerTask = TaskInfo{userId=0 taskId=212 displayId=0 isRunning=false baseIntent=Intent { flg=0x10000000 cmp=com.airtel.tv/tv.airtel.xstream.ui.home.MainActivity } baseActivity=null topActivity=null origActivity=null realActivity=ComponentInfo{com.airtel.tv/tv.airtel.xstream.ui.home.MainActivity} numActivities=0 lastActiveTime=40161402 supportsMultiWindow=false resizeMode=1 isResizeable=true minWidth=-1 minHeight=-1 defaultMinSize=220 token=WCT{RemoteToken{422ffed Task{8827d5b #212 type=standard A=10043:com.airtel.tv}}} topActivityType=1 pictureInPictureParams=null shouldDockBigOverlays=false launchIntoPipHostTaskId=-1 lastParentTaskIdBeforePip=-1 displayCutoutSafeInsets=null topActivityInfo=null launchCookies=[] positionInParent=Point(0, 0) parentTaskId=-1 isFocused=true isVisible=true isVisibleRequested=true isSleeping=false topActivityInSizeCompat=false topActivityEligibleForLetterboxEducation= false topActivityLetterboxed= false isFromDoubleTap= false topActivityLetterboxVerticalPosition= -1 topActivityLetterboxHorizontalPosition= -1 topActivityLetterboxWidth=-1 topActivityLetterboxHeight=-1 locusId=null displayAreaFeatureId=1 cameraCompatControlState=hidden}, remoteTransition = null, displayChange = null }
10-04 09:27:04.924   696   808 V WindowManager:     startWCT=WindowContainerTransaction { changes = {} hops = [] errorCallbackToken=null taskFragmentOrganizer=null }
10-04 09:27:04.924   982  1072 V WindowManagerShell: onTransitionReady android.os.BinderProxy@1aae8b: {id=11 t=CLOSE f=0x0 trk=0 r=[0@Point(0, 0)] c=[{WCT{android.window.IWindowContainerToken$Stub$Proxy@3884614} m=OPEN f=MOVE_TO_TOP leash=Surface(name=Task=218)/@0x5c34b81 sb=Rect(0, 0 - 1920, 1080) eb=Rect(0, 0 - 1920, 1080) d=0},{WCT{android.window.IWindowContainerToken$Stub$Proxy@dd81ebd} m=CLOSE f=NONE leash=Surface(name=Task=212)/@0xbeea426 sb=Rect(0, 0 - 1920, 1080) eb=Rect(0, 0 - 1920, 1080) d=0}]}
10-04 09:27:04.925   696   808 V WindowManager:     info={id=11 t=CLOSE f=0x0 trk=0 r=[0@Point(0, 0)] c=[{WCT{RemoteToken{a9b1175 Task{26d47f #218 type=standard A=10043:com.airtel.tv}}} m=OPEN f=MOVE_TO_TOP leash=Surface(name=Task=218)/@0x4287e5f sb=Rect(0, 0 - 1920, 1080) eb=Rect(0, 0 - 1920, 1080) d=0},{WCT{RemoteToken{422ffed Task{8827d5b #212 type=standard A=10043:com.airtel.tv}}} m=CLOSE f=NONE leash=Surface(name=Task=212)/@0x93aee96 sb=Rect(0, 0 - 1920, 1080) eb=Rect(0, 0 - 1920, 1080) d=0}]}
10-04 09:27:04.925   982  1072 V WindowManagerShell: Playing animation for (#11)android.os.BinderProxy@1aae8b@0
10-04 09:27:04.925   982  1072 V WindowManagerShell:  try handler com.android.wm.shell.keyguard.KeyguardTransitionHandler@5327bca
10-04 09:27:04.925   982  1072 V WindowManagerShell:  try handler com.android.wm.shell.activityembedding.ActivityEmbeddingController@72713b
10-04 09:27:04.925   982  1072 V WindowManagerShell:  try handler com.android.wm.shell.pip.tv.TvPipTransition@ddc6058
10-04 09:27:04.925   982  1072 V WindowManagerShell:  try handler com.android.wm.shell.transition.RemoteTransitionHandler@84005b1
10-04 09:27:04.926   982  1072 V WindowManagerShell: Transition doesn't have explicit remote, search filters for match for {id=11 t=CLOSE f=0x0 trk=0 r=[0@Point(0, 0)] c=[{WCT{android.window.IWindowContainerToken$Stub$Proxy@3884614} m=OPEN f=MOVE_TO_TOP leash=Surface(name=Task=218)/@0x5c34b81 sb=Rect(0, 0 - 1920, 1080) eb=Rect(0, 0 - 1920, 1080) d=0},{WCT{android.window.IWindowContainerToken$Stub$Proxy@dd81ebd} m=CLOSE f=NONE leash=Surface(name=Task=212)/@0xbeea426 sb=Rect(0, 0 - 1920, 1080) eb=Rect(0, 0 - 1920, 1080) d=0}]}
10-04 09:27:04.926   982  1072 V WindowManagerShell:  Delegate animation for #11 to null
10-04 09:27:04.926   982  1072 V WindowManagerShell:  try handler com.android.wm.shell.transition.DefaultTransitionHandler@ce48a96
10-04 09:27:04.926   982  1072 V WindowManagerShell: start default transition animation, info = {id=11 t=CLOSE f=0x0 trk=0 r=[0@Point(0, 0)] c=[{WCT{android.window.IWindowContainerToken$Stub$Proxy@3884614} m=OPEN f=MOVE_TO_TOP leash=Surface(name=Task=218)/@0x5c34b81 sb=Rect(0, 0 - 1920, 1080) eb=Rect(0, 0 - 1920, 1080) d=0},{WCT{android.window.IWindowContainerToken$Stub$Proxy@dd81ebd} m=CLOSE f=NONE leash=Surface(name=Task=212)/@0xbeea426 sb=Rect(0, 0 - 1920, 1080) eb=Rect(0, 0 - 1920, 1080) d=0}]}
10-04 09:27:04.928   982  1072 V WindowManagerShell: loadAnimation: anim=android.view.animation.AlphaAnimation@76ce9b9 animAttr=0xb type=CLOSE isEntrance=false
10-04 09:27:04.932   982  1072 V WindowManagerShell: loadAnimation: anim=android.view.animation.AlphaAnimation@d333d5f animAttr=0xa type=CLOSE isEntrance=true
10-04 09:27:04.936   982  1072 V WindowManagerShell:  animated by com.android.wm.shell.transition.DefaultTransitionHandler@ce48a96
10-04 09:27:04.941  8084  8084 D InAppUpdateManager: instance available removing listener
10-04 09:27:04.941  8084  8084 I System.out: Inappupdate worker StandByCheck : removeListener
10-04 09:27:04.941  8084  8084 D InAppUpdateManager: instance available attaching listener
10-04 09:27:04.941  8084  8084 I System.out: Inappupdate worker OTA Client: Set Listener
10-04 09:27:04.941  8084  8084 I System.out: Inappupdate worker ---- checkApkAvailableOrNot called -----
10-04 09:27:04.941  8084  8084 I System.out: Inappupdate worker updateMap is null 
10-04 09:27:04.941  8084  8084 I System.out: Inappupdate worker updateCurrentStateToListener: Apk not available
10-04 09:27:04.956  8084  8172 D ANALYTICS_IPTV: AnalyticsEventTracker ***Event***Event{ts=1728014224951, meta={"base_tarrif_id":"[ABP13915]","box_type":"iptv","app_version":"1.0.0019:237","box_model":"bx:1.2.3","firmware":"fw:1.2.3","linear_tarrif_id":"[NCF09900]"}, uid=5ye_gfsYCZe-PoQ4A0, did=8fb17cc052aef526, os=Android, ov=34, bn=237, nq=-1, nt=2, nct=0, lc=en|hi|ta|kn, av=1.0.0019, dt=STB, type=tv_on, adid=95acddf7-5a94-4681-bf0a-0a767be9f2c3, brand=Airtel-Xstream, model=XstreamIPTV1-VT, dname=Vantiva XstreamIPTV1-VT, appId=IPTV, sId=8fb17cc052aef526, profileId=, ab_test=86079:0|108429:0|42374:0|78244:0|95458:0|75817:0|60412:1|117812:1|120676:1|113632:1|116206:0|66480:0|100390:2|76965:1|110385:0|129832:2, city=Delhi, state=National Capital Territory of Delhi, country=India, firebase_id=687ecd54b0fd95386e529fbf62179576} Critical: false
10-04 09:27:04.967   696  1134 I ImeTracker: com.airtel.tv:88ad27a6: onRequestHide at ORIGIN_SERVER_HIDE_INPUT reason HIDE_UNSPECIFIED_WINDOW
10-04 09:27:04.968   696  1134 I ImeTracker: com.airtel.tv:88ad27a6: onCancelled at PHASE_SERVER_SHOULD_HIDE
10-04 09:27:04.972  7788  7788 I GoogleInputMethodService: GoogleInputMethodService.onFinishInput():3184 
10-04 09:27:04.973  7788  7788 I GoogleInputMethodService: GoogleInputMethodService.updateDeviceLockedStatus():2246 repeatCheckTimes = 0, locked = false
10-04 09:27:04.973  7788  7788 I GoogleInputMethodService: GoogleInputMethodService.onStartInput():1982 onStartInput(EditorInfo{EditorInfo{packageName=com.airtel.tv, inputType=0, inputTypeString=NULL, enableLearning=false, autoCorrection=false, autoComplete=false, imeOptions=0, privateImeOptions=null, actionName=UNSPECIFIED, actionLabel=null, initialSelStart=-1, initialSelEnd=-1, initialCapsMode=0, label=null, fieldId=0, fieldName=null, extras=null, hintText=null, hintLocales=[]}}, false)
10-04 09:27:04.974  7788  7788 I GoogleInputMethodService: GoogleInputMethodService.updateDeviceLockedStatus():2246 repeatCheckTimes = 1, locked = false
10-04 09:27:04.975  7788  7788 I AndroidIME: InputBundleManager.loadActiveInputBundleId():450 loadActiveInputBundleId: und-Latn-x-password, password
10-04 09:27:04.975  7788  7788 I EmojiCompatManager: EmojiCompatManager.getEmojiCompatIfLoaded():342 EmojiCompat.init() was never called.
10-04 09:27:04.975  7788  7788 I EmojiCompatManager: java.lang.IllegalStateException: EmojiCompat is not initialized. Please call EmojiCompat.init() first
10-04 09:27:04.975  7788  7788 I EmojiCompatManager: 	at so.g(PG:3)
10-04 09:27:04.975  7788  7788 I EmojiCompatManager: 	at abd.a(PG:6)
10-04 09:27:04.975  7788  7788 I EmojiCompatManager: 	at edb.d(PG:1)
10-04 09:27:04.975  7788  7788 I EmojiCompatManager: 	at edb.b(PG:6)
10-04 09:27:04.975  7788  7788 I EmojiCompatManager: 	at com.android.inputmethod.latin.LatinIME.f(PG:286)
10-04 09:27:04.975  7788  7788 I EmojiCompatManager: 	at epp.onStartInput(PG:170)
10-04 09:27:04.975  7788  7788 I EmojiCompatManager: 	at android.inputmethodservice.InputMethodService.doStartInput(InputMethodService.java:3115)
10-04 09:27:04.975  7788  7788 I EmojiCompatManager: 	at android.inputmethodservice.InputMethodService$InputMethodImpl.startInput(InputMethodService.java:824)
10-04 09:27:04.975  7788  7788 I EmojiCompatManager: 	at android.inputmethodservice.InputMethodService$InputMethodImpl.dispatchStartInput(InputMethodService.java:853)
10-04 09:27:04.975  7788  7788 I EmojiCompatManager: 	at android.inputmethodservice.IInputMethodWrapper.executeMessage(IInputMethodWrapper.java:197)
10-04 09:27:04.975  7788  7788 I EmojiCompatManager: 	at com.android.internal.os.HandlerCaller$MyHandler.handleMessage(HandlerCaller.java:44)
10-04 09:27:04.975  7788  7788 I EmojiCompatManager: 	at android.os.Handler.dispatchMessage(Handler.java:106)
10-04 09:27:04.975  7788  7788 I EmojiCompatManager: 	at android.os.Looper.loopOnce(Looper.java:205)
10-04 09:27:04.975  7788  7788 I EmojiCompatManager: 	at android.os.Looper.loop(Looper.java:294)
10-04 09:27:04.975  7788  7788 I EmojiCompatManager: 	at android.app.ActivityThread.main(ActivityThread.java:8177)
10-04 09:27:04.975  7788  7788 I EmojiCompatManager: 	at java.lang.reflect.Method.invoke(Native Method)
10-04 09:27:04.975  7788  7788 I EmojiCompatManager: 	at com.android.internal.os.RuntimeInit$MethodAndArgsCaller.run(RuntimeInit.java:552)
10-04 09:27:04.975  7788  7788 I EmojiCompatManager: 	at com.android.internal.os.ZygoteInit.main(ZygoteInit.java:971)
10-04 09:27:05.016  8084  8455 I System.out: Inappupdate worker CustomerIdObserver: constructor called
10-04 09:27:05.016  8084  8455 I System.out: Inappupdate worker doWork: registering for observing cdsn number
10-04 09:27:05.019  8084  8455 I System.out: Inappupdate worker Event Injector is called for cssn
10-04 09:27:05.019  8084  8455 I NEventIManager: inject: 1
10-04 09:27:05.019  8084  8455 I NEventIManager: No one is interested in injected Event : 1
10-04 09:27:05.019  8084  8455 I System.out: Inappupdate worker doWork: registering for observing customer id number
10-04 09:27:05.021  8084  8455 I System.out: Inappupdate worker doWork: registering for observing geographic and zip value
10-04 09:27:05.021  8084  8455 I System.out: ZipcodeUri: null
10-04 09:27:05.065  8084  8084 D Glide   : Finished loading BitmapDrawable from DATA_DISK_CACHE for http://tvimg.wynk.in/unsafe/filters:format(webp)/https://image.airtel.tv/grandslam/content/2024_7_23/BG.jpg with size [-2147483648x-2147483648] in 294.810834 ms
10-04 09:27:05.071  8084  8455 I System.out: Inappupdate worker doWork : I have to schedule periodic check task here...
10-04 09:27:05.072  8084  8455 I System.out: Inappupdate worker cancelOldAndSchedulePeriodicCheckTask called
10-04 09:27:05.072  8084  8455 I System.out: Inappupdate worker cancelling scheduled tasks...
10-04 09:27:05.072  8084  8455 I System.out: Inappupdate worker scheduling periodic check update task...
10-04 09:27:05.075   696  1134 D ConnectivityService: requestNetwork for uid/pid:10043/8084 activeRequest: null callbackRequest: 240 [NetworkRequest [ REQUEST id=241, [ Capabilities: INTERNET&NOT_RESTRICTED&TRUSTED&NOT_VCN_MANAGED Uid: 10043 RequestorUid: 10043 RequestorPkg: com.airtel.tv UnderlyingNetworks: Null] ]] callback flags: 0 order: 2147483647
10-04 09:27:05.077  8084  8455 I System.out: Inappupdate worker init function called 
10-04 09:27:05.077  8084  8455 I System.out: Inappupdate worker Application installed version Name : 1.0.0019
10-04 09:27:05.078  8084  8455 I System.out: Inappupdate worker s : : : : : :  null
10-04 09:27:05.078  8084  8455 I System.out: Inappupdate worker Init : new version is not available
10-04 09:27:05.078  8084  8455 I System.out: Inappupdate worker End of Init
10-04 09:27:05.078  8084  8455 I System.out: Inappupdate worker doWork called for launcher update
10-04 09:27:05.078  8084  8455 I System.out: Inappupdate worker ---- checkApkAvailableOrNot called -----
10-04 09:27:05.078  8084  8455 I System.out: Inappupdate worker updateMap is null 
10-04 09:27:05.078  8084  8455 I System.out: Inappupdate worker callUpdate value: 1
10-04 09:27:05.078  8084  8084 W Glide   : Load failed for  with size [-2147483648x-2147483648]
10-04 09:27:05.078  8084  8084 W Glide   : class com.bumptech.glide.load.engine.GlideException: Failed to load resource
10-04 09:27:05.078  8084  8455 I System.out: Inappupdate worker callUpdate START_REQUEST: false
10-04 09:27:05.080   696   910 D WifiNetworkFactory: got request NetworkRequest [ REQUEST id=241, [ Capabilities: INTERNET&NOT_RESTRICTED&TRUSTED&NOT_VCN_MANAGED Uid: 10043 RequestorUid: 10043 RequestorPkg: com.airtel.tv UnderlyingNetworks: Null] ]
10-04 09:27:05.080   696   910 D UntrustedWifiNetworkFactory: got request NetworkRequest [ REQUEST id=241, [ Capabilities: INTERNET&NOT_RESTRICTED&TRUSTED&NOT_VCN_MANAGED Uid: 10043 RequestorUid: 10043 RequestorPkg: com.airtel.tv UnderlyingNetworks: Null] ]
10-04 09:27:05.080   696   910 D OemPaidWifiNetworkFactory: got request NetworkRequest [ REQUEST id=241, [ Capabilities: INTERNET&NOT_RESTRICTED&TRUSTED&NOT_VCN_MANAGED Uid: 10043 RequestorUid: 10043 RequestorPkg: com.airtel.tv UnderlyingNetworks: Null] ]
10-04 09:27:05.081   696   918 D ConnectivityService: NetReassign [241 : null → 100] [c 0] [a 2] [i 2]
10-04 09:27:05.081   696   910 D MultiInternetWifiNetworkFactory: got request NetworkRequest [ REQUEST id=241, [ Capabilities: INTERNET&NOT_RESTRICTED&TRUSTED&NOT_VCN_MANAGED Uid: 10043 RequestorUid: 10043 RequestorPkg: com.airtel.tv UnderlyingNetworks: Null] ]
10-04 09:27:05.089  8084  8455 I System.out: Inappupdate worker U have recently checked [within 3600000 hrs], so i won't check
10-04 09:27:05.089  8084  8455 I System.out: Inappupdate worker cancelling scheduled tasks...
10-04 09:27:05.089  8084  8455 I System.out: Inappupdate worker Current time is greater than old time stamp, so scheduling periodic check update task with remainingSheduleTime: 3319419
10-04 09:27:05.089  8084  8455 I System.out: Inappupdate worker <<wdtimer>> isTimeoutRunning false
10-04 09:27:05.192  8084  8143 I WM-WorkerWrapper: Worker result SUCCESS for Work [ id=662e1c5c-3faa-4e8a-817c-cfb85b36f8ab, tags={ com.te.otalibrary.update.InAppUpdateWorker } ]
10-04 09:27:05.277   426  1494 D rtk_heartbeat: heartbeat_timed_out: heartbeatCmdCount = 40130, expected nextSeqNum = 40130
10-04 09:27:05.278   426  1381 D rtk_heartbeat: rtkbt_heartbeat_cmpl_cback: Current SeqNum = 40130,should SeqNum=40130, status = 0
10-04 09:27:05.347   982  1072 V WindowManagerShell: Transition animation finished (aborted=false), notifying core (#11)android.os.BinderProxy@1aae8b@0
10-04 09:27:05.348  1154  1154 D NetflixService: handleMessage
10-04 09:27:05.349   696   808 V WindowManager: Finish Transition #11: created at 10-04 09:27:04.487 collect-started=0.1ms request-sent=0.291ms started=8.802ms ready=56.621ms sent=433.915ms finished=861.464ms
10-04 09:27:05.353   982  1072 V WindowManagerShell: Track 0 became idle
10-04 09:27:05.353   982  1072 V WindowManagerShell: All active transition animations finished
10-04 09:27:05.367  1154  1154 D NetflixService: com.airtel.tv is visible.
10-04 09:27:05.367  1154  1154 D NetflixService: com.netflix.ninja is not top activity.
10-04 09:27:05.374  1154  1154 D NetflixService: com.netflix.ninjais not top activity.
10-04 09:27:05.375  1154  1154 I NetflixService: fg: false  mIsNetflixFg: false
10-04 09:27:05.381  1154  1154 D NetflixService: com.airtel.tv is visible.
10-04 09:27:05.381  1154  1154 D NetflixService: com.google.android.youtube.tv is not top activity.
10-04 09:27:05.387  8084  8195 I WM-WorkerWrapper: Worker result SUCCESS for Work [ id=8ac79a62-e08b-447b-985b-ffc15777578b, tags={ tv.airtel.wynk.analytics.sync.service.AnalyticsSyncService, com.airtel.analyticsSyncService } ]
10-04 09:27:05.395  8084  8084 W WindowOnBackDispatcher: sendCancelIfRunning: isInProgress=falsecallback=android.view.ViewRootImpl$$ExternalSyntheticLambda11@38e2205
10-04 09:27:05.396   696  1326 D CoreBackPreview: Window{20ccfcb u0 com.airtel.tv/tv.airtel.xstream.login.LoginActivity}: Setting back callback null
10-04 09:27:05.400   696  1326 W InputManager-JNI: Input channel object '20ccfcb com.airtel.tv/tv.airtel.xstream.login.LoginActivity (client)' was disposed without first being removed with the input manager!
10-04 09:27:05.504  8084  8143 I WM-WorkerWrapper: Worker result SUCCESS for Work [ id=f3c49a74-1b46-4114-9b37-d0ca5ae97fde, tags={ tv.airtel.wynk.analytics.sync.service.AnalyticsSyncService, com.airtel.analyticsSyncService } ]
10-04 09:27:05.639  8641  8641 D MonkeyStub: translateCommand: press DPAD_RIGHT
10-04 09:27:05.643   459   459 I lights-tch: flashMode 0 id 2 onMs 0 offMs 0 brightness 0
10-04 09:27:05.646   459   459 I lights-tch: flashMode 0 id 2 onMs 0 offMs 0 brightness 225
10-04 09:27:05.650  8641  8641 D MonkeyStub: translateCommand: press DPAD_RIGHT
10-04 09:27:05.654   459   459 I lights-tch: flashMode 0 id 2 onMs 0 offMs 0 brightness 0
10-04 09:27:05.658   459   459 I lights-tch: flashMode 0 id 2 onMs 0 offMs 0 brightness 225
10-04 09:27:05.658  8641  8641 D MonkeyStub: translateCommand: press DPAD_RIGHT
10-04 09:27:05.663   459   459 I lights-tch: flashMode 0 id 2 onMs 0 offMs 0 brightness 0
10-04 09:27:05.665   459   459 I lights-tch: flashMode 0 id 2 onMs 0 offMs 0 brightness 225
10-04 09:27:05.666  8641  8641 D MonkeyStub: translateCommand: press DPAD_RIGHT
10-04 09:27:05.668   459   459 I lights-tch: flashMode 0 id 2 onMs 0 offMs 0 brightness 0
10-04 09:27:05.671   459   459 I lights-tch: flashMode 0 id 2 onMs 0 offMs 0 brightness 225
10-04 09:27:05.684  8084  8193 I WM-WorkerWrapper: Worker result SUCCESS for Work [ id=3c63951d-5c16-4c28-96f9-453e1feec596, tags={ tv.airtel.wynk.analytics.sync.service.AnalyticsSyncService, com.airtel.analyticsSyncService } ]
--------- beginning of main
10-04 09:27:06.156  8084  8510 D TrafficStats: tagSocket(115) with statsTag=0xffffffff, statsUid=-1
10-04 09:27:06.277   426  1494 D rtk_heartbeat: heartbeat_timed_out: heartbeatCmdCount = 40131, expected nextSeqNum = 40131
10-04 09:27:06.279   426  1381 D rtk_heartbeat: rtkbt_heartbeat_cmpl_cback: Current SeqNum = 40131,should SeqNum=40131, status = 0
10-04 09:27:06.406  8084  8084 D NotifManager: Unsubscribed COMMON-BROADCAST-NOTIFICATION-TOPIC
10-04 09:27:06.609  8084  8084 D NotifManager: pending success NotifGenericResponse(success=true, traceId=228569e44f6f4596870e288a6d8eb5e4, msg=success, data=null)
