10-04 10:08:35.331   424  8590 I audio_hw_hal_primary: [audiohal_get_latency:1258] io 13: out:0xf2d00740 frames:3072 rate:48000 whole_latency:64 alsa_latency:64
10-04 10:08:35.352   424  8590 I audio_hw_hal_primary: [audiohal_get_latency:1258] io 13: out:0xf2d00740 frames:3072 rate:48000 whole_latency:64 alsa_latency:64
10-04 10:08:35.374   424  8590 I audio_hw_hal_primary: [audiohal_get_latency:1258] io 13: out:0xf2d00740 frames:3072 rate:48000 whole_latency:64 alsa_latency:64
--------- beginning of system
10-04 10:08:35.374   696   696 D HDMI    : one touch play retry:4
10-04 10:08:35.375   696   949 D HDMI    : [S]:<Text View On> 40:0D
10-04 10:08:35.394   424  8590 I audio_hw_hal_primary: [audiohal_get_latency:1258] io 13: out:0xf2d00740 frames:3072 rate:48000 whole_latency:64 alsa_latency:64
10-04 10:08:35.416   424  8590 I audio_hw_hal_primary: [audiohal_get_latency:1258] io 13: out:0xf2d00740 frames:3072 rate:48000 whole_latency:64 alsa_latency:64
10-04 10:08:35.431   441   454 D hdmicecd: [CEC]:printCecMessage, [4 -> 0] len: 1, body: 0d, result:no ack
10-04 10:08:35.437   424  8590 I audio_hw_hal_primary: [audiohal_get_latency:1258] io 13: out:0xf2d00740 frames:3072 rate:48000 whole_latency:64 alsa_latency:64
10-04 10:08:35.459   424  8590 I audio_hw_hal_primary: [audiohal_get_latency:1258] io 13: out:0xf2d00740 frames:3072 rate:48000 whole_latency:64 alsa_latency:64
10-04 10:08:35.459   472   662 D audioserver: FGS Logger Transaction failed
10-04 10:08:35.459   472   662 D audioserver: -129
10-04 10:08:35.487   441   454 D hdmicecd: [CEC]:printCecMessage, [4 -> 0] len: 1, body: 0d, result:no ack
10-04 10:08:35.487   441   454 E IPCThreadState: binder thread pool (1 threads) starved for 111 ms
10-04 10:08:35.543   441   454 D hdmicecd: [CEC]:printCecMessage, [4 -> 0] len: 1, body: 0d, result:no ack
10-04 10:08:35.599   441   454 D hdmicecd: [CEC]:printCecMessage, [4 -> 0] len: 1, body: 0d, result:no ack
10-04 10:08:35.599   441   454 E IPCThreadState: binder thread pool (1 threads) starved for 112 ms
10-04 10:08:35.599   696   949 D HDMI    : [S]:<Give Device Power Status> 40:8F
10-04 10:08:35.599   696   696 D ResendCecCommandAction: ResendCecCommandAction started
10-04 10:08:35.655   441   454 D hdmicecd: [CEC]:printCecMessage, [4 -> 0] len: 1, body: 8f, result:no ack
10-04 10:08:35.710   441   454 D hdmicecd: [CEC]:printCecMessage, [4 -> 0] len: 1, body: 8f, result:no ack
10-04 10:08:35.711   441   454 E IPCThreadState: binder thread pool (1 threads) starved for 111 ms
10-04 10:08:35.720   426  1494 D rtk_heartbeat: heartbeat_timed_out: heartbeatCmdCount = 42620, expected nextSeqNum = 42620
10-04 10:08:35.721   426  1381 D rtk_heartbeat: rtkbt_heartbeat_cmpl_cback: Current SeqNum = 42620,should SeqNum=42620, status = 0
10-04 10:08:35.771   441   454 D hdmicecd: [CEC]:printCecMessage, [4 -> 0] len: 1, body: 8f, result:no ack
10-04 10:08:35.826   441   454 D hdmicecd: [CEC]:printCecMessage, [4 -> 0] len: 1, body: 8f, result:no ack
10-04 10:08:35.827   441   454 E IPCThreadState: binder thread pool (1 threads) starved for 116 ms
10-04 10:08:35.900   696   696 D ResendCecCommandAction: sendCommandWithoutRetries failed, retry
10-04 10:08:35.901   696   949 D HDMI    : [S]:<Text View On> 40:0D
10-04 10:08:35.955   441   454 D hdmicecd: [CEC]:printCecMessage, [4 -> 0] len: 1, body: 0d, result:no ack
10-04 10:08:36.011   441   454 D hdmicecd: [CEC]:printCecMessage, [4 -> 0] len: 1, body: 0d, result:no ack
10-04 10:08:36.011   441   454 E IPCThreadState: binder thread pool (1 threads) starved for 110 ms
10-04 10:08:36.060  1154  1154 I ThermalService: CPU temperatures: [43.4]
10-04 10:08:36.070   441   454 D hdmicecd: [CEC]:printCecMessage, [4 -> 0] len: 1, body: 0d, result:no ack
10-04 10:08:36.127   441   454 D hdmicecd: [CEC]:printCecMessage, [4 -> 0] len: 1, body: 0d, result:no ack
10-04 10:08:36.127   441   454 E IPCThreadState: binder thread pool (1 threads) starved for 115 ms
10-04 10:08:36.304 10261 10261 D MonkeyStub: translateCommand: press DPAD_RIGHT
10-04 10:08:36.306   459   459 I lights-tch: flashMode 0 id 2 onMs 0 offMs 0 brightness 0
10-04 10:08:36.310   459   459 I lights-tch: flashMode 0 id 2 onMs 0 offMs 0 brightness 225
10-04 10:08:36.355   424   471 I audio_hw_hal_primary: [register_audio_patch:7826] Patch 3:id:3 mix(io:13)->dev_0[OUT_HDMI(id:18)] found, register the same patch, do nothing.
10-04 10:08:36.355   424   471 I audio_hw_hal_primary: [adev_create_audio_patch:7927] Patch 3: MIX->DEVICE, num_src:1 num_sink:1 patch_src:INVAL
10-04 10:08:36.355   424   471 I audio_hw_hal_primary: [adev_create_audio_patch:7931] sink[0]: OUT_HDMI(id:18)
10-04 10:08:36.355   424   471 I audio_hw_hal_primary: [adev_create_audio_patch:7988] Patch 3: mix(io:13) -> dev[OUT_HDMI(id:18)]
10-04 10:08:36.355  1154  1349 D UEventObserver: change@/devices/platform/auge_sound/sound/card0/controlC0��ACTION=change��DEVPATH=/devices/platform/auge_sound/sound/card0/controlC0��SUBSYSTEM=sound��AUDIO_FORMAT=0��MAJOR=116��MINOR=11��DEVNAME=snd/controlC0��SEQNUM=3250��
10-04 10:08:36.355   424   471 I audio_hw_hal_primary: [adev_create_audio_patch:8056] dev=0xf3782930 cur_out_device=0x400
10-04 10:08:36.355  1154  1349 W ContextImpl: Calling a method in the system process without a qualified user: android.app.ContextImpl.sendBroadcast:1220 android.content.ContextWrapper.sendBroadcast:504 com.droidlogic.audioservice.services.AudioSystemCmdService$1.onUEvent:177 com.droidlogic.UEventObserver$UEventThread.sendEvent:213 com.droidlogic.UEventObserver$UEventThread.run:190 
10-04 10:08:36.360   472   577 D audioserver: FGS Logger Transaction failed
10-04 10:08:36.360   472   577 D audioserver: -129
10-04 10:08:36.369  1154  1348 I AudioSystemCmdService: onAudioPatchListUpdate
10-04 10:08:36.372  1154  1348 I AudioSystemCmdService: mAudioSink:[{{mHandle: 18, mRole: SINK}, mType: hdmi, mAddress: }], previousSink:[{{mHandle: 18, mRole: SINK}, mType: hdmi, mAddress: }]
10-04 10:08:36.372  1154  1348 I AudioSystemCmdService: updateAudioPatch cur sink does not change.
--------- beginning of main
10-04 10:08:36.504   424  8590 I audio_hw_hal_primary: [audiohal_get_latency:1258] io 13: out:0xf2d00740 frames:3072 rate:48000 whole_latency:64 alsa_latency:64
10-04 10:08:36.525   424  8590 I audio_hw_hal_primary: [audiohal_get_latency:1258] io 13: out:0xf2d00740 frames:3072 rate:48000 whole_latency:64 alsa_latency:64
10-04 10:08:36.538   441   454 D hdmicecd: [CEC]:printCecMessage, [4 -> 0] len: 1, body: 0d, result:no ack
10-04 10:08:36.539   441   454 E IPCThreadState: binder thread pool (1 threads) starved for 110 ms
10-04 10:08:36.547   424  8590 I audio_hw_hal_primary: [audiohal_get_latency:1258] io 13: out:0xf2d00740 frames:3072 rate:48000 whole_latency:64 alsa_latency:64
10-04 10:08:36.569   424  8590 I audio_hw_hal_primary: [audiohal_get_latency:1258] io 13: out:0xf2d00740 frames:3072 rate:48000 whole_latency:64 alsa_latency:64
10-04 10:08:36.589   424  8590 I audio_hw_hal_primary: [audiohal_get_latency:1258] io 13: out:0xf2d00740 frames:3072 rate:48000 whole_latency:64 alsa_latency:64
10-04 10:08:36.595   441   454 D hdmicecd: [CEC]:printCecMessage, [4 -> 0] len: 1, body: 0d, result:no ack
10-04 10:08:36.611   424  8590 I audio_hw_hal_primary: [audiohal_get_latency:1258] io 13: out:0xf2d00740 frames:3072 rate:48000 whole_latency:64 alsa_latency:64
10-04 10:08:36.632   424  8590 I audio_hw_hal_primary: [audiohal_get_latency:1258] io 13: out:0xf2d00740 frames:3072 rate:48000 whole_latency:64 alsa_latency:64
10-04 10:08:36.651   441   454 D hdmicecd: [CEC]:printCecMessage, [4 -> 0] len: 1, body: 0d, result:no ack
10-04 10:08:36.651   441   454 E IPCThreadState: binder thread pool (1 threads) starved for 112 ms
10-04 10:08:36.653   424  8590 I audio_hw_hal_primary: [audiohal_get_latency:1258] io 13: out:0xf2d00740 frames:3072 rate:48000 whole_latency:64 alsa_latency:64
10-04 10:08:36.654   472   662 D audioserver: FGS Logger Transaction failed
10-04 10:08:36.654   472   662 D audioserver: -129
10-04 10:08:36.721   426  1494 D rtk_heartbeat: heartbeat_timed_out: heartbeatCmdCount = 42621, expected nextSeqNum = 42621
10-04 10:08:36.722   426  1381 D rtk_heartbeat: rtkbt_heartbeat_cmpl_cback: Current SeqNum = 42621,should SeqNum=42621, status = 0
--------- beginning of system
10-04 10:08:37.375   696   696 D HDMI    : one touch play retry:5
10-04 10:08:37.376   696   949 D HDMI    : [S]:<Text View On> 40:0D
10-04 10:08:37.435   441   454 D hdmicecd: [CEC]:printCecMessage, [4 -> 0] len: 1, body: 0d, result:no ack
10-04 10:08:37.449   696   866 D ActivityManager: freezing 2100 com.android.providers.tv
10-04 10:08:37.490   441   454 D hdmicecd: [CEC]:printCecMessage, [4 -> 0] len: 1, body: 0d, result:no ack
10-04 10:08:37.491   441   454 E IPCThreadState: binder thread pool (1 threads) starved for 115 ms
10-04 10:08:37.529 10261 10261 D MonkeyStub: translateCommand: press DPAD_RIGHT
10-04 10:08:37.532   459   459 I lights-tch: flashMode 0 id 2 onMs 0 offMs 0 brightness 0
10-04 10:08:37.534   459   459 I lights-tch: flashMode 0 id 2 onMs 0 offMs 0 brightness 225
10-04 10:08:37.549   441   454 D hdmicecd: [CEC]:printCecMessage, [4 -> 0] len: 1, body: 0d, result:no ack
10-04 10:08:37.572  8084  8084 D Glide   : Finished loading BitmapDrawable from DATA_DISK_CACHE for http://tvimg.wynk.in/unsafe/fit-in/64x64/filters:no_upscale():format(webp)/https://image.airtel.tv/grandslam/content/2024_7_18/offer_icon_selected.png with size [-2147483648x-2147483648] in 26.873749999999998 ms
10-04 10:08:37.582   424  8826 I audio_hw_hal_primary: [register_audio_patch:7826] Patch 3:id:3 mix(io:13)->dev_0[OUT_HDMI(id:18)] found, register the same patch, do nothing.
10-04 10:08:37.582   424  8826 I audio_hw_hal_primary: [adev_create_audio_patch:7927] Patch 3: MIX->DEVICE, num_src:1 num_sink:1 patch_src:INVAL
10-04 10:08:37.582   424  8826 I audio_hw_hal_primary: [adev_create_audio_patch:7931] sink[0]: OUT_HDMI(id:18)
10-04 10:08:37.582   424  8826 I audio_hw_hal_primary: [adev_create_audio_patch:7988] Patch 3: mix(io:13) -> dev[OUT_HDMI(id:18)]
10-04 10:08:37.582   424  8826 I audio_hw_hal_primary: [adev_create_audio_patch:8056] dev=0xf3782930 cur_out_device=0x400
10-04 10:08:37.583  1154  1349 D UEventObserver: change@/devices/platform/auge_sound/sound/card0/controlC0��ACTION=change��DEVPATH=/devices/platform/auge_sound/sound/card0/controlC0��SUBSYSTEM=sound��AUDIO_FORMAT=0��MAJOR=116��MINOR=11��DEVNAME=snd/controlC0��SEQNUM=3251��
10-04 10:08:37.583  1154  1349 W ContextImpl: Calling a method in the system process without a qualified user: android.app.ContextImpl.sendBroadcast:1220 android.content.ContextWrapper.sendBroadcast:504 com.droidlogic.audioservice.services.AudioSystemCmdService$1.onUEvent:177 com.droidlogic.UEventObserver$UEventThread.sendEvent:213 com.droidlogic.UEventObserver$UEventThread.run:190 
10-04 10:08:37.588   472  1848 D audioserver: FGS Logger Transaction failed
10-04 10:08:37.588   472  1848 D audioserver: -129
10-04 10:08:37.595  1154  1348 I AudioSystemCmdService: onAudioPatchListUpdate
10-04 10:08:37.599  1154  1348 I AudioSystemCmdService: mAudioSink:[{{mHandle: 18, mRole: SINK}, mType: hdmi, mAddress: }], previousSink:[{{mHandle: 18, mRole: SINK}, mType: hdmi, mAddress: }]
10-04 10:08:37.599  1154  1348 I AudioSystemCmdService: updateAudioPatch cur sink does not change.
10-04 10:08:37.603   441   454 D hdmicecd: [CEC]:printCecMessage, [4 -> 0] len: 1, body: 0d, result:no ack
10-04 10:08:37.603   441   454 E IPCThreadState: binder thread pool (1 threads) starved for 112 ms
10-04 10:08:37.603   696   949 D HDMI    : [S]:<Give Device Power Status> 40:8F
10-04 10:08:37.605   696   696 D ResendCecCommandAction: ResendCecCommandAction started
--------- beginning of main
10-04 10:08:37.721   426  1494 D rtk_heartbeat: heartbeat_timed_out: heartbeatCmdCount = 42622, expected nextSeqNum = 42622
10-04 10:08:37.722   426  1381 D rtk_heartbeat: rtkbt_heartbeat_cmpl_cback: Current SeqNum = 42622,should SeqNum=42622, status = 0
10-04 10:08:37.722   441   454 D hdmicecd: [CEC]:printCecMessage, [4 -> 0] len: 1, body: 8f, result:no ack
10-04 10:08:37.723   441   454 E IPCThreadState: binder thread pool (1 threads) starved for 117 ms
10-04 10:08:37.741   424  8590 I audio_hw_hal_stream: aml_stream_out_info_print: out:0xf2d00740, stream_type:pcm, sync_mode:non tunnel, input_size:40665088 bytes
10-04 10:08:37.741   424  8590 I audio_hw_hal_stream: aml_stream_out_info_print: last_time:42657283 ms (sec:42657, nsec:283965423), last_position:211617 ms (10157648), cur_time:42657326 ms (sec:42657, nsec:326964256), cur_position:211660 ms (10159696)
10-04 10:08:37.741   424  8590 I audio_hw_hal_stream: aml_stream_out_info_print: time_gap:43 ms (thr:100 ms), position_gap:42 ms, delay:137 ms, jitter: Position gap is behind system time gap by 1 ms (thr:100 ms)
10-04 10:08:37.741   424  8590 I audio_hw_hal_primary: [audiohal_get_latency:1258] io 13: out:0xf2d00740 frames:3072 rate:48000 whole_latency:64 alsa_latency:64
10-04 10:08:37.765   424  8590 I audio_hw_hal_primary: [audiohal_get_latency:1258] io 13: out:0xf2d00740 frames:3072 rate:48000 whole_latency:64 alsa_latency:64
10-04 10:08:37.779   441   454 D hdmicecd: [CEC]:printCecMessage, [4 -> 0] len: 1, body: 8f, result:no ack
10-04 10:08:37.784   424  8590 I audio_hw_hal_primary: [audiohal_get_latency:1258] io 13: out:0xf2d00740 frames:3072 rate:48000 whole_latency:64 alsa_latency:64
10-04 10:08:37.805   424  8590 I audio_hw_hal_primary: [audiohal_get_latency:1258] io 13: out:0xf2d00740 frames:3072 rate:48000 whole_latency:64 alsa_latency:64
10-04 10:08:37.826   424  8590 I audio_hw_hal_primary: [audiohal_get_latency:1258] io 13: out:0xf2d00740 frames:3072 rate:48000 whole_latency:64 alsa_latency:64
10-04 10:08:37.835   441   454 D hdmicecd: [CEC]:printCecMessage, [4 -> 0] len: 1, body: 8f, result:no ack
10-04 10:08:37.835   441   454 E IPCThreadState: binder thread pool (1 threads) starved for 112 ms
10-04 10:08:37.848   424  8590 I audio_hw_hal_primary: [audiohal_get_latency:1258] io 13: out:0xf2d00740 frames:3072 rate:48000 whole_latency:64 alsa_latency:64
10-04 10:08:37.869   424  8590 I audio_hw_hal_primary: [audiohal_get_latency:1258] io 13: out:0xf2d00740 frames:3072 rate:48000 whole_latency:64 alsa_latency:64
10-04 10:08:37.891   424  8590 I audio_hw_hal_primary: [audiohal_get_latency:1258] io 13: out:0xf2d00740 frames:3072 rate:48000 whole_latency:64 alsa_latency:64
10-04 10:08:37.891   472   662 D audioserver: FGS Logger Transaction failed
10-04 10:08:37.891   472   662 D audioserver: -129
--------- beginning of system
10-04 10:08:37.905   696   696 D ResendCecCommandAction: sendCommandWithoutRetries failed, retry
10-04 10:08:37.905   696   949 D HDMI    : [S]:<Text View On> 40:0D
10-04 10:08:37.936  2820 10346 D AWS4Signer: AWS4 Canonical Request: '"POST
10-04 10:08:37.936  2820 10346 D AWS4Signer: /
10-04 10:08:37.936  2820 10346 D AWS4Signer: 
10-04 10:08:37.936  2820 10346 D AWS4Signer: host:kinesis.ap-south-1.amazonaws.com
10-04 10:08:37.936  2820 10346 D AWS4Signer: x-amz-date:20241004T043837Z
10-04 10:08:37.936  2820 10346 D AWS4Signer: x-amz-target:Kinesis_20131202.PutRecords
10-04 10:08:37.936  2820 10346 D AWS4Signer: 
10-04 10:08:37.936  2820 10346 D AWS4Signer: host;x-amz-date;x-amz-target
10-04 10:08:37.936  2820 10346 D AWS4Signer: abfd4d79f5067aabe7c43f37d57cc6254c5c24697298c6f6dfecf8a10ff4da63"
10-04 10:08:37.936  2820 10346 D AWS4Signer: AWS4 String to Sign: '"AWS4-HMAC-SHA256
10-04 10:08:37.936  2820 10346 D AWS4Signer: 20241004T043837Z
10-04 10:08:37.936  2820 10346 D AWS4Signer: 20241004/ap-south-1/kinesis/aws4_request
10-04 10:08:37.936  2820 10346 D AWS4Signer: 3538b4e8c196873a0679c6c0cedbf532c165dd5b1f16f887db34aa13645e5506"
10-04 10:08:37.961  2820 10346 D TrafficStats: tagSocket(68) with statsTag=0xffffffff, statsUid=-1
10-04 10:08:37.967   441   454 D hdmicecd: [CEC]:printCecMessage, [4 -> 0] len: 1, body: 0d, result:no ack
10-04 10:08:38.022   441   454 D hdmicecd: [CEC]:printCecMessage, [4 -> 0] len: 1, body: 0d, result:no ack
10-04 10:08:38.023   441   454 E IPCThreadState: binder thread pool (1 threads) starved for 117 ms
10-04 10:08:38.066  1154  1154 I ThermalService: CPU temperatures: [43.800003]
10-04 10:08:38.079   441   454 D hdmicecd: [CEC]:printCecMessage, [4 -> 0] len: 1, body: 0d, result:no ack
10-04 10:08:38.132  2820 10346 V com.amazonaws.request: Parsing service response JSON
10-04 10:08:38.132  2820 10346 D com.amazonaws.request: CRC32Checksum = null
10-04 10:08:38.132  2820 10346 D com.amazonaws.request: content encoding = null
10-04 10:08:38.134  2820 10346 V com.amazonaws.request: Done parsing service response
10-04 10:08:38.135   441   454 D hdmicecd: [CEC]:printCecMessage, [4 -> 0] len: 1, body: 0d, result:no ack
10-04 10:08:38.135   441   454 E IPCThreadState: binder thread pool (1 threads) starved for 112 ms
10-04 10:08:38.138  2820 10346 D AbstractKinesisRecorder: submitAllRecords sent 1 records
10-04 10:08:38.422   424   582 I audio_hw_hal_alsamgr: alsa format =0x1 delay frames =1024 total frames=2046976000
10-04 10:08:38.436   696   696 D ResendCecCommandAction: sendCommandWithoutRetries failed, retry
10-04 10:08:38.437   696   949 D HDMI    : [S]:<Text View On> 40:0D
10-04 10:08:38.458  1826  1826 D BoundBrokerSvc: onUnbind: Intent { act=com.google.android.gms.measurement.START pkg=com.google.android.gms }
10-04 10:08:38.495   441   454 D hdmicecd: [CEC]:printCecMessage, [4 -> 0] len: 1, body: 0d, result:no ack
10-04 10:08:38.550   441   454 D hdmicecd: [CEC]:printCecMessage, [4 -> 0] len: 1, body: 0d, result:no ack
10-04 10:08:38.551   441   454 E IPCThreadState: binder thread pool (1 threads) starved for 113 ms
10-04 10:08:38.607   441   454 D hdmicecd: [CEC]:printCecMessage, [4 -> 0] len: 1, body: 0d, result:no ack
10-04 10:08:38.663   441   454 D hdmicecd: [CEC]:printCecMessage, [4 -> 0] len: 1, body: 0d, result:no ack
10-04 10:08:38.663   441   454 E IPCThreadState: binder thread pool (1 threads) starved for 112 ms
10-04 10:08:38.721   426  1494 D rtk_heartbeat: heartbeat_timed_out: heartbeatCmdCount = 42623, expected nextSeqNum = 42623
10-04 10:08:38.722   426  1381 D rtk_heartbeat: rtkbt_heartbeat_cmpl_cback: Current SeqNum = 42623,should SeqNum=42623, status = 0
10-04 10:08:38.726 10261 10261 D MonkeyStub: translateCommand: press DPAD_RIGHT
10-04 10:08:38.729   459   459 I lights-tch: flashMode 0 id 2 onMs 0 offMs 0 brightness 0
10-04 10:08:38.734   459   459 I lights-tch: flashMode 0 id 2 onMs 0 offMs 0 brightness 225
10-04 10:08:38.744  8084  8084 D focus content view android.widget.LinearLayout{e5345f4 VFE...C.. .F...... 758,0-1069,64 aid=10
10-04 10:08:38.744  8084  8084 D focus content direction 66: 
10-04 10:08:38.745  8084  8084 D focus content view android.widget.ImageView{d17f406 VFED..C.. ........ 1532,0-1596,64 #7f0b010
10-04 10:08:38.745  8084  8084 D focus view android.widget.LinearLayout{e5345f4 VFE...C.. .F...... 758,0-1069,64 aid=1073741951
10-04 10:08:38.745  8084  8084 D focus direction 66: 
10-04 10:08:38.745  8084  8084 D focus Next view android.widget.ImageView{d17f406 VFED..C.. ........ 1532,0-1596,64 #7f0b0109 a
10-04 10:08:38.745  8084  8084 D focus view TAg null: 
10-04 10:08:38.746  8084  8084 D focus next view parent tv.airtel.xstream.widget.FocusableMainFragmentView{bbb6a1 V.E...... ...
10-04 10:08:38.746  8084  8084 D focus view parent androidx.constraintlayout.widget.ConstraintLayout{be2fa4f V.E...... ........
10-04 10:08:38.758  8084  8084 D Glide   : Finished loading BitmapDrawable from MEMORY_CACHE for http://tvimg.wynk.in/unsafe/fit-in/64x64/filters:no_upscale():format(webp)/https://image.airtel.tv/grandslam/content/2024_7_16/offer_icon.png with size [-2147483648x-2147483648] in 0.883875 ms
--------- beginning of kernel
10-04 10:08:38.828     0     0 I [0 T230   ..] logd: logdr: UID=2000 GID=2000 PID=10349 n tail=0 logMask=99 pid=0 start=0ns deadline=0ns
--------- beginning of main
10-04 10:08:38.936   424  8590 I audio_hw_hal_primary: [audiohal_get_latency:1258] io 13: out:0xf2d00740 frames:3072 rate:48000 whole_latency:64 alsa_latency:64
10-04 10:08:38.957   424  8590 I audio_hw_hal_primary: [audiohal_get_latency:1258] io 13: out:0xf2d00740 frames:3072 rate:48000 whole_latency:64 alsa_latency:64
10-04 10:08:38.978   424  8590 I audio_hw_hal_primary: [audiohal_get_latency:1258] io 13: out:0xf2d00740 frames:3072 rate:48000 whole_latency:64 alsa_latency:64
10-04 10:08:39.000   424  8590 I audio_hw_hal_primary: [audiohal_get_latency:1258] io 13: out:0xf2d00740 frames:3072 rate:48000 whole_latency:64 alsa_latency:64
10-04 10:08:39.021   424  8590 I audio_hw_hal_primary: [audiohal_get_latency:1258] io 13: out:0xf2d00740 frames:3072 rate:48000 whole_latency:64 alsa_latency:64
10-04 10:08:39.043   424  8590 I audio_hw_hal_primary: [audiohal_get_latency:1258] io 13: out:0xf2d00740 frames:3072 rate:48000 whole_latency:64 alsa_latency:64
10-04 10:08:39.064   424  8590 I audio_hw_hal_primary: [audiohal_get_latency:1258] io 13: out:0xf2d00740 frames:3072 rate:48000 whole_latency:64 alsa_latency:64
10-04 10:08:39.085   424  8590 I audio_hw_hal_primary: [audiohal_get_latency:1258] io 13: out:0xf2d00740 frames:3072 rate:48000 whole_latency:64 alsa_latency:64
10-04 10:08:39.086   472   662 D audioserver: FGS Logger Transaction failed
10-04 10:08:39.086   472   662 D audioserver: -129
10-04 10:08:39.376   696   696 W WindowManager: One touch play failed: 1
--------- beginning of kernel
10-04 10:08:39.451     0     0 W [1 T1289  ..] RTW: rtw_get_sta_tx_stat() not support
10-04 10:08:39.451     0     0 W [1 T1289  ..] RTW: cfg80211_rtw_get_txpower
10-04 10:08:39.571  8084  8084 D Glide   : Finished loading BitmapDrawable from MEMORY_CACHE for http://tvimg.wynk.in/unsafe/fit-in/1920x548/filters:no_upscale():format(webp)/https://s3.ap-south-1.amazonaws.com/discovery-prod-arsenal/tile/artwork/1727811858264_airtel-stb_ind-vs-nz-3-oct-7.30pm_ss1hd_hindi_1920-x-548.jpg with size [-2147483648x-2147483648] in 0.492917 ms
10-04 10:08:39.721   426  1494 D rtk_heartbeat: heartbeat_timed_out: heartbeatCmdCount = 42624, expected nextSeqNum = 42624
10-04 10:08:39.722   426  1381 D rtk_heartbeat: rtkbt_heartbeat_cmpl_cback: Current SeqNum = 42624,should SeqNum=42624, status = 0
10-04 10:08:39.912 10261 10261 D MonkeyStub: translateCommand: press DPAD_RIGHT
10-04 10:08:39.914   459   459 I lights-tch: flashMode 0 id 2 onMs 0 offMs 0 brightness 0
10-04 10:08:39.919   459   459 I lights-tch: flashMode 0 id 2 onMs 0 offMs 0 brightness 225
10-04 10:08:39.954  8084  8084 D focus content view android.widget.ImageView{d17f406 VFED..C.. .F...... 1532,0-1596,64 #7f0b010
10-04 10:08:39.955  8084  8084 D focus content direction 66: 
10-04 10:08:39.955  8084  8084 D focus content view android.widget.ImageView{1f68aeb VFED..C.. ........ 1644,0-1708,64 #7f0b00f
10-04 10:08:39.955  8084  8084 D focus view android.widget.ImageView{d17f406 VFED..C.. .F...... 1532,0-1596,64 #7f0b0109 app:id
10-04 10:08:39.955  8084  8084 D focus direction 66: 
10-04 10:08:39.955  8084  8084 D focus Next view android.widget.ImageView{1f68aeb VFED..C.. ........ 1644,0-1708,64 #7f0b00f7 a
10-04 10:08:39.955  8084  8084 D focus view TAg null: 
10-04 10:08:39.955  8084  8084 D focus next view parent tv.airtel.xstream.widget.FocusableMainFragmentView{bbb6a1 V.E...... ...
10-04 10:08:39.955  8084  8084 D focus view parent tv.airtel.xstream.widget.FocusableMainFragmentView{bbb6a1 V.E...... ......I.
--------- beginning of main
10-04 10:08:40.130   424  8590 I audio_hw_hal_primary: [audiohal_get_latency:1258] io 13: out:0xf2d00740 frames:3072 rate:48000 whole_latency:64 alsa_latency:64
10-04 10:08:40.152   424  8590 I audio_hw_hal_primary: [audiohal_get_latency:1258] io 13: out:0xf2d00740 frames:3072 rate:48000 whole_latency:64 alsa_latency:64
10-04 10:08:40.173   424  8590 I audio_hw_hal_primary: [audiohal_get_latency:1258] io 13: out:0xf2d00740 frames:3072 rate:48000 whole_latency:64 alsa_latency:64
10-04 10:08:40.195   424  8590 I audio_hw_hal_primary: [audiohal_get_latency:1258] io 13: out:0xf2d00740 frames:3072 rate:48000 whole_latency:64 alsa_latency:64
10-04 10:08:40.216   424  8590 I audio_hw_hal_primary: [audiohal_get_latency:1258] io 13: out:0xf2d00740 frames:3072 rate:48000 whole_latency:64 alsa_latency:64
10-04 10:08:40.237   424  8590 I audio_hw_hal_primary: [audiohal_get_latency:1258] io 13: out:0xf2d00740 frames:3072 rate:48000 whole_latency:64 alsa_latency:64
10-04 10:08:40.258   424  8590 I audio_hw_hal_primary: [audiohal_get_latency:1258] io 13: out:0xf2d00740 frames:3072 rate:48000 whole_latency:64 alsa_latency:64
10-04 10:08:40.280   424  8590 I audio_hw_hal_primary: [audiohal_get_latency:1258] io 13: out:0xf2d00740 frames:3072 rate:48000 whole_latency:64 alsa_latency:64
10-04 10:08:40.280   472   662 D audioserver: FGS Logger Transaction failed
10-04 10:08:40.280   472   662 D audioserver: -129
10-04 10:08:40.721   426  1494 D rtk_heartbeat: heartbeat_timed_out: heartbeatCmdCount = 42625, expected nextSeqNum = 42625
10-04 10:08:40.722   426  1381 D rtk_heartbeat: rtkbt_heartbeat_cmpl_cback: Current SeqNum = 42625,should SeqNum=42625, status = 0
10-04 10:08:41.108 10261 10261 D MonkeyStub: translateCommand: press DPAD_RIGHT
10-04 10:08:41.111   459   459 I lights-tch: flashMode 0 id 2 onMs 0 offMs 0 brightness 0
10-04 10:08:41.114   459   459 I lights-tch: flashMode 0 id 2 onMs 0 offMs 0 brightness 225
10-04 10:08:41.115  8084  8084 D focus content view android.widget.ImageView{1f68aeb VFED..C.. .F...... 1644,0-1708,64 #7f0b00f
10-04 10:08:41.115  8084  8084 D focus content direction 66: 
10-04 10:08:41.116  8084  8084 D focus content view android.widget.ImageView{426ee1 VFED..C.. ........ 1756,0-1820,64 #7f0b0101
10-04 10:08:41.116  8084  8084 D focus view android.widget.ImageView{1f68aeb VFED..C.. .F...... 1644,0-1708,64 #7f0b00f7 app:id
10-04 10:08:41.116  8084  8084 D focus direction 66: 
10-04 10:08:41.116  8084  8084 D focus Next view android.widget.ImageView{426ee1 VFED..C.. ........ 1756,0-1820,64 #7f0b0101 ap
10-04 10:08:41.116  8084  8084 D focus view TAg null: 
10-04 10:08:41.117  8084  8084 D focus next view parent tv.airtel.xstream.widget.FocusableMainFragmentView{bbb6a1 V.E...... ...
10-04 10:08:41.117  8084  8084 D focus view parent tv.airtel.xstream.widget.FocusableMainFragmentView{bbb6a1 V.E...... ........
10-04 10:08:41.158   424  8826 I audio_hw_hal_primary: [register_audio_patch:7826] Patch 3:id:3 mix(io:13)->dev_0[OUT_HDMI(id:18)] found, register the same patch, do nothing.
10-04 10:08:41.159   424  8826 I audio_hw_hal_primary: [adev_create_audio_patch:7927] Patch 3: MIX->DEVICE, num_src:1 num_sink:1 patch_src:INVAL
10-04 10:08:41.159   424  8826 I audio_hw_hal_primary: [adev_create_audio_patch:7931] sink[0]: OUT_HDMI(id:18)
10-04 10:08:41.159   424  8826 I audio_hw_hal_primary: [adev_create_audio_patch:7988] Patch 3: mix(io:13) -> dev[OUT_HDMI(id:18)]
10-04 10:08:41.159  1154  1349 D UEventObserver: change@/devices/platform/auge_sound/sound/card0/controlC0��ACTION=change��DEVPATH=/devices/platform/auge_sound/sound/card0/controlC0��SUBSYSTEM=sound��AUDIO_FORMAT=0��MAJOR=116��MINOR=11��DEVNAME=snd/controlC0��SEQNUM=3254��
10-04 10:08:41.159   424  8826 I audio_hw_hal_primary: [adev_create_audio_patch:8056] dev=0xf3782930 cur_out_device=0x400
--------- beginning of system
10-04 10:08:41.159  1154  1349 W ContextImpl: Calling a method in the system process without a qualified user: android.app.ContextImpl.sendBroadcast:1220 android.content.ContextWrapper.sendBroadcast:504 com.droidlogic.audioservice.services.AudioSystemCmdService$1.onUEvent:177 com.droidlogic.UEventObserver$UEventThread.sendEvent:213 com.droidlogic.UEventObserver$UEventThread.run:190 
10-04 10:08:41.163   472  1848 D audioserver: FGS Logger Transaction failed
10-04 10:08:41.163   472  1848 D audioserver: -129
10-04 10:08:41.168  1154  1348 I AudioSystemCmdService: onAudioPatchListUpdate
10-04 10:08:41.171  1154  1348 I AudioSystemCmdService: mAudioSink:[{{mHandle: 18, mRole: SINK}, mType: hdmi, mAddress: }], previousSink:[{{mHandle: 18, mRole: SINK}, mType: hdmi, mAddress: }]
10-04 10:08:41.171  1154  1348 I AudioSystemCmdService: updateAudioPatch cur sink does not change.
--------- beginning of kernel
10-04 10:08:41.202     0     0 I [0 T230   ..] logd: logdr: UID=2000 GID=2000 PID=10359 n tail=0 logMask=99 pid=0 start=0ns deadline=0ns
--------- beginning of main
10-04 10:08:41.325   424  8590 I audio_hw_hal_primary: [audiohal_get_latency:1258] io 13: out:0xf2d00740 frames:3072 rate:48000 whole_latency:64 alsa_latency:64
10-04 10:08:41.347   424  8590 I audio_hw_hal_primary: [audiohal_get_latency:1258] io 13: out:0xf2d00740 frames:3072 rate:48000 whole_latency:64 alsa_latency:64
10-04 10:08:41.368   424  8590 I audio_hw_hal_primary: [audiohal_get_latency:1258] io 13: out:0xf2d00740 frames:3072 rate:48000 whole_latency:64 alsa_latency:64
10-04 10:08:41.389   424  8590 I audio_hw_hal_primary: [audiohal_get_latency:1258] io 13: out:0xf2d00740 frames:3072 rate:48000 whole_latency:64 alsa_latency:64
10-04 10:08:41.410   424  8590 I audio_hw_hal_primary: [audiohal_get_latency:1258] io 13: out:0xf2d00740 frames:3072 rate:48000 whole_latency:64 alsa_latency:64
10-04 10:08:41.432   424  8590 I audio_hw_hal_primary: [audiohal_get_latency:1258] io 13: out:0xf2d00740 frames:3072 rate:48000 whole_latency:64 alsa_latency:64
10-04 10:08:41.453   424  8590 I audio_hw_hal_primary: [audiohal_get_latency:1258] io 13: out:0xf2d00740 frames:3072 rate:48000 whole_latency:64 alsa_latency:64
10-04 10:08:41.475   424  8590 I audio_hw_hal_primary: [audiohal_get_latency:1258] io 13: out:0xf2d00740 frames:3072 rate:48000 whole_latency:64 alsa_latency:64
10-04 10:08:41.475   472   662 D audioserver: FGS Logger Transaction failed
10-04 10:08:41.475   472   662 D audioserver: -129
10-04 10:08:41.721   426  1494 D rtk_heartbeat: heartbeat_timed_out: heartbeatCmdCount = 42626, expected nextSeqNum = 42626
10-04 10:08:41.722   426  1381 D rtk_heartbeat: rtkbt_heartbeat_cmpl_cback: Current SeqNum = 42626,should SeqNum=42626, status = 0
10-04 10:08:42.073  1154  1154 I ThermalService: CPU temperatures: [43.300003]
--------- beginning of kernel
10-04 10:08:42.456     0     0 W [0 T1289  ..] RTW: rtw_get_sta_tx_stat() not support
10-04 10:08:42.456     0     0 W [0 T1289  ..] RTW: cfg80211_rtw_get_txpower
10-04 10:08:42.722   426  1494 D rtk_heartbeat: heartbeat_timed_out: heartbeatCmdCount = 42627, expected nextSeqNum = 42627
10-04 10:08:42.723   426  1381 D rtk_heartbeat: rtkbt_heartbeat_cmpl_cback: Current SeqNum = 42627,should SeqNum=42627, status = 0
10-04 10:08:42.754   424  8590 I audio_hw_hal_stream: aml_stream_out_info_print: out:0xf2d00740, stream_type:pcm, sync_mode:non tunnel, input_size:41623552 bytes
10-04 10:08:42.754   424  8590 I audio_hw_hal_stream: aml_stream_out_info_print: last_time:42662318 ms (sec:42662, nsec:318766800), last_position:216652 ms (10399312), cur_time:42662340 ms (sec:42662, nsec:340114384), cur_position:216673 ms (10400336)
10-04 10:08:42.754   424  8590 I audio_hw_hal_stream: aml_stream_out_info_print: time_gap:22 ms (thr:100 ms), position_gap:21 ms, delay:115 ms, jitter: Position gap is behind system time gap by 1 ms (thr:100 ms)
10-04 10:08:43.722   426  1494 D rtk_heartbeat: heartbeat_timed_out: heartbeatCmdCount = 42628, expected nextSeqNum = 42628
10-04 10:08:43.723   426  1381 D rtk_heartbeat: rtkbt_heartbeat_cmpl_cback: Current SeqNum = 42628,should SeqNum=42628, status = 0
10-04 10:08:43.756   424   582 I audio_hw_hal_alsamgr: alsa format =0x1 delay frames =1024 total frames=2047232000
10-04 10:08:44.077  1154  1154 I ThermalService: CPU temperatures: [43.2]
10-04 10:08:44.291   424   471 D audio_hw_hal_primary: [out_standby_new:5414] io 13: out:0xf2d00740 usecase:PCM_NORMAL
10-04 10:08:44.291   424   471 I audio_hw_hal_primary: [do_output_standby_l:5310] io 13: out:0xf2d00740, stream usecase:PCM_NORMAL, continuous:1
10-04 10:08:44.291   424   471 I audio_hw_hal_primary: [usecase_change_validate_l:7065] ++ io 13: out:0xf2d00740 dev masks:0x1 is_standby:1 out usecase:PCM_NORMAL
10-04 10:08:44.291   424   471 I audio_hw_hal_primary: [usecase_change_validate_l:7102] -- dev masks:0 is_standby:1 out usecase PCM_NORMAL
10-04 10:08:44.291   424   471 D audio_hw_hal_primary: [out_standby_new:5437] io 13: out:0xf2d00740 usecase:PCM_NORMAL exit
10-04 10:08:44.310 10261 10261 D MonkeyStub: translateCommand: press DPAD_CENTER
10-04 10:08:44.313   459   459 I lights-tch: flashMode 0 id 2 onMs 0 offMs 0 brightness 0
10-04 10:08:44.316   459   459 I lights-tch: flashMode 0 id 2 onMs 0 offMs 0 brightness 225
10-04 10:08:44.326  8084  9248 D ANALYTICS_IPTV: AnalyticsEventTracker ***Event***Event{ts=1728016724323, meta={"box_type":"iptv","source_of_stream":"2 | Home.screen_visible.none.none.none.none.none.none.none | none.screen_visible.none.none.none.none.none.none.none | none.click.none.none.none.none.settings_icon.none.none","asset_name":"settings_icon","app_version":"1.0.0019:237","box_model":"bx:1.2.3","firmware":"fw:1.2.3"}, uid=5ye_gfsYCZe-PoQ4A0, did=8fb17cc052aef526, os=Android, ov=34, bn=237, nq=-1, nt=2, nct=0, lc=en|hi|ta|kn, av=1.0.0019, dt=STB, type=click, adid=95acddf7-5a94-4681-bf0a-0a767be9f2c3, brand=Airtel-Xstream, model=XstreamIPTV1-VT, dname=Vantiva XstreamIPTV1-VT, appId=IPTV, sId=8fb17cc052aef526, profileId=, ab_test=86079:0|108429:0|42374:0|78244:0|95458:0|75817:0|60412:1|117812:1|120676:1|113632:1|116206:0|66480:0|100390:2|76965:1|110385:0|129832:2, city=Delhi, state=National Capital Territory of Delhi, country=India, firebase_id=687ecd54b0fd95386e529fbf62179576} Critical: false
10-04 10:08:44.352   424   582 D libdolbyms12: continuous underrun 2
10-04 10:08:44.355   424   471 I audio_hw_hal_primary: [register_audio_patch:7826] Patch 3:id:3 mix(io:13)->dev_0[OUT_HDMI(id:18)] found, register the same patch, do nothing.
10-04 10:08:44.355   424   471 I audio_hw_hal_primary: [adev_create_audio_patch:7927] Patch 3: MIX->DEVICE, num_src:1 num_sink:1 patch_src:INVAL
10-04 10:08:44.355   424   471 I audio_hw_hal_primary: [adev_create_audio_patch:7931] sink[0]: OUT_HDMI(id:18)
10-04 10:08:44.355   424   471 I audio_hw_hal_primary: [adev_create_audio_patch:7988] Patch 3: mix(io:13) -> dev[OUT_HDMI(id:18)]
10-04 10:08:44.355   424   471 I audio_hw_hal_primary: [adev_create_audio_patch:8056] dev=0xf3782930 cur_out_device=0x400
10-04 10:08:44.356  1154  1349 D UEventObserver: change@/devices/platform/auge_sound/sound/card0/controlC0��ACTION=change��DEVPATH=/devices/platform/auge_sound/sound/card0/controlC0��SUBSYSTEM=sound��AUDIO_FORMAT=0��MAJOR=116��MINOR=11��DEVNAME=snd/controlC0��SEQNUM=3255��
--------- beginning of system
10-04 10:08:44.357  1154  1349 W ContextImpl: Calling a method in the system process without a qualified user: android.app.ContextImpl.sendBroadcast:1220 android.content.ContextWrapper.sendBroadcast:504 com.droidlogic.audioservice.services.AudioSystemCmdService$1.onUEvent:177 com.droidlogic.UEventObserver$UEventThread.sendEvent:213 com.droidlogic.UEventObserver$UEventThread.run:190 
10-04 10:08:44.364   472  1848 D audioserver: FGS Logger Transaction failed
10-04 10:08:44.364   472  1848 D audioserver: -129
10-04 10:08:44.368   424  8590 I audio_hw_hal_primary: [mixer_aux_buffer_write:6665] io 13: out:0xf2d00740 usecase:PCM_NORMAL standby to unstandby
--------- beginning of main
10-04 10:08:44.504   424  8590 I audio_hw_hal_primary: [audiohal_get_latency:1258] io 13: out:0xf2d00740 frames:3072 rate:48000 whole_latency:64 alsa_latency:64
10-04 10:08:44.525   424  8590 I audio_hw_hal_primary: [audiohal_get_latency:1258] io 13: out:0xf2d00740 frames:3072 rate:48000 whole_latency:64 alsa_latency:64
10-04 10:08:44.526  8084  9231 D ANALYTICS_IPTV: AnalyticsEventTracker ***Event***Event{ts=1728016724523, meta={"box_type":"iptv","source_of_stream":"2 | Home.screen_visible.none.none.none.none.none.none.none | none.screen_visible.none.none.none.none.none.none.none | none.click.none.none.none.none.settings_icon.none.none | none.click.tab_click.none.none.0.none.none.none | settings.click.settings_click.none.none.none.settings_icon.none.none","asset_name":"settings_icon","app_version":"1.0.0019:237","box_model":"bx:1.2.3","action":"settings_click","customer_id":"3026341863","firmware":"fw:1.2.3","source_name":"settings"}, uid=5ye_gfsYCZe-PoQ4A0, did=8fb17cc052aef526, os=Android, ov=34, bn=237, nq=-1, nt=2, nct=0, lc=en|hi|ta|kn, av=1.0.0019, dt=STB, type=click, adid=95acddf7-5a94-4681-bf0a-0a767be9f2c3, brand=Airtel-Xstream, model=XstreamIPTV1-VT, dname=Vantiva XstreamIPTV1-VT, appId=IPTV, sId=8fb17cc052aef526, profileId=, ab_test=86079:0|108429:0|42374:0|78244:0|95458:0|75817:0|60412:1|117812:1|120676:1|113632:1|116206:0|66480:0|100390:2|76965:1|110385:0|129832:2, city=Delhi, state=National Capital Territory of Delhi, country=India, firebase_id=687ecd54b0fd95386e529fbf62179576} Critical: false
10-04 10:08:44.527  8084  9248 D ANALYTICS_IPTV: AnalyticsEventTracker ***Event***Event{ts=1728016724523, meta={"box_type":"iptv","source_of_stream":"2 | Home.screen_visible.none.none.none.none.none.none.none | none.screen_visible.none.none.none.none.none.none.none | none.click.none.none.none.none.settings_icon.none.none | none.click.tab_click.none.none.0.none.none.none","asset_position":"0","app_version":"1.0.0019:237","box_model":"bx:1.2.3","action":"tab_click","firmware":"fw:1.2.3"}, uid=5ye_gfsYCZe-PoQ4A0, did=8fb17cc052aef526, os=Android, ov=34, bn=237, nq=-1, nt=2, nct=0, lc=en|hi|ta|kn, av=1.0.0019, dt=STB, type=click, adid=95acddf7-5a94-4681-bf0a-0a767be9f2c3, brand=Airtel-Xstream, model=XstreamIPTV1-VT, dname=Vantiva XstreamIPTV1-VT, appId=IPTV, sId=8fb17cc052aef526, profileId=, ab_test=86079:0|108429:0|42374:0|78244:0|95458:0|75817:0|60412:1|117812:1|120676:1|113632:1|116206:0|66480:0|100390:2|76965:1|110385:0|129832:2, city=Delhi, state=National Capital Territory of Delhi, country=India, firebase_id=687ecd54b0fd95386e529fbf62179576} Critical: false
10-04 10:08:44.547   424  8590 I audio_hw_hal_primary: [audiohal_get_latency:1258] io 13: out:0xf2d00740 frames:3072 rate:48000 whole_latency:64 alsa_latency:64
10-04 10:08:44.565   696  1330 D ConnectivityService: requestNetwork for uid/pid:10043/8084 activeRequest: null callbackRequest: 552 [NetworkRequest [ REQUEST id=553, [ Capabilities: INTERNET&NOT_RESTRICTED&TRUSTED&NOT_VCN_MANAGED Uid: 10043 RequestorUid: 10043 RequestorPkg: com.airtel.tv UnderlyingNetworks: Null] ]] callback flags: 0 order: 2147483647
10-04 10:08:44.567   696   910 D WifiNetworkFactory: got request NetworkRequest [ REQUEST id=553, [ Capabilities: INTERNET&NOT_RESTRICTED&TRUSTED&NOT_VCN_MANAGED Uid: 10043 RequestorUid: 10043 RequestorPkg: com.airtel.tv UnderlyingNetworks: Null] ]
10-04 10:08:44.567   696   910 D UntrustedWifiNetworkFactory: got request NetworkRequest [ REQUEST id=553, [ Capabilities: INTERNET&NOT_RESTRICTED&TRUSTED&NOT_VCN_MANAGED Uid: 10043 RequestorUid: 10043 RequestorPkg: com.airtel.tv UnderlyingNetworks: Null] ]
10-04 10:08:44.568   424  8590 I audio_hw_hal_primary: [audiohal_get_latency:1258] io 13: out:0xf2d00740 frames:3072 rate:48000 whole_latency:64 alsa_latency:64
10-04 10:08:44.568   696   910 D OemPaidWifiNetworkFactory: got request NetworkRequest [ REQUEST id=553, [ Capabilities: INTERNET&NOT_RESTRICTED&TRUSTED&NOT_VCN_MANAGED Uid: 10043 RequestorUid: 10043 RequestorPkg: com.airtel.tv UnderlyingNetworks: Null] ]
10-04 10:08:44.568   696   910 D MultiInternetWifiNetworkFactory: got request NetworkRequest [ REQUEST id=553, [ Capabilities: INTERNET&NOT_RESTRICTED&TRUSTED&NOT_VCN_MANAGED Uid: 10043 RequestorUid: 10043 RequestorPkg: com.airtel.tv UnderlyingNetworks: Null] ]
10-04 10:08:44.568   472   662 D audioserver: FGS Logger Transaction failed
10-04 10:08:44.568   472   662 D audioserver: -129
10-04 10:08:44.568   696   918 D ConnectivityService: NetReassign [553 : null → 100] [c 0] [a 0] [i 2]
10-04 10:08:44.642  8084  9248 D ANALYTICS_IPTV: AnalyticsEventTracker ***Event***Event{ts=1728016724640, meta={"box_type":"iptv","source_of_stream":"2 | Home.screen_visible.none.none.none.none.none.none.none | none.screen_visible.none.none.none.none.none.none.none | none.click.none.none.none.none.settings_icon.none.none | none.click.tab_click.none.none.0.none.none.none | settings.click.settings_click.none.none.none.settings_icon.none.none | settings.screen_visible.none.none.none.none.none.none.none | settings.screen_visible.none.none.none.none.none.none.none","app_version":"1.0.0019:237","box_model":"bx:1.2.3","customer_id":"3026341863","firmware":"fw:1.2.3","source_name":"settings"}, uid=5ye_gfsYCZe-PoQ4A0, did=8fb17cc052aef526, os=Android, ov=34, bn=237, nq=-1, nt=2, nct=0, lc=en|hi|ta|kn, av=1.0.0019, dt=STB, type=screen_visible, adid=95acddf7-5a94-4681-bf0a-0a767be9f2c3, brand=Airtel-Xstream, model=XstreamIPTV1-VT, dname=Vantiva XstreamIPTV1-VT, appId=IPTV, sId=8fb17cc052aef526, profileId=, ab_test=86079:0|108429:0|42374:0|78244:0|95458:0|75817:0|60412:1|117812:1|120676:1|113632:1|116206:0|66480:0|100390:2|76965:1|110385:0|129832:2, city=Delhi, state=National Capital Territory of Delhi, country=India, firebase_id=687ecd54b0fd95386e529fbf62179576} Critical: false
10-04 10:08:44.642  8084  8084 D ANALYTICS_IPTV: AnalyticsEventTracker ***Event***Event{ts=1728016724640, meta={"box_type":"iptv","source_of_stream":"2 | Home.screen_visible.none.none.none.none.none.none.none | none.screen_visible.none.none.none.none.none.none.none | none.click.none.none.none.none.settings_icon.none.none | none.click.tab_click.none.none.0.none.none.none | settings.click.settings_click.none.none.none.settings_icon.none.none | settings.screen_visible.none.none.none.none.none.none.none","app_version":"1.0.0019:237","box_model":"bx:1.2.3","firmware":"fw:1.2.3","source_name":"settings"}, uid=5ye_gfsYCZe-PoQ4A0, did=8fb17cc052aef526, os=Android, ov=34, bn=237, nq=-1, nt=2, nct=0, lc=en|hi|ta|kn, av=1.0.0019, dt=STB, type=screen_visible, adid=95acddf7-5a94-4681-bf0a-0a767be9f2c3, brand=Airtel-Xstream, model=XstreamIPTV1-VT, dname=Vantiva XstreamIPTV1-VT, appId=IPTV, sId=8fb17cc052aef526, profileId=, ab_test=86079:0|108429:0|42374:0|78244:0|95458:0|75817:0|60412:1|117812:1|120676:1|113632:1|116206:0|66480:0|100390:2|76965:1|110385:0|129832:2, city=Delhi, state=National Capital Territory of Delhi, country=India, firebase_id=687ecd54b0fd95386e529fbf62179576} Critical: false
10-04 10:08:44.664  8084  8084 D LeanbackExtensions::initFocusManagement: 
10-04 10:08:44.664  8084  8084 D Successfully fixed focus: 
10-04 10:08:44.681  8084  8511 D TrafficStats: tagSocket(134) with statsTag=0xffffffff, statsUid=-1
10-04 10:08:44.722   426  1494 D rtk_heartbeat: heartbeat_timed_out: heartbeatCmdCount = 42629, expected nextSeqNum = 42629
10-04 10:08:44.723   426  1381 D rtk_heartbeat: rtkbt_heartbeat_cmpl_cback: Current SeqNum = 42629,should SeqNum=42629, status = 0
10-04 10:08:44.795  8084  8084 D ANALYTICS_IPTV: AnalyticsEventTracker ***Event***Event{ts=1728016724793, meta={"box_type":"iptv","app_version":"1.0.0019:237","box_model":"bx:1.2.3","firmware":"fw:1.2.3","source_name":"account_info"}, uid=5ye_gfsYCZe-PoQ4A0, did=8fb17cc052aef526, os=Android, ov=34, bn=237, nq=-1, nt=2, nct=0, lc=en|hi|ta|kn, av=1.0.0019, dt=STB, type=banner_visible, adid=95acddf7-5a94-4681-bf0a-0a767be9f2c3, brand=Airtel-Xstream, model=XstreamIPTV1-VT, dname=Vantiva XstreamIPTV1-VT, appId=IPTV, sId=8fb17cc052aef526, profileId=, ab_test=86079:0|108429:0|42374:0|78244:0|95458:0|75817:0|60412:1|117812:1|120676:1|113632:1|116206:0|66480:0|100390:2|76965:1|110385:0|129832:2, city=Delhi, state=National Capital Territory of Delhi, country=India, firebase_id=687ecd54b0fd95386e529fbf62179576} Critical: false
10-04 10:08:44.799  8084  8084 D ANALYTICS_IPTV: AnalyticsEventTracker ***Event***Event{ts=1728016724797, meta={"box_type":"iptv","asset_name":"Account Info","app_version":"1.0.0019:237","box_model":"bx:1.2.3","action":"settings_focus","customer_id":"3026341863","firmware":"fw:1.2.3","source_name":"settings_L1"}, uid=5ye_gfsYCZe-PoQ4A0, did=8fb17cc052aef526, os=Android, ov=34, bn=237, nq=-1, nt=2, nct=0, lc=en|hi|ta|kn, av=1.0.0019, dt=STB, type=focus, adid=95acddf7-5a94-4681-bf0a-0a767be9f2c3, brand=Airtel-Xstream, model=XstreamIPTV1-VT, dname=Vantiva XstreamIPTV1-VT, appId=IPTV, sId=8fb17cc052aef526, profileId=, ab_test=86079:0|108429:0|42374:0|78244:0|95458:0|75817:0|60412:1|117812:1|120676:1|113632:1|116206:0|66480:0|100390:2|76965:1|110385:0|129832:2, city=Delhi, state=National Capital Territory of Delhi, country=India, firebase_id=687ecd54b0fd95386e529fbf62179576} Critical: false
10-04 10:08:44.920  8084  8084 W View    : requestLayout() improperly called by android.widget.ImageView{84e44c3 V.ED..... ......ID 1264,56-1604,396 #7f0b0427 app:id/iv_setting_image} during layout: running second layout pass
10-04 10:08:44.920  8084  8084 W View    : requestLayout() improperly called by androidx.constraintlayout.widget.ConstraintLayout{577bd9a V.E...... ......I. 0,0-0,0 #7f0b0040 app:id/accountInfoView} during layout: running second layout pass
10-04 10:08:44.973  8084  8084 E ThemeUtils: View class androidx.appcompat.widget.AppCompatTextView is an AppCompat widget that can only be used with a Theme.AppCompat theme (or descendant).
10-04 10:08:44.977  8084  8084 E ThemeUtils: View class androidx.appcompat.widget.AppCompatTextView is an AppCompat widget that can only be used with a Theme.AppCompat theme (or descendant).
10-04 10:08:44.980  8084  8084 E ThemeUtils: View class androidx.appcompat.widget.AppCompatTextView is an AppCompat widget that can only be used with a Theme.AppCompat theme (or descendant).
10-04 10:08:45.004  3008  7087 D TchAvkoProvider: <<query>> content://com.oem.provider/device/wifi_name, null, null, null, null
10-04 10:08:45.004  3008  7087 D InfoProvider: feedQueryCursor single row table display
10-04 10:08:45.024  3008  7087 D TchAvkoProvider: <<query>> content://com.oem.provider/device/wifi_name, null, null, null, null
10-04 10:08:45.024  3008  7087 D InfoProvider: feedQueryCursor single row table display
10-04 10:08:45.214  8084  8143 I WM-WorkerWrapper: Worker result SUCCESS for Work [ id=034603c2-0350-4b40-8430-25f712d6d993, tags={ tv.airtel.wynk.analytics.sync.service.AnalyticsSyncService, com.airtel.analyticsSyncService } ]
10-04 10:08:45.266  8084  8143 I WM-WorkerWrapper: Worker result SUCCESS for Work [ id=c99f17ee-0074-4b5b-b628-ea62f5d5cba4, tags={ tv.airtel.wynk.analytics.sync.service.AnalyticsSyncService, com.airtel.analyticsSyncService } ]
10-04 10:08:45.291  8084  8143 I WM-WorkerWrapper: Worker result SUCCESS for Work [ id=774fe2c1-a348-4a55-9863-bdbf1006c17d, tags={ tv.airtel.wynk.analytics.sync.service.AnalyticsSyncService, com.airtel.analyticsSyncService } ]
--------- beginning of kernel
10-04 10:08:45.459     0     0 W [3 T1289  ..] RTW: rtw_get_sta_tx_stat() not support
10-04 10:08:45.460     0     0 W [3 T1289  ..] RTW: cfg80211_rtw_get_txpower
10-04 10:08:45.486  8084  8193 I WM-WorkerWrapper: Worker result SUCCESS for Work [ id=3e1c686b-7630-4ca9-82e6-9ded698e8885, tags={ tv.airtel.wynk.analytics.sync.service.AnalyticsSyncService, com.airtel.analyticsSyncService } ]
--------- beginning of system
10-04 10:08:45.552   696  2853 W JobScheduler: Job didn't exist in JobStore: 6b1d367 #u0a43/2208 com.airtel.tv/androidx.work.impl.background.systemjob.SystemJobService
10-04 10:08:45.560   696  2853 W JobScheduler: Job didn't exist in JobStore: 571bcb9 #u0a43/2210 com.airtel.tv/androidx.work.impl.background.systemjob.SystemJobService
10-04 10:08:45.583   696  1097 W JobScheduler: Job didn't exist in JobStore: 34943b2 #u0a43/2209 com.airtel.tv/androidx.work.impl.background.systemjob.SystemJobService
10-04 10:08:45.722   426  1494 D rtk_heartbeat: heartbeat_timed_out: heartbeatCmdCount = 42630, expected nextSeqNum = 42630
10-04 10:08:45.723   426  1381 D rtk_heartbeat: rtkbt_heartbeat_cmpl_cback: Current SeqNum = 42630,should SeqNum=42630, status = 0
10-04 10:08:46.080  1154  1154 I ThermalService: CPU temperatures: [43.7]
10-04 10:08:46.722   426  1494 D rtk_heartbeat: heartbeat_timed_out: heartbeatCmdCount = 42631, expected nextSeqNum = 42631
10-04 10:08:46.723   426  1381 D rtk_heartbeat: rtkbt_heartbeat_cmpl_cback: Current SeqNum = 42631,should SeqNum=42631, status = 0
10-04 10:08:47.405   424  8826 D audio_hw_hal_primary: [out_standby_new:5414] io 13: out:0xf2d00740 usecase:PCM_NORMAL
10-04 10:08:47.405   424  8826 I audio_hw_hal_primary: [do_output_standby_l:5310] io 13: out:0xf2d00740, stream usecase:PCM_NORMAL, continuous:1
10-04 10:08:47.406   424  8826 I audio_hw_hal_primary: [usecase_change_validate_l:7065] ++ io 13: out:0xf2d00740 dev masks:0x1 is_standby:1 out usecase:PCM_NORMAL
10-04 10:08:47.406   424  8826 I audio_hw_hal_primary: [usecase_change_validate_l:7102] -- dev masks:0 is_standby:1 out usecase PCM_NORMAL
10-04 10:08:47.406   424  8826 D audio_hw_hal_primary: [out_standby_new:5437] io 13: out:0xf2d00740 usecase:PCM_NORMAL exit
10-04 10:08:47.483   424   582 D libdolbyms12: continuous underrun 2
10-04 10:08:47.722   426  1494 D rtk_heartbeat: heartbeat_timed_out: heartbeatCmdCount = 42632, expected nextSeqNum = 42632
10-04 10:08:47.724   426  1381 D rtk_heartbeat: rtkbt_heartbeat_cmpl_cback: Current SeqNum = 42632,should SeqNum=42632, status = 0
10-04 10:08:48.083  1154  1154 I ThermalService: CPU temperatures: [43.000004]
10-04 10:08:48.465     0     0 W [3 T1289  ..] RTW: rtw_get_sta_tx_stat() not support
10-04 10:08:48.465     0     0 W [3 T1289  ..] RTW: cfg80211_rtw_get_txpower
10-04 10:08:48.512   696   866 D ActivityManager: freezing 1826 com.google.android.gms
10-04 10:08:48.723   426  1494 D rtk_heartbeat: heartbeat_timed_out: heartbeatCmdCount = 42633, expected nextSeqNum = 42633
10-04 10:08:48.724   426  1381 D rtk_heartbeat: rtkbt_heartbeat_cmpl_cback: Current SeqNum = 42633,should SeqNum=42633, status = 0
