10-04 10:38:33.154  8084  8084 D OTAWorker: MainActivity OTAWorker event received tv.airtel.xstream.util.RxEvent$RCUOtaEvents$DeviceNotFound@e68f7a1
10-04 10:38:33.161  8084  8084 D NotifManager: pending success NotifGenericResponse(success=true, traceId=69471a5bcea74027b87a0c6544e6db5f, msg=success, data=null)
--------- beginning of system
10-04 10:38:33.163   696   808 V WindowManager: Sent Transition #68 createdAt=10-04 10:38:32.904 via request=TransitionRequestInfo { type = CLOSE, triggerTask = null, remoteTransition = null, displayChange = null }
10-04 10:38:33.163   696   808 V WindowManager:     startWCT=WindowContainerTransaction { changes = {} hops = [] errorCallbackToken=null taskFragmentOrganizer=null }
10-04 10:38:33.163   696   808 V WindowManager:     info={id=68 t=CLOSE f=0x0 trk=0 r=[0@Point(0, 0)] c=[{null m=CLOSE f=FILLS_TASK leash=Surface(name=ActivityRecord{f97020 u0 com.airtel.tv/tv.airtel.xstream.ui.settings.NewSettingsFullscreenActivity)/@0xa0f756f sb=Rect(0, 0 - 1920, 1080) eb=Rect(0, 0 - 1920, 1080) d=0},{null m=TO_FRONT f=FILLS_TASK leash=Surface(name=ActivityRecord{2a1119e u0 com.airtel.tv/tv.airtel.xstream.ui.home.MainActivity)/@0x747d6a7 sb=Rect(0, 0 - 1920, 1080) eb=Rect(0, 0 - 1920, 1080) d=0}]}
10-04 10:38:33.165   982  1072 V WindowManagerShell: onTransitionReady android.os.BinderProxy@e81acee: {id=68 t=CLOSE f=0x0 trk=0 r=[0@Point(0, 0)] c=[{null m=CLOSE f=FILLS_TASK leash=Surface(name=ActivityRecord{f97020 u0 com.airtel.tv/tv.airtel.xstream.ui.settings.NewSettingsFullscreenActivity)/@0xdfb558f sb=Rect(0, 0 - 1920, 1080) eb=Rect(0, 0 - 1920, 1080) d=0},{null m=TO_FRONT f=FILLS_TASK leash=Surface(name=ActivityRecord{2a1119e u0 com.airtel.tv/tv.airtel.xstream.ui.home.MainActivity)/@0x3af301c sb=Rect(0, 0 - 1920, 1080) eb=Rect(0, 0 - 1920, 1080) d=0}]}
10-04 10:38:33.165   982  1072 V WindowManagerShell: Playing animation for (#68)android.os.BinderProxy@e81acee@0
10-04 10:38:33.166   982  1072 V WindowManagerShell:  try handler com.android.wm.shell.keyguard.KeyguardTransitionHandler@5327bca
10-04 10:38:33.166   982  1072 V WindowManagerShell:  try handler com.android.wm.shell.activityembedding.ActivityEmbeddingController@72713b
10-04 10:38:33.166   982  1072 V WindowManagerShell:  try handler com.android.wm.shell.pip.tv.TvPipTransition@ddc6058
10-04 10:38:33.166   982  1072 V WindowManagerShell:  try handler com.android.wm.shell.transition.RemoteTransitionHandler@84005b1
10-04 10:38:33.166   982  1072 V WindowManagerShell: Transition doesn't have explicit remote, search filters for match for {id=68 t=CLOSE f=0x0 trk=0 r=[0@Point(0, 0)] c=[{null m=CLOSE f=FILLS_TASK leash=Surface(name=ActivityRecord{f97020 u0 com.airtel.tv/tv.airtel.xstream.ui.settings.NewSettingsFullscreenActivity)/@0xdfb558f sb=Rect(0, 0 - 1920, 1080) eb=Rect(0, 0 - 1920, 1080) d=0},{null m=TO_FRONT f=FILLS_TASK leash=Surface(name=ActivityRecord{2a1119e u0 com.airtel.tv/tv.airtel.xstream.ui.home.MainActivity)/@0x3af301c sb=Rect(0, 0 - 1920, 1080) eb=Rect(0, 0 - 1920, 1080) d=0}]}
10-04 10:38:33.166   982  1072 V WindowManagerShell:  Delegate animation for #68 to null
10-04 10:38:33.166   982  1072 V WindowManagerShell:  try handler com.android.wm.shell.transition.DefaultTransitionHandler@ce48a96
10-04 10:38:33.167   982  1072 V WindowManagerShell: start default transition animation, info = {id=68 t=CLOSE f=0x0 trk=0 r=[0@Point(0, 0)] c=[{null m=CLOSE f=FILLS_TASK leash=Surface(name=ActivityRecord{f97020 u0 com.airtel.tv/tv.airtel.xstream.ui.settings.NewSettingsFullscreenActivity)/@0xdfb558f sb=Rect(0, 0 - 1920, 1080) eb=Rect(0, 0 - 1920, 1080) d=0},{null m=TO_FRONT f=FILLS_TASK leash=Surface(name=ActivityRecord{2a1119e u0 com.airtel.tv/tv.airtel.xstream.ui.home.MainActivity)/@0x3af301c sb=Rect(0, 0 - 1920, 1080) eb=Rect(0, 0 - 1920, 1080) d=0}]}
10-04 10:38:33.168   982  1072 V WindowManagerShell: loadAnimation: anim=android.view.animation.AlphaAnimation@68d3208 animAttr=0x6 type=CLOSE isEntrance=true
10-04 10:38:33.170   982  1072 V WindowManagerShell: loadAnimation: anim=android.view.animation.AlphaAnimation@cee6bc6 animAttr=0x7 type=CLOSE isEntrance=false
10-04 10:38:33.172   982  1072 V WindowManagerShell:  animated by com.android.wm.shell.transition.DefaultTransitionHandler@ce48a96
10-04 10:38:33.173  8084  9231 D ANALYTICS_IPTV: AnalyticsEventTracker ***Event***Event{ts=1728018513161, meta={"base_tarrif_id":"[ABP13915]","box_type":"iptv","app_version":"1.0.0019:237","box_model":"bx:1.2.3","firmware":"fw:1.2.3","linear_tarrif_id":"[NCF09900]"}, uid=5ye_gfsYCZe-PoQ4A0, did=8fb17cc052aef526, os=Android, ov=34, bn=237, nq=-1, nt=2, nct=0, lc=en|hi|ta|kn, av=1.0.0019, dt=STB, type=tv_on, adid=95acddf7-5a94-4681-bf0a-0a767be9f2c3, brand=Airtel-Xstream, model=XstreamIPTV1-VT, dname=Vantiva XstreamIPTV1-VT, appId=IPTV, sId=8fb17cc052aef526, profileId=, ab_test=86079:0|108429:0|42374:0|78244:0|95458:0|75817:0|60412:1|117812:1|120676:1|113632:1|116206:0|66480:0|100390:2|76965:1|110385:0|129832:2, city=Delhi, state=National Capital Territory of Delhi, country=India, firebase_id=687ecd54b0fd95386e529fbf62179576} Critical: false
10-04 10:38:33.197   696   969 I ImeTracker: com.airtel.tv:6f07cf60: onRequestHide at ORIGIN_SERVER_HIDE_INPUT reason HIDE_UNSPECIFIED_WINDOW
10-04 10:38:33.197   696   969 I ImeTracker: com.airtel.tv:6f07cf60: onCancelled at PHASE_SERVER_SHOULD_HIDE
10-04 10:38:33.200  7788  7788 I GoogleInputMethodService: GoogleInputMethodService.onFinishInput():3184 
10-04 10:38:33.201  7788  7788 I GoogleInputMethodService: GoogleInputMethodService.updateDeviceLockedStatus():2246 repeatCheckTimes = 0, locked = false
10-04 10:38:33.202  7788  7788 I GoogleInputMethodService: GoogleInputMethodService.onStartInput():1982 onStartInput(EditorInfo{EditorInfo{packageName=com.airtel.tv, inputType=0, inputTypeString=NULL, enableLearning=false, autoCorrection=false, autoComplete=false, imeOptions=0, privateImeOptions=null, actionName=UNSPECIFIED, actionLabel=null, initialSelStart=-1, initialSelEnd=-1, initialCapsMode=0, label=null, fieldId=0, fieldName=null, extras=null, hintText=null, hintLocales=[]}}, false)
10-04 10:38:33.206  7788  7788 I GoogleInputMethodService: GoogleInputMethodService.updateDeviceLockedStatus():2246 repeatCheckTimes = 1, locked = false
10-04 10:38:33.206  7788  7788 I AndroidIME: InputBundleManager.loadActiveInputBundleId():450 loadActiveInputBundleId: und-Latn-x-password, password
10-04 10:38:33.207  7788  7788 I EmojiCompatManager: EmojiCompatManager.getEmojiCompatIfLoaded():342 EmojiCompat.init() was never called.
10-04 10:38:33.207  7788  7788 I EmojiCompatManager: java.lang.IllegalStateException: EmojiCompat is not initialized. Please call EmojiCompat.init() first
10-04 10:38:33.207  7788  7788 I EmojiCompatManager: 	at so.g(PG:3)
10-04 10:38:33.207  7788  7788 I EmojiCompatManager: 	at abd.a(PG:6)
10-04 10:38:33.207  7788  7788 I EmojiCompatManager: 	at edb.d(PG:1)
10-04 10:38:33.207  7788  7788 I EmojiCompatManager: 	at edb.b(PG:6)
10-04 10:38:33.207  7788  7788 I EmojiCompatManager: 	at com.android.inputmethod.latin.LatinIME.f(PG:286)
10-04 10:38:33.207  7788  7788 I EmojiCompatManager: 	at epp.onStartInput(PG:170)
10-04 10:38:33.207  7788  7788 I EmojiCompatManager: 	at android.inputmethodservice.InputMethodService.doStartInput(InputMethodService.java:3115)
10-04 10:38:33.207  7788  7788 I EmojiCompatManager: 	at android.inputmethodservice.InputMethodService$InputMethodImpl.startInput(InputMethodService.java:824)
10-04 10:38:33.207  7788  7788 I EmojiCompatManager: 	at android.inputmethodservice.InputMethodService$InputMethodImpl.dispatchStartInput(InputMethodService.java:853)
10-04 10:38:33.207  7788  7788 I EmojiCompatManager: 	at android.inputmethodservice.IInputMethodWrapper.executeMessage(IInputMethodWrapper.java:197)
10-04 10:38:33.207  7788  7788 I EmojiCompatManager: 	at com.android.internal.os.HandlerCaller$MyHandler.handleMessage(HandlerCaller.java:44)
10-04 10:38:33.207  7788  7788 I EmojiCompatManager: 	at android.os.Handler.dispatchMessage(Handler.java:106)
10-04 10:38:33.207  7788  7788 I EmojiCompatManager: 	at android.os.Looper.loopOnce(Looper.java:205)
10-04 10:38:33.207  7788  7788 I EmojiCompatManager: 	at android.os.Looper.loop(Looper.java:294)
10-04 10:38:33.207  7788  7788 I EmojiCompatManager: 	at android.app.ActivityThread.main(ActivityThread.java:8177)
10-04 10:38:33.207  7788  7788 I EmojiCompatManager: 	at java.lang.reflect.Method.invoke(Native Method)
10-04 10:38:33.207  7788  7788 I EmojiCompatManager: 	at com.android.internal.os.RuntimeInit$MethodAndArgsCaller.run(RuntimeInit.java:552)
10-04 10:38:33.207  7788  7788 I EmojiCompatManager: 	at com.android.internal.os.ZygoteInit.main(ZygoteInit.java:971)
10-04 10:38:33.212   696  2853 D ConnectivityService: requestNetwork for uid/pid:10043/8084 activeRequest: null callbackRequest: 1409 [NetworkRequest [ REQUEST id=1410, [ Capabilities: INTERNET&NOT_RESTRICTED&TRUSTED&NOT_VCN_MANAGED Uid: 10043 RequestorUid: 10043 RequestorPkg: com.airtel.tv UnderlyingNetworks: Null] ]] callback flags: 0 order: 2147483647
10-04 10:38:33.214   696   910 D WifiNetworkFactory: got request NetworkRequest [ REQUEST id=1410, [ Capabilities: INTERNET&NOT_RESTRICTED&TRUSTED&NOT_VCN_MANAGED Uid: 10043 RequestorUid: 10043 RequestorPkg: com.airtel.tv UnderlyingNetworks: Null] ]
10-04 10:38:33.214   696   910 D UntrustedWifiNetworkFactory: got request NetworkRequest [ REQUEST id=1410, [ Capabilities: INTERNET&NOT_RESTRICTED&TRUSTED&NOT_VCN_MANAGED Uid: 10043 RequestorUid: 10043 RequestorPkg: com.airtel.tv UnderlyingNetworks: Null] ]
10-04 10:38:33.214   696   910 D OemPaidWifiNetworkFactory: got request NetworkRequest [ REQUEST id=1410, [ Capabilities: INTERNET&NOT_RESTRICTED&TRUSTED&NOT_VCN_MANAGED Uid: 10043 RequestorUid: 10043 RequestorPkg: com.airtel.tv UnderlyingNetworks: Null] ]
10-04 10:38:33.214   696   910 D MultiInternetWifiNetworkFactory: got request NetworkRequest [ REQUEST id=1410, [ Capabilities: INTERNET&NOT_RESTRICTED&TRUSTED&NOT_VCN_MANAGED Uid: 10043 RequestorUid: 10043 RequestorPkg: com.airtel.tv UnderlyingNetworks: Null] ]
10-04 10:38:33.215   696   918 D ConnectivityService: NetReassign [1410 : null → 100] [c 0] [a 0] [i 1]
--------- beginning of kernel
10-04 10:38:33.261     0     0 W [3 T1289  ..] RTW: rtw_get_sta_tx_stat() not support
10-04 10:38:33.261     0     0 W [3 T1289  ..] RTW: cfg80211_rtw_get_txpower
10-04 10:38:33.451  8084  8193 I WM-WorkerWrapper: Worker result SUCCESS for Work [ id=2905b8a7-8a09-4181-bd99-d08f0f0812cd, tags={ tv.airtel.wynk.analytics.sync.service.AnalyticsSyncService, com.airtel.analyticsSyncService } ]
10-04 10:38:33.521  8084  8193 I WM-WorkerWrapper: Worker result SUCCESS for Work [ id=5fb7ead9-c743-4183-8207-d203d3263177, tags={ tv.airtel.wynk.analytics.sync.service.AnalyticsSyncService, com.airtel.analyticsSyncService } ]
10-04 10:38:33.587  8084  8193 I WM-WorkerWrapper: Worker result SUCCESS for Work [ id=21bde691-3c37-4978-9fb3-771e048625de, tags={ tv.airtel.wynk.analytics.sync.service.AnalyticsSyncService, com.airtel.analyticsSyncService } ]
10-04 10:38:33.588   982  1072 V WindowManagerShell: Transition animation finished (aborted=false), notifying core (#68)android.os.BinderProxy@e81acee@0
10-04 10:38:33.590   696   808 V WindowManager: Finish Transition #68: created at 10-04 10:38:32.904 collect-started=0.13ms request-sent=0.253ms started=6.609ms ready=23.557ms sent=252.734ms finished=685.021ms
10-04 10:38:33.593   982  1072 V WindowManagerShell: Track 0 became idle
10-04 10:38:33.593   982  1072 V WindowManagerShell: All active transition animations finished
10-04 10:38:33.648  8084  8084 W WindowOnBackDispatcher: sendCancelIfRunning: isInProgress=falsecallback=android.view.ViewRootImpl$$ExternalSyntheticLambda11@2ffd0dd
10-04 10:38:33.650   696  2853 D CoreBackPreview: Window{7863b13 u0 com.airtel.tv/tv.airtel.xstream.ui.settings.NewSettingsFullscreenActivity}: Setting back callback null
10-04 10:38:33.653   696  1326 W InputManager-JNI: Input channel object '7863b13 com.airtel.tv/tv.airtel.xstream.ui.settings.NewSettingsFullscreenActivity (client)' was disposed without first being removed with the input manager!
10-04 10:38:33.663   696  1104 W JobScheduler: Job didn't exist in JobStore: 7a25b99 #u0a43/3256 com.airtel.tv/androidx.work.impl.background.systemjob.SystemJobService
10-04 10:38:33.664  8084  8193 I WM-WorkerWrapper: Worker result SUCCESS for Work [ id=f55e33d6-f7bd-468e-ad70-f264d6ffc5a8, tags={ tv.airtel.wynk.analytics.sync.service.AnalyticsSyncService, com.airtel.analyticsSyncService } ]
10-04 10:38:33.731  1154  1154 D NetflixService: handleMessage
10-04 10:38:33.733  1154  1154 D NetflixService: com.airtel.tv is visible.
10-04 10:38:33.733  1154  1154 D NetflixService: com.netflix.ninja is not top activity.
10-04 10:38:33.735  1154  1154 D NetflixService: processName:com.netflix.ninja,importance:400
10-04 10:38:33.736  1154  1154 D NetflixService: com.netflix.ninjais not top activity.
10-04 10:38:33.736  1154  1154 I NetflixService: fg: false  mIsNetflixFg: false
10-04 10:38:33.738  1154  1154 D NetflixService: com.airtel.tv is visible.
10-04 10:38:33.738  1154  1154 D NetflixService: com.google.android.youtube.tv is not top activity.
10-04 10:38:33.781   424   471 D audio_hw_hal_primary: [out_standby_new:5414] io 13: out:0xf2d00740 usecase:PCM_NORMAL
10-04 10:38:33.781   424   471 I audio_hw_hal_primary: [do_output_standby_l:5310] io 13: out:0xf2d00740, stream usecase:PCM_NORMAL, continuous:1
10-04 10:38:33.781   424   471 I audio_hw_hal_primary: [usecase_change_validate_l:7065] ++ io 13: out:0xf2d00740 dev masks:0x1 is_standby:1 out usecase:PCM_NORMAL
10-04 10:38:33.782   424   471 I audio_hw_hal_primary: [usecase_change_validate_l:7102] -- dev masks:0 is_standby:1 out usecase PCM_NORMAL
10-04 10:38:33.782   424   471 D audio_hw_hal_primary: [out_standby_new:5437] io 13: out:0xf2d00740 usecase:PCM_NORMAL exit
10-04 10:38:33.798  8084  8193 I WM-WorkerWrapper: Worker result SUCCESS for Work [ id=e74b771f-27ea-4bde-9f20-15683904b2b3, tags={ tv.airtel.wynk.analytics.sync.service.AnalyticsSyncService, com.airtel.analyticsSyncService } ]
10-04 10:38:33.868   424   582 D libdolbyms12: continuous underrun 2
10-04 10:38:34.043   426  1494 D rtk_heartbeat: heartbeat_timed_out: heartbeatCmdCount = 44418, expected nextSeqNum = 44418
10-04 10:38:34.044   426  1381 D rtk_heartbeat: rtkbt_heartbeat_cmpl_cback: Current SeqNum = 44418,should SeqNum=44418, status = 0
10-04 10:38:34.194   696  1553 E TaskPersister: File error accessing recents directory (directory doesn't exist?).
10-04 10:38:35.044   426  1494 D rtk_heartbeat: heartbeat_timed_out: heartbeatCmdCount = 44419, expected nextSeqNum = 44419
10-04 10:38:35.045   426  1381 D rtk_heartbeat: rtkbt_heartbeat_cmpl_cback: Current SeqNum = 44419,should SeqNum=44419, status = 0
10-04 10:38:35.073  1154  1154 I ThermalService: CPU temperatures: [42.9]
10-04 10:38:35.091 11760 11760 D MonkeyStub: translateCommand: press DPAD_RIGHT
10-04 10:38:35.094   459   459 I lights-tch: flashMode 0 id 2 onMs 0 offMs 0 brightness 0
10-04 10:38:35.097   459   459 I lights-tch: flashMode 0 id 2 onMs 0 offMs 0 brightness 225
--------- beginning of main
10-04 10:38:35.756   424   582 I audio_hw_hal_alsamgr: alsa format =0x1 delay frames =1024 total frames=2133248000
10-04 10:38:36.044   426  1494 D rtk_heartbeat: heartbeat_timed_out: heartbeatCmdCount = 44420, expected nextSeqNum = 44420
10-04 10:38:36.045   426  1381 D rtk_heartbeat: rtkbt_heartbeat_cmpl_cback: Current SeqNum = 44420,should SeqNum=44420, status = 0
--------- beginning of kernel
10-04 10:38:36.265     0     0 W [2 T1289  ..] RTW: rtw_get_sta_tx_stat() not support
10-04 10:38:36.265     0     0 W [2 T1289  ..] RTW: cfg80211_rtw_get_txpower
10-04 10:38:37.044   426  1494 D rtk_heartbeat: heartbeat_timed_out: heartbeatCmdCount = 44421, expected nextSeqNum = 44421
10-04 10:38:37.045   426  1381 D rtk_heartbeat: rtkbt_heartbeat_cmpl_cback: Current SeqNum = 44421,should SeqNum=44421, status = 0
10-04 10:38:37.075  1154  1154 I ThermalService: CPU temperatures: [42.600002]
10-04 10:38:37.939  2820 11998 D AWS4Signer: AWS4 Canonical Request: '"POST
10-04 10:38:37.939  2820 11998 D AWS4Signer: /
10-04 10:38:37.939  2820 11998 D AWS4Signer: 
10-04 10:38:37.939  2820 11998 D AWS4Signer: host:kinesis.ap-south-1.amazonaws.com
10-04 10:38:37.939  2820 11998 D AWS4Signer: x-amz-date:20241004T050837Z
10-04 10:38:37.939  2820 11998 D AWS4Signer: x-amz-target:Kinesis_20131202.PutRecords
10-04 10:38:37.939  2820 11998 D AWS4Signer: 
10-04 10:38:37.939  2820 11998 D AWS4Signer: host;x-amz-date;x-amz-target
10-04 10:38:37.939  2820 11998 D AWS4Signer: 050f876192ddeaf10cb2db1ec1cc203e4db20d5b4483016c6760286fe49fa3f6"
10-04 10:38:37.939  2820 11998 D AWS4Signer: AWS4 String to Sign: '"AWS4-HMAC-SHA256
10-04 10:38:37.939  2820 11998 D AWS4Signer: 20241004T050837Z
10-04 10:38:37.939  2820 11998 D AWS4Signer: 20241004/ap-south-1/kinesis/aws4_request
10-04 10:38:37.939  2820 11998 D AWS4Signer: ca6e179ce57a0b2086f41e6838f041729c03781d0caa835c9074ab516bf3ca7d"
10-04 10:38:37.964  2820 11998 D TrafficStats: tagSocket(85) with statsTag=0xffffffff, statsUid=-1
10-04 10:38:38.044   426  1494 D rtk_heartbeat: heartbeat_timed_out: heartbeatCmdCount = 44422, expected nextSeqNum = 44422
10-04 10:38:38.045   426  1381 D rtk_heartbeat: rtkbt_heartbeat_cmpl_cback: Current SeqNum = 44422,should SeqNum=44422, status = 0
10-04 10:38:38.123  2820 11998 V com.amazonaws.request: Parsing service response JSON
10-04 10:38:38.123  2820 11998 D com.amazonaws.request: CRC32Checksum = null
10-04 10:38:38.123  2820 11998 D com.amazonaws.request: content encoding = null
10-04 10:38:38.124  2820 11998 V com.amazonaws.request: Done parsing service response
10-04 10:38:38.127  2820 11998 D AbstractKinesisRecorder: submitAllRecords sent 1 records
10-04 10:38:39.044   426  1494 D rtk_heartbeat: heartbeat_timed_out: heartbeatCmdCount = 44423, expected nextSeqNum = 44423
10-04 10:38:39.046   426  1381 D rtk_heartbeat: rtkbt_heartbeat_cmpl_cback: Current SeqNum = 44423,should SeqNum=44423, status = 0
10-04 10:38:39.079  1154  1154 I ThermalService: CPU temperatures: [42.600002]
10-04 10:38:39.271     0     0 W [3 T1289  ..] RTW: rtw_get_sta_tx_stat() not support
10-04 10:38:39.271     0     0 W [3 T1289  ..] RTW: cfg80211_rtw_get_txpower
10-04 10:38:39.285 11760 11760 D MonkeyStub: translateCommand: press DPAD_CENTER
10-04 10:38:39.288   459   459 I lights-tch: flashMode 0 id 2 onMs 0 offMs 0 brightness 0
10-04 10:38:39.293   459   459 I lights-tch: flashMode 0 id 2 onMs 0 offMs 0 brightness 225
10-04 10:38:39.299  8084  8084 D ANALYTICS_IPTV: AnalyticsEventTracker ***Event***Event{ts=1728018519297, meta={"box_type":"iptv","source_of_stream":"6 | Home.screen_visible.none.none.none.none.none.none.none | none.screen_visible.none.none.none.none.none.none.none | settings_L1.click.settings_click.none.none.none.Content Language.none.none","asset_name":"Content Language","app_version":"1.0.0019:237","box_model":"bx:1.2.3","action":"settings_click","customer_id":"3026341863","firmware":"fw:1.2.3","source_name":"settings_L1"}, uid=5ye_gfsYCZe-PoQ4A0, did=8fb17cc052aef526, os=Android, ov=34, bn=237, nq=-1, nt=2, nct=0, lc=en|hi|ta|kn, av=1.0.0019, dt=STB, type=click, adid=95acddf7-5a94-4681-bf0a-0a767be9f2c3, brand=Airtel-Xstream, model=XstreamIPTV1-VT, dname=Vantiva XstreamIPTV1-VT, appId=IPTV, sId=8fb17cc052aef526, profileId=, ab_test=86079:0|108429:0|42374:0|78244:0|95458:0|75817:0|60412:1|117812:1|120676:1|113632:1|116206:0|66480:0|100390:2|76965:1|110385:0|129832:2, city=Delhi, state=National Capital Territory of Delhi, country=India, firebase_id=687ecd54b0fd95386e529fbf62179576} Critical: false
10-04 10:38:39.309   696  2853 E CellBroadcastUtils: getDefaultCellBroadcastReceiverPackageName: no package found
--------- beginning of system
10-04 10:38:39.315   696  2853 E Transition: Trying to add a ready-group twice: Display{#0 state=ON size=1920x1080 ROTATION_0}
10-04 10:38:39.316   696  2853 I ActivityTaskManager: START u0 {cmp=com.airtel.tv/tv.airtel.xstream.ui.settings.NewSettingsFullscreenActivity (has extras)} with LAUNCH_SINGLE_TASK from uid 10043 (BAL_ALLOW_ALLOWLISTED_COMPONENT) result code=0
10-04 10:38:39.317   982  1072 V WindowManagerShell: Transition requested: android.os.BinderProxy@4557e52 TransitionRequestInfo { type = OPEN, triggerTask = TaskInfo{userId=0 taskId=218 displayId=0 isRunning=true baseIntent=Intent { flg=0x10000000 cmp=com.airtel.tv/tv.airtel.xstream.ui.home.MainActivity } baseActivity=ComponentInfo{com.airtel.tv/tv.airtel.xstream.ui.home.MainActivity} topActivity=ComponentInfo{com.airtel.tv/tv.airtel.xstream.ui.settings.NewSettingsFullscreenActivity} origActivity=null realActivity=ComponentInfo{com.airtel.tv/tv.airtel.xstream.ui.home.MainActivity} numActivities=2 lastActiveTime=44458900 supportsMultiWindow=false resizeMode=1 isResizeable=true minWidth=-1 minHeight=-1 defaultMinSize=220 token=WCT{android.window.IWindowContainerToken$Stub$Proxy@a4ff523} topActivityType=1 pictureInPictureParams=null shouldDockBigOverlays=true launchIntoPipHostTaskId=-1 lastParentTaskIdBeforePip=-1 displayCutoutSafeInsets=null topActivityInfo=ActivityInfo{cce3a20 tv.airtel.xstream.ui.settings.NewSettingsFullscreenActivity} launchCookies=[] positionInParent=Point(0, 0) parentTaskId=-1 isFocused=true isVisible=true isVisibleRequested=true isSleeping=false topActivityInSizeCompat=false topActivityEligibleForLetterboxEducation= false topActivityLetterboxed= false isFromDoubleTap= false topActivityLetterboxVerticalPosition= -1 topActivityLetterboxHorizontalPosition= -1 topActivityLetterboxWidth=-1 topActivityLetterboxHeight=-1 locusId=null displayAreaFeatureId=1 cameraCompatControlState=hidden}, remoteTransition = null, displayChange = null }
10-04 10:38:39.330   696  1326 I MediaFocusControl: abandonAudioFocus() from uid/pid 10043/8084 clientId=android.media.AudioManager@f804f00helper.PlayerHelper$$ExternalSyntheticLambda0@6fc3f3d
10-04 10:38:39.330   424   424 I audio_hw_hal_primary: [register_audio_patch:7826] Patch 3:id:3 mix(io:13)->dev_0[OUT_HDMI(id:18)] found, register the same patch, do nothing.
10-04 10:38:39.331   424   424 I audio_hw_hal_primary: [adev_create_audio_patch:7927] Patch 3: MIX->DEVICE, num_src:1 num_sink:1 patch_src:INVAL
10-04 10:38:39.331   424   424 I audio_hw_hal_primary: [adev_create_audio_patch:7931] sink[0]: OUT_HDMI(id:18)
10-04 10:38:39.331   424   424 I audio_hw_hal_primary: [adev_create_audio_patch:7988] Patch 3: mix(io:13) -> dev[OUT_HDMI(id:18)]
10-04 10:38:39.331   424   424 I audio_hw_hal_primary: [adev_create_audio_patch:8056] dev=0xf3782930 cur_out_device=0x400
10-04 10:38:39.332  8084  8084 D PLAYER_LOGGER : : HEART: stopping heart beat
10-04 10:38:39.334   696  1326 I MediaFocusControl: abandonAudioFocus() from uid/pid 10043/8084 clientId=android.media.AudioManager@f804f00helper.PlayerHelper$$ExternalSyntheticLambda0@bb3d339
10-04 10:38:39.336  8084  8084 D PLAYER_LOGGER : : HEART: stopping heart beat
10-04 10:38:39.336   472  1302 D audioserver: FGS Logger Transaction failed
10-04 10:38:39.336   472  1302 D audioserver: -129
10-04 10:38:39.337  1154  1349 D UEventObserver: change@/devices/platform/auge_sound/sound/card0/controlC0��ACTION=change��DEVPATH=/devices/platform/auge_sound/sound/card0/controlC0��SUBSYSTEM=sound��AUDIO_FORMAT=0��MAJOR=116��MINOR=11��DEVNAME=snd/controlC0��SEQNUM=3366��
10-04 10:38:39.337  1154  1349 W ContextImpl: Calling a method in the system process without a qualified user: android.app.ContextImpl.sendBroadcast:1220 android.content.ContextWrapper.sendBroadcast:504 com.droidlogic.audioservice.services.AudioSystemCmdService$1.onUEvent:177 com.droidlogic.UEventObserver$UEventThread.sendEvent:213 com.droidlogic.UEventObserver$UEventThread.run:190 
10-04 10:38:39.342   487   487 I BpBinder: onLastStrongRef automatically unlinking death recipients: 
10-04 10:38:39.343   424  8590 I audio_hw_hal_primary: [mixer_aux_buffer_write:6665] io 13: out:0xf2d00740 usecase:PCM_NORMAL standby to unstandby
10-04 10:38:39.343   424  8590 E audio_hw_hal_virtualbuf: ms12 system input underrun happens read=8635721754 write=3199999950 diff=5435721804
10-04 10:38:39.365   424  8590 I audio_hw_hal_stream: aml_stream_out_info_print: out:0xf2d00740, stream_type:pcm, sync_mode:non tunnel, input_size:91414528 bytes
10-04 10:38:39.365   424  8590 I audio_hw_hal_stream: aml_stream_out_info_print: last_time:44453363 ms (sec:44453, nsec:363784488), last_position:475932 ms (22844752), cur_time:44458947 ms (sec:44458, nsec:947872157), cur_position:476039 ms (22849872)
10-04 10:38:39.365   424  8590 I audio_hw_hal_stream: aml_stream_out_info_print: time_gap:5584 ms (thr:100 ms), position_gap:106 ms, delay:78 ms, jitter: Position gap is behind system time gap by 5478 ms (thr:100 ms)
10-04 10:38:39.366  1154  1348 I AudioSystemCmdService: onAudioPatchListUpdate
10-04 10:38:39.370   696   811 W ProcessStats: Tracking association SourceState{3edf2a9 com.airtel.tv/10043 BTop #13108} whose proc state 2 is better than process ProcessState{514aa4f com.tataelxsi.icx:remote/10066 pkg=com.tataelxsi.icx} proc state 3 (31 skipped)
10-04 10:38:39.374  1154  1348 I AudioSystemCmdService: mAudioSink:[{{mHandle: 18, mRole: SINK}, mType: hdmi, mAddress: }], previousSink:[{{mHandle: 18, mRole: SINK}, mType: hdmi, mAddress: }]
10-04 10:38:39.374  1154  1348 I AudioSystemCmdService: updateAudioPatch cur sink does not change.
10-04 10:38:39.387  8084  9231 D PlayApplication: chip id: 1001B07B4222FA8B
10-04 10:38:39.387  8084  9231 D PlayApplication: bsn : B0HSTBYT501439100008
--------- beginning of main
10-04 10:38:39.499   696   910 D WifiNetworkFactory: got request NetworkRequest [ REQUEST id=1414, [ Capabilities: INTERNET&NOT_RESTRICTED&TRUSTED&NOT_VCN_MANAGED Uid: 10043 RequestorUid: 10043 RequestorPkg: com.airtel.tv UnderlyingNetworks: Null] ]
10-04 10:38:39.500   696   910 D UntrustedWifiNetworkFactory: got request NetworkRequest [ REQUEST id=1414, [ Capabilities: INTERNET&NOT_RESTRICTED&TRUSTED&NOT_VCN_MANAGED Uid: 10043 RequestorUid: 10043 RequestorPkg: com.airtel.tv UnderlyingNetworks: Null] ]
10-04 10:38:39.500   696   910 D OemPaidWifiNetworkFactory: got request NetworkRequest [ REQUEST id=1414, [ Capabilities: INTERNET&NOT_RESTRICTED&TRUSTED&NOT_VCN_MANAGED Uid: 10043 RequestorUid: 10043 RequestorPkg: com.airtel.tv UnderlyingNetworks: Null] ]
10-04 10:38:39.501   696   910 D MultiInternetWifiNetworkFactory: got request NetworkRequest [ REQUEST id=1414, [ Capabilities: INTERNET&NOT_RESTRICTED&TRUSTED&NOT_VCN_MANAGED Uid: 10043 RequestorUid: 10043 RequestorPkg: com.airtel.tv UnderlyingNetworks: Null] ]
10-04 10:38:39.501   696   918 D ConnectivityService: NetReassign [1414 : null → 100] [c 0] [a 1] [i 2]
10-04 10:38:39.507   424  8590 I audio_hw_hal_primary: [audiohal_get_latency:1258] io 13: out:0xf2d00740 frames:3072 rate:48000 whole_latency:64 alsa_latency:64
10-04 10:38:39.528   424  8590 I audio_hw_hal_primary: [audiohal_get_latency:1258] io 13: out:0xf2d00740 frames:3072 rate:48000 whole_latency:64 alsa_latency:64
10-04 10:38:39.528   472   662 D audioserver: FGS Logger Transaction failed
10-04 10:38:39.528   472   662 D audioserver: -129
--------- beginning of system
10-04 10:38:39.538   696   969 D CoreBackPreview: Window{7cc3b6c u0 com.airtel.tv/tv.airtel.xstream.ui.settings.NewSettingsFullscreenActivity}: Setting back callback OnBackInvokedCallbackInfo{mCallback=android.window.IOnBackInvokedCallback$Stub$Proxy@9c97b3b, mPriority=0, mIsAnimationCallback=false}
10-04 10:38:39.554  8084  8174 E OpenGLRenderer: Unable to match the desired swap behavior.
10-04 10:38:39.563  8084  8084 E ThemeUtils: View class androidx.appcompat.widget.AppCompatTextView is an AppCompat widget that can only be used with a Theme.AppCompat theme (or descendant).
10-04 10:38:39.567  8084  8084 E ThemeUtils: View class androidx.appcompat.widget.AppCompatTextView is an AppCompat widget that can only be used with a Theme.AppCompat theme (or descendant).
10-04 10:38:39.570  8084  8084 E ThemeUtils: View class androidx.appcompat.widget.AppCompatImageView is an AppCompat widget that can only be used with a Theme.AppCompat theme (or descendant).
10-04 10:38:39.581  8084  8084 E ThemeUtils: View class androidx.appcompat.widget.AppCompatTextView is an AppCompat widget that can only be used with a Theme.AppCompat theme (or descendant).
10-04 10:38:39.584  8084  8084 E ThemeUtils: View class androidx.appcompat.widget.AppCompatTextView is an AppCompat widget that can only be used with a Theme.AppCompat theme (or descendant).
10-04 10:38:39.586  8084  8084 E ThemeUtils: View class androidx.appcompat.widget.AppCompatImageView is an AppCompat widget that can only be used with a Theme.AppCompat theme (or descendant).
10-04 10:38:39.594  8084  8084 E ThemeUtils: View class androidx.appcompat.widget.AppCompatTextView is an AppCompat widget that can only be used with a Theme.AppCompat theme (or descendant).
10-04 10:38:39.597  8084  8084 E ThemeUtils: View class androidx.appcompat.widget.AppCompatTextView is an AppCompat widget that can only be used with a Theme.AppCompat theme (or descendant).
10-04 10:38:39.599  8084  8084 E ThemeUtils: View class androidx.appcompat.widget.AppCompatImageView is an AppCompat widget that can only be used with a Theme.AppCompat theme (or descendant).
10-04 10:38:39.606  8084  8084 E ThemeUtils: View class androidx.appcompat.widget.AppCompatTextView is an AppCompat widget that can only be used with a Theme.AppCompat theme (or descendant).
10-04 10:38:39.609  8084  8084 E ThemeUtils: View class androidx.appcompat.widget.AppCompatTextView is an AppCompat widget that can only be used with a Theme.AppCompat theme (or descendant).
10-04 10:38:39.611  8084  8084 E ThemeUtils: View class androidx.appcompat.widget.AppCompatImageView is an AppCompat widget that can only be used with a Theme.AppCompat theme (or descendant).
10-04 10:38:39.619  8084  8084 E ThemeUtils: View class androidx.appcompat.widget.AppCompatTextView is an AppCompat widget that can only be used with a Theme.AppCompat theme (or descendant).
10-04 10:38:39.622  8084  8084 E ThemeUtils: View class androidx.appcompat.widget.AppCompatTextView is an AppCompat widget that can only be used with a Theme.AppCompat theme (or descendant).
10-04 10:38:39.624  8084  8084 E ThemeUtils: View class androidx.appcompat.widget.AppCompatImageView is an AppCompat widget that can only be used with a Theme.AppCompat theme (or descendant).
10-04 10:38:39.632  8084  8084 E ThemeUtils: View class androidx.appcompat.widget.AppCompatTextView is an AppCompat widget that can only be used with a Theme.AppCompat theme (or descendant).
10-04 10:38:39.635  8084  8084 E ThemeUtils: View class androidx.appcompat.widget.AppCompatTextView is an AppCompat widget that can only be used with a Theme.AppCompat theme (or descendant).
10-04 10:38:39.637  8084  8084 E ThemeUtils: View class androidx.appcompat.widget.AppCompatImageView is an AppCompat widget that can only be used with a Theme.AppCompat theme (or descendant).
10-04 10:38:39.650  8084  8084 E ThemeUtils: View class androidx.appcompat.widget.AppCompatTextView is an AppCompat widget that can only be used with a Theme.AppCompat theme (or descendant).
10-04 10:38:39.652  8084  8084 E ThemeUtils: View class androidx.appcompat.widget.AppCompatTextView is an AppCompat widget that can only be used with a Theme.AppCompat theme (or descendant).
10-04 10:38:39.654  8084  8084 E ThemeUtils: View class androidx.appcompat.widget.AppCompatImageView is an AppCompat widget that can only be used with a Theme.AppCompat theme (or descendant).
10-04 10:38:39.662  8084  8084 E ThemeUtils: View class androidx.appcompat.widget.AppCompatTextView is an AppCompat widget that can only be used with a Theme.AppCompat theme (or descendant).
10-04 10:38:39.665  8084  8084 E ThemeUtils: View class androidx.appcompat.widget.AppCompatTextView is an AppCompat widget that can only be used with a Theme.AppCompat theme (or descendant).
10-04 10:38:39.667  8084  8084 E ThemeUtils: View class androidx.appcompat.widget.AppCompatImageView is an AppCompat widget that can only be used with a Theme.AppCompat theme (or descendant).
10-04 10:38:39.674  8084  8084 E ThemeUtils: View class androidx.appcompat.widget.AppCompatTextView is an AppCompat widget that can only be used with a Theme.AppCompat theme (or descendant).
10-04 10:38:39.677  8084  8084 E ThemeUtils: View class androidx.appcompat.widget.AppCompatTextView is an AppCompat widget that can only be used with a Theme.AppCompat theme (or descendant).
10-04 10:38:39.679  8084  8084 E ThemeUtils: View class androidx.appcompat.widget.AppCompatImageView is an AppCompat widget that can only be used with a Theme.AppCompat theme (or descendant).
10-04 10:38:39.687  8084  8084 E ThemeUtils: View class androidx.appcompat.widget.AppCompatTextView is an AppCompat widget that can only be used with a Theme.AppCompat theme (or descendant).
10-04 10:38:39.690  8084  8084 E ThemeUtils: View class androidx.appcompat.widget.AppCompatTextView is an AppCompat widget that can only be used with a Theme.AppCompat theme (or descendant).
10-04 10:38:39.692  8084  8084 E ThemeUtils: View class androidx.appcompat.widget.AppCompatImageView is an AppCompat widget that can only be used with a Theme.AppCompat theme (or descendant).
10-04 10:38:39.699  8084  8084 E ThemeUtils: View class androidx.appcompat.widget.AppCompatTextView is an AppCompat widget that can only be used with a Theme.AppCompat theme (or descendant).
10-04 10:38:39.702  8084  8084 E ThemeUtils: View class androidx.appcompat.widget.AppCompatTextView is an AppCompat widget that can only be used with a Theme.AppCompat theme (or descendant).
10-04 10:38:39.704  8084  8084 E ThemeUtils: View class androidx.appcompat.widget.AppCompatImageView is an AppCompat widget that can only be used with a Theme.AppCompat theme (or descendant).
10-04 10:38:39.712  8084  8084 E ThemeUtils: View class androidx.appcompat.widget.AppCompatTextView is an AppCompat widget that can only be used with a Theme.AppCompat theme (or descendant).
10-04 10:38:39.717  8084  8084 E ThemeUtils: View class androidx.appcompat.widget.AppCompatTextView is an AppCompat widget that can only be used with a Theme.AppCompat theme (or descendant).
10-04 10:38:39.720  8084  8084 E ThemeUtils: View class androidx.appcompat.widget.AppCompatImageView is an AppCompat widget that can only be used with a Theme.AppCompat theme (or descendant).
10-04 10:38:39.732  8084  8084 E ThemeUtils: View class androidx.appcompat.widget.AppCompatTextView is an AppCompat widget that can only be used with a Theme.AppCompat theme (or descendant).
10-04 10:38:39.735  8084  8084 E ThemeUtils: View class androidx.appcompat.widget.AppCompatTextView is an AppCompat widget that can only be used with a Theme.AppCompat theme (or descendant).
10-04 10:38:39.736  8084  8084 E ThemeUtils: View class androidx.appcompat.widget.AppCompatImageView is an AppCompat widget that can only be used with a Theme.AppCompat theme (or descendant).
10-04 10:38:39.745  8084  8084 E ThemeUtils: View class androidx.appcompat.widget.AppCompatTextView is an AppCompat widget that can only be used with a Theme.AppCompat theme (or descendant).
10-04 10:38:39.748  8084  8084 E ThemeUtils: View class androidx.appcompat.widget.AppCompatTextView is an AppCompat widget that can only be used with a Theme.AppCompat theme (or descendant).
10-04 10:38:39.750  8084  8084 E ThemeUtils: View class androidx.appcompat.widget.AppCompatImageView is an AppCompat widget that can only be used with a Theme.AppCompat theme (or descendant).
10-04 10:38:39.757  8084  8084 W View    : requestLayout() improperly called by android.view.View{68ce763 V.ED..... ..S..AI. 0,0-0,0 #7f0b01aa app:id/containerView} during layout: running second layout pass
10-04 10:38:39.799   696   808 I ActivityTaskManager: Displayed com.airtel.tv/tv.airtel.xstream.ui.settings.NewSettingsFullscreenActivity for user 0: +488ms
10-04 10:38:39.801   696   808 V WindowManager: Sent Transition #69 createdAt=10-04 10:38:39.307 via request=TransitionRequestInfo { type = OPEN, triggerTask = TaskInfo{userId=0 taskId=218 displayId=0 isRunning=true baseIntent=Intent { flg=0x10000000 cmp=com.airtel.tv/tv.airtel.xstream.ui.home.MainActivity } baseActivity=ComponentInfo{com.airtel.tv/tv.airtel.xstream.ui.home.MainActivity} topActivity=ComponentInfo{com.airtel.tv/tv.airtel.xstream.ui.settings.NewSettingsFullscreenActivity} origActivity=null realActivity=ComponentInfo{com.airtel.tv/tv.airtel.xstream.ui.home.MainActivity} numActivities=2 lastActiveTime=44458900 supportsMultiWindow=false resizeMode=1 isResizeable=true minWidth=-1 minHeight=-1 defaultMinSize=220 token=WCT{RemoteToken{a9b1175 Task{26d47f #218 type=standard A=10043:com.airtel.tv}}} topActivityType=1 pictureInPictureParams=null shouldDockBigOverlays=true launchIntoPipHostTaskId=-1 lastParentTaskIdBeforePip=-1 displayCutoutSafeInsets=null topActivityInfo=ActivityInfo{4c69c96 tv.airtel.xstream.ui.settings.NewSettingsFullscreenActivity} launchCookies=[] positionInParent=Point(0, 0) parentTaskId=-1 isFocused=true isVisible=true isVisibleRequested=true isSleeping=false topActivityInSizeCompat=false topActivityEligibleForLetterboxEducation= false topActivityLetterboxed= false isFromDoubleTap= false topActivityLetterboxVerticalPosition= -1 topActivityLetterboxHorizontalPosition= -1 topActivityLetterboxWidth=-1 topActivityLetterboxHeight=-1 locusId=null displayAreaFeatureId=1 cameraCompatControlState=hidden}, remoteTransition = null, displayChange = null }
10-04 10:38:39.801   696   808 V WindowManager:     startWCT=WindowContainerTransaction { changes = {} hops = [] errorCallbackToken=null taskFragmentOrganizer=null }
10-04 10:38:39.802   982  1072 V WindowManagerShell: onTransitionReady android.os.BinderProxy@4557e52: {id=69 t=OPEN f=0x0 trk=0 r=[0@Point(0, 0)] c=[{null m=OPEN f=FILLS_TASK leash=Surface(name=ActivityRecord{f6a1f28 u0 com.airtel.tv/tv.airtel.xstream.ui.settings.NewSettingsFullscreenActivity)/@0xe44afd9 sb=Rect(0, 0 - 0, 0) eb=Rect(0, 0 - 1920, 1080) d=-1->0 r=-1->0:-1},{null m=TO_BACK f=FILLS_TASK leash=Surface(name=ActivityRecord{2a1119e u0 com.airtel.tv/tv.airtel.xstream.ui.home.MainActivity)/@0xba92d9e sb=Rect(0, 0 - 1920, 1080) eb=Rect(0, 0 - 1920, 1080) d=0}]}
10-04 10:38:39.802   982  1072 V WindowManagerShell: Playing animation for (#69)android.os.BinderProxy@4557e52@0
10-04 10:38:39.803   982  1072 V WindowManagerShell:  try handler com.android.wm.shell.keyguard.KeyguardTransitionHandler@5327bca
10-04 10:38:39.804   982  1072 V WindowManagerShell:  try handler com.android.wm.shell.activityembedding.ActivityEmbeddingController@72713b
10-04 10:38:39.804   982  1072 V WindowManagerShell:  try handler com.android.wm.shell.pip.tv.TvPipTransition@ddc6058
10-04 10:38:39.804   982  1072 V WindowManagerShell:  try handler com.android.wm.shell.transition.RemoteTransitionHandler@84005b1
10-04 10:38:39.804   982  1072 V WindowManagerShell: Transition doesn't have explicit remote, search filters for match for {id=69 t=OPEN f=0x0 trk=0 r=[0@Point(0, 0)] c=[{null m=OPEN f=FILLS_TASK leash=Surface(name=ActivityRecord{f6a1f28 u0 com.airtel.tv/tv.airtel.xstream.ui.settings.NewSettingsFullscreenActivity)/@0xe44afd9 sb=Rect(0, 0 - 0, 0) eb=Rect(0, 0 - 1920, 1080) d=-1->0 r=-1->0:-1},{null m=TO_BACK f=FILLS_TASK leash=Surface(name=ActivityRecord{2a1119e u0 com.airtel.tv/tv.airtel.xstream.ui.home.MainActivity)/@0xba92d9e sb=Rect(0, 0 - 1920, 1080) eb=Rect(0, 0 - 1920, 1080) d=0}]}
10-04 10:38:39.804   982  1072 V WindowManagerShell:  Delegate animation for #69 to null
10-04 10:38:39.804   982  1072 V WindowManagerShell:  try handler com.android.wm.shell.transition.DefaultTransitionHandler@ce48a96
10-04 10:38:39.804   982  1072 V WindowManagerShell: start default transition animation, info = {id=69 t=OPEN f=0x0 trk=0 r=[0@Point(0, 0)] c=[{null m=OPEN f=FILLS_TASK leash=Surface(name=ActivityRecord{f6a1f28 u0 com.airtel.tv/tv.airtel.xstream.ui.settings.NewSettingsFullscreenActivity)/@0xe44afd9 sb=Rect(0, 0 - 0, 0) eb=Rect(0, 0 - 1920, 1080) d=-1->0 r=-1->0:-1},{null m=TO_BACK f=FILLS_TASK leash=Surface(name=ActivityRecord{2a1119e u0 com.airtel.tv/tv.airtel.xstream.ui.home.MainActivity)/@0xba92d9e sb=Rect(0, 0 - 1920, 1080) eb=Rect(0, 0 - 1920, 1080) d=0}]}
10-04 10:38:39.804   696   808 V WindowManager:     info={id=69 t=OPEN f=0x0 trk=0 r=[0@Point(0, 0)] c=[{null m=OPEN f=FILLS_TASK leash=Surface(name=ActivityRecord{f6a1f28 u0 com.airtel.tv/tv.airtel.xstream.ui.settings.NewSettingsFullscreenActivity)/@0x8f7a258 sb=Rect(0, 0 - 0, 0) eb=Rect(0, 0 - 1920, 1080) d=-1->0 r=-1->0:-1},{null m=TO_BACK f=FILLS_TASK leash=Surface(name=ActivityRecord{2a1119e u0 com.airtel.tv/tv.airtel.xstream.ui.home.MainActivity)/@0x747d6a7 sb=Rect(0, 0 - 1920, 1080) eb=Rect(0, 0 - 1920, 1080) d=0}]}
10-04 10:38:39.806   982  1072 V WindowManagerShell: loadAnimation: anim=android.view.animation.AlphaAnimation@ff685aa animAttr=0x5 type=OPEN isEntrance=false
10-04 10:38:39.807   982  1072 V WindowManagerShell: loadAnimation: anim=android.view.animation.AlphaAnimation@5f52d38 animAttr=0x4 type=OPEN isEntrance=true
10-04 10:38:39.816   982  1072 V WindowManagerShell:  animated by com.android.wm.shell.transition.DefaultTransitionHandler@ce48a96
10-04 10:38:39.864  8084  8143 I WM-WorkerWrapper: Worker result SUCCESS for Work [ id=6c523602-7afa-4472-9eff-144609200090, tags={ tv.airtel.wynk.analytics.sync.service.AnalyticsSyncService, com.airtel.analyticsSyncService } ]
10-04 10:38:39.865   696  1326 I ImeTracker: com.airtel.tv:e0683574: onRequestHide at ORIGIN_SERVER_HIDE_INPUT reason HIDE_UNSPECIFIED_WINDOW
10-04 10:38:39.865   696  1326 I ImeTracker: com.airtel.tv:e0683574: onCancelled at PHASE_SERVER_SHOULD_HIDE
10-04 10:38:39.869  7788  7788 I GoogleInputMethodService: GoogleInputMethodService.onFinishInput():3184 
10-04 10:38:39.870  7788  7788 I GoogleInputMethodService: GoogleInputMethodService.updateDeviceLockedStatus():2246 repeatCheckTimes = 0, locked = false
10-04 10:38:39.870  7788  7788 I GoogleInputMethodService: GoogleInputMethodService.onStartInput():1982 onStartInput(EditorInfo{EditorInfo{packageName=com.airtel.tv, inputType=0, inputTypeString=NULL, enableLearning=false, autoCorrection=false, autoComplete=false, imeOptions=0, privateImeOptions=null, actionName=UNSPECIFIED, actionLabel=null, initialSelStart=-1, initialSelEnd=-1, initialCapsMode=0, label=null, fieldId=0, fieldName=null, extras=null, hintText=null, hintLocales=[]}}, false)
10-04 10:38:39.871  7788  7788 I GoogleInputMethodService: GoogleInputMethodService.updateDeviceLockedStatus():2246 repeatCheckTimes = 1, locked = false
10-04 10:38:39.872  7788  7788 I AndroidIME: InputBundleManager.loadActiveInputBundleId():450 loadActiveInputBundleId: und-Latn-x-password, password
10-04 10:38:39.872  7788  7788 I EmojiCompatManager: EmojiCompatManager.getEmojiCompatIfLoaded():342 EmojiCompat.init() was never called.
10-04 10:38:39.872  7788  7788 I EmojiCompatManager: java.lang.IllegalStateException: EmojiCompat is not initialized. Please call EmojiCompat.init() first
10-04 10:38:39.872  7788  7788 I EmojiCompatManager: 	at so.g(PG:3)
10-04 10:38:39.872  7788  7788 I EmojiCompatManager: 	at abd.a(PG:6)
10-04 10:38:39.872  7788  7788 I EmojiCompatManager: 	at edb.d(PG:1)
10-04 10:38:39.872  7788  7788 I EmojiCompatManager: 	at edb.b(PG:6)
10-04 10:38:39.872  7788  7788 I EmojiCompatManager: 	at com.android.inputmethod.latin.LatinIME.f(PG:286)
10-04 10:38:39.872  7788  7788 I EmojiCompatManager: 	at epp.onStartInput(PG:170)
10-04 10:38:39.872  7788  7788 I EmojiCompatManager: 	at android.inputmethodservice.InputMethodService.doStartInput(InputMethodService.java:3115)
10-04 10:38:39.872  7788  7788 I EmojiCompatManager: 	at android.inputmethodservice.InputMethodService$InputMethodImpl.startInput(InputMethodService.java:824)
10-04 10:38:39.872  7788  7788 I EmojiCompatManager: 	at android.inputmethodservice.InputMethodService$InputMethodImpl.dispatchStartInput(InputMethodService.java:853)
10-04 10:38:39.872  7788  7788 I EmojiCompatManager: 	at android.inputmethodservice.IInputMethodWrapper.executeMessage(IInputMethodWrapper.java:197)
10-04 10:38:39.872  7788  7788 I EmojiCompatManager: 	at com.android.internal.os.HandlerCaller$MyHandler.handleMessage(HandlerCaller.java:44)
10-04 10:38:39.872  7788  7788 I EmojiCompatManager: 	at android.os.Handler.dispatchMessage(Handler.java:106)
10-04 10:38:39.872  7788  7788 I EmojiCompatManager: 	at android.os.Looper.loopOnce(Looper.java:205)
10-04 10:38:39.872  7788  7788 I EmojiCompatManager: 	at android.os.Looper.loop(Looper.java:294)
10-04 10:38:39.872  7788  7788 I EmojiCompatManager: 	at android.app.ActivityThread.main(ActivityThread.java:8177)
10-04 10:38:39.872  7788  7788 I EmojiCompatManager: 	at java.lang.reflect.Method.invoke(Native Method)
10-04 10:38:39.872  7788  7788 I EmojiCompatManager: 	at com.android.internal.os.RuntimeInit$MethodAndArgsCaller.run(RuntimeInit.java:552)
10-04 10:38:39.872  7788  7788 I EmojiCompatManager: 	at com.android.internal.os.ZygoteInit.main(ZygoteInit.java:971)
10-04 10:38:39.886   696  1326 W JobScheduler: Job didn't exist in JobStore: 2df437d #u0a43/3262 com.airtel.tv/androidx.work.impl.background.systemjob.SystemJobService
10-04 10:38:39.988  8084  8143 I WM-WorkerWrapper: Worker result SUCCESS for Work [ id=2a946c32-26e5-46d0-ab2d-c000c097b5fd, tags={ tv.airtel.wynk.analytics.sync.service.AnalyticsSyncService, com.airtel.analyticsSyncService } ]
10-04 10:38:40.045   426  1494 D rtk_heartbeat: heartbeat_timed_out: heartbeatCmdCount = 44424, expected nextSeqNum = 44424
10-04 10:38:40.046   426  1381 D rtk_heartbeat: rtkbt_heartbeat_cmpl_cback: Current SeqNum = 44424,should SeqNum=44424, status = 0
10-04 10:38:40.167  1154  1154 D NetflixService: handleMessage
10-04 10:38:40.169  1154  1154 D NetflixService: com.airtel.tv is visible.
10-04 10:38:40.170  1154  1154 D NetflixService: com.netflix.ninja is not top activity.
10-04 10:38:40.171  1154  1154 D NetflixService: processName:com.netflix.ninja,importance:400
10-04 10:38:40.174  1154  1154 D NetflixService: com.netflix.ninjais not top activity.
10-04 10:38:40.174  1154  1154 I NetflixService: fg: false  mIsNetflixFg: false
10-04 10:38:40.179  1154  1154 D NetflixService: com.airtel.tv is visible.
10-04 10:38:40.179  1154  1154 D NetflixService: com.google.android.youtube.tv is not top activity.
10-04 10:38:40.227   982  1072 V WindowManagerShell: Transition animation finished (aborted=false), notifying core (#69)android.os.BinderProxy@4557e52@0
10-04 10:38:40.230   696   808 V WindowManager: Finish Transition #69: created at 10-04 10:38:39.307 collect-started=0.155ms request-sent=8.863ms started=11.241ms ready=57.979ms sent=488.173ms finished=922.436ms
10-04 10:38:40.233   982  1072 V WindowManagerShell: Track 0 became idle
10-04 10:38:40.234   982  1072 V WindowManagerShell: All active transition animations finished
10-04 10:38:40.301  8084  8084 I System.out: xxxxxxxxx::  unregisterReceiver
10-04 10:38:40.302  8084  8084 I System.out: xxxxxxxxx::  mPairingStatusListner unRegisterFromPairingStatus called
10-04 10:38:41.045   426  1494 D rtk_heartbeat: heartbeat_timed_out: heartbeatCmdCount = 44425, expected nextSeqNum = 44425
10-04 10:38:41.046   426  1381 D rtk_heartbeat: rtkbt_heartbeat_cmpl_cback: Current SeqNum = 44425,should SeqNum=44425, status = 0
10-04 10:38:41.081  1154  1154 I ThermalService: CPU temperatures: [42.9]
10-04 10:38:41.089   424   582 I audio_hw_hal_alsamgr: alsa format =0x1 delay frames =1024 total frames=2133504000
10-04 10:38:41.529 11760 11760 D MonkeyStub: translateCommand: press KEYCODE_BACK
10-04 10:38:41.531   459   459 I lights-tch: flashMode 0 id 2 onMs 0 offMs 0 brightness 0
10-04 10:38:41.535   459   459 I lights-tch: flashMode 0 id 2 onMs 0 offMs 0 brightness 225
10-04 10:38:41.541 11760 11774 I Monkey  :     // activityResuming(com.airtel.tv)
10-04 10:38:41.543   982  1072 V WindowManagerShell: Transition requested: android.os.BinderProxy@c6be4e4 TransitionRequestInfo { type = CLOSE, triggerTask = null, remoteTransition = null, displayChange = null }
10-04 10:38:41.577   696  2853 D ConnectivityService: requestNetwork for uid/pid:10043/8084 activeRequest: null callbackRequest: 1415 [NetworkRequest [ REQUEST id=1416, [ Capabilities: INTERNET&NOT_RESTRICTED&TRUSTED&NOT_VCN_MANAGED Uid: 10043 RequestorUid: 10043 RequestorPkg: com.airtel.tv UnderlyingNetworks: Null] ]] callback flags: 0 order: 2147483647
10-04 10:38:41.578   487   487 I BpBinder: onLastStrongRef automatically unlinking death recipients: 
10-04 10:38:41.580   696   918 D ConnectivityService: NetReassign [1416 : null → 100] [c 0] [a 0] [i 2]
10-04 10:38:41.580   696   910 D WifiNetworkFactory: got request NetworkRequest [ REQUEST id=1416, [ Capabilities: INTERNET&NOT_RESTRICTED&TRUSTED&NOT_VCN_MANAGED Uid: 10043 RequestorUid: 10043 RequestorPkg: com.airtel.tv UnderlyingNetworks: Null] ]
10-04 10:38:41.581   696   910 D UntrustedWifiNetworkFactory: got request NetworkRequest [ REQUEST id=1416, [ Capabilities: INTERNET&NOT_RESTRICTED&TRUSTED&NOT_VCN_MANAGED Uid: 10043 RequestorUid: 10043 RequestorPkg: com.airtel.tv UnderlyingNetworks: Null] ]
10-04 10:38:41.581   696   910 D OemPaidWifiNetworkFactory: got request NetworkRequest [ REQUEST id=1416, [ Capabilities: INTERNET&NOT_RESTRICTED&TRUSTED&NOT_VCN_MANAGED Uid: 10043 RequestorUid: 10043 RequestorPkg: com.airtel.tv UnderlyingNetworks: Null] ]
10-04 10:38:41.582   696   910 D MultiInternetWifiNetworkFactory: got request NetworkRequest [ REQUEST id=1416, [ Capabilities: INTERNET&NOT_RESTRICTED&TRUSTED&NOT_VCN_MANAGED Uid: 10043 RequestorUid: 10043 RequestorPkg: com.airtel.tv UnderlyingNetworks: Null] ]
