10-04 10:09:12.172   472   662 D audioserver: FGS Logger Transaction failed
10-04 10:09:12.172   472   662 D audioserver: -129
--------- beginning of system
10-04 10:09:12.186   696  2853 W ProcessStats: Tracking association SourceState{3edf2a9 com.airtel.tv/10043 BTop #8951} whose proc state 2 is better than process ProcessState{514aa4f com.tataelxsi.icx:remote/10066 pkg=com.tataelxsi.icx} proc state 3 (55 skipped)
10-04 10:09:12.195   696  2853 D ConnectivityService: requestNetwork for uid/pid:10043/8084 activeRequest: null callbackRequest: 570 [NetworkRequest [ REQUEST id=571, [ Capabilities: INTERNET&NOT_RESTRICTED&TRUSTED&NOT_VCN_MANAGED Uid: 10043 RequestorUid: 10043 RequestorPkg: com.airtel.tv UnderlyingNetworks: Null] ]] callback flags: 0 order: 2147483647
10-04 10:09:12.198   696   910 D WifiNetworkFactory: got request NetworkRequest [ REQUEST id=571, [ Capabilities: INTERNET&NOT_RESTRICTED&TRUSTED&NOT_VCN_MANAGED Uid: 10043 RequestorUid: 10043 RequestorPkg: com.airtel.tv UnderlyingNetworks: Null] ]
10-04 10:09:12.198   696   910 D UntrustedWifiNetworkFactory: got request NetworkRequest [ REQUEST id=571, [ Capabilities: INTERNET&NOT_RESTRICTED&TRUSTED&NOT_VCN_MANAGED Uid: 10043 RequestorUid: 10043 RequestorPkg: com.airtel.tv UnderlyingNetworks: Null] ]
10-04 10:09:12.199   696   918 D ConnectivityService: NetReassign [571 : null → 100] [c 0] [a 1] [i 2]
10-04 10:09:12.199   696   910 D OemPaidWifiNetworkFactory: got request NetworkRequest [ REQUEST id=571, [ Capabilities: INTERNET&NOT_RESTRICTED&TRUSTED&NOT_VCN_MANAGED Uid: 10043 RequestorUid: 10043 RequestorPkg: com.airtel.tv UnderlyingNetworks: Null] ]
10-04 10:09:12.199   696   910 D MultiInternetWifiNetworkFactory: got request NetworkRequest [ REQUEST id=571, [ Capabilities: INTERNET&NOT_RESTRICTED&TRUSTED&NOT_VCN_MANAGED Uid: 10043 RequestorUid: 10043 RequestorPkg: com.airtel.tv UnderlyingNetworks: Null] ]
--------- beginning of kernel
10-04 10:09:12.499     0     0 W [2 T1289  ..] RTW: rtw_get_sta_tx_stat() not support
10-04 10:09:12.499     0     0 W [2 T1289  ..] RTW: cfg80211_rtw_get_txpower
10-04 10:09:12.483  1461  1487 E AtlLedController: Internet connected
10-04 10:09:12.500   696   918 W IPCThreadState: Sending oneway calls to frozen process.
10-04 10:09:12.501   696   918 W IPCThreadState: Sending oneway calls to frozen process.
10-04 10:09:12.506  8084  8084 W JobService: onNetworkChanged() not implemented in androidx.work.impl.background.systemjob.SystemJobService. Must override in a subclass.
10-04 10:09:12.511   696   918 W IPCThreadState: Sending oneway calls to frozen process.
10-04 10:09:12.512   696   918 W IPCThreadState: Sending oneway calls to frozen process.
10-04 10:09:12.516   696   918 W IPCThreadState: Sending oneway calls to frozen process.
10-04 10:09:12.523   696   918 W IPCThreadState: Sending oneway calls to frozen process.
10-04 10:09:12.524   696   918 W IPCThreadState: Sending oneway calls to frozen process.
10-04 10:09:12.645  8084 10317 E homepage: data received in RequestRetrofitRepo : tv.accedo.airtel.wynk.data.entity.LayoutBaseEntity@ea9ccda8
10-04 10:09:12.661  8084 10317 E homepage: post processing done
10-04 10:09:12.722  8084  8084 D IPTV_KPI: TAB_LOAD : 807 ms
10-04 10:09:12.727   426  1494 D rtk_heartbeat: heartbeat_timed_out: heartbeatCmdCount = 42657, expected nextSeqNum = 42657
10-04 10:09:12.728   426  1381 D rtk_heartbeat: rtkbt_heartbeat_cmpl_cback: Current SeqNum = 42657,should SeqNum=42657, status = 0
10-04 10:09:12.738  8084  8084 D Glide   : Finished loading BitmapDrawable from MEMORY_CACHE for http://tvimg.wynk.in/unsafe/fit-in/1920x548/filters:no_upscale():format(webp)/https://s3.ap-south-1.amazonaws.com/discovery-prod-arsenal/tile/artwork/1726664185370_kalki-_amazon_prime.jpg with size [-2147483648x-2147483648] in 0.41762499999999997 ms
10-04 10:09:12.749  8084  8084 D Glide   : Finished loading BitmapDrawable from MEMORY_CACHE for http://tvimg.wynk.in/unsafe/fit-in/1920x548/filters:no_upscale():format(webp)/https://s3.ap-south-1.amazonaws.com/discovery-prod-arsenal/tile/artwork/1726664417538_do_aur_do_pyar.jpg with size [-2147483648x-2147483648] in 0.31829199999999996 ms
10-04 10:09:12.751  8084  8084 I showFeaturedBanner: 
10-04 10:09:12.775  8084  8084 E ConstraintLayout: layout_constraintWidth_default="wrap" is deprecated.
10-04 10:09:12.775  8084  8084 E ConstraintLayout: Use layout_width="WRAP_CONTENT" and layout_constrainedWidth="true" instead.
10-04 10:09:12.784  8084 10317 E ThemeUtils: View class com.airbnb.lottie.LottieAnimationView is an AppCompat widget that can only be used with a Theme.AppCompat theme (or descendant).
10-04 10:09:12.787  8084 10317 E ThemeUtils: View class androidx.appcompat.widget.AppCompatTextView is an AppCompat widget that can only be used with a Theme.AppCompat theme (or descendant).
10-04 10:09:12.792  8084 10317 E ThemeUtils: View class androidx.appcompat.widget.AppCompatTextView is an AppCompat widget that can only be used with a Theme.AppCompat theme (or descendant).
10-04 10:09:12.796  8084  8084 E ThemeUtils: View class androidx.appcompat.widget.AppCompatImageView is an AppCompat widget that can only be used with a Theme.AppCompat theme (or descendant).
10-04 10:09:12.796  8084 10317 D SmartAsyncLayoutInflater: The background thread failed to inflate. Inflation falls back to the main thread. Error message=Binary XML file line #2 in com.airtel.tv:layout/custom_header_view: Binary XML file line #2 in com.airtel.tv:layout/custom_header_view: Error inflating class <unknown>
10-04 10:09:12.800  8084  8084 E ThemeUtils: View class androidx.appcompat.widget.AppCompatImageView is an AppCompat widget that can only be used with a Theme.AppCompat theme (or descendant).
10-04 10:09:12.806  8084  8084 E ThemeUtils: View class androidx.appcompat.widget.AppCompatImageView is an AppCompat widget that can only be used with a Theme.AppCompat theme (or descendant).
10-04 10:09:12.809  8084  8084 E ThemeUtils: View class androidx.appcompat.widget.AppCompatImageView is an AppCompat widget that can only be used with a Theme.AppCompat theme (or descendant).
10-04 10:09:12.816  8084  8084 E ThemeUtils: View class androidx.appcompat.widget.AppCompatImageView is an AppCompat widget that can only be used with a Theme.AppCompat theme (or descendant).
10-04 10:09:12.819  8084  8084 E ThemeUtils: View class androidx.appcompat.widget.AppCompatImageView is an AppCompat widget that can only be used with a Theme.AppCompat theme (or descendant).
10-04 10:09:12.824  8084  8084 E ThemeUtils: View class androidx.appcompat.widget.AppCompatImageView is an AppCompat widget that can only be used with a Theme.AppCompat theme (or descendant).
10-04 10:09:12.828  8084  8084 E ThemeUtils: View class androidx.appcompat.widget.AppCompatImageView is an AppCompat widget that can only be used with a Theme.AppCompat theme (or descendant).
10-04 10:09:12.834  8084  8084 E ThemeUtils: View class androidx.appcompat.widget.AppCompatImageView is an AppCompat widget that can only be used with a Theme.AppCompat theme (or descendant).
10-04 10:09:12.837  8084  8084 E ThemeUtils: View class androidx.appcompat.widget.AppCompatImageView is an AppCompat widget that can only be used with a Theme.AppCompat theme (or descendant).
10-04 10:09:12.843  8084  8084 E ThemeUtils: View class androidx.appcompat.widget.AppCompatImageView is an AppCompat widget that can only be used with a Theme.AppCompat theme (or descendant).
10-04 10:09:12.846  8084  8084 E ThemeUtils: View class androidx.appcompat.widget.AppCompatImageView is an AppCompat widget that can only be used with a Theme.AppCompat theme (or descendant).
10-04 10:09:12.852  8084  8084 E ThemeUtils: View class androidx.appcompat.widget.AppCompatImageView is an AppCompat widget that can only be used with a Theme.AppCompat theme (or descendant).
10-04 10:09:12.855  8084  8084 E ThemeUtils: View class androidx.appcompat.widget.AppCompatImageView is an AppCompat widget that can only be used with a Theme.AppCompat theme (or descendant).
10-04 10:09:12.860  8084  8084 E ThemeUtils: View class androidx.appcompat.widget.AppCompatImageView is an AppCompat widget that can only be used with a Theme.AppCompat theme (or descendant).
10-04 10:09:12.863  8084  8084 E ThemeUtils: View class androidx.appcompat.widget.AppCompatImageView is an AppCompat widget that can only be used with a Theme.AppCompat theme (or descendant).
10-04 10:09:12.869  8084  8084 E ThemeUtils: View class androidx.appcompat.widget.AppCompatImageView is an AppCompat widget that can only be used with a Theme.AppCompat theme (or descendant).
10-04 10:09:12.873  8084  8084 E ThemeUtils: View class androidx.appcompat.widget.AppCompatImageView is an AppCompat widget that can only be used with a Theme.AppCompat theme (or descendant).
10-04 10:09:12.878  8084  8084 E ThemeUtils: View class androidx.appcompat.widget.AppCompatImageView is an AppCompat widget that can only be used with a Theme.AppCompat theme (or descendant).
10-04 10:09:12.881  8084  8084 E ThemeUtils: View class androidx.appcompat.widget.AppCompatImageView is an AppCompat widget that can only be used with a Theme.AppCompat theme (or descendant).
10-04 10:09:12.893  8084  8084 E ConstraintLayout: layout_constraintWidth_default="wrap" is deprecated.
10-04 10:09:12.893  8084  8084 E ConstraintLayout: Use layout_width="WRAP_CONTENT" and layout_constrainedWidth="true" instead.
10-04 10:09:12.902  8084  8084 E ThemeUtils: View class androidx.appcompat.widget.AppCompatImageView is an AppCompat widget that can only be used with a Theme.AppCompat theme (or descendant).
10-04 10:09:12.907  8084  8084 E ThemeUtils: View class androidx.appcompat.widget.AppCompatImageView is an AppCompat widget that can only be used with a Theme.AppCompat theme (or descendant).
10-04 10:09:12.909  8084 10317 E ThemeUtils: View class com.airbnb.lottie.LottieAnimationView is an AppCompat widget that can only be used with a Theme.AppCompat theme (or descendant).
10-04 10:09:12.912  8084 10317 E ThemeUtils: View class androidx.appcompat.widget.AppCompatTextView is an AppCompat widget that can only be used with a Theme.AppCompat theme (or descendant).
10-04 10:09:12.916  8084 10317 E ThemeUtils: View class androidx.appcompat.widget.AppCompatTextView is an AppCompat widget that can only be used with a Theme.AppCompat theme (or descendant).
10-04 10:09:12.919  8084 10317 D SmartAsyncLayoutInflater: The background thread failed to inflate. Inflation falls back to the main thread. Error message=Binary XML file line #2 in com.airtel.tv:layout/custom_header_view: Binary XML file line #2 in com.airtel.tv:layout/custom_header_view: Error inflating class <unknown>
10-04 10:09:12.919  8084  8084 E ThemeUtils: View class androidx.appcompat.widget.AppCompatImageView is an AppCompat widget that can only be used with a Theme.AppCompat theme (or descendant).
10-04 10:09:12.923  8084  8084 E ThemeUtils: View class androidx.appcompat.widget.AppCompatImageView is an AppCompat widget that can only be used with a Theme.AppCompat theme (or descendant).
10-04 10:09:12.923   696   696 V HotPlugDetectionAction: Poll all devices.
10-04 10:09:12.929  8084  8084 E ThemeUtils: View class androidx.appcompat.widget.AppCompatImageView is an AppCompat widget that can only be used with a Theme.AppCompat theme (or descendant).
10-04 10:09:12.933  8084  8084 E ThemeUtils: View class androidx.appcompat.widget.AppCompatImageView is an AppCompat widget that can only be used with a Theme.AppCompat theme (or descendant).
10-04 10:09:12.938  8084  8084 E ThemeUtils: View class androidx.appcompat.widget.AppCompatImageView is an AppCompat widget that can only be used with a Theme.AppCompat theme (or descendant).
10-04 10:09:12.941  8084  8084 E ThemeUtils: View class androidx.appcompat.widget.AppCompatImageView is an AppCompat widget that can only be used with a Theme.AppCompat theme (or descendant).
10-04 10:09:12.946  8084  8084 E ThemeUtils: View class androidx.appcompat.widget.AppCompatImageView is an AppCompat widget that can only be used with a Theme.AppCompat theme (or descendant).
10-04 10:09:12.950  8084  8084 E ThemeUtils: View class androidx.appcompat.widget.AppCompatImageView is an AppCompat widget that can only be used with a Theme.AppCompat theme (or descendant).
10-04 10:09:12.955  8084  8084 E ThemeUtils: View class androidx.appcompat.widget.AppCompatImageView is an AppCompat widget that can only be used with a Theme.AppCompat theme (or descendant).
10-04 10:09:12.958  8084  8084 E ThemeUtils: View class androidx.appcompat.widget.AppCompatImageView is an AppCompat widget that can only be used with a Theme.AppCompat theme (or descendant).
10-04 10:09:12.964  8084  8084 E ThemeUtils: View class androidx.appcompat.widget.AppCompatImageView is an AppCompat widget that can only be used with a Theme.AppCompat theme (or descendant).
10-04 10:09:12.968  8084  8084 E ThemeUtils: View class androidx.appcompat.widget.AppCompatImageView is an AppCompat widget that can only be used with a Theme.AppCompat theme (or descendant).
10-04 10:09:12.973  8084  8084 E ThemeUtils: View class androidx.appcompat.widget.AppCompatImageView is an AppCompat widget that can only be used with a Theme.AppCompat theme (or descendant).
10-04 10:09:12.976  8084  8084 E ThemeUtils: View class androidx.appcompat.widget.AppCompatImageView is an AppCompat widget that can only be used with a Theme.AppCompat theme (or descendant).
10-04 10:09:12.979   441   454 D hdmicecd: [CEC]:printCecMessage, [4 -> 0] len: 0, body:, result:no ack
10-04 10:09:12.980   696  1097 W WifiService: Permission violation - getConfiguredNetworks not allowed for uid=10071, packageName=com.google.android.tvrecommendations, reason=java.lang.SecurityException: UID 10071 has no location permission
10-04 10:09:12.983  8084  8084 E ThemeUtils: View class androidx.appcompat.widget.AppCompatImageView is an AppCompat widget that can only be used with a Theme.AppCompat theme (or descendant).
10-04 10:09:12.986  8084  8084 E ThemeUtils: View class androidx.appcompat.widget.AppCompatImageView is an AppCompat widget that can only be used with a Theme.AppCompat theme (or descendant).
10-04 10:09:13.033  8084  8143 I WM-WorkerWrapper: Worker result SUCCESS for Work [ id=280b26be-9a16-4683-afaa-be889bc14629, tags={ tv.airtel.wynk.analytics.sync.service.AnalyticsSyncService, com.airtel.analyticsSyncService } ]
10-04 10:09:13.075  8084  8084 E ThemeUtils: View class com.airbnb.lottie.LottieAnimationView is an AppCompat widget that can only be used with a Theme.AppCompat theme (or descendant).
10-04 10:09:13.079  8084  8084 E ThemeUtils: View class androidx.appcompat.widget.AppCompatTextView is an AppCompat widget that can only be used with a Theme.AppCompat theme (or descendant).
10-04 10:09:13.083  8084  8084 E ThemeUtils: View class androidx.appcompat.widget.AppCompatTextView is an AppCompat widget that can only be used with a Theme.AppCompat theme (or descendant).
10-04 10:09:13.102  8084  8084 E ThemeUtils: View class com.airbnb.lottie.LottieAnimationView is an AppCompat widget that can only be used with a Theme.AppCompat theme (or descendant).
10-04 10:09:13.105  8084  8084 E ThemeUtils: View class androidx.appcompat.widget.AppCompatTextView is an AppCompat widget that can only be used with a Theme.AppCompat theme (or descendant).
10-04 10:09:13.109  8084  8084 E ThemeUtils: View class androidx.appcompat.widget.AppCompatTextView is an AppCompat widget that can only be used with a Theme.AppCompat theme (or descendant).
10-04 10:09:13.128  8084  8143 I WM-WorkerWrapper: Worker result SUCCESS for Work [ id=505a6c6e-808a-4602-a474-9c60c2148961, tags={ tv.airtel.wynk.analytics.sync.service.AnalyticsSyncService, com.airtel.analyticsSyncService } ]
10-04 10:09:13.133   696  2853 W JobScheduler: Job didn't exist in JobStore: 8afea85 #u0a43/2241 com.airtel.tv/androidx.work.impl.background.systemjob.SystemJobService
10-04 10:09:13.173  8084  8143 I WM-WorkerWrapper: Worker result SUCCESS for Work [ id=48685770-a748-49d1-8ccb-4e321c4bc8be, tags={ tv.airtel.wynk.analytics.sync.service.AnalyticsSyncService, com.airtel.analyticsSyncService } ]
10-04 10:09:13.213  8084  8143 I WM-WorkerWrapper: Worker result SUCCESS for Work [ id=b627d41f-0cd5-4c98-b262-cc427bbe2dff, tags={ tv.airtel.wynk.analytics.sync.service.AnalyticsSyncService, com.airtel.analyticsSyncService } ]
10-04 10:09:13.218  8084  8084 D Glide   : Finished loading BitmapDrawable from DATA_DISK_CACHE for http://tvimg.wynk.in/unsafe/fit-in/190x279/filters:no_upscale():format(webp)/https://xstreamcp-assets-msp.streamready.in/assets/HOTSTAR_DTH/MOVIE/65207e20b6e6471792f081ac/images/1565696-v-ad4d4a6d62a8 with size [-2147483648x-2147483648] in 120.29620899999999 ms
10-04 10:09:13.218  8084  8084 D Glide Image loaded for url DeferredCoroutine{Completed}@b5aa66e: 
10-04 10:09:13.223  8084  8084 D Glide   : Finished loading BitmapDrawable from DATA_DISK_CACHE for http://tvimg.wynk.in/unsafe/fit-in/190x279/filters:no_upscale():format(webp)/https://xstreamcp-assets-msp.streamready.in/assets/HOTSTAR_DTH/MOVIE/65207cf5ec8c0f6964d997cc/images/1650842-v-a031f8d665e4 with size [-2147483648x-2147483648] in 107.075958 ms
10-04 10:09:13.224  8084  8084 D Glide Image loaded for url DeferredCoroutine{Completed}@40a9ba5: 
10-04 10:09:13.227   696  2853 W JobScheduler: Job didn't exist in JobStore: e2fe0a6 #u0a43/2242 com.airtel.tv/androidx.work.impl.background.systemjob.SystemJobService
10-04 10:09:13.229  8084  8084 D Glide   : Finished loading BitmapDrawable from DATA_DISK_CACHE for http://tvimg.wynk.in/unsafe/fit-in/190x279/filters:no_upscale():format(webp)/https://xstreamcp-assets-msp.streamready.in/assets/AMAZON_PRIME/MOVIE/66fd896c8056e232c753fef2/images/3eb6299ea562bef360c9a1a005bcb7ed6c3822361bf419bf352c3a94f00fb029.jpg with size [-2147483648x-2147483648] in 81.437542 ms
10-04 10:09:13.229  8084  8084 D Glide Image loaded for url DeferredCoroutine{Completed}@381ec34: 
10-04 10:09:13.274  8084  8143 I WM-WorkerWrapper: Worker result SUCCESS for Work [ id=89781ef0-8689-4306-baa1-70502029400c, tags={ tv.airtel.wynk.analytics.sync.service.AnalyticsSyncService, com.airtel.analyticsSyncService } ]
10-04 10:09:13.275   696  1097 W JobScheduler: Job didn't exist in JobStore: 8e5e53d #u0a43/2243 com.airtel.tv/androidx.work.impl.background.systemjob.SystemJobService
10-04 10:09:13.278  8084  8084 D Glide   : Finished loading BitmapDrawable from DATA_DISK_CACHE for http://tvimg.wynk.in/unsafe/fit-in/190x279/filters:no_upscale():format(webp)/https://xstreamcp-assets-msp.streamready.in/assets/AMAZON_PRIME/MOVIE/66fd8a50181e9e450a6bd9da/images/736b3e37d416f37fb7e112e2a388e06eb9e089eabf3595ae5d123fae1bddcc03.jpg with size [-2147483648x-2147483648] in 129.615375 ms
10-04 10:09:13.279  8084  8084 D Glide Image loaded for url DeferredCoroutine{Completed}@ba58a3: 
10-04 10:09:13.285   696  1097 W JobScheduler: Job didn't exist in JobStore: 4b10800 #u0a43/2244 com.airtel.tv/androidx.work.impl.background.systemjob.SystemJobService
10-04 10:09:13.288  8084  8093 I com.airtel.tv: Background young concurrent copying GC freed 477885(18MB) AllocSpace objects, 13(884KB) LOS objects, 15% free, 100MB/118MB, paused 294us,459us total 252.080ms
10-04 10:09:13.305  8084  8143 I WM-WorkerWrapper: Worker result SUCCESS for Work [ id=138b45e9-aa62-4da2-92c2-d6294513eb2d, tags={ tv.airtel.wynk.analytics.sync.service.AnalyticsSyncService, com.airtel.analyticsSyncService } ]
10-04 10:09:13.310  8084  8084 D Glide   : Finished loading BitmapDrawable from DATA_DISK_CACHE for http://tvimg.wynk.in/unsafe/fit-in/190x279/filters:no_upscale():format(webp)/https://xstreamcp-assets-msp.streamready.in/assets/HOTSTAR_DTH/MOVIE/653988e24a6c6c7e92251df8/images/1625518-v-5b50426e48e4 with size [-2147483648x-2147483648] in 160.154375 ms
10-04 10:09:13.310  8084  8084 D Glide Image loaded for url DeferredCoroutine{Completed}@6c27f59: 
10-04 10:09:13.323   696  1333 W JobScheduler: Job didn't exist in JobStore: 20ecfdf #u0a43/2245 com.airtel.tv/androidx.work.impl.background.systemjob.SystemJobService
10-04 10:09:13.346  8084  8143 I WM-WorkerWrapper: Worker result SUCCESS for Work [ id=d2e2131f-9be1-42f5-9441-c018acd7ed06, tags={ tv.airtel.wynk.analytics.sync.service.AnalyticsSyncService, com.airtel.analyticsSyncService } ]
10-04 10:09:13.347  8084  8084 D Glide   : Finished loading BitmapDrawable from DATA_DISK_CACHE for http://tvimg.wynk.in/unsafe/fit-in/190x279/filters:no_upscale():format(webp)/https://xstreamcp-assets-msp.streamready.in/assets/AMAZON_PRIME/MOVIE/66fd89e64af8af442a51999c/images/d6e8ad546ab69b9222b7130bac7e7a897f1a0e80ed2c0411422f54ff53330305.jpg with size [-2147483648x-2147483648] in 195.747458 ms
10-04 10:09:13.347  8084  8084 D Glide Image loaded for url DeferredCoroutine{Completed}@2828dcc: 
10-04 10:09:13.353  8084  8084 D Glide   : Finished loading BitmapDrawable from DATA_DISK_CACHE for http://tvimg.wynk.in/unsafe/fit-in/190x279/filters:no_upscale():format(webp)/https://xstreamcp-assets-msp.streamready.in/assets/AMAZON_PRIME/MOVIE/66fd8781181e9e450a6bd3f3/images/f1ccd5b8fa37fb8c8e544ef29d40cafaad1d462183020c39421537de211fc3d0.jpg with size [-2147483648x-2147483648] in 200.653417 ms
10-04 10:09:13.353  8084  8084 D Glide Image loaded for url DeferredCoroutine{Completed}@7ccf72a: 
10-04 10:09:13.357   696  2853 W JobScheduler: Job didn't exist in JobStore: c07e48a #u0a43/2246 com.airtel.tv/androidx.work.impl.background.systemjob.SystemJobService
10-04 10:09:13.380  8084  8084 D Glide   : Finished loading BitmapDrawable from DATA_DISK_CACHE for http://tvimg.wynk.in/unsafe/fit-in/190x279/filters:no_upscale():format(webp)/https://xstreamcp-assets-msp.streamready.in/assets/AMAZON_PRIME/MOVIE/66fd87b78056e232c753fb2e/images/827c1bd109c0e6790369ea291e0c74ebe5027cce24225e27e3e03dea30bacc53.jpg with size [-2147483648x-2147483648] in 227.106791 ms
10-04 10:09:13.381  8084  8084 D Glide Image loaded for url DeferredCoroutine{Completed}@ff3c091: 
10-04 10:09:13.382  8084  8084 D Glide   : Finished loading BitmapDrawable from DATA_DISK_CACHE for http://tvimg.wynk.in/unsafe/fit-in/190x279/filters:no_upscale():format(webp)/https://xstreamcp-assets-msp.streamready.in/assets/AMAZON_PRIME/MOVIE/66fd89afb4222f57be5ac684/images/db70cc2f70a7b02aa81c7ec43aaa20414efbeb79ebe05f0082f8da2751716a16.jpg with size [-2147483648x-2147483648] in 227.677042 ms
10-04 10:09:13.383  8084  8084 D Glide Image loaded for url DeferredCoroutine{Completed}@9b5bf6: 
10-04 10:09:13.389   696  1333 W JobScheduler: Job didn't exist in JobStore: bd01571 #u0a43/2247 com.airtel.tv/androidx.work.impl.background.systemjob.SystemJobService
10-04 10:09:13.390  8084  8084 D Glide   : Finished loading BitmapDrawable from DATA_DISK_CACHE for http://tvimg.wynk.in/unsafe/fit-in/190x279/filters:no_upscale():format(webp)/https://xstreamcp-assets-msp.streamready.in/assets/AMAZON_PRIME/MOVIE/66fd8736a3f94f189ccad255/images/7dfeef0a03a93c1639416d932aa5e91c788451b2a8aa62a6ffd49b8f745da621.jpg with size [-2147483648x-2147483648] in 233.802 ms
10-04 10:09:13.390  8084  8084 D Glide Image loaded for url DeferredCoroutine{Completed}@e6f4bf7: 
10-04 10:09:13.414  8084  8084 D Glide   : Finished loading BitmapDrawable from DATA_DISK_CACHE for http://tvimg.wynk.in/unsafe/fit-in/190x279/filters:no_upscale():format(webp)/https://xstreamcp-assets-msp.streamready.in/assets/AMAZON_PRIME/MOVIE/66fd8843a3f94f189ccad560/images/33cda8e790f0a4892948dd7e4b488ce6832d1b04480bd8f614900b31c9c81da8.jpg with size [-2147483648x-2147483648] in 257.711083 ms
10-04 10:09:13.415  8084  8084 D Glide Image loaded for url DeferredCoroutine{Completed}@f194182: 
10-04 10:09:13.423  8084  8084 D Glide   : Finished loading BitmapDrawable from DATA_DISK_CACHE for http://tvimg.wynk.in/unsafe/fit-in/190x279/filters:no_upscale():format(webp)/https://xstreamcp-assets-msp.streamready.in/assets/AMAZON_PRIME/MOVIE/66fd891317afe0053e4385f8/images/d84e717f6f1b4adb740d8042e10505a3d3facd4543e483dc597c30f45d7e44ed.jpg with size [-2147483648x-2147483648] in 263.2935 ms
10-04 10:09:13.423  8084  8084 D Glide Image loaded for url DeferredCoroutine{Completed}@c42b093: 
10-04 10:09:13.431   696  2853 D ConnectivityService: requestNetwork for uid/pid:10043/8084 activeRequest: null callbackRequest: 572 [NetworkRequest [ REQUEST id=573, [ Capabilities: INTERNET&NOT_RESTRICTED&TRUSTED&NOT_VCN_MANAGED Uid: 10043 RequestorUid: 10043 RequestorPkg: com.airtel.tv UnderlyingNetworks: Null] ]] callback flags: 0 order: 2147483647
10-04 10:09:13.434   696   910 D WifiNetworkFactory: got request NetworkRequest [ REQUEST id=573, [ Capabilities: INTERNET&NOT_RESTRICTED&TRUSTED&NOT_VCN_MANAGED Uid: 10043 RequestorUid: 10043 RequestorPkg: com.airtel.tv UnderlyingNetworks: Null] ]
10-04 10:09:13.435   696   918 D ConnectivityService: NetReassign [573 : null → 100] [c 0] [a 1] [i 2]
10-04 10:09:13.436   696   910 D UntrustedWifiNetworkFactory: got request NetworkRequest [ REQUEST id=573, [ Capabilities: INTERNET&NOT_RESTRICTED&TRUSTED&NOT_VCN_MANAGED Uid: 10043 RequestorUid: 10043 RequestorPkg: com.airtel.tv UnderlyingNetworks: Null] ]
10-04 10:09:13.436   696   910 D OemPaidWifiNetworkFactory: got request NetworkRequest [ REQUEST id=573, [ Capabilities: INTERNET&NOT_RESTRICTED&TRUSTED&NOT_VCN_MANAGED Uid: 10043 RequestorUid: 10043 RequestorPkg: com.airtel.tv UnderlyingNetworks: Null] ]
10-04 10:09:13.436   696   910 D MultiInternetWifiNetworkFactory: got request NetworkRequest [ REQUEST id=573, [ Capabilities: INTERNET&NOT_RESTRICTED&TRUSTED&NOT_VCN_MANAGED Uid: 10043 RequestorUid: 10043 RequestorPkg: com.airtel.tv UnderlyingNetworks: Null] ]
10-04 10:09:13.449  8084  8084 D Glide   : Finished loading BitmapDrawable from DATA_DISK_CACHE for http://tvimg.wynk.in/unsafe/fit-in/190x279/filters:no_upscale():format(webp)/https://xstreamcp-assets-msp.streamready.in/assets/AMAZON_PRIME/MOVIE/66fd87e717afe0053e438315/images/4de47bb9216946ea5bb86f8914e4e5665660692e209262954aa983c0276d3d84.jpg with size [-2147483648x-2147483648] in 284.440042 ms
10-04 10:09:13.449  8084  8084 D Glide Image loaded for url DeferredCoroutine{Completed}@39df3ce: 
10-04 10:09:13.478  8084  8084 D Glide   : Finished loading BitmapDrawable from DATA_DISK_CACHE for http://tvimg.wynk.in/unsafe/fit-in/190x279/filters:no_upscale():format(webp)/https://xstreamcp-assets-msp.streamready.in/assets/HOTSTAR_DTH/MOVIE/65207d39ec8c0f6964d998cf/images/1565439-v-c1ea4a4c2540 with size [-2147483648x-2147483648] in 312.050542 ms
10-04 10:09:13.478  8084  8084 D Glide Image loaded for url DeferredCoroutine{Completed}@56d9f0b: 
10-04 10:09:13.480  8084  8084 D Glide   : Finished loading BitmapDrawable from DATA_DISK_CACHE for http://tvimg.wynk.in/unsafe/fit-in/190x279/filters:no_upscale():format(webp)/https://xstreamcp-assets-msp.streamready.in/assets/AMAZON_PRIME/MOVIE/66fd89e6aa16b00010cf5126/images/94f844722fbb6c7b92e0cbd1a71297e949349c306c938ce7c9bc402366789313.jpg with size [-2147483648x-2147483648] in 312.571583 ms
10-04 10:09:13.480  8084  8084 D Glide Image loaded for url DeferredCoroutine{Completed}@a74f001: 
10-04 10:09:13.487  8084  8084 D Glide   : Finished loading BitmapDrawable from DATA_DISK_CACHE for http://tvimg.wynk.in/unsafe/fit-in/190x279/filters:no_upscale():format(webp)/https://xstreamcp-assets-msp.streamready.in/assets/AMAZON_PRIME/MOVIE/66fd8971d3e74330dc9de54e/images/4923dce17183fd40ffdd1883f0e560e70a4eb4fdec232d865b6f7726d2ee93e5.jpg with size [-2147483648x-2147483648] in 318.695541 ms
10-04 10:09:13.487  8084  8084 D Glide Image loaded for url DeferredCoroutine{Completed}@8d520e7: 
10-04 10:09:13.510  8084  8084 D Glide   : Finished loading BitmapDrawable from DATA_DISK_CACHE for http://tvimg.wynk.in/unsafe/fit-in/190x279/filters:no_upscale():format(webp)/https://xstreamcp-assets-msp.streamready.in/assets/HOTSTAR_DTH/MOVIE/65207f2906389003a20d601c/images/1713256567640-v with size [-2147483648x-2147483648] in 340.309084 ms
10-04 10:09:13.511  8084  8084 D Glide Image loaded for url DeferredCoroutine{Completed}@c6f9494: 
10-04 10:09:13.512  8084  8084 D Glide   : Finished loading BitmapDrawable from DATA_DISK_CACHE for http://tvimg.wynk.in/unsafe/fit-in/190x279/filters:no_upscale():format(webp)/https://xstreamcp-assets-msp.streamready.in/assets/AMAZON_PRIME/MOVIE/66fd8872c095fe1da6c365d4/images/30233975ff2861b7354971ec02f2460c417640c71c9f6dbb0392ab124ddaf608.jpg with size [-2147483648x-2147483648] in 341.426542 ms
10-04 10:09:13.513  8084  8084 D Glide Image loaded for url DeferredCoroutine{Completed}@93f8b3d: 
10-04 10:09:13.515  8084  8084 D Glide   : Finished loading BitmapDrawable from DATA_DISK_CACHE for http://tvimg.wynk.in/unsafe/fit-in/190x279/filters:no_upscale():format(webp)/https://xstreamcp-assets-msp.streamready.in/assets/HOTSTAR_DTH/MOVIE/65875172288167226b54ce81/images/1640217-v-99dd2cb43cd4 with size [-2147483648x-2147483648] in 342.982041 ms
10-04 10:09:13.516  8084  8084 D Glide Image loaded for url DeferredCoroutine{Completed}@f48e483: 
10-04 10:09:13.535   441   454 D hdmicecd: [CEC]:printCecMessage, [4 -> 1] len: 0, body:, result:no ack
10-04 10:09:13.727   426  1494 D rtk_heartbeat: heartbeat_timed_out: heartbeatCmdCount = 42658, expected nextSeqNum = 42658
10-04 10:09:13.728   426  1381 D rtk_heartbeat: rtkbt_heartbeat_cmpl_cback: Current SeqNum = 42658,should SeqNum=42658, status = 0
10-04 10:09:13.823  8084  8193 I WM-WorkerWrapper: Worker result SUCCESS for Work [ id=4e7c5660-f4a3-497d-b853-cbf6e22b81d9, tags={ tv.airtel.wynk.analytics.sync.service.AnalyticsSyncService, com.airtel.analyticsSyncService } ]
10-04 10:09:14.092 10261 10261 D MonkeyStub: translateCommand: press KEYCODE_BACK
10-04 10:09:14.094   441   454 D hdmicecd: [CEC]:printCecMessage, [4 -> 3] len: 0, body:, result:no ack
10-04 10:09:14.095   459   459 I lights-tch: flashMode 0 id 2 onMs 0 offMs 0 brightness 0
10-04 10:09:14.099   459   459 I lights-tch: flashMode 0 id 2 onMs 0 offMs 0 brightness 225
10-04 10:09:14.125  1154  1154 I ThermalService: CPU temperatures: [45.800003]
10-04 10:09:14.182     0     0 I [1 T230   ..] logd: logdr: UID=2000 GID=2000 PID=10417 n tail=0 logMask=99 pid=0 start=0ns deadline=0ns
--------- beginning of main
10-04 10:09:14.659   441   454 D hdmicecd: [CEC]:printCecMessage, [4 -> 5] len: 0, body:, result:no ack
10-04 10:09:14.727   426  1494 D rtk_heartbeat: heartbeat_timed_out: heartbeatCmdCount = 42659, expected nextSeqNum = 42659
10-04 10:09:14.728   426  1381 D rtk_heartbeat: rtkbt_heartbeat_cmpl_cback: Current SeqNum = 42659,should SeqNum=42659, status = 0
10-04 10:09:14.828   424  8590 I audio_hw_hal_stream: aml_stream_out_info_print: out:0xf2d00740, stream_type:pcm, sync_mode:non tunnel, input_size:46112768 bytes
10-04 10:09:14.828   424  8590 I audio_hw_hal_stream: aml_stream_out_info_print: last_time:42694393 ms (sec:42694, nsec:393114149), last_position:240012 ms (11520592), cur_time:42694409 ms (sec:42694, nsec:409790399), cur_position:240028 ms (11521360)
10-04 10:09:14.828   424  8590 I audio_hw_hal_stream: aml_stream_out_info_print: time_gap:16 ms (thr:100 ms), position_gap:16 ms, delay:142 ms, jitter: Position gap is ahead of system time gap by 0 ms (thr:100 ms)
10-04 10:09:15.042   424  8826 D audio_hw_hal_primary: [out_standby_new:5414] io 13: out:0xf2d00740 usecase:PCM_NORMAL
10-04 10:09:15.042   424  8826 I audio_hw_hal_primary: [do_output_standby_l:5310] io 13: out:0xf2d00740, stream usecase:PCM_NORMAL, continuous:1
10-04 10:09:15.042   424  8826 I audio_hw_hal_primary: [usecase_change_validate_l:7065] ++ io 13: out:0xf2d00740 dev masks:0x1 is_standby:1 out usecase:PCM_NORMAL
10-04 10:09:15.042   424  8826 I audio_hw_hal_primary: [usecase_change_validate_l:7102] -- dev masks:0 is_standby:1 out usecase PCM_NORMAL
10-04 10:09:15.042   424  8826 D audio_hw_hal_primary: [out_standby_new:5437] io 13: out:0xf2d00740 usecase:PCM_NORMAL exit
10-04 10:09:15.126   424   582 D libdolbyms12: continuous underrun 2
10-04 10:09:15.214   441   454 D hdmicecd: [CEC]:printCecMessage, [4 -> 8] len: 0, body:, result:no ack
--------- beginning of kernel
10-04 10:09:15.506     0     0 W [0 T1289  ..] RTW: rtw_get_sta_tx_stat() not support
10-04 10:09:15.506     0     0 W [0 T1289  ..] RTW: cfg80211_rtw_get_txpower
10-04 10:09:15.492  1461  1487 E AtlLedController: Internet connected
10-04 10:09:15.504   696   918 W IPCThreadState: Sending oneway calls to frozen process.
10-04 10:09:15.504   696   918 W IPCThreadState: Sending oneway calls to frozen process.
10-04 10:09:15.506   696   918 W IPCThreadState: Sending oneway calls to frozen process.
10-04 10:09:15.507   696   918 W IPCThreadState: Sending oneway calls to frozen process.
10-04 10:09:15.507   696   918 W IPCThreadState: Sending oneway calls to frozen process.
10-04 10:09:15.508   696   918 W IPCThreadState: Sending oneway calls to frozen process.
10-04 10:09:15.509   696   918 W IPCThreadState: Sending oneway calls to frozen process.
10-04 10:09:15.727   426  1494 D rtk_heartbeat: heartbeat_timed_out: heartbeatCmdCount = 42660, expected nextSeqNum = 42660
10-04 10:09:15.728   426  1381 D rtk_heartbeat: rtkbt_heartbeat_cmpl_cback: Current SeqNum = 42660,should SeqNum=42660, status = 0
10-04 10:09:15.755   424   582 I audio_hw_hal_alsamgr: alsa format =0x1 delay frames =1024 total frames=2048768000
10-04 10:09:15.771   441   454 D hdmicecd: [CEC]:printCecMessage, [4 -> b] len: 0, body:, result:no ack
10-04 10:09:15.989   696  1097 W WifiService: Permission violation - getConfiguredNetworks not allowed for uid=10071, packageName=com.google.android.tvrecommendations, reason=java.lang.SecurityException: UID 10071 has no location permission
10-04 10:09:16.129  1154  1154 I ThermalService: CPU temperatures: [43.7]
10-04 10:09:16.299 10261 10261 D MonkeyStub: translateCommand: press DPAD_RIGHT
10-04 10:09:16.302   459   459 I lights-tch: flashMode 0 id 2 onMs 0 offMs 0 brightness 0
10-04 10:09:16.307   459   459 I lights-tch: flashMode 0 id 2 onMs 0 offMs 0 brightness 225
10-04 10:09:16.327   441   454 D hdmicecd: [CEC]:printCecMessage, [4 -> e] len: 0, body:, result:no ack
--------- beginning of system
10-04 10:09:16.327   696   696 D HdmiCecController: [P]:AllocatedAddress=[]
10-04 10:09:16.327   696   696 V HotPlugDetectionAction: Finish poll all devices.
10-04 10:09:16.350   424  8826 I audio_hw_hal_primary: [register_audio_patch:7826] Patch 3:id:3 mix(io:13)->dev_0[OUT_HDMI(id:18)] found, register the same patch, do nothing.
10-04 10:09:16.350   424  8826 I audio_hw_hal_primary: [adev_create_audio_patch:7927] Patch 3: MIX->DEVICE, num_src:1 num_sink:1 patch_src:INVAL
10-04 10:09:16.350   424  8826 I audio_hw_hal_primary: [adev_create_audio_patch:7931] sink[0]: OUT_HDMI(id:18)
10-04 10:09:16.350   424  8826 I audio_hw_hal_primary: [adev_create_audio_patch:7988] Patch 3: mix(io:13) -> dev[OUT_HDMI(id:18)]
10-04 10:09:16.350   424  8826 I audio_hw_hal_primary: [adev_create_audio_patch:8056] dev=0xf3782930 cur_out_device=0x400
10-04 10:09:16.350  1154  1349 D UEventObserver: change@/devices/platform/auge_sound/sound/card0/controlC0��ACTION=change��DEVPATH=/devices/platform/auge_sound/sound/card0/controlC0��SUBSYSTEM=sound��AUDIO_FORMAT=0��MAJOR=116��MINOR=11��DEVNAME=snd/controlC0��SEQNUM=3262��
10-04 10:09:16.351  1154  1349 W ContextImpl: Calling a method in the system process without a qualified user: android.app.ContextImpl.sendBroadcast:1220 android.content.ContextWrapper.sendBroadcast:504 com.droidlogic.audioservice.services.AudioSystemCmdService$1.onUEvent:177 com.droidlogic.UEventObserver$UEventThread.sendEvent:213 com.droidlogic.UEventObserver$UEventThread.run:190 
10-04 10:09:16.356   472  1848 D audioserver: FGS Logger Transaction failed
10-04 10:09:16.356   472  1848 D audioserver: -129
10-04 10:09:16.361   424  8590 I audio_hw_hal_primary: [mixer_aux_buffer_write:6665] io 13: out:0xf2d00740 usecase:PCM_NORMAL standby to unstandby
10-04 10:09:16.361   424  8590 E audio_hw_hal_virtualbuf: ms12 system input underrun happens read=4393216627 write=3199999950 diff=1193216677
10-04 10:09:16.362  1154  1348 I AudioSystemCmdService: onAudioPatchListUpdate
--------- beginning of main
10-04 10:09:16.464   424  8590 I audio_hw_hal_primary: [audiohal_get_latency:1258] io 13: out:0xf2d00740 frames:3072 rate:48000 whole_latency:64 alsa_latency:64
10-04 10:09:16.486   424  8590 I audio_hw_hal_primary: [audiohal_get_latency:1258] io 13: out:0xf2d00740 frames:3072 rate:48000 whole_latency:64 alsa_latency:64
10-04 10:09:16.503   424  8590 I audio_hw_hal_primary: [audiohal_get_latency:1258] io 13: out:0xf2d00740 frames:3072 rate:48000 whole_latency:64 alsa_latency:64
10-04 10:09:16.525   424  8590 I audio_hw_hal_primary: [audiohal_get_latency:1258] io 13: out:0xf2d00740 frames:3072 rate:48000 whole_latency:64 alsa_latency:64
10-04 10:09:16.543   424  8590 I audio_hw_hal_primary: [audiohal_get_latency:1258] io 13: out:0xf2d00740 frames:3072 rate:48000 whole_latency:64 alsa_latency:64
10-04 10:09:16.565   424  8590 I audio_hw_hal_primary: [audiohal_get_latency:1258] io 13: out:0xf2d00740 frames:3072 rate:48000 whole_latency:64 alsa_latency:64
10-04 10:09:16.565   472   662 D audioserver: FGS Logger Transaction failed
10-04 10:09:16.565   472   662 D audioserver: -129
10-04 10:09:16.727   426  1494 D rtk_heartbeat: heartbeat_timed_out: heartbeatCmdCount = 42661, expected nextSeqNum = 42661
10-04 10:09:16.729   426  1381 D rtk_heartbeat: rtkbt_heartbeat_cmpl_cback: Current SeqNum = 42661,should SeqNum=42661, status = 0
10-04 10:09:17.728   426  1494 D rtk_heartbeat: heartbeat_timed_out: heartbeatCmdCount = 42662, expected nextSeqNum = 42662
10-04 10:09:17.729   426  1381 D rtk_heartbeat: rtkbt_heartbeat_cmpl_cback: Current SeqNum = 42662,should SeqNum=42662, status = 0
10-04 10:09:18.132  1154  1154 I ThermalService: CPU temperatures: [44.100002]
10-04 10:09:18.178  8084  8084 D Glide   : Finished loading BitmapDrawable from DATA_DISK_CACHE for http://tvimg.wynk.in/unsafe/fit-in/1920x548/filters:no_upscale():format(webp)/https://s3.ap-south-1.amazonaws.com/discovery-prod-arsenal/tile/artwork/1726664517895_1723059742438_brinda_1920x548_clean_airtel_rectangle.jpg with size [-2147483648x-2147483648] in 125.039042 ms
10-04 10:09:18.486 10261 10261 D MonkeyStub: translateCommand: press DPAD_DOWN
--------- beginning of kernel
10-04 10:09:18.513     0     0 W [2 T1289  ..] RTW: rtw_get_sta_tx_stat() not support
10-04 10:09:18.513     0     0 W [2 T1289  ..] RTW: cfg80211_rtw_get_txpower
10-04 10:09:18.490   459   459 I lights-tch: flashMode 0 id 2 onMs 0 offMs 0 brightness 0
10-04 10:09:18.495   459   459 I lights-tch: flashMode 0 id 2 onMs 0 offMs 0 brightness 225
--------- beginning of main
10-04 10:09:18.728   426  1494 D rtk_heartbeat: heartbeat_timed_out: heartbeatCmdCount = 42663, expected nextSeqNum = 42663
10-04 10:09:18.729   426  1381 D rtk_heartbeat: rtkbt_heartbeat_cmpl_cback: Current SeqNum = 42663,should SeqNum=42663, status = 0
10-04 10:09:19.435   424  8826 D audio_hw_hal_primary: [out_standby_new:5414] io 13: out:0xf2d00740 usecase:PCM_NORMAL
10-04 10:09:19.435   424  8826 I audio_hw_hal_primary: [do_output_standby_l:5310] io 13: out:0xf2d00740, stream usecase:PCM_NORMAL, continuous:1
10-04 10:09:19.436   424  8826 I audio_hw_hal_primary: [usecase_change_validate_l:7065] ++ io 13: out:0xf2d00740 dev masks:0x1 is_standby:1 out usecase:PCM_NORMAL
10-04 10:09:19.436   424  8826 I audio_hw_hal_primary: [usecase_change_validate_l:7102] -- dev masks:0 is_standby:1 out usecase PCM_NORMAL
10-04 10:09:19.436   424  8826 D audio_hw_hal_primary: [out_standby_new:5437] io 13: out:0xf2d00740 usecase:PCM_NORMAL exit
10-04 10:09:19.520   424   582 D libdolbyms12: continuous underrun 2
10-04 10:09:19.728   426  1494 D rtk_heartbeat: heartbeat_timed_out: heartbeatCmdCount = 42664, expected nextSeqNum = 42664
10-04 10:09:19.729   426  1381 D rtk_heartbeat: rtkbt_heartbeat_cmpl_cback: Current SeqNum = 42664,should SeqNum=42664, status = 0
10-04 10:09:20.136  1154  1154 I ThermalService: CPU temperatures: [43.7]
10-04 10:09:20.702  8084  8113 I TRuntime.CctTransportBackend: Making request to: https://firebaselogging-pa.googleapis.com/v1/firelog/legacy/batchlog
10-04 10:09:20.728   426  1494 D rtk_heartbeat: heartbeat_timed_out: heartbeatCmdCount = 42665, expected nextSeqNum = 42665
10-04 10:09:20.729   426  1381 D rtk_heartbeat: rtkbt_heartbeat_cmpl_cback: Current SeqNum = 42665,should SeqNum=42665, status = 0
10-04 10:09:20.745  8084  8113 D TrafficStats: tagSocket(141) with statsTag=0xffffffff, statsUid=-1
10-04 10:09:21.089   424   582 I audio_hw_hal_alsamgr: alsa format =0x1 delay frames =1024 total frames=2049024000
--------- beginning of kernel
10-04 10:09:21.517     0     0 W [2 T1289  ..] RTW: rtw_get_sta_tx_stat() not support
10-04 10:09:21.517     0     0 W [2 T1289  ..] RTW: cfg80211_rtw_get_txpower
10-04 10:09:21.728   426  1494 D rtk_heartbeat: heartbeat_timed_out: heartbeatCmdCount = 42666, expected nextSeqNum = 42666
10-04 10:09:21.729   426  1381 D rtk_heartbeat: rtkbt_heartbeat_cmpl_cback: Current SeqNum = 42666,should SeqNum=42666, status = 0
10-04 10:09:22.138  1154  1154 I ThermalService: CPU temperatures: [43.500004]
10-04 10:09:22.667 10261 10261 D MonkeyStub: translateCommand: press DPAD_CENTER
10-04 10:09:22.670   459   459 I lights-tch: flashMode 0 id 2 onMs 0 offMs 0 brightness 0
10-04 10:09:22.673   459   459 I lights-tch: flashMode 0 id 2 onMs 0 offMs 0 brightness 225
10-04 10:09:22.696  8084  8084 D ANALYTICS_IPTV: AnalyticsEventTracker ***Event***Event{ts=1728016762693, meta={"content_name":"Watch Now","app_version":"1.0.0019:237","box_model":"bx:1.2.3","package_id":"669dfe616430b27662ced01e","previous_page":"TV Channels","rail_id":"669dfe616430b27662ced01e","deeplink_url_cta":"xstream:\/\/airtelxstream.com?type=OTT_PURCHASE&cpId=HOTSTAR_DTH","box_type":"iptv","source_of_stream":"5 | Movies.screen_visible.none.none.none.none.none.none.none | Movies.screen_visible.none.none.none.none.none.none.none | none.screen_visible.none.none.none.none.none.none.none | Movies.click.banner_click.669dfe616430b27662ced01e.0.1.none.669dfe616430b27662ced01e.none","asset_position":"1","content_type":"LOCAL_TILE","action":"banner_click","user_session_id":"e16b4b3b-9fee-4975-b8ff-a7a6fb1efb9a-1728016762684","firmware":"fw:1.2.3","source_name":"Movies","rail_position":"0"}, uid=5ye_gfsYCZe-PoQ4A0, did=8fb17cc052aef526, os=Android, ov=34, bn=237, nq=-1, nt=2, nct=0, lc=en|hi|ta|kn, av=1.0.0019, dt=STB, type=click, adid=95acddf7-5a94-4681-bf0a-0a767be9f2c3, brand=Airtel-Xstream, model=XstreamIPTV1-VT, dname=Vantiva XstreamIPTV1-VT, appId=IPTV, sId=8fb17cc052aef526, profileId=, ab_test=86079:0|108429:0|42374:0|78244:0|95458:0|75817:0|60412:1|117812:1|120676:1|113632:1|116206:0|66480:0|100390:2|76965:1|110385:0|129832:2, city=Delhi, state=National Capital Territory of Delhi, country=India, firebase_id=687ecd54b0fd95386e529fbf62179576} Critical: false
10-04 10:09:22.707   696  1097 E CellBroadcastUtils: getDefaultCellBroadcastReceiverPackageName: no package found
--------- beginning of system
10-04 10:09:22.716   696  1097 E Transition: Trying to add a ready-group twice: Display{#0 state=ON size=1920x1080 ROTATION_0}
10-04 10:09:22.716   424  8826 I audio_hw_hal_primary: [register_audio_patch:7826] Patch 3:id:3 mix(io:13)->dev_0[OUT_HDMI(id:18)] found, register the same patch, do nothing.
10-04 10:09:22.716   424  8826 I audio_hw_hal_primary: [adev_create_audio_patch:7927] Patch 3: MIX->DEVICE, num_src:1 num_sink:1 patch_src:INVAL
10-04 10:09:22.716   424  8826 I audio_hw_hal_primary: [adev_create_audio_patch:7931] sink[0]: OUT_HDMI(id:18)
10-04 10:09:22.716   424  8826 I audio_hw_hal_primary: [adev_create_audio_patch:7988] Patch 3: mix(io:13) -> dev[OUT_HDMI(id:18)]
10-04 10:09:22.717   424  8826 I audio_hw_hal_primary: [adev_create_audio_patch:8056] dev=0xf3782930 cur_out_device=0x400
10-04 10:09:22.717   696  1097 I ActivityTaskManager: START u0 {cmp=com.airtel.tv/tv.airtel.xstream.ui.setting.SettingsFullscreenActivity (has extras)} with LAUNCH_MULTIPLE from uid 10043 (BAL_ALLOW_ALLOWLISTED_COMPONENT) result code=0
10-04 10:09:22.718  1154  1349 D UEventObserver: change@/devices/platform/auge_sound/sound/card0/controlC0��ACTION=change��DEVPATH=/devices/platform/auge_sound/sound/card0/controlC0��SUBSYSTEM=sound��AUDIO_FORMAT=0��MAJOR=116��MINOR=11��DEVNAME=snd/controlC0��SEQNUM=3263��
10-04 10:09:22.719  1154  1349 W ContextImpl: Calling a method in the system process without a qualified user: android.app.ContextImpl.sendBroadcast:1220 android.content.ContextWrapper.sendBroadcast:504 com.droidlogic.audioservice.services.AudioSystemCmdService$1.onUEvent:177 com.droidlogic.UEventObserver$UEventThread.sendEvent:213 com.droidlogic.UEventObserver$UEventThread.run:190 
10-04 10:09:22.719   982  1072 V WindowManagerShell: Transition requested: android.os.BinderProxy@3b1a5b5 TransitionRequestInfo { type = OPEN, triggerTask = TaskInfo{userId=0 taskId=218 displayId=0 isRunning=true baseIntent=Intent { flg=0x10000000 cmp=com.airtel.tv/tv.airtel.xstream.ui.home.MainActivity } baseActivity=ComponentInfo{com.airtel.tv/tv.airtel.xstream.ui.home.MainActivity} topActivity=ComponentInfo{com.airtel.tv/tv.airtel.xstream.ui.setting.SettingsFullscreenActivity} origActivity=null realActivity=ComponentInfo{com.airtel.tv/tv.airtel.xstream.ui.home.MainActivity} numActivities=2 lastActiveTime=42702299 supportsMultiWindow=false resizeMode=1 isResizeable=true minWidth=-1 minHeight=-1 defaultMinSize=220 token=WCT{android.window.IWindowContainerToken$Stub$Proxy@21ee44a} topActivityType=1 pictureInPictureParams=null shouldDockBigOverlays=true launchIntoPipHostTaskId=-1 lastParentTaskIdBeforePip=-1 displayCutoutSafeInsets=null topActivityInfo=ActivityInfo{bf1efbb tv.airtel.xstream.ui.setting.SettingsFullscreenActivity} launchCookies=[] positionInParent=Point(0, 0) parentTaskId=-1 isFocused=true isVisible=true isVisibleRequested=true isSleeping=false topActivityInSizeCompat=false topActivityEligibleForLetterboxEducation= false topActivityLetterboxed= false isFromDoubleTap= false topActivityLetterboxVerticalPosition= -1 topActivityLetterboxHorizontalPosition= -1 topActivityLetterboxWidth=-1 topActivityLetterboxHeight=-1 locusId=null displayAreaFeatureId=1 cameraCompatControlState=hidden}, remoteTransition = null, displayChange = null }
10-04 10:09:22.728   426  1494 D rtk_heartbeat: heartbeat_timed_out: heartbeatCmdCount = 42667, expected nextSeqNum = 42667
10-04 10:09:22.729   472  1848 D audioserver: FGS Logger Transaction failed
10-04 10:09:22.730   472  1848 D audioserver: -129
10-04 10:09:22.730   426  1381 D rtk_heartbeat: rtkbt_heartbeat_cmpl_cback: Current SeqNum = 42667,should SeqNum=42667, status = 0
10-04 10:09:22.736   424  8590 I audio_hw_hal_primary: [mixer_aux_buffer_write:6665] io 13: out:0xf2d00740 usecase:PCM_NORMAL standby to unstandby
10-04 10:09:22.736   424  8590 E audio_hw_hal_virtualbuf: ms12 system input underrun happens read=6375201337 write=3199999950 diff=3175201387
10-04 10:09:22.738  1154  1348 I AudioSystemCmdService: onAudioPatchListUpdate
10-04 10:09:22.742   487   487 I BpBinder: onLastStrongRef automatically unlinking death recipients: 
10-04 10:09:22.745  1154  1348 I AudioSystemCmdService: mAudioSink:[{{mHandle: 18, mRole: SINK}, mType: hdmi, mAddress: }], previousSink:[{{mHandle: 18, mRole: SINK}, mType: hdmi, mAddress: }]
10-04 10:09:22.745  1154  1348 I AudioSystemCmdService: updateAudioPatch cur sink does not change.
10-04 10:09:22.746   696  1097 I MediaFocusControl: abandonAudioFocus() from uid/pid 10043/8084 clientId=android.media.AudioManager@f804f00helper.PlayerHelper$$ExternalSyntheticLambda0@6fc3f3d
10-04 10:09:22.748  8084  8084 D PLAYER_LOGGER : : HEART: stopping heart beat
10-04 10:09:22.774     0     0 I [0 T230   ..] logd: logdr: UID=2000 GID=2000 PID=10434 n tail=0 logMask=99 pid=0 start=0ns deadline=0ns
--------- beginning of main
10-04 10:09:22.878  1154 10042 I NetflixService: onTaskStackChanged
10-04 10:09:22.878   424  8590 I audio_hw_hal_primary: [audiohal_get_latency:1258] io 13: out:0xf2d00740 frames:3072 rate:48000 whole_latency:64 alsa_latency:64
10-04 10:09:22.900   424  8590 I audio_hw_hal_primary: [audiohal_get_latency:1258] io 13: out:0xf2d00740 frames:3072 rate:48000 whole_latency:64 alsa_latency:64
10-04 10:09:22.907  8084  8084 E ThemeUtils: View class androidx.appcompat.widget.AppCompatTextView is an AppCompat widget that can only be used with a Theme.AppCompat theme (or descendant).
10-04 10:09:22.918   424  8590 I audio_hw_hal_primary: [audiohal_get_latency:1258] io 13: out:0xf2d00740 frames:3072 rate:48000 whole_latency:64 alsa_latency:64
10-04 10:09:22.940   424  8590 I audio_hw_hal_primary: [audiohal_get_latency:1258] io 13: out:0xf2d00740 frames:3072 rate:48000 whole_latency:64 alsa_latency:64
10-04 10:09:22.941   472   662 D audioserver: FGS Logger Transaction failed
10-04 10:09:22.941   472   662 D audioserver: -129
