10-04 10:31:25.427  8084  8084 D Glide   : Finished loading BitmapDrawable from MEMORY_CACHE for http://tvimg.wynk.in/unsafe/fit-in/64x64/filters:no_upscale():format(webp)/https://image.airtel.tv/grandslam/content/2024_7_16/offer_icon.png with size [-2147483648x-2147483648] in 0.7899579999999999 ms
--------- beginning of main
10-04 10:31:25.623   424  8590 I audio_hw_hal_primary: [audiohal_get_latency:1258] io 13: out:0xf2d00740 frames:3072 rate:48000 whole_latency:64 alsa_latency:64
10-04 10:31:25.644   424  8590 I audio_hw_hal_primary: [audiohal_get_latency:1258] io 13: out:0xf2d00740 frames:3072 rate:48000 whole_latency:64 alsa_latency:64
10-04 10:31:25.665   424  8590 I audio_hw_hal_primary: [audiohal_get_latency:1258] io 13: out:0xf2d00740 frames:3072 rate:48000 whole_latency:64 alsa_latency:64
10-04 10:31:25.687   424  8590 I audio_hw_hal_primary: [audiohal_get_latency:1258] io 13: out:0xf2d00740 frames:3072 rate:48000 whole_latency:64 alsa_latency:64
10-04 10:31:25.708   424  8590 I audio_hw_hal_primary: [audiohal_get_latency:1258] io 13: out:0xf2d00740 frames:3072 rate:48000 whole_latency:64 alsa_latency:64
10-04 10:31:25.730   424  8590 I audio_hw_hal_primary: [audiohal_get_latency:1258] io 13: out:0xf2d00740 frames:3072 rate:48000 whole_latency:64 alsa_latency:64
10-04 10:31:25.751   424  8590 I audio_hw_hal_primary: [audiohal_get_latency:1258] io 13: out:0xf2d00740 frames:3072 rate:48000 whole_latency:64 alsa_latency:64
10-04 10:31:25.773   424  8590 I audio_hw_hal_primary: [audiohal_get_latency:1258] io 13: out:0xf2d00740 frames:3072 rate:48000 whole_latency:64 alsa_latency:64
10-04 10:31:25.773   472   662 D audioserver: FGS Logger Transaction failed
10-04 10:31:25.773   472   662 D audioserver: -129
10-04 10:31:25.964   426  1494 D rtk_heartbeat: heartbeat_timed_out: heartbeatCmdCount = 43990, expected nextSeqNum = 43990
10-04 10:31:25.965   426  1381 D rtk_heartbeat: rtkbt_heartbeat_cmpl_cback: Current SeqNum = 43990,should SeqNum=43990, status = 0
10-04 10:31:26.099  8084  8084 D Glide   : Finished loading BitmapDrawable from MEMORY_CACHE for http://tvimg.wynk.in/unsafe/fit-in/1920x548/filters:no_upscale():format(webp)/https://s3.ap-south-1.amazonaws.com/discovery-prod-arsenal/tile/artwork/1727811858264_airtel-stb_ind-vs-nz-3-oct-7.30pm_ss1hd_hindi_1920-x-548.jpg with size [-2147483648x-2147483648] in 0.649125 ms
10-04 10:31:26.115   696   696 W WindowManager: One touch play failed: 1
10-04 10:31:26.317  1154  1154 I ThermalService: CPU temperatures: [45.800003]
--------- beginning of kernel
10-04 10:31:26.592     0     0 W [3 T1289  ..] RTW: rtw_get_sta_tx_stat() not support
10-04 10:31:26.592     0     0 W [3 T1289  ..] RTW: cfg80211_rtw_get_txpower
10-04 10:31:26.603 11208 11208 D MonkeyStub: translateCommand: press DPAD_RIGHT
10-04 10:31:26.610   459   459 I lights-tch: flashMode 0 id 2 onMs 0 offMs 0 brightness 0
10-04 10:31:26.616   459   459 I lights-tch: flashMode 0 id 2 onMs 0 offMs 0 brightness 225
10-04 10:31:26.649  8084  8084 D focus content view android.widget.ImageView{46f3806 VFED..C.. .F...... 1532,0-1596,64 #7f0b010
10-04 10:31:26.649  8084  8084 D focus content direction 66: 
10-04 10:31:26.649  8084  8084 D focus content view android.widget.ImageView{6ff3eeb VFED..C.. ........ 1644,0-1708,64 #7f0b00f
10-04 10:31:26.649  8084  8084 D focus view android.widget.ImageView{46f3806 VFED..C.. .F...... 1532,0-1596,64 #7f0b0109 app:id
10-04 10:31:26.649  8084  8084 D focus direction 66: 
10-04 10:31:26.649  8084  8084 D focus Next view android.widget.ImageView{6ff3eeb VFED..C.. ........ 1644,0-1708,64 #7f0b00f7 a
10-04 10:31:26.649  8084  8084 D focus view TAg null: 
10-04 10:31:26.650  8084  8084 D focus next view parent tv.airtel.xstream.widget.FocusableMainFragmentView{6a0be49 V.E...... ..
10-04 10:31:26.650  8084  8084 D focus view parent tv.airtel.xstream.widget.FocusableMainFragmentView{6a0be49 V.E...... ......I
--------- beginning of main
10-04 10:31:26.860   424  8590 I audio_hw_hal_primary: [audiohal_get_latency:1258] io 13: out:0xf2d00740 frames:3072 rate:48000 whole_latency:64 alsa_latency:64
10-04 10:31:26.884   424   582 I audio_hw_hal_alsamgr: alsa format =0x9000000 delay frames =1536 total frames=2112000000
10-04 10:31:26.884   424  8590 I audio_hw_hal_primary: [audiohal_get_latency:1258] io 13: out:0xf2d00740 frames:3072 rate:48000 whole_latency:64 alsa_latency:64
10-04 10:31:26.903   424  8590 I audio_hw_hal_primary: [audiohal_get_latency:1258] io 13: out:0xf2d00740 frames:3072 rate:48000 whole_latency:64 alsa_latency:64
10-04 10:31:26.924   424  8590 I audio_hw_hal_primary: [audiohal_get_latency:1258] io 13: out:0xf2d00740 frames:3072 rate:48000 whole_latency:64 alsa_latency:64
10-04 10:31:26.945   424  8590 I audio_hw_hal_primary: [audiohal_get_latency:1258] io 13: out:0xf2d00740 frames:3072 rate:48000 whole_latency:64 alsa_latency:64
10-04 10:31:26.964   426  1494 D rtk_heartbeat: heartbeat_timed_out: heartbeatCmdCount = 43991, expected nextSeqNum = 43991
10-04 10:31:26.966   426  1381 D rtk_heartbeat: rtkbt_heartbeat_cmpl_cback: Current SeqNum = 43991,should SeqNum=43991, status = 0
10-04 10:31:26.967   424  8590 I audio_hw_hal_primary: [audiohal_get_latency:1258] io 13: out:0xf2d00740 frames:3072 rate:48000 whole_latency:64 alsa_latency:64
10-04 10:31:26.988   424  8590 I audio_hw_hal_primary: [audiohal_get_latency:1258] io 13: out:0xf2d00740 frames:3072 rate:48000 whole_latency:64 alsa_latency:64
10-04 10:31:27.010   424  8590 I audio_hw_hal_primary: [audiohal_get_latency:1258] io 13: out:0xf2d00740 frames:3072 rate:48000 whole_latency:64 alsa_latency:64
10-04 10:31:27.010   472   662 D audioserver: FGS Logger Transaction failed
10-04 10:31:27.010   472   662 D audioserver: -129
10-04 10:31:27.802  8084  8093 I com.airtel.tv: Background concurrent copying GC freed 572324(23MB) AllocSpace objects, 4(272KB) LOS objects, 15% free, 128MB/152MB, paused 293us,144us total 1.488s
10-04 10:31:27.846 11208 11208 D MonkeyStub: translateCommand: press DPAD_RIGHT
10-04 10:31:27.849   459   459 I lights-tch: flashMode 0 id 2 onMs 0 offMs 0 brightness 0
10-04 10:31:27.853  8084  8084 D focus content view android.widget.ImageView{6ff3eeb VFED..C.. .F...... 1644,0-1708,64 #7f0b00f
10-04 10:31:27.853  8084  8084 D focus content direction 66: 
10-04 10:31:27.853  8084  8084 D focus content view android.widget.ImageView{51c42e1 VFED..C.. ........ 1756,0-1820,64 #7f0b010
10-04 10:31:27.854  8084  8084 D focus view android.widget.ImageView{6ff3eeb VFED..C.. .F...... 1644,0-1708,64 #7f0b00f7 app:id
10-04 10:31:27.854  8084  8084 D focus direction 66: 
10-04 10:31:27.854  8084  8084 D focus Next view android.widget.ImageView{51c42e1 VFED..C.. ........ 1756,0-1820,64 #7f0b0101 a
10-04 10:31:27.854  8084  8084 D focus view TAg null: 
10-04 10:31:27.854  8084  8084 D focus next view parent tv.airtel.xstream.widget.FocusableMainFragmentView{6a0be49 V.E...... ..
10-04 10:31:27.854  8084  8084 D focus view parent tv.airtel.xstream.widget.FocusableMainFragmentView{6a0be49 V.E...... .......
10-04 10:31:27.855   459   459 I lights-tch: flashMode 0 id 2 onMs 0 offMs 0 brightness 225
10-04 10:31:27.896   424   471 I audio_hw_hal_primary: [register_audio_patch:7826] Patch 3:id:3 mix(io:13)->dev_0[OUT_HDMI(id:18)] found, register the same patch, do nothing.
10-04 10:31:27.896   424   471 I audio_hw_hal_primary: [adev_create_audio_patch:7927] Patch 3: MIX->DEVICE, num_src:1 num_sink:1 patch_src:INVAL
10-04 10:31:27.896   424   471 I audio_hw_hal_primary: [adev_create_audio_patch:7931] sink[0]: OUT_HDMI(id:18)
10-04 10:31:27.896   424   471 I audio_hw_hal_primary: [adev_create_audio_patch:7988] Patch 3: mix(io:13) -> dev[OUT_HDMI(id:18)]
10-04 10:31:27.896   424   471 I audio_hw_hal_primary: [adev_create_audio_patch:8056] dev=0xf3782930 cur_out_device=0x400
10-04 10:31:27.900   472  1302 D audioserver: FGS Logger Transaction failed
10-04 10:31:27.900   472  1302 D audioserver: -129
10-04 10:31:27.906  1154  1348 I AudioSystemCmdService: onAudioPatchListUpdate
10-04 10:31:27.908  1154  1349 D UEventObserver: change@/devices/platform/auge_sound/sound/card0/controlC0��ACTION=change��DEVPATH=/devices/platform/auge_sound/sound/card0/controlC0��SUBSYSTEM=sound��AUDIO_FORMAT=0��MAJOR=116��MINOR=11��DEVNAME=snd/controlC0��SEQNUM=3316��
--------- beginning of system
10-04 10:31:27.908  1154  1349 W ContextImpl: Calling a method in the system process without a qualified user: android.app.ContextImpl.sendBroadcast:1220 android.content.ContextWrapper.sendBroadcast:504 com.droidlogic.audioservice.services.AudioSystemCmdService$1.onUEvent:177 com.droidlogic.UEventObserver$UEventThread.sendEvent:213 com.droidlogic.UEventObserver$UEventThread.run:190 
10-04 10:31:27.909  1154  1348 I AudioSystemCmdService: mAudioSink:[{{mHandle: 18, mRole: SINK}, mType: hdmi, mAddress: }], previousSink:[{{mHandle: 18, mRole: SINK}, mType: hdmi, mAddress: }]
10-04 10:31:27.909  1154  1348 I AudioSystemCmdService: updateAudioPatch cur sink does not change.
--------- beginning of kernel
10-04 10:31:27.953     0     0 I [0 T230   ..] logd: logdr: UID=2000 GID=2000 PID=11325 n tail=0 logMask=99 pid=0 start=0ns deadline=0ns
--------- beginning of main
10-04 10:31:28.055   424  8590 I audio_hw_hal_primary: [audiohal_get_latency:1258] io 13: out:0xf2d00740 frames:3072 rate:48000 whole_latency:64 alsa_latency:64
10-04 10:31:28.077   424  8590 I audio_hw_hal_primary: [audiohal_get_latency:1258] io 13: out:0xf2d00740 frames:3072 rate:48000 whole_latency:64 alsa_latency:64
10-04 10:31:28.097   424  8590 I audio_hw_hal_primary: [audiohal_get_latency:1258] io 13: out:0xf2d00740 frames:3072 rate:48000 whole_latency:64 alsa_latency:64
10-04 10:31:28.119   424  8590 I audio_hw_hal_primary: [audiohal_get_latency:1258] io 13: out:0xf2d00740 frames:3072 rate:48000 whole_latency:64 alsa_latency:64
10-04 10:31:28.140   424  8590 I audio_hw_hal_primary: [audiohal_get_latency:1258] io 13: out:0xf2d00740 frames:3072 rate:48000 whole_latency:64 alsa_latency:64
10-04 10:31:28.162   424  8590 I audio_hw_hal_primary: [audiohal_get_latency:1258] io 13: out:0xf2d00740 frames:3072 rate:48000 whole_latency:64 alsa_latency:64
10-04 10:31:28.183   424  8590 I audio_hw_hal_primary: [audiohal_get_latency:1258] io 13: out:0xf2d00740 frames:3072 rate:48000 whole_latency:64 alsa_latency:64
10-04 10:31:28.204   424  8590 I audio_hw_hal_primary: [audiohal_get_latency:1258] io 13: out:0xf2d00740 frames:3072 rate:48000 whole_latency:64 alsa_latency:64
10-04 10:31:28.205   472   662 D audioserver: FGS Logger Transaction failed
10-04 10:31:28.205   472   662 D audioserver: -129
10-04 10:31:28.321  1154  1154 I ThermalService: CPU temperatures: [45.500004]
10-04 10:31:28.965   426  1494 D rtk_heartbeat: heartbeat_timed_out: heartbeatCmdCount = 43993, expected nextSeqNum = 43993
10-04 10:31:28.966   426  1381 D rtk_heartbeat: rtkbt_heartbeat_cmpl_cback: Current SeqNum = 43993,should SeqNum=43993, status = 0
10-04 10:31:29.090   424   582 I audio_hw_hal_alsamgr: alsa format =0x1 delay frames =1024 total frames=2112768000
10-04 10:31:29.527   424  8590 I audio_hw_hal_stream: aml_stream_out_info_print: out:0xf2d00740, stream_type:pcm, sync_mode:non tunnel, input_size:67379200 bytes
10-04 10:31:29.527   424  8590 I audio_hw_hal_stream: aml_stream_out_info_print: last_time:44029086 ms (sec:44029, nsec:86499327), last_position:350791 ms (16837968), cur_time:44029108 ms (sec:44029, nsec:108231285), cur_position:350812 ms (16838992)
10-04 10:31:29.527   424  8590 I audio_hw_hal_stream: aml_stream_out_info_print: time_gap:22 ms (thr:100 ms), position_gap:21 ms, delay:121 ms, jitter: Position gap is behind system time gap by 1 ms (thr:100 ms)
--------- beginning of kernel
10-04 10:31:29.596     0     0 W [2 T1289  ..] RTW: rtw_get_sta_tx_stat() not support
10-04 10:31:29.596     0     0 W [2 T1289  ..] RTW: cfg80211_rtw_get_txpower
10-04 10:31:29.965   426  1494 D rtk_heartbeat: heartbeat_timed_out: heartbeatCmdCount = 43994, expected nextSeqNum = 43994
10-04 10:31:29.966   426  1381 D rtk_heartbeat: rtkbt_heartbeat_cmpl_cback: Current SeqNum = 43994,should SeqNum=43994, status = 0
10-04 10:31:30.324  1154  1154 I ThermalService: CPU temperatures: [44.600002]
10-04 10:31:30.965   426  1494 D rtk_heartbeat: heartbeat_timed_out: heartbeatCmdCount = 43995, expected nextSeqNum = 43995
10-04 10:31:30.967   426  1381 D rtk_heartbeat: rtkbt_heartbeat_cmpl_cback: Current SeqNum = 43995,should SeqNum=43995, status = 0
10-04 10:31:31.020   424   471 D audio_hw_hal_primary: [out_standby_new:5414] io 13: out:0xf2d00740 usecase:PCM_NORMAL
10-04 10:31:31.020   424   471 I audio_hw_hal_primary: [do_output_standby_l:5310] io 13: out:0xf2d00740, stream usecase:PCM_NORMAL, continuous:1
10-04 10:31:31.020   424   471 I audio_hw_hal_primary: [usecase_change_validate_l:7065] ++ io 13: out:0xf2d00740 dev masks:0x1 is_standby:1 out usecase:PCM_NORMAL
10-04 10:31:31.020   424   471 I audio_hw_hal_primary: [usecase_change_validate_l:7102] -- dev masks:0 is_standby:1 out usecase PCM_NORMAL
10-04 10:31:31.020   424   471 D audio_hw_hal_primary: [out_standby_new:5437] io 13: out:0xf2d00740 usecase:PCM_NORMAL exit
10-04 10:31:31.072 11208 11208 D MonkeyStub: translateCommand: press DPAD_CENTER
10-04 10:31:31.079   459   459 I lights-tch: flashMode 0 id 2 onMs 0 offMs 0 brightness 0
10-04 10:31:31.083   424   582 D libdolbyms12: continuous underrun 2
10-04 10:31:31.084   459   459 I lights-tch: flashMode 0 id 2 onMs 0 offMs 0 brightness 225
10-04 10:31:31.095  8084 11270 D ANALYTICS_IPTV: AnalyticsEventTracker ***Event***Event{ts=1728018091092, meta={"box_type":"iptv","source_of_stream":"2 | Home.screen_visible.none.none.none.none.none.none.none | none.screen_visible.none.none.none.none.none.none.none | none.click.none.none.none.none.settings_icon.none.none","asset_name":"settings_icon","app_version":"1.0.0019:237","box_model":"bx:1.2.3","firmware":"fw:1.2.3"}, uid=5ye_gfsYCZe-PoQ4A0, did=8fb17cc052aef526, os=Android, ov=34, bn=237, nq=-1, nt=2, nct=0, lc=en|hi|ta|kn, av=1.0.0019, dt=STB, type=click, adid=95acddf7-5a94-4681-bf0a-0a767be9f2c3, brand=Airtel-Xstream, model=XstreamIPTV1-VT, dname=Vantiva XstreamIPTV1-VT, appId=IPTV, sId=8fb17cc052aef526, profileId=, ab_test=86079:0|108429:0|42374:0|78244:0|95458:0|75817:0|60412:1|117812:1|120676:1|113632:1|116206:0|66480:0|100390:2|76965:1|110385:0|129832:2, city=Delhi, state=National Capital Territory of Delhi, country=India, firebase_id=687ecd54b0fd95386e529fbf62179576} Critical: false
10-04 10:31:31.122   424   424 I audio_hw_hal_primary: [register_audio_patch:7826] Patch 3:id:3 mix(io:13)->dev_0[OUT_HDMI(id:18)] found, register the same patch, do nothing.
10-04 10:31:31.122   424   424 I audio_hw_hal_primary: [adev_create_audio_patch:7927] Patch 3: MIX->DEVICE, num_src:1 num_sink:1 patch_src:INVAL
10-04 10:31:31.122   424   424 I audio_hw_hal_primary: [adev_create_audio_patch:7931] sink[0]: OUT_HDMI(id:18)
10-04 10:31:31.122   424   424 I audio_hw_hal_primary: [adev_create_audio_patch:7988] Patch 3: mix(io:13) -> dev[OUT_HDMI(id:18)]
10-04 10:31:31.123   424   424 I audio_hw_hal_primary: [adev_create_audio_patch:8056] dev=0xf3782930 cur_out_device=0x400
10-04 10:31:31.123  1154  1349 D UEventObserver: change@/devices/platform/auge_sound/sound/card0/controlC0��ACTION=change��DEVPATH=/devices/platform/auge_sound/sound/card0/controlC0��SUBSYSTEM=sound��AUDIO_FORMAT=0��MAJOR=116��MINOR=11��DEVNAME=snd/controlC0��SEQNUM=3317��
--------- beginning of system
10-04 10:31:31.124  1154  1349 W ContextImpl: Calling a method in the system process without a qualified user: android.app.ContextImpl.sendBroadcast:1220 android.content.ContextWrapper.sendBroadcast:504 com.droidlogic.audioservice.services.AudioSystemCmdService$1.onUEvent:177 com.droidlogic.UEventObserver$UEventThread.sendEvent:213 com.droidlogic.UEventObserver$UEventThread.run:190 
10-04 10:31:31.131   472  1302 D audioserver: FGS Logger Transaction failed
10-04 10:31:31.132   472  1302 D audioserver: -129
10-04 10:31:31.135   424  8590 I audio_hw_hal_primary: [mixer_aux_buffer_write:6665] io 13: out:0xf2d00740 usecase:PCM_NORMAL standby to unstandby
10-04 10:31:31.135   424  8590 E audio_hw_hal_virtualbuf: ms12 system input underrun happens read=11658533964 write=11647999818 diff=10534146
10-04 10:31:31.153  1154  1348 I AudioSystemCmdService: onAudioPatchListUpdate
10-04 10:31:31.155  8084  8084 D Glide   : Finished loading BitmapDrawable from MEMORY_CACHE for http://tvimg.wynk.in/unsafe/fit-in/1920x548/filters:no_upscale():format(webp)/https://s3.ap-south-1.amazonaws.com/discovery-prod-arsenal/tile/artwork/1727949256048_action-adda_1920x548.jpg with size [-2147483648x-2147483648] in 0.38525 ms
10-04 10:31:31.156  1154  1348 I AudioSystemCmdService: mAudioSink:[{{mHandle: 18, mRole: SINK}, mType: hdmi, mAddress: }], previousSink:[{{mHandle: 18, mRole: SINK}, mType: hdmi, mAddress: }]
10-04 10:31:31.156  1154  1348 I AudioSystemCmdService: updateAudioPatch cur sink does not change.
10-04 10:31:31.159   696   799 W ProcessStats: Tracking association SourceState{3edf2a9 com.airtel.tv/10043 BTop #12232} whose proc state 2 is better than process ProcessState{514aa4f com.tataelxsi.icx:remote/10066 pkg=com.tataelxsi.icx} proc state 3 (38 skipped)
10-04 10:31:31.194     0     0 I [0 T230   ..] logd: logdr: UID=2000 GID=2000 PID=11330 n tail=0 logMask=99 pid=0 start=0ns deadline=0ns
10-04 10:31:31.171   696   799 D ConnectivityService: requestNetwork for uid/pid:10043/8084 activeRequest: null callbackRequest: 1205 [NetworkRequest [ REQUEST id=1206, [ Capabilities: INTERNET&NOT_RESTRICTED&TRUSTED&NOT_VCN_MANAGED Uid: 10043 RequestorUid: 10043 RequestorPkg: com.airtel.tv UnderlyingNetworks: Null] ]] callback flags: 0 order: 2147483647
--------- beginning of main
10-04 10:31:31.300   424  8590 I audio_hw_hal_primary: [audiohal_get_latency:1258] io 13: out:0xf2d00740 frames:3072 rate:48000 whole_latency:64 alsa_latency:64
10-04 10:31:31.312  8084 11272 D ANALYTICS_IPTV: AnalyticsEventTracker ***Event***Event{ts=1728018091307, meta={"box_type":"iptv","source_of_stream":"2 | Home.screen_visible.none.none.none.none.none.none.none | none.screen_visible.none.none.none.none.none.none.none | none.click.none.none.none.none.settings_icon.none.none | none.click.tab_click.none.none.0.none.none.none | settings.click.settings_click.none.none.none.settings_icon.none.none","asset_name":"settings_icon","app_version":"1.0.0019:237","box_model":"bx:1.2.3","action":"settings_click","customer_id":"3026341863","firmware":"fw:1.2.3","source_name":"settings"}, uid=5ye_gfsYCZe-PoQ4A0, did=8fb17cc052aef526, os=Android, ov=34, bn=237, nq=-1, nt=2, nct=0, lc=en|hi|ta|kn, av=1.0.0019, dt=STB, type=click, adid=95acddf7-5a94-4681-bf0a-0a767be9f2c3, brand=Airtel-Xstream, model=XstreamIPTV1-VT, dname=Vantiva XstreamIPTV1-VT, appId=IPTV, sId=8fb17cc052aef526, profileId=, ab_test=86079:0|108429:0|42374:0|78244:0|95458:0|75817:0|60412:1|117812:1|120676:1|113632:1|116206:0|66480:0|100390:2|76965:1|110385:0|129832:2, city=Delhi, state=National Capital Territory of Delhi, country=India, firebase_id=687ecd54b0fd95386e529fbf62179576} Critical: false
10-04 10:31:31.313  8084 11270 D ANALYTICS_IPTV: AnalyticsEventTracker ***Event***Event{ts=1728018091308, meta={"box_type":"iptv","source_of_stream":"2 | Home.screen_visible.none.none.none.none.none.none.none | none.screen_visible.none.none.none.none.none.none.none | none.click.none.none.none.none.settings_icon.none.none | none.click.tab_click.none.none.0.none.none.none","asset_position":"0","app_version":"1.0.0019:237","box_model":"bx:1.2.3","action":"tab_click","firmware":"fw:1.2.3"}, uid=5ye_gfsYCZe-PoQ4A0, did=8fb17cc052aef526, os=Android, ov=34, bn=237, nq=-1, nt=2, nct=0, lc=en|hi|ta|kn, av=1.0.0019, dt=STB, type=click, adid=95acddf7-5a94-4681-bf0a-0a767be9f2c3, brand=Airtel-Xstream, model=XstreamIPTV1-VT, dname=Vantiva XstreamIPTV1-VT, appId=IPTV, sId=8fb17cc052aef526, profileId=, ab_test=86079:0|108429:0|42374:0|78244:0|95458:0|75817:0|60412:1|117812:1|120676:1|113632:1|116206:0|66480:0|100390:2|76965:1|110385:0|129832:2, city=Delhi, state=National Capital Territory of Delhi, country=India, firebase_id=687ecd54b0fd95386e529fbf62179576} Critical: false
10-04 10:31:31.318   424  8590 I audio_hw_hal_primary: [audiohal_get_latency:1258] io 13: out:0xf2d00740 frames:3072 rate:48000 whole_latency:64 alsa_latency:64
--------- beginning of system
10-04 10:31:31.338   696  1088 W JobScheduler: Job didn't exist in JobStore: 57698ac #u0a43/3010 com.airtel.tv/androidx.work.impl.background.systemjob.SystemJobService
10-04 10:31:31.339   424  8590 I audio_hw_hal_primary: [audiohal_get_latency:1258] io 13: out:0xf2d00740 frames:3072 rate:48000 whole_latency:64 alsa_latency:64
10-04 10:31:31.340   472   662 D audioserver: FGS Logger Transaction failed
10-04 10:31:31.340   472   662 D audioserver: -129
10-04 10:31:31.373   696  1088 D ConnectivityService: requestNetwork for uid/pid:10043/8084 activeRequest: null callbackRequest: 1207 [NetworkRequest [ REQUEST id=1208, [ Capabilities: INTERNET&NOT_RESTRICTED&TRUSTED&NOT_VCN_MANAGED Uid: 10043 RequestorUid: 10043 RequestorPkg: com.airtel.tv UnderlyingNetworks: Null] ]] callback flags: 0 order: 2147483647
10-04 10:31:31.375   696   910 D WifiNetworkFactory: got request NetworkRequest [ REQUEST id=1208, [ Capabilities: INTERNET&NOT_RESTRICTED&TRUSTED&NOT_VCN_MANAGED Uid: 10043 RequestorUid: 10043 RequestorPkg: com.airtel.tv UnderlyingNetworks: Null] ]
10-04 10:31:31.375   696   910 D UntrustedWifiNetworkFactory: got request NetworkRequest [ REQUEST id=1208, [ Capabilities: INTERNET&NOT_RESTRICTED&TRUSTED&NOT_VCN_MANAGED Uid: 10043 RequestorUid: 10043 RequestorPkg: com.airtel.tv UnderlyingNetworks: Null] ]
10-04 10:31:31.375   696   910 D OemPaidWifiNetworkFactory: got request NetworkRequest [ REQUEST id=1208, [ Capabilities: INTERNET&NOT_RESTRICTED&TRUSTED&NOT_VCN_MANAGED Uid: 10043 RequestorUid: 10043 RequestorPkg: com.airtel.tv UnderlyingNetworks: Null] ]
10-04 10:31:31.375   696   918 D ConnectivityService: NetReassign [1208 : null → 100] [c 0] [a 1] [i 0]
10-04 10:31:31.375   696   910 D MultiInternetWifiNetworkFactory: got request NetworkRequest [ REQUEST id=1208, [ Capabilities: INTERNET&NOT_RESTRICTED&TRUSTED&NOT_VCN_MANAGED Uid: 10043 RequestorUid: 10043 RequestorPkg: com.airtel.tv UnderlyingNetworks: Null] ]
10-04 10:31:31.436  8084 11270 D ANALYTICS_IPTV: AnalyticsEventTracker ***Event***Event{ts=1728018091434, meta={"box_type":"iptv","source_of_stream":"2 | Home.screen_visible.none.none.none.none.none.none.none | none.screen_visible.none.none.none.none.none.none.none | none.click.none.none.none.none.settings_icon.none.none | none.click.tab_click.none.none.0.none.none.none | settings.click.settings_click.none.none.none.settings_icon.none.none | settings.screen_visible.none.none.none.none.none.none.none | settings.screen_visible.none.none.none.none.none.none.none","app_version":"1.0.0019:237","box_model":"bx:1.2.3","customer_id":"3026341863","firmware":"fw:1.2.3","source_name":"settings"}, uid=5ye_gfsYCZe-PoQ4A0, did=8fb17cc052aef526, os=Android, ov=34, bn=237, nq=-1, nt=2, nct=0, lc=en|hi|ta|kn, av=1.0.0019, dt=STB, type=screen_visible, adid=95acddf7-5a94-4681-bf0a-0a767be9f2c3, brand=Airtel-Xstream, model=XstreamIPTV1-VT, dname=Vantiva XstreamIPTV1-VT, appId=IPTV, sId=8fb17cc052aef526, profileId=, ab_test=86079:0|108429:0|42374:0|78244:0|95458:0|75817:0|60412:1|117812:1|120676:1|113632:1|116206:0|66480:0|100390:2|76965:1|110385:0|129832:2, city=Delhi, state=National Capital Territory of Delhi, country=India, firebase_id=687ecd54b0fd95386e529fbf62179576} Critical: false
10-04 10:31:31.440  8084  8084 D ANALYTICS_IPTV: AnalyticsEventTracker ***Event***Event{ts=1728018091438, meta={"box_type":"iptv","source_of_stream":"2 | Home.screen_visible.none.none.none.none.none.none.none | none.screen_visible.none.none.none.none.none.none.none | none.click.none.none.none.none.settings_icon.none.none | none.click.tab_click.none.none.0.none.none.none | settings.click.settings_click.none.none.none.settings_icon.none.none | settings.screen_visible.none.none.none.none.none.none.none","app_version":"1.0.0019:237","box_model":"bx:1.2.3","firmware":"fw:1.2.3","source_name":"settings"}, uid=5ye_gfsYCZe-PoQ4A0, did=8fb17cc052aef526, os=Android, ov=34, bn=237, nq=-1, nt=2, nct=0, lc=en|hi|ta|kn, av=1.0.0019, dt=STB, type=screen_visible, adid=95acddf7-5a94-4681-bf0a-0a767be9f2c3, brand=Airtel-Xstream, model=XstreamIPTV1-VT, dname=Vantiva XstreamIPTV1-VT, appId=IPTV, sId=8fb17cc052aef526, profileId=, ab_test=86079:0|108429:0|42374:0|78244:0|95458:0|75817:0|60412:1|117812:1|120676:1|113632:1|116206:0|66480:0|100390:2|76965:1|110385:0|129832:2, city=Delhi, state=National Capital Territory of Delhi, country=India, firebase_id=687ecd54b0fd95386e529fbf62179576} Critical: false
10-04 10:31:31.465  8084  8084 D LeanbackExtensions::initFocusManagement: 
10-04 10:31:31.465  8084  8084 D Successfully fixed focus: 
10-04 10:31:31.474  8084  8444 D TrafficStats: tagSocket(142) with statsTag=0xffffffff, statsUid=-1
10-04 10:31:31.597  8084  8084 D ANALYTICS_IPTV: AnalyticsEventTracker ***Event***Event{ts=1728018091593, meta={"box_type":"iptv","app_version":"1.0.0019:237","box_model":"bx:1.2.3","firmware":"fw:1.2.3","source_name":"account_info"}, uid=5ye_gfsYCZe-PoQ4A0, did=8fb17cc052aef526, os=Android, ov=34, bn=237, nq=-1, nt=2, nct=0, lc=en|hi|ta|kn, av=1.0.0019, dt=STB, type=banner_visible, adid=95acddf7-5a94-4681-bf0a-0a767be9f2c3, brand=Airtel-Xstream, model=XstreamIPTV1-VT, dname=Vantiva XstreamIPTV1-VT, appId=IPTV, sId=8fb17cc052aef526, profileId=, ab_test=86079:0|108429:0|42374:0|78244:0|95458:0|75817:0|60412:1|117812:1|120676:1|113632:1|116206:0|66480:0|100390:2|76965:1|110385:0|129832:2, city=Delhi, state=National Capital Territory of Delhi, country=India, firebase_id=687ecd54b0fd95386e529fbf62179576} Critical: false
10-04 10:31:31.602  8084  8084 D ANALYTICS_IPTV: AnalyticsEventTracker ***Event***Event{ts=1728018091599, meta={"box_type":"iptv","asset_name":"Account Info","app_version":"1.0.0019:237","box_model":"bx:1.2.3","action":"settings_focus","customer_id":"3026341863","firmware":"fw:1.2.3","source_name":"settings_L1"}, uid=5ye_gfsYCZe-PoQ4A0, did=8fb17cc052aef526, os=Android, ov=34, bn=237, nq=-1, nt=2, nct=0, lc=en|hi|ta|kn, av=1.0.0019, dt=STB, type=focus, adid=95acddf7-5a94-4681-bf0a-0a767be9f2c3, brand=Airtel-Xstream, model=XstreamIPTV1-VT, dname=Vantiva XstreamIPTV1-VT, appId=IPTV, sId=8fb17cc052aef526, profileId=, ab_test=86079:0|108429:0|42374:0|78244:0|95458:0|75817:0|60412:1|117812:1|120676:1|113632:1|116206:0|66480:0|100390:2|76965:1|110385:0|129832:2, city=Delhi, state=National Capital Territory of Delhi, country=India, firebase_id=687ecd54b0fd95386e529fbf62179576} Critical: false
10-04 10:31:31.728  8084  8084 W View    : requestLayout() improperly called by android.widget.ImageView{863d964 V.ED..... ......ID 1264,56-1604,396 #7f0b0427 app:id/iv_setting_image} during layout: running second layout pass
10-04 10:31:31.728  8084  8084 W View    : requestLayout() improperly called by androidx.constraintlayout.widget.ConstraintLayout{d63356f V.E...... ......I. 0,0-0,0 #7f0b0040 app:id/accountInfoView} during layout: running second layout pass
10-04 10:31:31.781  8084  8084 E ThemeUtils: View class androidx.appcompat.widget.AppCompatTextView is an AppCompat widget that can only be used with a Theme.AppCompat theme (or descendant).
10-04 10:31:31.786  8084  8084 E ThemeUtils: View class androidx.appcompat.widget.AppCompatTextView is an AppCompat widget that can only be used with a Theme.AppCompat theme (or descendant).
10-04 10:31:31.789  8084  8084 E ThemeUtils: View class androidx.appcompat.widget.AppCompatTextView is an AppCompat widget that can only be used with a Theme.AppCompat theme (or descendant).
10-04 10:31:31.818  3008  5482 D TchAvkoProvider: <<query>> content://com.oem.provider/device/wifi_name, null, null, null, null
10-04 10:31:31.819  3008  5482 D InfoProvider: feedQueryCursor single row table display
10-04 10:31:31.843  3008  5482 D TchAvkoProvider: <<query>> content://com.oem.provider/device/wifi_name, null, null, null, null
10-04 10:31:31.843  3008  5482 D InfoProvider: feedQueryCursor single row table display
10-04 10:31:31.965   426  1494 D rtk_heartbeat: heartbeat_timed_out: heartbeatCmdCount = 43996, expected nextSeqNum = 43996
10-04 10:31:31.967   426  1381 D rtk_heartbeat: rtkbt_heartbeat_cmpl_cback: Current SeqNum = 43996,should SeqNum=43996, status = 0
10-04 10:31:32.081  8084  8193 I WM-WorkerWrapper: Worker result SUCCESS for Work [ id=d0cad8ba-7759-428a-adc9-38f1e5633ec9, tags={ tv.airtel.wynk.analytics.sync.service.AnalyticsSyncService, com.airtel.analyticsSyncService } ]
10-04 10:31:32.125  8084  8193 I WM-WorkerWrapper: Worker result SUCCESS for Work [ id=bb96cdd1-6ebc-4c05-bb14-76fa9fed9e4b, tags={ tv.airtel.wynk.analytics.sync.service.AnalyticsSyncService, com.airtel.analyticsSyncService } ]
10-04 10:31:32.158  8084  8193 I WM-WorkerWrapper: Worker result SUCCESS for Work [ id=cd350532-c3d1-4a22-b8de-643dd1b9cb5f, tags={ tv.airtel.wynk.analytics.sync.service.AnalyticsSyncService, com.airtel.analyticsSyncService } ]
10-04 10:31:32.327  1154  1154 I ThermalService: CPU temperatures: [46.4]
10-04 10:31:32.397  8084  8193 I WM-WorkerWrapper: Worker result SUCCESS for Work [ id=b7254639-cd96-4ae4-aa5f-617b66433ec9, tags={ tv.airtel.wynk.analytics.sync.service.AnalyticsSyncService, com.airtel.analyticsSyncService } ]
--------- beginning of kernel
10-04 10:31:32.598     0     0 W [2 T1289  ..] RTW: rtw_get_sta_tx_stat() not support
10-04 10:31:32.598     0     0 W [2 T1289  ..] RTW: cfg80211_rtw_get_txpower
10-04 10:31:32.966   426  1494 D rtk_heartbeat: heartbeat_timed_out: heartbeatCmdCount = 43997, expected nextSeqNum = 43997
10-04 10:31:32.967   426  1381 D rtk_heartbeat: rtkbt_heartbeat_cmpl_cback: Current SeqNum = 43997,should SeqNum=43997, status = 0
10-04 10:31:33.554  6706  6767 I cast_shell: [1004/103133.553926:INFO:mdns_app_filter.cc(3358)] MdnsAppFilter: responses sent in 54 seconds: 2
10-04 10:31:33.966   426  1494 D rtk_heartbeat: heartbeat_timed_out: heartbeatCmdCount = 43998, expected nextSeqNum = 43998
10-04 10:31:33.967   426  1381 D rtk_heartbeat: rtkbt_heartbeat_cmpl_cback: Current SeqNum = 43998,should SeqNum=43998, status = 0
10-04 10:31:34.209   424   673 D audio_hw_hal_primary: [out_standby_new:5414] io 13: out:0xf2d00740 usecase:PCM_NORMAL
10-04 10:31:34.209   424   673 I audio_hw_hal_primary: [do_output_standby_l:5310] io 13: out:0xf2d00740, stream usecase:PCM_NORMAL, continuous:1
10-04 10:31:34.209   424   673 I audio_hw_hal_primary: [usecase_change_validate_l:7065] ++ io 13: out:0xf2d00740 dev masks:0x1 is_standby:1 out usecase:PCM_NORMAL
10-04 10:31:34.209   424   673 I audio_hw_hal_primary: [usecase_change_validate_l:7102] -- dev masks:0 is_standby:1 out usecase PCM_NORMAL
10-04 10:31:34.209   424   673 D audio_hw_hal_primary: [out_standby_new:5437] io 13: out:0xf2d00740 usecase:PCM_NORMAL exit
10-04 10:31:34.294   424   582 D libdolbyms12: continuous underrun 2
10-04 10:31:34.330  1154  1154 I ThermalService: CPU temperatures: [44.4]
10-04 10:31:34.423   424   582 I audio_hw_hal_alsamgr: alsa format =0x1 delay frames =1024 total frames=2113024000
10-04 10:31:34.966   426  1494 D rtk_heartbeat: heartbeat_timed_out: heartbeatCmdCount = 43999, expected nextSeqNum = 43999
10-04 10:31:34.968   426  1381 D rtk_heartbeat: rtkbt_heartbeat_cmpl_cback: Current SeqNum = 43999,should SeqNum=43999, status = 0
10-04 10:31:35.134   696   866 D ActivityManager: freezing 1826 com.google.android.gms
10-04 10:31:35.604     0     0 W [3 T1289  ..] RTW: rtw_get_sta_tx_stat() not support
10-04 10:31:35.604     0     0 W [3 T1289  ..] RTW: cfg80211_rtw_get_txpower
10-04 10:31:35.966   426  1494 D rtk_heartbeat: heartbeat_timed_out: heartbeatCmdCount = 44000, expected nextSeqNum = 44000
10-04 10:31:35.967   426  1381 D rtk_heartbeat: rtkbt_heartbeat_cmpl_cback: Current SeqNum = 44000,should SeqNum=44000, status = 0
10-04 10:31:36.315 11208 11208 D MonkeyStub: translateCommand: press DPAD_DOWN
10-04 10:31:36.318   459   459 I lights-tch: flashMode 0 id 2 onMs 0 offMs 0 brightness 0
10-04 10:31:36.323   459   459 I lights-tch: flashMode 0 id 2 onMs 0 offMs 0 brightness 225
10-04 10:31:36.334  1154  1154 I ThermalService: CPU temperatures: [44.500004]
10-04 10:31:36.335  8084  8084 D ANALYTICS_IPTV: AnalyticsEventTracker ***Event***Event{ts=1728018096332, meta={"box_type":"iptv","asset_name":"OTT Grievance","app_version":"1.0.0019:237","box_model":"bx:1.2.3","action":"settings_focus","customer_id":"3026341863","firmware":"fw:1.2.3","source_name":"settings_L1"}, uid=5ye_gfsYCZe-PoQ4A0, did=8fb17cc052aef526, os=Android, ov=34, bn=237, nq=-1, nt=2, nct=0, lc=en|hi|ta|kn, av=1.0.0019, dt=STB, type=focus, adid=95acddf7-5a94-4681-bf0a-0a767be9f2c3, brand=Airtel-Xstream, model=XstreamIPTV1-VT, dname=Vantiva XstreamIPTV1-VT, appId=IPTV, sId=8fb17cc052aef526, profileId=, ab_test=86079:0|108429:0|42374:0|78244:0|95458:0|75817:0|60412:1|117812:1|120676:1|113632:1|116206:0|66480:0|100390:2|76965:1|110385:0|129832:2, city=Delhi, state=National Capital Territory of Delhi, country=India, firebase_id=687ecd54b0fd95386e529fbf62179576} Critical: false
10-04 10:31:36.413     0     0 I [0 T230   ..] logd: logdr: UID=2000 GID=2000 PID=11338 n tail=0 logMask=99 pid=0 start=0ns deadline=0ns
--------- beginning of main
10-04 10:31:36.517   424  8590 I audio_hw_hal_primary: [audiohal_get_latency:1258] io 13: out:0xf2d00740 frames:3072 rate:48000 whole_latency:64 alsa_latency:64
10-04 10:31:36.538   424  8590 I audio_hw_hal_primary: [audiohal_get_latency:1258] io 13: out:0xf2d00740 frames:3072 rate:48000 whole_latency:64 alsa_latency:64
10-04 10:31:36.538   696  3333 D ConnectivityService: requestNetwork for uid/pid:10043/8084 activeRequest: null callbackRequest: 1209 [NetworkRequest [ REQUEST id=1210, [ Capabilities: INTERNET&NOT_RESTRICTED&TRUSTED&NOT_VCN_MANAGED Uid: 10043 RequestorUid: 10043 RequestorPkg: com.airtel.tv UnderlyingNetworks: Null] ]] callback flags: 0 order: 2147483647
10-04 10:31:36.545   696   910 D WifiNetworkFactory: got request NetworkRequest [ REQUEST id=1210, [ Capabilities: INTERNET&NOT_RESTRICTED&TRUSTED&NOT_VCN_MANAGED Uid: 10043 RequestorUid: 10043 RequestorPkg: com.airtel.tv UnderlyingNetworks: Null] ]
10-04 10:31:36.545   696   910 D UntrustedWifiNetworkFactory: got request NetworkRequest [ REQUEST id=1210, [ Capabilities: INTERNET&NOT_RESTRICTED&TRUSTED&NOT_VCN_MANAGED Uid: 10043 RequestorUid: 10043 RequestorPkg: com.airtel.tv UnderlyingNetworks: Null] ]
10-04 10:31:36.549   696   910 D OemPaidWifiNetworkFactory: got request NetworkRequest [ REQUEST id=1210, [ Capabilities: INTERNET&NOT_RESTRICTED&TRUSTED&NOT_VCN_MANAGED Uid: 10043 RequestorUid: 10043 RequestorPkg: com.airtel.tv UnderlyingNetworks: Null] ]
10-04 10:31:36.550   696   910 D MultiInternetWifiNetworkFactory: got request NetworkRequest [ REQUEST id=1210, [ Capabilities: INTERNET&NOT_RESTRICTED&TRUSTED&NOT_VCN_MANAGED Uid: 10043 RequestorUid: 10043 RequestorPkg: com.airtel.tv UnderlyingNetworks: Null] ]
10-04 10:31:36.550   696   918 D ConnectivityService: NetReassign [1210 : null → 100] [c 0] [a 0] [i 8]
10-04 10:31:36.553   424  8590 I audio_hw_hal_primary: [audiohal_get_latency:1258] io 13: out:0xf2d00740 frames:3072 rate:48000 whole_latency:64 alsa_latency:64
10-04 10:31:36.574   424  8590 I audio_hw_hal_primary: [audiohal_get_latency:1258] io 13: out:0xf2d00740 frames:3072 rate:48000 whole_latency:64 alsa_latency:64
10-04 10:31:36.582  8084  8195 I WM-WorkerWrapper: Worker result SUCCESS for Work [ id=76a4034a-5e15-46fb-b780-bc85d9b64a36, tags={ tv.airtel.wynk.analytics.sync.service.AnalyticsSyncService, com.airtel.analyticsSyncService } ]
10-04 10:31:36.593   424  8590 I audio_hw_hal_primary: [audiohal_get_latency:1258] io 13: out:0xf2d00740 frames:3072 rate:48000 whole_latency:64 alsa_latency:64
10-04 10:31:36.594   472   662 D audioserver: FGS Logger Transaction failed
10-04 10:31:36.594   472   662 D audioserver: -129
10-04 10:31:36.694   696  2867 D ConnectivityService: requestNetwork for uid/pid:10043/8084 activeRequest: null callbackRequest: 1211 [NetworkRequest [ REQUEST id=1212, [ Capabilities: INTERNET&NOT_RESTRICTED&TRUSTED&NOT_VCN_MANAGED Uid: 10043 RequestorUid: 10043 RequestorPkg: com.airtel.tv UnderlyingNetworks: Null] ]] callback flags: 0 order: 2147483647
10-04 10:31:36.696   696   910 D WifiNetworkFactory: got request NetworkRequest [ REQUEST id=1212, [ Capabilities: INTERNET&NOT_RESTRICTED&TRUSTED&NOT_VCN_MANAGED Uid: 10043 RequestorUid: 10043 RequestorPkg: com.airtel.tv UnderlyingNetworks: Null] ]
10-04 10:31:36.696   696   910 D UntrustedWifiNetworkFactory: got request NetworkRequest [ REQUEST id=1212, [ Capabilities: INTERNET&NOT_RESTRICTED&TRUSTED&NOT_VCN_MANAGED Uid: 10043 RequestorUid: 10043 RequestorPkg: com.airtel.tv UnderlyingNetworks: Null] ]
10-04 10:31:36.696   696   910 D OemPaidWifiNetworkFactory: got request NetworkRequest [ REQUEST id=1212, [ Capabilities: INTERNET&NOT_RESTRICTED&TRUSTED&NOT_VCN_MANAGED Uid: 10043 RequestorUid: 10043 RequestorPkg: com.airtel.tv UnderlyingNetworks: Null] ]
10-04 10:31:36.697   696   918 D ConnectivityService: NetReassign [1212 : null → 100] [c 0] [a 1] [i 1]
10-04 10:31:36.697   696   910 D MultiInternetWifiNetworkFactory: got request NetworkRequest [ REQUEST id=1212, [ Capabilities: INTERNET&NOT_RESTRICTED&TRUSTED&NOT_VCN_MANAGED Uid: 10043 RequestorUid: 10043 RequestorPkg: com.airtel.tv UnderlyingNetworks: Null] ]
10-04 10:31:36.728  8084  8195 I WM-WorkerWrapper: Worker result SUCCESS for Work [ id=7eb1b5d7-3d52-4e47-b3ff-fd4e99e7f523, tags={ tv.airtel.wynk.analytics.sync.service.AnalyticsSyncService, com.airtel.analyticsSyncService } ]
10-04 10:31:36.880  8084  8084 D Glide   : Finished loading BitmapDrawable from MEMORY_CACHE for http://tvimg.wynk.in/unsafe/fit-in/1920x548/filters:no_upscale():format(webp)/https://s3.ap-south-1.amazonaws.com/discovery-prod-arsenal/tile/artwork/1726337555333_1720121914436_companion-app_xstream-box_banner_1920x548.jpg with size [-2147483648x-2147483648] in 0.477458 ms
10-04 10:31:36.966   426  1494 D rtk_heartbeat: heartbeat_timed_out: heartbeatCmdCount = 44001, expected nextSeqNum = 44001
10-04 10:31:36.968   426  1381 D rtk_heartbeat: rtkbt_heartbeat_cmpl_cback: Current SeqNum = 44001,should SeqNum=44001, status = 0
10-04 10:31:37.967   426  1494 D rtk_heartbeat: heartbeat_timed_out: heartbeatCmdCount = 44002, expected nextSeqNum = 44002
10-04 10:31:37.968   426  1381 D rtk_heartbeat: rtkbt_heartbeat_cmpl_cback: Current SeqNum = 44002,should SeqNum=44002, status = 0
10-04 10:31:38.337  1154  1154 I ThermalService: CPU temperatures: [44.2]
--------- beginning of kernel
10-04 10:31:38.610     0     0 W [3 T1289  ..] RTW: rtw_get_sta_tx_stat() not support
10-04 10:31:38.611     0     0 W [3 T1289  ..] RTW: cfg80211_rtw_get_txpower
10-04 10:31:38.967   426  1494 D rtk_heartbeat: heartbeat_timed_out: heartbeatCmdCount = 44003, expected nextSeqNum = 44003
10-04 10:31:38.968   426  1381 D rtk_heartbeat: rtkbt_heartbeat_cmpl_cback: Current SeqNum = 44003,should SeqNum=44003, status = 0
10-04 10:31:39.485   424   673 D audio_hw_hal_primary: [out_standby_new:5414] io 13: out:0xf2d00740 usecase:PCM_NORMAL
10-04 10:31:39.485   424   673 I audio_hw_hal_primary: [do_output_standby_l:5310] io 13: out:0xf2d00740, stream usecase:PCM_NORMAL, continuous:1
10-04 10:31:39.486   424   673 I audio_hw_hal_primary: [usecase_change_validate_l:7065] ++ io 13: out:0xf2d00740 dev masks:0x1 is_standby:1 out usecase:PCM_NORMAL
10-04 10:31:39.486   424   673 I audio_hw_hal_primary: [usecase_change_validate_l:7102] -- dev masks:0 is_standby:1 out usecase PCM_NORMAL
10-04 10:31:39.486   424   673 D audio_hw_hal_primary: [out_standby_new:5437] io 13: out:0xf2d00740 usecase:PCM_NORMAL exit
10-04 10:31:39.511 11208 11208 D MonkeyStub: translateCommand: press DPAD_RIGHT
10-04 10:31:39.514   459   459 I lights-tch: flashMode 0 id 2 onMs 0 offMs 0 brightness 0
10-04 10:31:39.519   459   459 I lights-tch: flashMode 0 id 2 onMs 0 offMs 0 brightness 225
10-04 10:31:39.532  8084  8084 D ANALYTICS_IPTV: AnalyticsEventTracker ***Event***Event{ts=1728018099530, meta={"box_type":"iptv","asset_name":"Help Videos","app_version":"1.0.0019:237","box_model":"bx:1.2.3","action":"settings_focus","customer_id":"3026341863","firmware":"fw:1.2.3","source_name":"settings_L1"}, uid=5ye_gfsYCZe-PoQ4A0, did=8fb17cc052aef526, os=Android, ov=34, bn=237, nq=-1, nt=2, nct=0, lc=en|hi|ta|kn, av=1.0.0019, dt=STB, type=focus, adid=95acddf7-5a94-4681-bf0a-0a767be9f2c3, brand=Airtel-Xstream, model=XstreamIPTV1-VT, dname=Vantiva XstreamIPTV1-VT, appId=IPTV, sId=8fb17cc052aef526, profileId=, ab_test=86079:0|108429:0|42374:0|78244:0|95458:0|75817:0|60412:1|117812:1|120676:1|113632:1|116206:0|66480:0|100390:2|76965:1|110385:0|129832:2, city=Delhi, state=National Capital Territory of Delhi, country=India, firebase_id=687ecd54b0fd95386e529fbf62179576} Critical: false
10-04 10:31:39.569   424   582 D libdolbyms12: continuous underrun 2
--------- beginning of main
10-04 10:31:39.729   424  8590 I audio_hw_hal_primary: [audiohal_get_latency:1258] io 13: out:0xf2d00740 frames:3072 rate:48000 whole_latency:64 alsa_latency:64
10-04 10:31:39.751   424  8590 I audio_hw_hal_primary: [audiohal_get_latency:1258] io 13: out:0xf2d00740 frames:3072 rate:48000 whole_latency:64 alsa_latency:64
10-04 10:31:39.756   424   582 I audio_hw_hal_alsamgr: alsa format =0x1 delay frames =1024 total frames=2113280000
10-04 10:31:39.768   424  8590 I audio_hw_hal_primary: [audiohal_get_latency:1258] io 13: out:0xf2d00740 frames:3072 rate:48000 whole_latency:64 alsa_latency:64
10-04 10:31:39.778   696  3333 D ConnectivityService: requestNetwork for uid/pid:10043/8084 activeRequest: null callbackRequest: 1215 [NetworkRequest [ REQUEST id=1216, [ Capabilities: INTERNET&NOT_RESTRICTED&TRUSTED&NOT_VCN_MANAGED Uid: 10043 RequestorUid: 10043 RequestorPkg: com.airtel.tv UnderlyingNetworks: Null] ]] callback flags: 0 order: 2147483647
10-04 10:31:39.779   696   910 D WifiNetworkFactory: got request NetworkRequest [ REQUEST id=1216, [ Capabilities: INTERNET&NOT_RESTRICTED&TRUSTED&NOT_VCN_MANAGED Uid: 10043 RequestorUid: 10043 RequestorPkg: com.airtel.tv UnderlyingNetworks: Null] ]
10-04 10:31:39.780   696   910 D UntrustedWifiNetworkFactory: got request NetworkRequest [ REQUEST id=1216, [ Capabilities: INTERNET&NOT_RESTRICTED&TRUSTED&NOT_VCN_MANAGED Uid: 10043 RequestorUid: 10043 RequestorPkg: com.airtel.tv UnderlyingNetworks: Null] ]
10-04 10:31:39.780   696   910 D OemPaidWifiNetworkFactory: got request NetworkRequest [ REQUEST id=1216, [ Capabilities: INTERNET&NOT_RESTRICTED&TRUSTED&NOT_VCN_MANAGED Uid: 10043 RequestorUid: 10043 RequestorPkg: com.airtel.tv UnderlyingNetworks: Null] ]
10-04 10:31:39.780   696   918 D ConnectivityService: NetReassign [1216 : null → 100] [c 0] [a 1] [i 1]
10-04 10:31:39.780   696   910 D MultiInternetWifiNetworkFactory: got request NetworkRequest [ REQUEST id=1216, [ Capabilities: INTERNET&NOT_RESTRICTED&TRUSTED&NOT_VCN_MANAGED Uid: 10043 RequestorUid: 10043 RequestorPkg: com.airtel.tv UnderlyingNetworks: Null] ]
10-04 10:31:39.790   424  8590 I audio_hw_hal_primary: [audiohal_get_latency:1258] io 13: out:0xf2d00740 frames:3072 rate:48000 whole_latency:64 alsa_latency:64
10-04 10:31:39.808   424  8590 I audio_hw_hal_primary: [audiohal_get_latency:1258] io 13: out:0xf2d00740 frames:3072 rate:48000 whole_latency:64 alsa_latency:64
10-04 10:31:39.816  8084  8193 I WM-WorkerWrapper: Worker result SUCCESS for Work [ id=912fb43a-67fd-46d4-89da-8949a255d115, tags={ tv.airtel.wynk.analytics.sync.service.AnalyticsSyncService, com.airtel.analyticsSyncService } ]
10-04 10:31:39.830   424  8590 I audio_hw_hal_primary: [audiohal_get_latency:1258] io 13: out:0xf2d00740 frames:3072 rate:48000 whole_latency:64 alsa_latency:64
10-04 10:31:39.830   472   662 D audioserver: FGS Logger Transaction failed
10-04 10:31:39.830   472   662 D audioserver: -129
10-04 10:31:39.945   696   752 I system_server: Background young concurrent copying GC freed 476819(17MB) AllocSpace objects, 0(0B) LOS objects, 43% free, 22MB/39MB, paused 291us,215us total 137.376ms
10-04 10:31:39.967   426  1494 D rtk_heartbeat: heartbeat_timed_out: heartbeatCmdCount = 44004, expected nextSeqNum = 44004
10-04 10:31:39.968   426  1381 D rtk_heartbeat: rtkbt_heartbeat_cmpl_cback: Current SeqNum = 44004,should SeqNum=44004, status = 0
10-04 10:31:40.341  1154  1154 I ThermalService: CPU temperatures: [44.500004]
10-04 10:31:40.967   426  1494 D rtk_heartbeat: heartbeat_timed_out: heartbeatCmdCount = 44005, expected nextSeqNum = 44005
10-04 10:31:40.968   426  1381 D rtk_heartbeat: rtkbt_heartbeat_cmpl_cback: Current SeqNum = 44005,should SeqNum=44005, status = 0
10-04 10:31:41.441   424  8590 I audio_hw_hal_stream: aml_stream_out_info_print: out:0xf2d00740, stream_type:pcm, sync_mode:non tunnel, input_size:69238784 bytes
10-04 10:31:41.441   424  8590 I audio_hw_hal_stream: aml_stream_out_info_print: last_time:44041002 ms (sec:44041, nsec:2491666), last_position:360476 ms (17302864), cur_time:44041027 ms (sec:44041, nsec:27443499), cur_position:360503 ms (17304144)
10-04 10:31:41.441   424  8590 I audio_hw_hal_stream: aml_stream_out_info_print: time_gap:25 ms (thr:100 ms), position_gap:26 ms, delay:115 ms, jitter: Position gap is ahead of system time gap by 1 ms (thr:100 ms)
--------- beginning of kernel
10-04 10:31:41.615     0     0 W [3 T1289  ..] RTW: rtw_get_sta_tx_stat() not support
10-04 10:31:41.615     0     0 W [3 T1289  ..] RTW: cfg80211_rtw_get_txpower
10-04 10:31:41.894  8084  8084 D Glide   : Finished loading BitmapDrawable from MEMORY_CACHE for http://tvimg.wynk.in/unsafe/fit-in/1920x548/filters:no_upscale():format(webp)/https://s3.ap-south-1.amazonaws.com/discovery-prod-zion/zion/1675166889695-Multi-title_1920x548.jpeg with size [-2147483648x-2147483648] in 0.377208 ms
10-04 10:31:41.967   426  1494 D rtk_heartbeat: heartbeat_timed_out: heartbeatCmdCount = 44006, expected nextSeqNum = 44006
10-04 10:31:41.968   426  1381 D rtk_heartbeat: rtkbt_heartbeat_cmpl_cback: Current SeqNum = 44006,should SeqNum=44006, status = 0
10-04 10:31:42.345  1154  1154 I ThermalService: CPU temperatures: [44.2]
10-04 10:31:42.700   424   673 D audio_hw_hal_primary: [out_standby_new:5414] io 13: out:0xf2d00740 usecase:PCM_NORMAL
10-04 10:31:42.700   424   673 I audio_hw_hal_primary: [do_output_standby_l:5310] io 13: out:0xf2d00740, stream usecase:PCM_NORMAL, continuous:1
10-04 10:31:42.700   424   673 I audio_hw_hal_primary: [usecase_change_validate_l:7065] ++ io 13: out:0xf2d00740 dev masks:0x1 is_standby:1 out usecase:PCM_NORMAL
10-04 10:31:42.700   424   673 I audio_hw_hal_primary: [usecase_change_validate_l:7102] -- dev masks:0 is_standby:1 out usecase PCM_NORMAL
10-04 10:31:42.700   424   673 D audio_hw_hal_primary: [out_standby_new:5437] io 13: out:0xf2d00740 usecase:PCM_NORMAL exit
10-04 10:31:42.784   424   582 D libdolbyms12: continuous underrun 2
10-04 10:31:42.968   426  1494 D rtk_heartbeat: heartbeat_timed_out: heartbeatCmdCount = 44007, expected nextSeqNum = 44007
10-04 10:31:42.969   426  1381 D rtk_heartbeat: rtkbt_heartbeat_cmpl_cback: Current SeqNum = 44007,should SeqNum=44007, status = 0
10-04 10:31:43.750 11208 11208 D MonkeyStub: translateCommand: press DPAD_CENTER
10-04 10:31:43.754   459   459 I lights-tch: flashMode 0 id 2 onMs 0 offMs 0 brightness 0
10-04 10:31:43.759   459   459 I lights-tch: flashMode 0 id 2 onMs 0 offMs 0 brightness 225
10-04 10:31:43.766  8084  8084 D ANALYTICS_IPTV: AnalyticsEventTracker ***Event***Event{ts=1728018103763, meta={"box_type":"iptv","source_of_stream":"2 | Home.screen_visible.none.none.none.none.none.none.none | none.screen_visible.none.none.none.none.none.none.none | none.click.none.none.none.none.settings_icon.none.none | none.click.tab_click.none.none.0.none.none.none | settings.click.settings_click.none.none.none.settings_icon.none.none | settings.screen_visible.none.none.none.none.none.none.none | settings.screen_visible.none.none.none.none.none.none.none | settings_L1.click.settings_click.none.none.none.Help Videos.none.none","asset_name":"Help Videos","app_version":"1.0.0019:237","box_model":"bx:1.2.3","action":"settings_click","customer_id":"3026341863","firmware":"fw:1.2.3","source_name":"settings_L1"}, uid=5ye_gfsYCZe-PoQ4A0, did=8fb17cc052aef526, os=Android, ov=34, bn=237, nq=-1, nt=2, nct=0, lc=en|hi|ta|kn, av=1.0.0019, dt=STB, type=click, adid=95acddf7-5a94-4681-bf0a-0a767be9f2c3, brand=Airtel-Xstream, model=XstreamIPTV1-VT, dname=Vantiva XstreamIPTV1-VT, appId=IPTV, sId=8fb17cc052aef526, profileId=, ab_test=86079:0|108429:0|42374:0|78244:0|95458:0|75817:0|60412:1|117812:1|120676:1|113632:1|116206:0|66480:0|100390:2|76965:1|110385:0|129832:2, city=Delhi, state=National Capital Territory of Delhi, country=India, firebase_id=687ecd54b0fd95386e529fbf62179576} Critical: false
10-04 10:31:43.777   696  2853 E CellBroadcastUtils: getDefaultCellBroadcastReceiverPackageName: no package found
--------- beginning of system
10-04 10:31:43.784   696  2853 E Transition: Trying to add a ready-group twice: Display{#0 state=ON size=1920x1080 ROTATION_0}
10-04 10:31:43.785   696  2853 I ActivityTaskManager: START u0 {cmp=com.airtel.tv/tv.airtel.xstream.ui.settings.NewSettingsFullscreenActivity (has extras)} with LAUNCH_SINGLE_TASK from uid 10043 (BAL_ALLOW_ALLOWLISTED_COMPONENT) result code=0
