10-04 10:25:56.868  8084  8084 D Glide   : Finished loading BitmapDrawable from MEMORY_CACHE for http://tvimg.wynk.in/unsafe/fit-in/1920x548/filters:no_upscale():format(webp)/https://s3.ap-south-1.amazonaws.com/discovery-prod-arsenal/tile/artwork/1727983622442_ind_vs_nz-4-oct-7.30-pm_4k_1920-x-548.jpg with size [-2147483648x-2147483648] in 0.412667 ms
10-04 10:25:56.881  8084  8084 D Glide   : Finished loading BitmapDrawable from MEMORY_CACHE for http://tvimg.wynk.in/unsafe/fit-in/1920x548/filters:no_upscale():format(webp)/https://s3.ap-south-1.amazonaws.com/discovery-prod-arsenal/tile/artwork/1727954088147_pl-tournament_xstream-banner_1920-x-548.jpg with size [-2147483648x-2147483648] in 0.41954199999999997 ms
10-04 10:25:56.883  8084  8084 I showFeaturedBanner: 
10-04 10:25:56.905   426  1494 D rtk_heartbeat: heartbeat_timed_out: heartbeatCmdCount = 43661, expected nextSeqNum = 43661
10-04 10:25:56.906   426  1381 D rtk_heartbeat: rtkbt_heartbeat_cmpl_cback: Current SeqNum = 43661,should SeqNum=43661, status = 0
10-04 10:25:56.912  7788  7788 I GoogleInputMethodService: GoogleInputMethodService.onFinishInput():3184 
10-04 10:25:56.912  8084  8084 I Choreographer: Skipped 37 frames!  The application may be doing too much work on its main thread.
10-04 10:25:56.913  7788  7788 I GoogleInputMethodService: GoogleInputMethodService.updateDeviceLockedStatus():2246 repeatCheckTimes = 0, locked = false
10-04 10:25:56.913  7788  7788 I GoogleInputMethodService: GoogleInputMethodService.onStartInput():1982 onStartInput(EditorInfo{EditorInfo{packageName=com.airtel.tv, inputType=0, inputTypeString=NULL, enableLearning=false, autoCorrection=false, autoComplete=false, imeOptions=0, privateImeOptions=null, actionName=UNSPECIFIED, actionLabel=null, initialSelStart=-1, initialSelEnd=-1, initialCapsMode=0, label=null, fieldId=0, fieldName=null, extras=null, hintText=null, hintLocales=[]}}, false)
10-04 10:25:56.914  7788  7788 I GoogleInputMethodService: GoogleInputMethodService.updateDeviceLockedStatus():2246 repeatCheckTimes = 1, locked = false
10-04 10:25:56.914  7788  7788 I AndroidIME: InputBundleManager.loadActiveInputBundleId():450 loadActiveInputBundleId: und-Latn-x-password, password
10-04 10:25:56.915  7788  7788 I EmojiCompatManager: EmojiCompatManager.getEmojiCompatIfLoaded():342 EmojiCompat.init() was never called.
10-04 10:25:56.915  7788  7788 I EmojiCompatManager: java.lang.IllegalStateException: EmojiCompat is not initialized. Please call EmojiCompat.init() first
10-04 10:25:56.915  7788  7788 I EmojiCompatManager: 	at so.g(PG:3)
10-04 10:25:56.915  7788  7788 I EmojiCompatManager: 	at abd.a(PG:6)
10-04 10:25:56.915  7788  7788 I EmojiCompatManager: 	at edb.d(PG:1)
10-04 10:25:56.915  7788  7788 I EmojiCompatManager: 	at edb.b(PG:6)
10-04 10:25:56.915  7788  7788 I EmojiCompatManager: 	at com.android.inputmethod.latin.LatinIME.f(PG:286)
10-04 10:25:56.915  7788  7788 I EmojiCompatManager: 	at epp.onStartInput(PG:170)
10-04 10:25:56.915  7788  7788 I EmojiCompatManager: 	at android.inputmethodservice.InputMethodService.doStartInput(InputMethodService.java:3115)
10-04 10:25:56.915  7788  7788 I EmojiCompatManager: 	at android.inputmethodservice.InputMethodService$InputMethodImpl.startInput(InputMethodService.java:824)
10-04 10:25:56.915  7788  7788 I EmojiCompatManager: 	at android.inputmethodservice.InputMethodService$InputMethodImpl.dispatchStartInput(InputMethodService.java:853)
10-04 10:25:56.915  7788  7788 I EmojiCompatManager: 	at android.inputmethodservice.IInputMethodWrapper.executeMessage(IInputMethodWrapper.java:197)
10-04 10:25:56.915  7788  7788 I EmojiCompatManager: 	at com.android.internal.os.HandlerCaller$MyHandler.handleMessage(HandlerCaller.java:44)
10-04 10:25:56.915  7788  7788 I EmojiCompatManager: 	at android.os.Handler.dispatchMessage(Handler.java:106)
10-04 10:25:56.915  7788  7788 I EmojiCompatManager: 	at android.os.Looper.loopOnce(Looper.java:205)
10-04 10:25:56.915  7788  7788 I EmojiCompatManager: 	at android.os.Looper.loop(Looper.java:294)
10-04 10:25:56.915  7788  7788 I EmojiCompatManager: 	at android.app.ActivityThread.main(ActivityThread.java:8177)
10-04 10:25:56.915  7788  7788 I EmojiCompatManager: 	at java.lang.reflect.Method.invoke(Native Method)
10-04 10:25:56.915  7788  7788 I EmojiCompatManager: 	at com.android.internal.os.RuntimeInit$MethodAndArgsCaller.run(RuntimeInit.java:552)
10-04 10:25:56.915  7788  7788 I EmojiCompatManager: 	at com.android.internal.os.ZygoteInit.main(ZygoteInit.java:971)
10-04 10:25:56.917  8084  8097 I OpenGLRenderer: Davey! duration=1080ms; Flags=0, FrameTimelineVsyncId=757647, IntendedVsync=43695414916665, Vsync=43695848684311, InputEventId=0, HandleInputStart=43695857567460, AnimationStart=43695857572585, PerformTraversalsStart=43695858017293, DrawStart=43696404792085, FrameDeadline=43695450284345, FrameInterval=43695857086668, FrameStartTime=16683371, SyncQueued=43696437492502, SyncStart=43696437614585, IssueDrawCommandsStart=43696442127294, SwapBuffers=43696474725460, FrameCompleted=43696495066585, DequeueBufferDuration=29375, QueueBufferDuration=1267125, GpuCompleted=43696495066585, SwapBuffersCompleted=43696478541377, DisplayPresentTime=43551586237475, CommandSubmissionCompleted=43696474725460, 
10-04 10:25:56.919   441   441 D hdmicecd: [CEC]:printCecMessage, [4 -> 0] len: 1, body: 8f, result:no ack
10-04 10:25:56.975   441   441 D hdmicecd: [CEC]:printCecMessage, [4 -> 0] len: 1, body: 8f, result:no ack
10-04 10:25:56.975   441   441 E IPCThreadState: binder thread pool (1 threads) starved for 112 ms
10-04 10:25:56.996  8084  8084 E ThemeUtils: View class com.airbnb.lottie.LottieAnimationView is an AppCompat widget that can only be used with a Theme.AppCompat theme (or descendant).
10-04 10:25:57.000  8084  8084 E ThemeUtils: View class androidx.appcompat.widget.AppCompatTextView is an AppCompat widget that can only be used with a Theme.AppCompat theme (or descendant).
10-04 10:25:57.004  8084  8084 E ThemeUtils: View class androidx.appcompat.widget.AppCompatTextView is an AppCompat widget that can only be used with a Theme.AppCompat theme (or descendant).
10-04 10:25:57.013  8084  8084 E ThemeUtils: View class com.airbnb.lottie.LottieAnimationView is an AppCompat widget that can only be used with a Theme.AppCompat theme (or descendant).
10-04 10:25:57.016  8084  8084 E ThemeUtils: View class androidx.appcompat.widget.AppCompatTextView is an AppCompat widget that can only be used with a Theme.AppCompat theme (or descendant).
10-04 10:25:57.020  8084  8084 E ThemeUtils: View class androidx.appcompat.widget.AppCompatTextView is an AppCompat widget that can only be used with a Theme.AppCompat theme (or descendant).
10-04 10:25:57.024  8084  8084 D Glide   : Finished loading BitmapDrawable from DATA_DISK_CACHE for http://tvimg.wynk.in/unsafe/fit-in/300x169/filters:no_upscale():format(webp)/https://xstreamcp-assets-msp.streamready.in/assets/SONYLIV_VOD/MOVIE/6485908c82488153bfe3e82b/images/salute_12aug_landscape_thumb.jpg with size [-2147483648x-2147483648] in 590.878083 ms
10-04 10:25:57.029  8084  8084 D Glide   : Finished loading BitmapDrawable from DATA_DISK_CACHE for http://tvimg.wynk.in/unsafe/fit-in/300x169/filters:no_upscale():format(webp)/https://xstreamcp-assets-msp.streamready.in/assets/LIONSGATEPLAY/MOVIE/64f9ad835987c22787ba37a4/images/THEBLACKDEMONY2023MHI-airtel-cover-poster-1923X1082.jpg with size [-2147483648x-2147483648] in 565.7864999999999 ms
10-04 10:25:57.031   441   441 D hdmicecd: [CEC]:printCecMessage, [4 -> 0] len: 1, body: 8f, result:no ack
10-04 10:25:57.031  8084  8084 D Glide   : Finished loading BitmapDrawable from DATA_DISK_CACHE for http://tvimg.wynk.in/unsafe/fit-in/300x169/filters:no_upscale():format(webp)/https://xstreamcp-assets-msp.streamready.in/assets/SONYLIV_VOD/EPISODE/6485cad482488153bfe4a7f5/images/maharani5_landscape_image.jpg with size [-2147483648x-2147483648] in 541.495959 ms
10-04 10:25:57.032  8084  8084 D Glide   : Finished loading BitmapDrawable from DATA_DISK_CACHE for http://tvimg.wynk.in/unsafe/fit-in/300x169/filters:no_upscale():format(webp)/https://xstreamcp-assets-msp.streamready.in/assets/SONYLIV_VOD/EPISODE/668fa79413fc7c3c9b6d8187/images/36_day_1920x1080_clean_airtel_landscape.jpg with size [-2147483648x-2147483648] in 516.2139169999999 ms
10-04 10:25:57.034  8084  8084 D Glide   : Finished loading BitmapDrawable from DATA_DISK_CACHE for http://tvimg.wynk.in/unsafe/fit-in/300x169/filters:no_upscale():format(webp)/https://xstreamcp-assets-msp.streamready.in/assets/SHEMAROOME/MOVIE/6478338c59fcb666645f6943/images/xl_image_16_9_airtel_1723465577.jpg with size [-2147483648x-2147483648] in 491.06729199999995 ms
10-04 10:25:57.035  8084  8084 D Glide   : Finished loading BitmapDrawable from DATA_DISK_CACHE for http://tvimg.wynk.in/unsafe/fit-in/300x169/filters:no_upscale():format(webp)/https://xstreamcp-assets-msp.streamready.in/assets/SHEMAROOME/MOVIE/6478327359fcb666645f5dc1/images/xl_image_16_9_1630335742.jpg with size [-2147483648x-2147483648] in 466.692958 ms
10-04 10:25:57.040  8084  8084 E ThemeUtils: View class com.airbnb.lottie.LottieAnimationView is an AppCompat widget that can only be used with a Theme.AppCompat theme (or descendant).
10-04 10:25:57.044  8084  8084 E ThemeUtils: View class androidx.appcompat.widget.AppCompatTextView is an AppCompat widget that can only be used with a Theme.AppCompat theme (or descendant).
10-04 10:25:57.048  8084  8084 E ThemeUtils: View class androidx.appcompat.widget.AppCompatTextView is an AppCompat widget that can only be used with a Theme.AppCompat theme (or descendant).
10-04 10:25:57.054  8084  8084 E ThemeUtils: View class com.airbnb.lottie.LottieAnimationView is an AppCompat widget that can only be used with a Theme.AppCompat theme (or descendant).
10-04 10:25:57.057  8084  8084 E ThemeUtils: View class androidx.appcompat.widget.AppCompatTextView is an AppCompat widget that can only be used with a Theme.AppCompat theme (or descendant).
10-04 10:25:57.062  8084  8084 E ThemeUtils: View class androidx.appcompat.widget.AppCompatTextView is an AppCompat widget that can only be used with a Theme.AppCompat theme (or descendant).
10-04 10:25:57.068  8084  8097 I OpenGLRenderer: Davey! duration=773ms; Flags=0, FrameTimelineVsyncId=757663, IntendedVsync=43695865367628, Vsync=43696482652355, InputEventId=0, HandleInputStart=43696499595252, AnimationStart=43696499600002, PerformTraversalsStart=43696502109585, DrawStart=43696545559544, FrameDeadline=43696518019113, FrameInterval=43696498690335, FrameStartTime=16683371, SyncQueued=43696552806169, SyncStart=43696552929752, IssueDrawCommandsStart=43696608669919, SwapBuffers=43696626312585, FrameCompleted=43696638923752, DequeueBufferDuration=31125, QueueBufferDuration=1046125, GpuCompleted=43696638923752, SwapBuffersCompleted=43696629229835, DisplayPresentTime=43551602920739, CommandSubmissionCompleted=43696626312585, 
10-04 10:25:57.084  8084  8084 E ThemeUtils: View class com.airbnb.lottie.LottieAnimationView is an AppCompat widget that can only be used with a Theme.AppCompat theme (or descendant).
10-04 10:25:57.087   441   441 D hdmicecd: [CEC]:printCecMessage, [4 -> 0] len: 1, body: 8f, result:no ack
10-04 10:25:57.087   441   441 E IPCThreadState: binder thread pool (1 threads) starved for 112 ms
10-04 10:25:57.088  8084  8084 E ThemeUtils: View class androidx.appcompat.widget.AppCompatTextView is an AppCompat widget that can only be used with a Theme.AppCompat theme (or descendant).
10-04 10:25:57.092  8084  8084 E ThemeUtils: View class androidx.appcompat.widget.AppCompatTextView is an AppCompat widget that can only be used with a Theme.AppCompat theme (or descendant).
10-04 10:25:57.100  8084  8084 D Glide   : Finished loading BitmapDrawable from MEMORY_CACHE for http://tvimg.wynk.in/unsafe/fit-in/300x169/filters:no_upscale():format(webp)/https://s3.ap-south-1.amazonaws.com/discovery-prod-arsenal/tile/artwork/1722516626882_funschool.jpg with size [-2147483648x-2147483648] in 0.395084 ms
10-04 10:25:57.100  8084  8084 D Glide Image loaded for url DeferredCoroutine{Completed}@6ed2d12: 
10-04 10:25:57.104  8084  8084 D Glide   : Finished loading BitmapDrawable from MEMORY_CACHE for http://tvimg.wynk.in/unsafe/fit-in/300x169/filters:no_upscale():format(webp)/https://s3.ap-south-1.amazonaws.com/discovery-prod-arsenal/tile/artwork/1724061688061_sunehre_pal.jpg with size [-2147483648x-2147483648] in 0.411166 ms
10-04 10:25:57.104  8084  8084 D Glide Image loaded for url DeferredCoroutine{Completed}@b983d99: 
10-04 10:25:57.163   696   696 D ResendCecCommandAction: sendCommandWithoutRetries failed, retry
10-04 10:25:57.163   696   949 D HDMI    : [S]:<Text View On> 40:0D
10-04 10:25:57.203  6706  6706 I cast_shell: [1004/102557.202963:INFO:service_base.h(78)] Size of the map for type AuthTokenResponse is 0
10-04 10:25:57.220   441   441 D hdmicecd: [CEC]:printCecMessage, [4 -> 0] len: 1, body: 0d, result:no ack
10-04 10:25:57.225  8084  8143 I WM-WorkerWrapper: Worker result SUCCESS for Work [ id=812654fe-33e4-4c55-a87a-b9e9794d6ca4, tags={ tv.airtel.wynk.analytics.sync.service.AnalyticsSyncService, com.airtel.analyticsSyncService } ]
10-04 10:25:57.231  6706  6706 I cast_shell: [1004/102557.230931:INFO:service_base.h(246)] Container sizes for type CloudSetting are (session_info_map: 0), (topic_info_map: 21), (pending_events: 0).
10-04 10:25:57.236  6706  6732 I cast_shell: [1004/102557.236016:INFO:wifi_frame_histogram_capturer.cc(406)] No histogram or IOCTL data
10-04 10:25:57.239  8084  8084 D Glide   : Finished loading BitmapDrawable from MEMORY_CACHE for http://tvimg.wynk.in/unsafe/fit-in/300x169/filters:no_upscale():format(webp)/https://s3.ap-south-1.amazonaws.com/discovery-prod-arsenal/tile/artwork/1722516970110_anime-booth.jpg with size [-2147483648x-2147483648] in 0.430917 ms
10-04 10:25:57.239  8084  8084 D Glide Image loaded for url DeferredCoroutine{Completed}@9e00e70: 
10-04 10:25:57.239  6706  6732 I cast_shell: [1004/102557.239499:INFO:wifi_util.cc(197)] Current wifi TDLS peers:
10-04 10:25:57.239  6706  6732 I cast_shell: [1004/102557.239600:INFO:wifi_util.cc(199)] 	No peers:
10-04 10:25:57.241  8084  8084 D Glide   : Finished loading BitmapDrawable from MEMORY_CACHE for http://tvimg.wynk.in/unsafe/fit-in/300x169/filters:no_upscale():format(webp)/https://s3.ap-south-1.amazonaws.com/discovery-prod-arsenal/tile/artwork/1723200512723_zindagi_updated.jpg with size [-2147483648x-2147483648] in 0.380833 ms
10-04 10:25:57.241  8084  8084 D Glide Image loaded for url DeferredCoroutine{Completed}@9b89d0f: 
10-04 10:25:57.245  8084  8084 D Glide   : Finished loading BitmapDrawable from MEMORY_CACHE for http://tvimg.wynk.in/unsafe/fit-in/300x169/filters:no_upscale():format(webp)/https://s3.ap-south-1.amazonaws.com/discovery-prod-arsenal/tile/artwork/1722433605210_miniplex_batch_2.jpg with size [-2147483648x-2147483648] in 0.386583 ms
10-04 10:25:57.245  8084  8084 D Glide Image loaded for url DeferredCoroutine{Completed}@a35377a: 
10-04 10:25:57.247  8084  8084 D Glide   : Finished loading BitmapDrawable from MEMORY_CACHE for http://tvimg.wynk.in/unsafe/fit-in/300x169/filters:no_upscale():format(webp)/https://s3.ap-south-1.amazonaws.com/discovery-prod-arsenal/tile/artwork/1722433863153_rahasyamay_batch_2.jpg with size [-2147483648x-2147483648] in 0.365666 ms
10-04 10:25:57.247  8084  8084 D Glide Image loaded for url DeferredCoroutine{Completed}@9f3f921: 
10-04 10:25:57.248  8084  8084 D Glide   : Finished loading BitmapDrawable from DATA_DISK_CACHE for http://tvimg.wynk.in/unsafe/fit-in/228x335/filters:no_upscale():format(webp)/https://image.airtel.tv/FANCODE/FANCODE_MATCH_LIVE_108721/PORTRAIT/Deafult_2_x_3_2.jpg with size [-2147483648x-2147483648] in 179.028833 ms
10-04 10:25:57.248  8084  8084 D Glide Image loaded for url DeferredCoroutine{Completed}@34f5146: 
10-04 10:25:57.249  6706  6706 I cast_shell: [1004/102557.249042:INFO:metrics_recorder.cc(193)] Record action: Cast.CecHdmiInputState.Active
10-04 10:25:57.249  6706  6706 I cast_shell: [1004/102557.249175:INFO:metrics_recorder.cc(193)] Record action: Cast.CecStandby.On
10-04 10:25:57.250  8084  8084 D Glide   : Finished loading BitmapDrawable from DATA_DISK_CACHE for http://tvimg.wynk.in/unsafe/fit-in/228x335/filters:no_upscale():format(webp)/https://image.airtel.tv/MWTV/MWTV_LIVETVCHANNEL_717/PORTRAIT/4ZNf4dH3.png with size [-2147483648x-2147483648] in 177.964541 ms
10-04 10:25:57.250  8084  8084 D Glide Image loaded for url DeferredCoroutine{Completed}@5ad1f07: 
10-04 10:25:57.258  8084  8084 D Glide   : Finished loading BitmapDrawable from MEMORY_CACHE for http://tvimg.wynk.in/unsafe/fit-in/300x169/filters:no_upscale():format(webp)/https://xstreamcp-assets-msp.streamready.in/assets/SONYLIV_VOD/MOVIE/6485908c82488153bfe3e82b/images/salute_12aug_landscape_thumb.jpg with size [-2147483648x-2147483648] in 0.21229199999999998 ms
10-04 10:25:57.275   441   441 D hdmicecd: [CEC]:printCecMessage, [4 -> 0] len: 1, body: 0d, result:no ack
10-04 10:25:57.275   441   441 E IPCThreadState: binder thread pool (1 threads) starved for 111 ms
10-04 10:25:57.280  8084  8084 D Glide   : Finished loading BitmapDrawable from MEMORY_CACHE for http://tvimg.wynk.in/unsafe/fit-in/300x169/filters:no_upscale():format(webp)/https://xstreamcp-assets-msp.streamready.in/assets/LIONSGATEPLAY/MOVIE/64f9ad835987c22787ba37a4/images/THEBLACKDEMONY2023MHI-airtel-cover-poster-1923X1082.jpg with size [-2147483648x-2147483648] in 16.657041 ms
10-04 10:25:57.284  8084  8084 D Glide   : Finished loading BitmapDrawable from MEMORY_CACHE for http://tvimg.wynk.in/unsafe/fit-in/300x169/filters:no_upscale():format(webp)/https://xstreamcp-assets-msp.streamready.in/assets/SONYLIV_VOD/EPISODE/6485cad482488153bfe4a7f5/images/maharani5_landscape_image.jpg with size [-2147483648x-2147483648] in 0.21862499999999999 ms
10-04 10:25:57.288  8084  8084 D Glide   : Finished loading BitmapDrawable from MEMORY_CACHE for http://tvimg.wynk.in/unsafe/fit-in/300x169/filters:no_upscale():format(webp)/https://xstreamcp-assets-msp.streamready.in/assets/SONYLIV_VOD/EPISODE/668fa79413fc7c3c9b6d8187/images/36_day_1920x1080_clean_airtel_landscape.jpg with size [-2147483648x-2147483648] in 0.169541 ms
10-04 10:25:57.292  8084  8084 D Glide   : Finished loading BitmapDrawable from MEMORY_CACHE for http://tvimg.wynk.in/unsafe/fit-in/300x169/filters:no_upscale():format(webp)/https://xstreamcp-assets-msp.streamready.in/assets/SHEMAROOME/MOVIE/6478338c59fcb666645f6943/images/xl_image_16_9_airtel_1723465577.jpg with size [-2147483648x-2147483648] in 0.17174999999999999 ms
10-04 10:25:57.294  6706  6706 I cast_shell: [1004/102557.293995:INFO:metrics_stat_logger.cc(38)] Metrics stat for the past 60 secs : total=20
10-04 10:25:57.294  6706  6706 I cast_shell: [metrics_stat_logger] Cast.CecHdmiInputState.Active=1
10-04 10:25:57.294  6706  6706 I cast_shell: [metrics_stat_logger] Cast.CecStandby.On=1
10-04 10:25:57.294  6706  6706 I cast_shell: [metrics_stat_logger] Cast.ConnectionType.Wifi=1
10-04 10:25:57.294  6706  6706 I cast_shell: [metrics_stat_logger] Cast.Discovery.Mdns.Request.AppId.In=4
10-04 10:25:57.294  6706  6706 I cast_shell: [metrics_stat_logger] Cast.Discovery.Mdns.Request.In=6
10-04 10:25:57.294  6706  6706 I cast_shell: [metrics_stat_logger] Cast.Discovery.Mdns.Request.Namespace.In=4
10-04 10:25:57.294  6706  6706 I cast_shell: [metrics_stat_logger] Cast.Discovery.Mdns.Response.AppId.Out=4
10-04 10:25:57.294  6706  6706 I cast_shell: [metrics_stat_logger] Cast.Discovery.Mdns.Response.Error.NamespaceNotSupported=4
10-04 10:25:57.294  6706  6706 I cast_shell: [metrics_stat_logger] Cast.Discovery.Mdns.Response.Out=6
10-04 10:25:57.294  6706  6706 I cast_shell: [metrics_stat_logger] Cast.Network.CheckIn=1
10-04 10:25:57.294  6706  6706 I cast_shell: [metrics_stat_logger] Cast.RobotAccountAuth.FetchToken=1
10-04 10:25:57.294  6706  6706 I cast_shell: [metrics_stat_logger] Cast.RobotAccountAuth.Update.NOT_LINKED.NOT_LINKED=1
10-04 10:25:57.294  6706  6706 I cast_shell: [metrics_stat_logger] CastV2.Connection.Connect.In=1
10-04 10:25:57.294  6706  6706 I cast_shell: [metrics_stat_logger] CastV2.Receiver.DeviceStatus.Out=1
10-04 10:25:57.294  6706  6706 I cast_shell: [metrics_stat_logger] CastV2.Receiver.GetAppAvailability.In=1
10-04 10:25:57.294  6706  6706 I cast_shell: [metrics_stat_logger] CastV2.Receiver.GetAppAvailability.Out=1
10-04 10:25:57.294  6706  6706 I cast_shell: [metrics_stat_logger] CastV2.Receiver.GetStatus.In=1
10-04 10:25:57.294  6706  6706 I cast_shell: [metrics_stat_logger] CastV2.Transport.Accept=1
10-04 10:25:57.294  6706  6706 I cast_shell: [metrics_stat_logger] CastV2.Transport.Close=1
10-04 10:25:57.294  6706  6706 I cast_shell: [metrics_stat_logger] CastV2.Transport.TcpAccept=1
10-04 10:25:57.296  8084  8084 D Glide   : Finished loading BitmapDrawable from MEMORY_CACHE for http://tvimg.wynk.in/unsafe/fit-in/300x169/filters:no_upscale():format(webp)/https://xstreamcp-assets-msp.streamready.in/assets/SHEMAROOME/MOVIE/6478327359fcb666645f5dc1/images/xl_image_16_9_1630335742.jpg with size [-2147483648x-2147483648] in 0.18470799999999998 ms
10-04 10:25:57.331   441   441 D hdmicecd: [CEC]:printCecMessage, [4 -> 0] len: 1, body: 0d, result:no ack
10-04 10:25:57.351  8084  8084 D Glide   : Finished loading BitmapDrawable from DATA_DISK_CACHE for http://tvimg.wynk.in/unsafe/fit-in/228x335/filters:no_upscale():format(webp)/https://image.airtel.tv/MWTV/MWTV_LIVETVCHANNEL_254/PORTRAIT/LKNgfzia.png with size [-2147483648x-2147483648] in 276.645 ms
10-04 10:25:57.351  8084  8084 D Glide Image loaded for url DeferredCoroutine{Completed}@efeb3a9: 
10-04 10:25:57.353  8084  8143 I WM-WorkerWrapper: Worker result SUCCESS for Work [ id=369ff241-6599-42b2-b9cf-054318f82013, tags={ tv.airtel.wynk.analytics.sync.service.AnalyticsSyncService, com.airtel.analyticsSyncService } ]
10-04 10:25:57.360  8084  8093 I com.airtel.tv: Background young concurrent copying GC freed 420513(15MB) AllocSpace objects, 27(2596KB) LOS objects, 14% free, 98MB/114MB, paused 459us,2.707ms total 434.195ms
10-04 10:25:57.387   441   441 D hdmicecd: [CEC]:printCecMessage, [4 -> 0] len: 1, body: 0d, result:no ack
10-04 10:25:57.387   441   441 E IPCThreadState: binder thread pool (1 threads) starved for 111 ms
10-04 10:25:57.392  8084  8084 D Glide   : Finished loading BitmapDrawable from DATA_DISK_CACHE for http://tvimg.wynk.in/unsafe/fit-in/228x335/filters:no_upscale():format(webp)/https://image.airtel.tv/MWTV/MWTV_LIVETVCHANNEL_834/LANDSCAPE_43/Js98rDkv.png with size [-2147483648x-2147483648] in 159.912125 ms
10-04 10:25:57.392  8084  8084 D Glide Image loaded for url DeferredCoroutine{Completed}@55970cf: 
10-04 10:25:57.396   696   799 W JobScheduler: Job didn't exist in JobStore: 4bba017 #u0a43/2916 com.airtel.tv/androidx.work.impl.background.systemjob.SystemJobService
10-04 10:25:57.431  8084  8195 I WM-WorkerWrapper: Worker result SUCCESS for Work [ id=e48bed86-b83a-4dde-86e5-a54ed73be7bd, tags={ tv.airtel.wynk.analytics.sync.service.AnalyticsSyncService, com.airtel.analyticsSyncService } ]
10-04 10:25:57.437  8084  8084 D Glide   : Finished loading BitmapDrawable from DATA_DISK_CACHE for http://tvimg.wynk.in/unsafe/fit-in/228x335/filters:no_upscale():format(webp)/https://xstreamcp-assets-msp.streamready.in/assets/EPICON/MOVIE/64d331750bd0ce0136846151/images/1614598480-agnivayu-vertical-500x750.jpg with size [-2147483648x-2147483648] in 203.39654199999998 ms
10-04 10:25:57.437  8084  8084 D Glide Image loaded for url DeferredCoroutine{Completed}@85e0a92: 
10-04 10:25:57.442   696   799 W JobScheduler: Job didn't exist in JobStore: dd026b3 #u0a43/2917 com.airtel.tv/androidx.work.impl.background.systemjob.SystemJobService
10-04 10:25:57.456  8084  8095 W System  : A resource failed to call CursorWindow.close. 
10-04 10:25:57.456  8084  8095 W System  : A resource failed to call CursorWrapperInner.close. 
10-04 10:25:57.470  8084  8195 I WM-WorkerWrapper: Worker result SUCCESS for Work [ id=1641cb91-bc63-4240-ba4e-419d2d3e85d0, tags={ tv.airtel.wynk.analytics.sync.service.AnalyticsSyncService, com.airtel.analyticsSyncService } ]
10-04 10:25:57.473  8084  8084 D Glide   : Finished loading BitmapDrawable from DATA_DISK_CACHE for http://tvimg.wynk.in/unsafe/fit-in/228x335/filters:no_upscale():format(webp)/https://xstreamcp-assets-msp.streamready.in/assets/EPICON/MOVIE/65fa0b28a23caa4f374b2ddc/images/1721902759-45322247-500x750.jpg with size [-2147483648x-2147483648] in 237.849417 ms
10-04 10:25:57.476  8084  8084 D Glide Image loaded for url DeferredCoroutine{Completed}@92e4060: 
10-04 10:25:57.506  8084  8195 I WM-WorkerWrapper: Worker result SUCCESS for Work [ id=cc93184c-43fb-482d-979c-a84e2cbaa603, tags={ tv.airtel.wynk.analytics.sync.service.AnalyticsSyncService, com.airtel.analyticsSyncService } ]
10-04 10:25:57.515   696   799 W JobScheduler: Job didn't exist in JobStore: d01f86e #u0a43/2918 com.airtel.tv/androidx.work.impl.background.systemjob.SystemJobService
10-04 10:25:57.524   696  1088 W JobScheduler: Job didn't exist in JobStore: 36ebd07 #u0a43/2920 com.airtel.tv/androidx.work.impl.background.systemjob.SystemJobService
10-04 10:25:57.528   696  1088 W JobScheduler: Job didn't exist in JobStore: cff2188 #u0a43/2919 com.airtel.tv/androidx.work.impl.background.systemjob.SystemJobService
10-04 10:25:57.542  8084  8195 I WM-WorkerWrapper: Worker result SUCCESS for Work [ id=35b122e2-d4c2-4b98-89f7-45f9a3ab7887, tags={ tv.airtel.wynk.analytics.sync.service.AnalyticsSyncService, com.airtel.analyticsSyncService } ]
10-04 10:25:57.574  8084  8195 I WM-WorkerWrapper: Worker result SUCCESS for Work [ id=1bf0f540-7aaa-4b47-aefc-7d1a46aad883, tags={ tv.airtel.wynk.analytics.sync.service.AnalyticsSyncService, com.airtel.analyticsSyncService } ]
10-04 10:25:57.601  8084  8195 I WM-WorkerWrapper: Worker result SUCCESS for Work [ id=6ae0afba-6186-452f-a797-0644b6751dc1, tags={ tv.airtel.wynk.analytics.sync.service.AnalyticsSyncService, com.airtel.analyticsSyncService } ]
10-04 10:25:57.627  8084  8195 I WM-WorkerWrapper: Worker result SUCCESS for Work [ id=6a80145c-b6ad-4afa-b35b-b59f733f3761, tags={ tv.airtel.wynk.analytics.sync.service.AnalyticsSyncService, com.airtel.analyticsSyncService } ]
10-04 10:25:57.687   696   696 D ResendCecCommandAction: sendCommandWithoutRetries failed, retry
10-04 10:25:57.688   696   949 D HDMI    : [S]:<Text View On> 40:0D
10-04 10:25:57.743   441   441 D hdmicecd: [CEC]:printCecMessage, [4 -> 0] len: 1, body: 0d, result:no ack
10-04 10:25:57.798   441   441 D hdmicecd: [CEC]:printCecMessage, [4 -> 0] len: 1, body: 0d, result:no ack
10-04 10:25:57.801   441   441 E IPCThreadState: binder thread pool (1 threads) starved for 113 ms
10-04 10:25:57.808  1154  1154 I ThermalService: CPU temperatures: [47.7]
10-04 10:25:57.855   441   441 D hdmicecd: [CEC]:printCecMessage, [4 -> 0] len: 1, body: 0d, result:no ack
10-04 10:25:57.860   696  1553 E TaskPersister: File error accessing recents directory (directory doesn't exist?).
10-04 10:25:57.905   426  1494 D rtk_heartbeat: heartbeat_timed_out: heartbeatCmdCount = 43662, expected nextSeqNum = 43662
10-04 10:25:57.906   426  1381 D rtk_heartbeat: rtkbt_heartbeat_cmpl_cback: Current SeqNum = 43662,should SeqNum=43662, status = 0
10-04 10:25:57.911   441   441 D hdmicecd: [CEC]:printCecMessage, [4 -> 0] len: 1, body: 0d, result:no ack
10-04 10:25:57.911   441   441 E IPCThreadState: binder thread pool (1 threads) starved for 110 ms
10-04 10:25:58.118  8084  8195 I WM-WorkerWrapper: Worker result SUCCESS for Work [ id=1d7af5c8-0dac-475a-8e42-2db8d05085aa, tags={ tv.airtel.wynk.analytics.sync.service.AnalyticsSyncService, com.airtel.analyticsSyncService } ]
10-04 10:25:58.176   696  1088 W JobScheduler: Job didn't exist in JobStore: 1677839 #u0a43/2931 com.airtel.tv/androidx.work.impl.background.systemjob.SystemJobService
10-04 10:25:58.196   696  1088 W JobScheduler: Job didn't exist in JobStore: 294d130 #u0a43/2936 com.airtel.tv/androidx.work.impl.background.systemjob.SystemJobService
10-04 10:25:58.214   696   799 W JobScheduler: Job didn't exist in JobStore: 59a6afb #u0a43/2933 com.airtel.tv/androidx.work.impl.background.systemjob.SystemJobService
10-04 10:25:58.233   696   799 W JobScheduler: Job didn't exist in JobStore: 169290b #u0a43/2928 com.airtel.tv/androidx.work.impl.background.systemjob.SystemJobService
10-04 10:25:58.260   696   799 W JobScheduler: Job didn't exist in JobStore: 4cec53d #u0a43/2930 com.airtel.tv/androidx.work.impl.background.systemjob.SystemJobService
10-04 10:25:58.269   696   799 W JobScheduler: Job didn't exist in JobStore: ae140a6 #u0a43/2929 com.airtel.tv/androidx.work.impl.background.systemjob.SystemJobService
10-04 10:25:58.277   696  1088 W JobScheduler: Job didn't exist in JobStore: 511f56 #u0a43/2934 com.airtel.tv/androidx.work.impl.background.systemjob.SystemJobService
10-04 10:25:58.290   696  2853 W JobScheduler: Job didn't exist in JobStore: 6077ad #u0a43/2935 com.airtel.tv/androidx.work.impl.background.systemjob.SystemJobService
10-04 10:25:58.294   696   799 W JobScheduler: Job didn't exist in JobStore: 54b042c #u0a43/2932 com.airtel.tv/androidx.work.impl.background.systemjob.SystemJobService
10-04 10:25:58.419  8084 10415 D EPG_UpdateEPGCache: EPG CacheUpdate happening 4914
10-04 10:25:58.422   424   582 I audio_hw_hal_alsamgr: alsa format =0x1 delay frames =1024 total frames=2096896000
10-04 10:25:58.546  6706  6767 I cast_shell: [1004/102558.546127:INFO:mdns_cast_service.cc(987)] Recent mDNS app subtypes: [supported:'CFE7FEDA',] [unsupported:]
10-04 10:25:58.619   696   696 D HDMI    : one touch play retry:2
10-04 10:25:58.621   696   949 D HDMI    : [S]:<Text View On> 40:0D
10-04 10:25:58.675   441   441 D hdmicecd: [CEC]:printCecMessage, [4 -> 0] len: 1, body: 0d, result:no ack
10-04 10:25:58.710  6706  6767 I cast_shell: [1004/102558.710736:INFO:mdns_app_filter.cc(3550)] Mdns cast queries recently sent: queries=1
10-04 10:25:58.731   441   441 D hdmicecd: [CEC]:printCecMessage, [4 -> 0] len: 1, body: 0d, result:no ack
10-04 10:25:58.731   441   441 E IPCThreadState: binder thread pool (1 threads) starved for 110 ms
10-04 10:25:58.787   441   441 D hdmicecd: [CEC]:printCecMessage, [4 -> 0] len: 1, body: 0d, result:no ack
10-04 10:25:58.843   441   441 D hdmicecd: [CEC]:printCecMessage, [4 -> 0] len: 1, body: 0d, result:no ack
10-04 10:25:58.843   441   441 E IPCThreadState: binder thread pool (1 threads) starved for 112 ms
10-04 10:25:58.844   696   696 D ResendCecCommandAction: ResendCecCommandAction started
10-04 10:25:58.845   696   949 D HDMI    : [S]:<Give Device Power Status> 40:8F
10-04 10:25:58.900   441   441 D hdmicecd: [CEC]:printCecMessage, [4 -> 0] len: 1, body: 8f, result:no ack
10-04 10:25:58.906   426  1494 D rtk_heartbeat: heartbeat_timed_out: heartbeatCmdCount = 43663, expected nextSeqNum = 43663
10-04 10:25:58.907   426  1381 D rtk_heartbeat: rtkbt_heartbeat_cmpl_cback: Current SeqNum = 43663,should SeqNum=43663, status = 0
10-04 10:25:58.954   441   441 D hdmicecd: [CEC]:printCecMessage, [4 -> 0] len: 1, body: 8f, result:no ack
10-04 10:25:58.955   441   441 E IPCThreadState: binder thread pool (1 threads) starved for 110 ms
10-04 10:25:59.015   441   441 D hdmicecd: [CEC]:printCecMessage, [4 -> 0] len: 1, body: 8f, result:no ack
10-04 10:25:59.075     0     0 W [2 T1289  ..] RTW: rtw_get_sta_tx_stat() not support
10-04 10:25:59.075     0     0 W [2 T1289  ..] RTW: cfg80211_rtw_get_txpower
10-04 10:25:59.074   441   441 D hdmicecd: [CEC]:printCecMessage, [4 -> 0] len: 1, body: 8f, result:no ack
10-04 10:25:59.074   441   441 E IPCThreadState: binder thread pool (1 threads) starved for 119 ms
10-04 10:25:59.144   696   696 D ResendCecCommandAction: sendCommandWithoutRetries failed, retry
10-04 10:25:59.144   696   949 D HDMI    : [S]:<Text View On> 40:0D
10-04 10:25:59.199   441   441 D hdmicecd: [CEC]:printCecMessage, [4 -> 0] len: 1, body: 0d, result:no ack
10-04 10:25:59.255   441   441 D hdmicecd: [CEC]:printCecMessage, [4 -> 0] len: 1, body: 0d, result:no ack
10-04 10:25:59.255   441   441 E IPCThreadState: binder thread pool (1 threads) starved for 110 ms
10-04 10:25:59.311   441   441 D hdmicecd: [CEC]:printCecMessage, [4 -> 0] len: 1, body: 0d, result:no ack
10-04 10:25:59.367   441   441 D hdmicecd: [CEC]:printCecMessage, [4 -> 0] len: 1, body: 0d, result:no ack
10-04 10:25:59.368   441   441 E IPCThreadState: binder thread pool (1 threads) starved for 113 ms
10-04 10:25:59.669   696   696 D ResendCecCommandAction: sendCommandWithoutRetries failed, retry
10-04 10:25:59.669   696   949 D HDMI    : [S]:<Text View On> 40:0D
10-04 10:25:59.727   441   441 D hdmicecd: [CEC]:printCecMessage, [4 -> 0] len: 1, body: 0d, result:no ack
10-04 10:25:59.787   441   441 D hdmicecd: [CEC]:printCecMessage, [4 -> 0] len: 1, body: 0d, result:no ack
10-04 10:25:59.787   441   441 E IPCThreadState: binder thread pool (1 threads) starved for 117 ms
10-04 10:25:59.813  1154  1154 I ThermalService: CPU temperatures: [47.800003]
10-04 10:25:59.843   441   441 D hdmicecd: [CEC]:printCecMessage, [4 -> 0] len: 1, body: 0d, result:no ack
10-04 10:25:59.899   441   441 D hdmicecd: [CEC]:printCecMessage, [4 -> 0] len: 1, body: 0d, result:no ack
10-04 10:25:59.899   441   441 E IPCThreadState: binder thread pool (1 threads) starved for 111 ms
10-04 10:25:59.906   426  1494 D rtk_heartbeat: heartbeat_timed_out: heartbeatCmdCount = 43664, expected nextSeqNum = 43664
10-04 10:25:59.909   426  1381 D rtk_heartbeat: rtkbt_heartbeat_cmpl_cback: Current SeqNum = 43664,should SeqNum=43664, status = 0
10-04 10:25:59.945 10962 10962 D MonkeyStub: translateCommand: press DPAD_RIGHT
10-04 10:25:59.950   459   459 I lights-tch: flashMode 0 id 2 onMs 0 offMs 0 brightness 0
10-04 10:25:59.951   625   625 W adbd    : timeout expired while flushing socket, closing
10-04 10:25:59.961   459   459 I lights-tch: flashMode 0 id 2 onMs 0 offMs 0 brightness 225
10-04 10:25:59.989  8084  8093 I com.airtel.tv: Background concurrent copying GC freed 230894(56MB) AllocSpace objects, 8(544KB) LOS objects, 19% free, 97MB/121MB, paused 209us,156us total 1.268s
10-04 10:26:00.005   424   673 I audio_hw_hal_primary: [register_audio_patch:7826] Patch 3:id:3 mix(io:13)->dev_0[OUT_HDMI(id:18)] found, register the same patch, do nothing.
10-04 10:26:00.005   424   673 I audio_hw_hal_primary: [adev_create_audio_patch:7927] Patch 3: MIX->DEVICE, num_src:1 num_sink:1 patch_src:INVAL
10-04 10:26:00.005   424   673 I audio_hw_hal_primary: [adev_create_audio_patch:7931] sink[0]: OUT_HDMI(id:18)
10-04 10:26:00.005   424   673 I audio_hw_hal_primary: [adev_create_audio_patch:7988] Patch 3: mix(io:13) -> dev[OUT_HDMI(id:18)]
10-04 10:26:00.006   424   673 I audio_hw_hal_primary: [adev_create_audio_patch:8056] dev=0xf3782930 cur_out_device=0x400
10-04 10:26:00.010  1154  1349 D UEventObserver: change@/devices/platform/auge_sound/sound/card0/controlC0��ACTION=change��DEVPATH=/devices/platform/auge_sound/sound/card0/controlC0��SUBSYSTEM=sound��AUDIO_FORMAT=0��MAJOR=116��MINOR=11��DEVNAME=snd/controlC0��SEQNUM=3295��
10-04 10:26:00.010  1154  1349 W ContextImpl: Calling a method in the system process without a qualified user: android.app.ContextImpl.sendBroadcast:1220 android.content.ContextWrapper.sendBroadcast:504 com.droidlogic.audioservice.services.AudioSystemCmdService$1.onUEvent:177 com.droidlogic.UEventObserver$UEventThread.sendEvent:213 com.droidlogic.UEventObserver$UEventThread.run:190 
10-04 10:26:00.012   472  1848 D audioserver: FGS Logger Transaction failed
10-04 10:26:00.012   472  1848 D audioserver: -129
10-04 10:26:00.015   424  8590 I audio_hw_hal_primary: [mixer_aux_buffer_write:6665] io 13: out:0xf2d00740 usecase:PCM_NORMAL standby to unstandby
10-04 10:26:00.015   424  8590 E audio_hw_hal_virtualbuf: ms12 system input underrun happens read=104670363508 write=4309333266 diff=100361030242
10-04 10:26:00.022  1154  1348 I AudioSystemCmdService: onAudioPatchListUpdate
10-04 10:26:00.027  1154  1348 I AudioSystemCmdService: mAudioSink:[{{mHandle: 18, mRole: SINK}, mType: hdmi, mAddress: }], previousSink:[{{mHandle: 18, mRole: SINK}, mType: hdmi, mAddress: }]
10-04 10:26:00.027  1154  1348 I AudioSystemCmdService: updateAudioPatch cur sink does not change.
10-04 10:26:00.037   424  8590 I audio_hw_hal_stream: aml_stream_out_info_print: out:0xf2d00740, stream_type:pcm, sync_mode:non tunnel, input_size:59531264 bytes
10-04 10:26:00.037   424  8590 I audio_hw_hal_stream: aml_stream_out_info_print: last_time:43599134 ms (sec:43599, nsec:134550080), last_position:309900 ms (14875216), cur_time:43699619 ms (sec:43699, nsec:619943087), cur_position:309980 ms (14879056)
10-04 10:26:00.037   424  8590 I audio_hw_hal_stream: aml_stream_out_info_print: time_gap:100485 ms (thr:100 ms), position_gap:80 ms, delay:78 ms, jitter: Position gap is behind system time gap by 100405 ms (thr:100 ms)
10-04 10:26:00.113     0     0 I [1 T230   ..] logd: logdr: UID=2000 GID=2000 PID=11020 n tail=0 logMask=99 pid=0 start=0ns deadline=0ns
10-04 10:26:00.120   424  8590 I audio_hw_hal_primary: [audiohal_get_latency:1258] io 13: out:0xf2d00740 frames:3072 rate:48000 whole_latency:64 alsa_latency:64
--------- beginning of main
10-04 10:26:00.219   424  8590 I audio_hw_hal_primary: [audiohal_get_latency:1258] io 13: out:0xf2d00740 frames:3072 rate:48000 whole_latency:64 alsa_latency:64
10-04 10:26:00.219   472   662 D audioserver: FGS Logger Transaction failed
10-04 10:26:00.219   472   662 D audioserver: -129
--------- beginning of system
10-04 10:26:00.621   696   696 D HDMI    : one touch play retry:3
10-04 10:26:00.622   696   949 D HDMI    : [S]:<Text View On> 40:0D
10-04 10:26:00.679   441   441 D hdmicecd: [CEC]:printCecMessage, [4 -> 0] len: 1, body: 0d, result:no ack
10-04 10:26:00.734   441   441 D hdmicecd: [CEC]:printCecMessage, [4 -> 0] len: 1, body: 0d, result:no ack
10-04 10:26:00.735   441   441 E IPCThreadState: binder thread pool (1 threads) starved for 112 ms
10-04 10:26:00.794   441   441 D hdmicecd: [CEC]:printCecMessage, [4 -> 0] len: 1, body: 0d, result:no ack
10-04 10:26:00.851   441   441 D hdmicecd: [CEC]:printCecMessage, [4 -> 0] len: 1, body: 0d, result:no ack
10-04 10:26:00.851   441   441 E IPCThreadState: binder thread pool (1 threads) starved for 116 ms
10-04 10:26:00.852   696   696 D ResendCecCommandAction: ResendCecCommandAction started
10-04 10:26:00.852   696   949 D HDMI    : [S]:<Give Device Power Status> 40:8F
10-04 10:26:00.906   426  1494 D rtk_heartbeat: heartbeat_timed_out: heartbeatCmdCount = 43665, expected nextSeqNum = 43665
10-04 10:26:00.907   441   441 D hdmicecd: [CEC]:printCecMessage, [4 -> 0] len: 1, body: 8f, result:no ack
10-04 10:26:00.907   426  1381 D rtk_heartbeat: rtkbt_heartbeat_cmpl_cback: Current SeqNum = 43665,should SeqNum=43665, status = 0
10-04 10:26:00.962   441   441 D hdmicecd: [CEC]:printCecMessage, [4 -> 0] len: 1, body: 8f, result:no ack
10-04 10:26:00.963   441   441 E IPCThreadState: binder thread pool (1 threads) starved for 111 ms
10-04 10:26:01.022   441   441 D hdmicecd: [CEC]:printCecMessage, [4 -> 0] len: 1, body: 8f, result:no ack
10-04 10:26:01.079   441   441 D hdmicecd: [CEC]:printCecMessage, [4 -> 0] len: 1, body: 8f, result:no ack
10-04 10:26:01.079   441   441 E IPCThreadState: binder thread pool (1 threads) starved for 116 ms
10-04 10:26:01.152   696   696 D ResendCecCommandAction: sendCommandWithoutRetries failed, retry
10-04 10:26:01.152   696   949 D HDMI    : [S]:<Text View On> 40:0D
10-04 10:26:01.206   441   441 D hdmicecd: [CEC]:printCecMessage, [4 -> 0] len: 1, body: 0d, result:no ack
10-04 10:26:01.250 10962 10962 D MonkeyStub: translateCommand: press DPAD_RIGHT
10-04 10:26:01.253   459   459 I lights-tch: flashMode 0 id 2 onMs 0 offMs 0 brightness 0
10-04 10:26:01.261   459   459 I lights-tch: flashMode 0 id 2 onMs 0 offMs 0 brightness 225
10-04 10:26:01.263   441   441 D hdmicecd: [CEC]:printCecMessage, [4 -> 0] len: 1, body: 0d, result:no ack
10-04 10:26:01.263   441   441 E IPCThreadState: binder thread pool (1 threads) starved for 111 ms
10-04 10:26:01.300   424   673 I audio_hw_hal_primary: [register_audio_patch:7826] Patch 3:id:3 mix(io:13)->dev_0[OUT_HDMI(id:18)] found, register the same patch, do nothing.
10-04 10:26:01.300   424   673 I audio_hw_hal_primary: [adev_create_audio_patch:7927] Patch 3: MIX->DEVICE, num_src:1 num_sink:1 patch_src:INVAL
10-04 10:26:01.300   424   673 I audio_hw_hal_primary: [adev_create_audio_patch:7931] sink[0]: OUT_HDMI(id:18)
10-04 10:26:01.300   424   673 I audio_hw_hal_primary: [adev_create_audio_patch:7988] Patch 3: mix(io:13) -> dev[OUT_HDMI(id:18)]
10-04 10:26:01.300   424   673 I audio_hw_hal_primary: [adev_create_audio_patch:8056] dev=0xf3782930 cur_out_device=0x400
10-04 10:26:01.309   472  1848 D audioserver: FGS Logger Transaction failed
10-04 10:26:01.309   472  1848 D audioserver: -129
10-04 10:26:01.314  1154  1348 I AudioSystemCmdService: onAudioPatchListUpdate
10-04 10:26:01.314  1154  1349 D UEventObserver: change@/devices/platform/auge_sound/sound/card0/controlC0��ACTION=change��DEVPATH=/devices/platform/auge_sound/sound/card0/controlC0��SUBSYSTEM=sound��AUDIO_FORMAT=0��MAJOR=116��MINOR=11��DEVNAME=snd/controlC0��SEQNUM=3296��
10-04 10:26:01.314  1154  1349 W ContextImpl: Calling a method in the system process without a qualified user: android.app.ContextImpl.sendBroadcast:1220 android.content.ContextWrapper.sendBroadcast:504 com.droidlogic.audioservice.services.AudioSystemCmdService$1.onUEvent:177 com.droidlogic.UEventObserver$UEventThread.sendEvent:213 com.droidlogic.UEventObserver$UEventThread.run:190 
10-04 10:26:01.319   441   441 D hdmicecd: [CEC]:printCecMessage, [4 -> 0] len: 1, body: 0d, result:no ack
10-04 10:26:01.319  1154  1348 I AudioSystemCmdService: mAudioSink:[{{mHandle: 18, mRole: SINK}, mType: hdmi, mAddress: }], previousSink:[{{mHandle: 18, mRole: SINK}, mType: hdmi, mAddress: }]
10-04 10:26:01.319  1154  1348 I AudioSystemCmdService: updateAudioPatch cur sink does not change.
--------- beginning of main
10-04 10:26:01.467   424  8590 I audio_hw_hal_primary: [audiohal_get_latency:1258] io 13: out:0xf2d00740 frames:3072 rate:48000 whole_latency:64 alsa_latency:64
10-04 10:26:01.489   424  8590 I audio_hw_hal_primary: [audiohal_get_latency:1258] io 13: out:0xf2d00740 frames:3072 rate:48000 whole_latency:64 alsa_latency:64
10-04 10:26:01.510   424  8590 I audio_hw_hal_primary: [audiohal_get_latency:1258] io 13: out:0xf2d00740 frames:3072 rate:48000 whole_latency:64 alsa_latency:64
10-04 10:26:01.532   424  8590 I audio_hw_hal_primary: [audiohal_get_latency:1258] io 13: out:0xf2d00740 frames:3072 rate:48000 whole_latency:64 alsa_latency:64
10-04 10:26:01.553   424  8590 I audio_hw_hal_primary: [audiohal_get_latency:1258] io 13: out:0xf2d00740 frames:3072 rate:48000 whole_latency:64 alsa_latency:64
10-04 10:26:01.574   424  8590 I audio_hw_hal_primary: [audiohal_get_latency:1258] io 13: out:0xf2d00740 frames:3072 rate:48000 whole_latency:64 alsa_latency:64
10-04 10:26:01.595   424  8590 I audio_hw_hal_primary: [audiohal_get_latency:1258] io 13: out:0xf2d00740 frames:3072 rate:48000 whole_latency:64 alsa_latency:64
10-04 10:26:01.617   424  8590 I audio_hw_hal_primary: [audiohal_get_latency:1258] io 13: out:0xf2d00740 frames:3072 rate:48000 whole_latency:64 alsa_latency:64
10-04 10:26:01.617   472   662 D audioserver: FGS Logger Transaction failed
10-04 10:26:01.617   472   662 D audioserver: -129
--------- beginning of system
10-04 10:26:01.677   696   696 D ResendCecCommandAction: sendCommandWithoutRetries failed, retry
10-04 10:26:01.677   696   949 D HDMI    : [S]:<Text View On> 40:0D
10-04 10:26:01.735   441   441 D hdmicecd: [CEC]:printCecMessage, [4 -> 0] len: 1, body: 0d, result:no ack
10-04 10:26:01.790   441   441 D hdmicecd: [CEC]:printCecMessage, [4 -> 0] len: 1, body: 0d, result:no ack
10-04 10:26:01.791   441   441 E IPCThreadState: binder thread pool (1 threads) starved for 113 ms
10-04 10:26:01.815  1154  1154 I ThermalService: CPU temperatures: [47.2]
10-04 10:26:01.846   441   441 D hdmicecd: [CEC]:printCecMessage, [4 -> 0] len: 1, body: 0d, result:no ack
10-04 10:26:01.903   441   441 D hdmicecd: [CEC]:printCecMessage, [4 -> 0] len: 1, body: 0d, result:no ack
10-04 10:26:01.903   441   441 E IPCThreadState: binder thread pool (1 threads) starved for 112 ms
10-04 10:26:01.906   426  1494 D rtk_heartbeat: heartbeat_timed_out: heartbeatCmdCount = 43666, expected nextSeqNum = 43666
10-04 10:26:01.907   426  1381 D rtk_heartbeat: rtkbt_heartbeat_cmpl_cback: Current SeqNum = 43666,should SeqNum=43666, status = 0
--------- beginning of kernel
10-04 10:26:02.079     0     0 W [1 T1289  ..] RTW: rtw_get_sta_tx_stat() not support
10-04 10:26:02.079     0     0 W [1 T1289  ..] RTW: cfg80211_rtw_get_txpower
10-04 10:26:02.161  8084  8084 D Glide   : Finished loading BitmapDrawable from MEMORY_CACHE for http://tvimg.wynk.in/unsafe/fit-in/1920x548/filters:no_upscale():format(webp)/https://s3.ap-south-1.amazonaws.com/discovery-prod-arsenal/tile/artwork/1727811264485_1727723377178_auron_mein_kahan_dum_tha.jpg with size [-2147483648x-2147483648] in 0.42183299999999996 ms
10-04 10:26:02.456 10962 10962 D MonkeyStub: translateCommand: press DPAD_RIGHT
10-04 10:26:02.462   459   459 I lights-tch: flashMode 0 id 2 onMs 0 offMs 0 brightness 0
10-04 10:26:02.464   459   459 I lights-tch: flashMode 0 id 2 onMs 0 offMs 0 brightness 225
--------- beginning of main
10-04 10:26:02.662   424  8590 I audio_hw_hal_primary: [audiohal_get_latency:1258] io 13: out:0xf2d00740 frames:3072 rate:48000 whole_latency:64 alsa_latency:64
10-04 10:26:02.679   441   441 D hdmicecd: [CEC]:printCecMessage, [4 -> 0] len: 1, body: 0d, result:no ack
10-04 10:26:02.684   424  8590 I audio_hw_hal_primary: [audiohal_get_latency:1258] io 13: out:0xf2d00740 frames:3072 rate:48000 whole_latency:64 alsa_latency:64
10-04 10:26:02.706   424  8590 I audio_hw_hal_primary: [audiohal_get_latency:1258] io 13: out:0xf2d00740 frames:3072 rate:48000 whole_latency:64 alsa_latency:64
10-04 10:26:02.728   424  8590 I audio_hw_hal_primary: [audiohal_get_latency:1258] io 13: out:0xf2d00740 frames:3072 rate:48000 whole_latency:64 alsa_latency:64
10-04 10:26:02.735   441   441 D hdmicecd: [CEC]:printCecMessage, [4 -> 0] len: 1, body: 0d, result:no ack
10-04 10:26:02.735   441   441 E IPCThreadState: binder thread pool (1 threads) starved for 112 ms
10-04 10:26:02.747   424  8590 I audio_hw_hal_primary: [audiohal_get_latency:1258] io 13: out:0xf2d00740 frames:3072 rate:48000 whole_latency:64 alsa_latency:64
10-04 10:26:02.769   424  8590 I audio_hw_hal_primary: [audiohal_get_latency:1258] io 13: out:0xf2d00740 frames:3072 rate:48000 whole_latency:64 alsa_latency:64
10-04 10:26:02.790   424  8590 I audio_hw_hal_primary: [audiohal_get_latency:1258] io 13: out:0xf2d00740 frames:3072 rate:48000 whole_latency:64 alsa_latency:64
10-04 10:26:02.791   441   441 D hdmicecd: [CEC]:printCecMessage, [4 -> 0] len: 1, body: 0d, result:no ack
10-04 10:26:02.812   424  8590 I audio_hw_hal_primary: [audiohal_get_latency:1258] io 13: out:0xf2d00740 frames:3072 rate:48000 whole_latency:64 alsa_latency:64
10-04 10:26:02.812   472   662 D audioserver: FGS Logger Transaction failed
10-04 10:26:02.812   472   662 D audioserver: -129
10-04 10:26:02.847   441   441 D hdmicecd: [CEC]:printCecMessage, [4 -> 0] len: 1, body: 0d, result:no ack
10-04 10:26:02.847   441   441 E IPCThreadState: binder thread pool (1 threads) starved for 111 ms
--------- beginning of system
10-04 10:26:02.847   696   949 D HDMI    : [S]:<Give Device Power Status> 40:8F
10-04 10:26:02.847   696   696 D ResendCecCommandAction: ResendCecCommandAction started
10-04 10:26:02.903   441   441 D hdmicecd: [CEC]:printCecMessage, [4 -> 0] len: 1, body: 8f, result:no ack
10-04 10:26:02.906   426  1494 D rtk_heartbeat: heartbeat_timed_out: heartbeatCmdCount = 43667, expected nextSeqNum = 43667
10-04 10:26:02.907   426  1381 D rtk_heartbeat: rtkbt_heartbeat_cmpl_cback: Current SeqNum = 43667,should SeqNum=43667, status = 0
10-04 10:26:02.958   441   441 D hdmicecd: [CEC]:printCecMessage, [4 -> 0] len: 1, body: 8f, result:no ack
10-04 10:26:02.959   441   441 E IPCThreadState: binder thread pool (1 threads) starved for 111 ms
10-04 10:26:03.015   441   441 D hdmicecd: [CEC]:printCecMessage, [4 -> 0] len: 1, body: 8f, result:no ack
10-04 10:26:03.070   441   441 D hdmicecd: [CEC]:printCecMessage, [4 -> 0] len: 1, body: 8f, result:no ack
10-04 10:26:03.071   441   441 E IPCThreadState: binder thread pool (1 threads) starved for 112 ms
10-04 10:26:03.116  8084 10415 D EPG_UpdateEPGCache: EPG CacheUpdate happening 4813
10-04 10:26:03.147   696   696 D ResendCecCommandAction: sendCommandWithoutRetries failed, retry
10-04 10:26:03.148   696   949 D HDMI    : [S]:<Text View On> 40:0D
10-04 10:26:03.207   441   441 D hdmicecd: [CEC]:printCecMessage, [4 -> 0] len: 1, body: 0d, result:no ack
10-04 10:26:03.263   441   441 D hdmicecd: [CEC]:printCecMessage, [4 -> 0] len: 1, body: 0d, result:no ack
10-04 10:26:03.263   441   441 E IPCThreadState: binder thread pool (1 threads) starved for 115 ms
10-04 10:26:03.319   441   441 D hdmicecd: [CEC]:printCecMessage, [4 -> 0] len: 1, body: 0d, result:no ack
10-04 10:26:03.375   441   441 D hdmicecd: [CEC]:printCecMessage, [4 -> 0] len: 1, body: 0d, result:no ack
10-04 10:26:03.375   441   441 E IPCThreadState: binder thread pool (1 threads) starved for 112 ms
10-04 10:26:03.605  8084  8093 I com.airtel.tv: Background young concurrent copying GC freed 75008(19MB) AllocSpace objects, 0(0B) LOS objects, 0% free, 130MB/130MB, paused 315us,309us total 229.205ms
10-04 10:26:03.675   696   696 D ResendCecCommandAction: sendCommandWithoutRetries failed, retry
10-04 10:26:03.676   696   949 D HDMI    : [S]:<Text View On> 40:0D
10-04 10:26:03.685 10962 10962 D MonkeyStub: translateCommand: press DPAD_RIGHT
