10-04 10:37:22.812  8084  8084 D Glide   : Finished loading BitmapDrawable from MEMORY_CACHE for http://tvimg.wynk.in/unsafe/fit-in/300x169/filters:no_upscale():format(webp)/https://xstreamcp-assets-msp.streamready.in/assets/SONYLIV_VOD/MOVIE/6485908c82488153bfe3e82b/images/salute_12aug_landscape_thumb.jpg with size [-2147483648x-2147483648] in 0.21129099999999998 ms
10-04 10:37:22.819  8084  8084 D Glide   : Finished loading BitmapDrawable from MEMORY_CACHE for http://tvimg.wynk.in/unsafe/fit-in/300x169/filters:no_upscale():format(webp)/https://xstreamcp-assets-msp.streamready.in/assets/LIONSGATEPLAY/MOVIE/64f9ad835987c22787ba37a4/images/THEBLACKDEMONY2023MHI-airtel-cover-poster-1923X1082.jpg with size [-2147483648x-2147483648] in 0.191209 ms
10-04 10:37:22.823  8084  8084 D Glide   : Finished loading BitmapDrawable from MEMORY_CACHE for http://tvimg.wynk.in/unsafe/fit-in/300x169/filters:no_upscale():format(webp)/https://xstreamcp-assets-msp.streamready.in/assets/SONYLIV_VOD/EPISODE/6485cad482488153bfe4a7f5/images/maharani5_landscape_image.jpg with size [-2147483648x-2147483648] in 0.187 ms
10-04 10:37:22.826   441   455 D hdmicecd: [CEC]:printCecMessage, [4 -> 0] len: 1, body: 0d, result:no ack
10-04 10:37:22.829  8084  8084 D Glide   : Finished loading BitmapDrawable from MEMORY_CACHE for http://tvimg.wynk.in/unsafe/fit-in/300x169/filters:no_upscale():format(webp)/https://xstreamcp-assets-msp.streamready.in/assets/SONYLIV_VOD/EPISODE/668fa79413fc7c3c9b6d8187/images/36_day_1920x1080_clean_airtel_landscape.jpg with size [-2147483648x-2147483648] in 1.179875 ms
10-04 10:37:22.834  8084  8084 D Glide   : Finished loading BitmapDrawable from MEMORY_CACHE for http://tvimg.wynk.in/unsafe/fit-in/300x169/filters:no_upscale():format(webp)/https://xstreamcp-assets-msp.streamready.in/assets/SHEMAROOME/MOVIE/6478338c59fcb666645f6943/images/xl_image_16_9_airtel_1723465577.jpg with size [-2147483648x-2147483648] in 0.274708 ms
10-04 10:37:22.838  8084  8084 D Glide   : Finished loading BitmapDrawable from MEMORY_CACHE for http://tvimg.wynk.in/unsafe/fit-in/300x169/filters:no_upscale():format(webp)/https://xstreamcp-assets-msp.streamready.in/assets/SHEMAROOME/MOVIE/6478327359fcb666645f5dc1/images/xl_image_16_9_1630335742.jpg with size [-2147483648x-2147483648] in 0.192167 ms
10-04 10:37:22.858  8084  8193 I WM-WorkerWrapper: Worker result SUCCESS for Work [ id=59e65ce2-3c08-4962-aec1-c599d47bda4b, tags={ tv.airtel.wynk.analytics.sync.service.AnalyticsSyncService, com.airtel.analyticsSyncService } ]
10-04 10:37:22.883   441   455 D hdmicecd: [CEC]:printCecMessage, [4 -> 0] len: 1, body: 0d, result:no ack
10-04 10:37:22.883   441   455 E IPCThreadState: binder thread pool (1 threads) starved for 113 ms
10-04 10:37:22.899  8084  8193 I WM-WorkerWrapper: Worker result SUCCESS for Work [ id=67b90641-a7c7-4d23-9030-f96bfba03956, tags={ tv.airtel.wynk.analytics.sync.service.AnalyticsSyncService, com.airtel.analyticsSyncService } ]
10-04 10:37:22.936   696  1104 W JobScheduler: Job didn't exist in JobStore: 3cf21f3 #u0a43/3155 com.airtel.tv/androidx.work.impl.background.systemjob.SystemJobService
10-04 10:37:22.937  8084  8193 I WM-WorkerWrapper: Worker result SUCCESS for Work [ id=30213e51-287b-4029-879f-1f0436c567ee, tags={ tv.airtel.wynk.analytics.sync.service.AnalyticsSyncService, com.airtel.analyticsSyncService } ]
10-04 10:37:22.939   441   455 D hdmicecd: [CEC]:printCecMessage, [4 -> 0] len: 1, body: 0d, result:no ack
10-04 10:37:22.943   696  1104 W JobScheduler: Job didn't exist in JobStore: 26505dc #u0a43/3156 com.airtel.tv/androidx.work.impl.background.systemjob.SystemJobService
10-04 10:37:22.952   696  1104 W JobScheduler: Job didn't exist in JobStore: 86f9386 #u0a43/3157 com.airtel.tv/androidx.work.impl.background.systemjob.SystemJobService
10-04 10:37:22.952  1154  1154 I ThermalService: CPU temperatures: [46.100002]
10-04 10:37:22.958   696  1104 W JobScheduler: Job didn't exist in JobStore: 26db699 #u0a43/3158 com.airtel.tv/androidx.work.impl.background.systemjob.SystemJobService
10-04 10:37:22.971  8084  8143 I WM-WorkerWrapper: Worker result SUCCESS for Work [ id=f6462e79-aa78-4fe1-bdad-af9f2cc55544, tags={ tv.airtel.wynk.analytics.sync.service.AnalyticsSyncService, com.airtel.analyticsSyncService } ]
10-04 10:37:22.995   441   455 D hdmicecd: [CEC]:printCecMessage, [4 -> 0] len: 1, body: 0d, result:no ack
10-04 10:37:22.995   441   455 E IPCThreadState: binder thread pool (1 threads) starved for 112 ms
10-04 10:37:22.996   696   949 D HDMI    : [S]:<Give Device Power Status> 40:8F
10-04 10:37:22.996   696   696 D ResendCecCommandAction: ResendCecCommandAction started
10-04 10:37:23.002  8084  8143 I WM-WorkerWrapper: Worker result SUCCESS for Work [ id=1b9016ab-74a0-49c4-b2ba-16a5f846716b, tags={ tv.airtel.wynk.analytics.sync.service.AnalyticsSyncService, com.airtel.analyticsSyncService } ]
10-04 10:37:23.028  8084  8143 I WM-WorkerWrapper: Worker result SUCCESS for Work [ id=e5e311c1-608f-4801-ab11-bae10c30d2bd, tags={ tv.airtel.wynk.analytics.sync.service.AnalyticsSyncService, com.airtel.analyticsSyncService } ]
10-04 10:37:23.031   426  1494 D rtk_heartbeat: heartbeat_timed_out: heartbeatCmdCount = 44347, expected nextSeqNum = 44347
10-04 10:37:23.032   426  1381 D rtk_heartbeat: rtkbt_heartbeat_cmpl_cback: Current SeqNum = 44347,should SeqNum=44347, status = 0
10-04 10:37:23.054  8084  8143 I WM-WorkerWrapper: Worker result SUCCESS for Work [ id=600c8348-f90f-43b4-94f0-207375e3bf5a, tags={ tv.airtel.wynk.analytics.sync.service.AnalyticsSyncService, com.airtel.analyticsSyncService } ]
10-04 10:37:23.055   441   455 D hdmicecd: [CEC]:printCecMessage, [4 -> 0] len: 1, body: 8f, result:no ack
10-04 10:37:23.086  8084  8143 I WM-WorkerWrapper: Worker result SUCCESS for Work [ id=ec664e2f-cffb-499a-a3c7-7ba4f4413e4a, tags={ tv.airtel.wynk.analytics.sync.service.AnalyticsSyncService, com.airtel.analyticsSyncService } ]
10-04 10:37:23.110   441   455 D hdmicecd: [CEC]:printCecMessage, [4 -> 0] len: 1, body: 8f, result:no ack
10-04 10:37:23.111   441   455 E IPCThreadState: binder thread pool (1 threads) starved for 115 ms
10-04 10:37:23.118  8084  8143 I WM-WorkerWrapper: Worker result SUCCESS for Work [ id=090ecd7f-ddc4-4c67-9502-a00ea78ee3f4, tags={ tv.airtel.wynk.analytics.sync.service.AnalyticsSyncService, com.airtel.analyticsSyncService } ]
10-04 10:37:23.171   441   455 D hdmicecd: [CEC]:printCecMessage, [4 -> 0] len: 1, body: 8f, result:no ack
10-04 10:37:23.187  8084  8093 I com.airtel.tv: Background concurrent copying GC freed 626530(24MB) AllocSpace objects, 73(3276KB) LOS objects, 13% free, 147MB/171MB, paused 284us,183us total 1.901s
10-04 10:37:23.209   696   800 D ConnectivityService: requestNetwork for uid/pid:10043/8084 activeRequest: null callbackRequest: 1337 [NetworkRequest [ REQUEST id=1338, [ Capabilities: INTERNET&NOT_RESTRICTED&TRUSTED&NOT_VCN_MANAGED Uid: 10043 RequestorUid: 10043 RequestorPkg: com.airtel.tv UnderlyingNetworks: Null] ]] callback flags: 0 order: 2147483647
10-04 10:37:23.211   696   910 D WifiNetworkFactory: got request NetworkRequest [ REQUEST id=1338, [ Capabilities: INTERNET&NOT_RESTRICTED&TRUSTED&NOT_VCN_MANAGED Uid: 10043 RequestorUid: 10043 RequestorPkg: com.airtel.tv UnderlyingNetworks: Null] ]
10-04 10:37:23.211   696   918 D ConnectivityService: NetReassign [1338 : null → 100] [c 0] [a 1] [i 1]
10-04 10:37:23.211   696   910 D UntrustedWifiNetworkFactory: got request NetworkRequest [ REQUEST id=1338, [ Capabilities: INTERNET&NOT_RESTRICTED&TRUSTED&NOT_VCN_MANAGED Uid: 10043 RequestorUid: 10043 RequestorPkg: com.airtel.tv UnderlyingNetworks: Null] ]
10-04 10:37:23.211   696   910 D OemPaidWifiNetworkFactory: got request NetworkRequest [ REQUEST id=1338, [ Capabilities: INTERNET&NOT_RESTRICTED&TRUSTED&NOT_VCN_MANAGED Uid: 10043 RequestorUid: 10043 RequestorPkg: com.airtel.tv UnderlyingNetworks: Null] ]
10-04 10:37:23.212   696   910 D MultiInternetWifiNetworkFactory: got request NetworkRequest [ REQUEST id=1338, [ Capabilities: INTERNET&NOT_RESTRICTED&TRUSTED&NOT_VCN_MANAGED Uid: 10043 RequestorUid: 10043 RequestorPkg: com.airtel.tv UnderlyingNetworks: Null] ]
10-04 10:37:23.227   441   455 D hdmicecd: [CEC]:printCecMessage, [4 -> 0] len: 1, body: 8f, result:no ack
10-04 10:37:23.227   441   455 E IPCThreadState: binder thread pool (1 threads) starved for 116 ms
10-04 10:37:23.231  8084  8095 W System  : A resource failed to call CursorWindow.close. 
10-04 10:37:23.231  8084  8095 W System  : A resource failed to call CursorWrapperInner.close. 
10-04 10:37:23.296   696   696 D ResendCecCommandAction: sendCommandWithoutRetries failed, retry
10-04 10:37:23.297   696   949 D HDMI    : [S]:<Text View On> 40:0D
10-04 10:37:23.350   441   455 D hdmicecd: [CEC]:printCecMessage, [4 -> 0] len: 1, body: 0d, result:no ack
10-04 10:37:23.406   441   455 D hdmicecd: [CEC]:printCecMessage, [4 -> 0] len: 1, body: 0d, result:no ack
10-04 10:37:23.407   441   455 E IPCThreadState: binder thread pool (1 threads) starved for 110 ms
10-04 10:37:23.466   441   455 D hdmicecd: [CEC]:printCecMessage, [4 -> 0] len: 1, body: 0d, result:no ack
10-04 10:37:23.526   441   455 D hdmicecd: [CEC]:printCecMessage, [4 -> 0] len: 1, body: 0d, result:no ack
10-04 10:37:23.527   441   455 E IPCThreadState: binder thread pool (1 threads) starved for 120 ms
10-04 10:37:23.762  8084  8143 I WM-WorkerWrapper: Worker result SUCCESS for Work [ id=e4b7c652-93b9-4d30-8c4c-e182fc421c3f, tags={ tv.airtel.wynk.analytics.sync.service.AnalyticsSyncService, com.airtel.analyticsSyncService } ]
10-04 10:37:23.827   696   696 D ResendCecCommandAction: sendCommandWithoutRetries failed, retry
10-04 10:37:23.827   696   949 D HDMI    : [S]:<Text View On> 40:0D
10-04 10:37:23.887   441   455 D hdmicecd: [CEC]:printCecMessage, [4 -> 0] len: 1, body: 0d, result:no ack
10-04 10:37:23.942   441   455 D hdmicecd: [CEC]:printCecMessage, [4 -> 0] len: 1, body: 0d, result:no ack
10-04 10:37:23.943   441   455 E IPCThreadState: binder thread pool (1 threads) starved for 114 ms
10-04 10:37:23.964   696  1553 E TaskPersister: File error accessing recents directory (directory doesn't exist?).
10-04 10:37:23.998   441   455 D hdmicecd: [CEC]:printCecMessage, [4 -> 0] len: 1, body: 0d, result:no ack
10-04 10:37:24.031   426  1494 D rtk_heartbeat: heartbeat_timed_out: heartbeatCmdCount = 44348, expected nextSeqNum = 44348
10-04 10:37:24.032   426  1381 D rtk_heartbeat: rtkbt_heartbeat_cmpl_cback: Current SeqNum = 44348,should SeqNum=44348, status = 0
10-04 10:37:24.055   441   455 D hdmicecd: [CEC]:printCecMessage, [4 -> 0] len: 1, body: 0d, result:no ack
10-04 10:37:24.055   441   455 E IPCThreadState: binder thread pool (1 threads) starved for 112 ms
10-04 10:37:24.166     0     0 W [3 T1289  ..] RTW: rtw_get_sta_tx_stat() not support
10-04 10:37:24.166     0     0 W [3 T1289  ..] RTW: cfg80211_rtw_get_txpower
10-04 10:37:24.770   696   696 D HDMI    : one touch play retry:2
10-04 10:37:24.770   696   949 D HDMI    : [S]:<Text View On> 40:0D
10-04 10:37:24.827   441   455 D hdmicecd: [CEC]:printCecMessage, [4 -> 0] len: 1, body: 0d, result:no ack
10-04 10:37:24.883   441   455 D hdmicecd: [CEC]:printCecMessage, [4 -> 0] len: 1, body: 0d, result:no ack
10-04 10:37:24.883   441   455 E IPCThreadState: binder thread pool (1 threads) starved for 112 ms
10-04 10:37:24.939   441   455 D hdmicecd: [CEC]:printCecMessage, [4 -> 0] len: 1, body: 0d, result:no ack
10-04 10:37:24.955  1154  1154 I ThermalService: CPU temperatures: [43.600002]
10-04 10:37:24.995   441   455 D hdmicecd: [CEC]:printCecMessage, [4 -> 0] len: 1, body: 0d, result:no ack
10-04 10:37:24.995   441   455 E IPCThreadState: binder thread pool (1 threads) starved for 112 ms
10-04 10:37:24.995   696   949 D HDMI    : [S]:<Give Device Power Status> 40:8F
10-04 10:37:24.995   696   696 D ResendCecCommandAction: ResendCecCommandAction started
10-04 10:37:25.031   426  1494 D rtk_heartbeat: heartbeat_timed_out: heartbeatCmdCount = 44349, expected nextSeqNum = 44349
10-04 10:37:25.032   426  1381 D rtk_heartbeat: rtkbt_heartbeat_cmpl_cback: Current SeqNum = 44349,should SeqNum=44349, status = 0
10-04 10:37:25.050   441   455 D hdmicecd: [CEC]:printCecMessage, [4 -> 0] len: 1, body: 8f, result:no ack
10-04 10:37:25.107   441   455 D hdmicecd: [CEC]:printCecMessage, [4 -> 0] len: 1, body: 8f, result:no ack
10-04 10:37:25.107   441   455 E IPCThreadState: binder thread pool (1 threads) starved for 111 ms
10-04 10:37:25.163   441   455 D hdmicecd: [CEC]:printCecMessage, [4 -> 0] len: 1, body: 8f, result:no ack
10-04 10:37:25.223   441   455 D hdmicecd: [CEC]:printCecMessage, [4 -> 0] len: 1, body: 8f, result:no ack
10-04 10:37:25.223   441   455 E IPCThreadState: binder thread pool (1 threads) starved for 116 ms
10-04 10:37:25.296   696   696 D ResendCecCommandAction: sendCommandWithoutRetries failed, retry
10-04 10:37:25.296   696   949 D HDMI    : [S]:<Text View On> 40:0D
10-04 10:37:25.351   441   455 D hdmicecd: [CEC]:printCecMessage, [4 -> 0] len: 1, body: 0d, result:no ack
10-04 10:37:25.406   441   455 D hdmicecd: [CEC]:printCecMessage, [4 -> 0] len: 1, body: 0d, result:no ack
10-04 10:37:25.407   441   455 E IPCThreadState: binder thread pool (1 threads) starved for 110 ms
10-04 10:37:25.463   441   455 D hdmicecd: [CEC]:printCecMessage, [4 -> 0] len: 1, body: 0d, result:no ack
10-04 10:37:25.519   441   455 D hdmicecd: [CEC]:printCecMessage, [4 -> 0] len: 1, body: 0d, result:no ack
10-04 10:37:25.519   441   455 E IPCThreadState: binder thread pool (1 threads) starved for 112 ms
10-04 10:37:25.820   696   696 D ResendCecCommandAction: sendCommandWithoutRetries failed, retry
10-04 10:37:25.821   696   949 D HDMI    : [S]:<Text View On> 40:0D
10-04 10:37:25.874   441   455 D hdmicecd: [CEC]:printCecMessage, [4 -> 0] len: 1, body: 0d, result:no ack
10-04 10:37:25.931   441   455 D hdmicecd: [CEC]:printCecMessage, [4 -> 0] len: 1, body: 0d, result:no ack
10-04 10:37:25.931   441   455 E IPCThreadState: binder thread pool (1 threads) starved for 110 ms
10-04 10:37:25.987   441   455 D hdmicecd: [CEC]:printCecMessage, [4 -> 0] len: 1, body: 0d, result:no ack
10-04 10:37:26.031   426  1494 D rtk_heartbeat: heartbeat_timed_out: heartbeatCmdCount = 44350, expected nextSeqNum = 44350
10-04 10:37:26.032   426  1381 D rtk_heartbeat: rtkbt_heartbeat_cmpl_cback: Current SeqNum = 44350,should SeqNum=44350, status = 0
10-04 10:37:26.043   441   455 D hdmicecd: [CEC]:printCecMessage, [4 -> 0] len: 1, body: 0d, result:no ack
10-04 10:37:26.043   441   455 E IPCThreadState: binder thread pool (1 threads) starved for 111 ms
10-04 10:37:26.135   625   625 W adbd    : timeout expired while flushing socket, closing
10-04 10:37:26.172 11760 11760 D MonkeyStub: translateCommand: press DPAD_RIGHT
10-04 10:37:26.175   459   459 I lights-tch: flashMode 0 id 2 onMs 0 offMs 0 brightness 0
10-04 10:37:26.185   459   459 I lights-tch: flashMode 0 id 2 onMs 0 offMs 0 brightness 225
10-04 10:37:26.225   424   673 I audio_hw_hal_primary: [register_audio_patch:7826] Patch 3:id:3 mix(io:13)->dev_0[OUT_HDMI(id:18)] found, register the same patch, do nothing.
10-04 10:37:26.225   424   673 I audio_hw_hal_primary: [adev_create_audio_patch:7927] Patch 3: MIX->DEVICE, num_src:1 num_sink:1 patch_src:INVAL
10-04 10:37:26.225   424   673 I audio_hw_hal_primary: [adev_create_audio_patch:7931] sink[0]: OUT_HDMI(id:18)
10-04 10:37:26.225   424   673 I audio_hw_hal_primary: [adev_create_audio_patch:7988] Patch 3: mix(io:13) -> dev[OUT_HDMI(id:18)]
10-04 10:37:26.225   424   673 I audio_hw_hal_primary: [adev_create_audio_patch:8056] dev=0xf3782930 cur_out_device=0x400
10-04 10:37:26.226  1154  1349 D UEventObserver: change@/devices/platform/auge_sound/sound/card0/controlC0��ACTION=change��DEVPATH=/devices/platform/auge_sound/sound/card0/controlC0��SUBSYSTEM=sound��AUDIO_FORMAT=0��MAJOR=116��MINOR=11��DEVNAME=snd/controlC0��SEQNUM=3345��
10-04 10:37:26.226  1154  1349 W ContextImpl: Calling a method in the system process without a qualified user: android.app.ContextImpl.sendBroadcast:1220 android.content.ContextWrapper.sendBroadcast:504 com.droidlogic.audioservice.services.AudioSystemCmdService$1.onUEvent:177 com.droidlogic.UEventObserver$UEventThread.sendEvent:213 com.droidlogic.UEventObserver$UEventThread.run:190 
10-04 10:37:26.230   472   472 D audioserver: FGS Logger Transaction failed
10-04 10:37:26.230   472   472 D audioserver: -129
10-04 10:37:26.235   424  8590 I audio_hw_hal_primary: [mixer_aux_buffer_write:6665] io 13: out:0xf2d00740 usecase:PCM_NORMAL standby to unstandby
10-04 10:37:26.235   424  8590 E audio_hw_hal_virtualbuf: ms12 system input underrun happens read=142359315651 write=3199999950 diff=139159315701
10-04 10:37:26.240  1154  1348 I AudioSystemCmdService: onAudioPatchListUpdate
10-04 10:37:26.248  1154  1348 I AudioSystemCmdService: mAudioSink:[{{mHandle: 18, mRole: SINK}, mType: hdmi, mAddress: }], previousSink:[{{mHandle: 18, mRole: SINK}, mType: hdmi, mAddress: }]
10-04 10:37:26.248  1154  1348 I AudioSystemCmdService: updateAudioPatch cur sink does not change.
10-04 10:37:26.274     0     0 I [0 T230   ..] logd: logdr: UID=2000 GID=2000 PID=11816 n tail=0 logMask=99 pid=0 start=0ns deadline=0ns
10-04 10:37:26.257   424  8590 I audio_hw_hal_stream: aml_stream_out_info_print: out:0xf2d00740, stream_type:pcm, sync_mode:non tunnel, input_size:81682432 bytes
10-04 10:37:26.257   424  8590 I audio_hw_hal_stream: aml_stream_out_info_print: last_time:44246531 ms (sec:44246, nsec:531502681), last_position:425244 ms (20411728), cur_time:44385843 ms (sec:44385, nsec:843214747), cur_position:425356 ms (20417104)
10-04 10:37:26.257   424  8590 I audio_hw_hal_stream: aml_stream_out_info_print: time_gap:139312 ms (thr:100 ms), position_gap:112 ms, delay:73 ms, jitter: Position gap is behind system time gap by 139200 ms (thr:100 ms)
--------- beginning of main
10-04 10:37:26.377   424  8590 I audio_hw_hal_primary: [audiohal_get_latency:1258] io 13: out:0xf2d00740 frames:3072 rate:48000 whole_latency:64 alsa_latency:64
10-04 10:37:26.399   424  8590 I audio_hw_hal_primary: [audiohal_get_latency:1258] io 13: out:0xf2d00740 frames:3072 rate:48000 whole_latency:64 alsa_latency:64
10-04 10:37:26.417   424  8590 I audio_hw_hal_primary: [audiohal_get_latency:1258] io 13: out:0xf2d00740 frames:3072 rate:48000 whole_latency:64 alsa_latency:64
10-04 10:37:26.418   472   662 D audioserver: FGS Logger Transaction failed
10-04 10:37:26.418   472   662 D audioserver: -129
10-04 10:37:26.422   424   582 I audio_hw_hal_alsamgr: alsa format =0x1 delay frames =1024 total frames=2129920000
--------- beginning of system
10-04 10:37:26.770   696   696 D HDMI    : one touch play retry:3
10-04 10:37:26.770   696   949 D HDMI    : [S]:<Text View On> 40:0D
10-04 10:37:26.831   441   455 D hdmicecd: [CEC]:printCecMessage, [4 -> 0] len: 1, body: 0d, result:no ack
10-04 10:37:26.887   441   455 D hdmicecd: [CEC]:printCecMessage, [4 -> 0] len: 1, body: 0d, result:no ack
10-04 10:37:26.887   441   455 E IPCThreadState: binder thread pool (1 threads) starved for 116 ms
10-04 10:37:26.943   441   455 D hdmicecd: [CEC]:printCecMessage, [4 -> 0] len: 1, body: 0d, result:no ack
10-04 10:37:26.958  1154  1154 I ThermalService: CPU temperatures: [43.300003]
10-04 10:37:26.999   441   455 D hdmicecd: [CEC]:printCecMessage, [4 -> 0] len: 1, body: 0d, result:no ack
10-04 10:37:26.999   441   455 E IPCThreadState: binder thread pool (1 threads) starved for 112 ms
10-04 10:37:27.000   696   949 D HDMI    : [S]:<Give Device Power Status> 40:8F
10-04 10:37:27.000   696   696 D ResendCecCommandAction: ResendCecCommandAction started
10-04 10:37:27.031   426  1494 D rtk_heartbeat: heartbeat_timed_out: heartbeatCmdCount = 44351, expected nextSeqNum = 44351
10-04 10:37:27.032   426  1381 D rtk_heartbeat: rtkbt_heartbeat_cmpl_cback: Current SeqNum = 44351,should SeqNum=44351, status = 0
10-04 10:37:27.055   441   455 D hdmicecd: [CEC]:printCecMessage, [4 -> 0] len: 1, body: 8f, result:no ack
10-04 10:37:27.111   441   455 D hdmicecd: [CEC]:printCecMessage, [4 -> 0] len: 1, body: 8f, result:no ack
10-04 10:37:27.111   441   455 E IPCThreadState: binder thread pool (1 threads) starved for 111 ms
--------- beginning of kernel
10-04 10:37:27.171     0     0 W [3 T1289  ..] RTW: rtw_get_sta_tx_stat() not support
10-04 10:37:27.172     0     0 W [3 T1289  ..] RTW: cfg80211_rtw_get_txpower
10-04 10:37:27.171   441   455 D hdmicecd: [CEC]:printCecMessage, [4 -> 0] len: 1, body: 8f, result:no ack
10-04 10:37:27.227   441   455 D hdmicecd: [CEC]:printCecMessage, [4 -> 0] len: 1, body: 8f, result:no ack
10-04 10:37:27.227   441   455 E IPCThreadState: binder thread pool (1 threads) starved for 116 ms
10-04 10:37:27.300   696   696 D ResendCecCommandAction: sendCommandWithoutRetries failed, retry
10-04 10:37:27.301   696   949 D HDMI    : [S]:<Text View On> 40:0D
10-04 10:37:27.359   441   455 D hdmicecd: [CEC]:printCecMessage, [4 -> 0] len: 1, body: 0d, result:no ack
10-04 10:37:27.401 11760 11760 D MonkeyStub: translateCommand: press DPAD_RIGHT
10-04 10:37:27.405   459   459 I lights-tch: flashMode 0 id 2 onMs 0 offMs 0 brightness 0
10-04 10:37:27.407   459   459 I lights-tch: flashMode 0 id 2 onMs 0 offMs 0 brightness 225
10-04 10:37:27.415   441   455 D hdmicecd: [CEC]:printCecMessage, [4 -> 0] len: 1, body: 0d, result:no ack
10-04 10:37:27.415   441   455 E IPCThreadState: binder thread pool (1 threads) starved for 113 ms
10-04 10:37:27.448   424   673 I audio_hw_hal_primary: [register_audio_patch:7826] Patch 3:id:3 mix(io:13)->dev_0[OUT_HDMI(id:18)] found, register the same patch, do nothing.
10-04 10:37:27.448   424   673 I audio_hw_hal_primary: [adev_create_audio_patch:7927] Patch 3: MIX->DEVICE, num_src:1 num_sink:1 patch_src:INVAL
10-04 10:37:27.448   424   673 I audio_hw_hal_primary: [adev_create_audio_patch:7931] sink[0]: OUT_HDMI(id:18)
10-04 10:37:27.448   424   673 I audio_hw_hal_primary: [adev_create_audio_patch:7988] Patch 3: mix(io:13) -> dev[OUT_HDMI(id:18)]
10-04 10:37:27.448   424   673 I audio_hw_hal_primary: [adev_create_audio_patch:8056] dev=0xf3782930 cur_out_device=0x400
10-04 10:37:27.448  1154  1349 D UEventObserver: change@/devices/platform/auge_sound/sound/card0/controlC0��ACTION=change��DEVPATH=/devices/platform/auge_sound/sound/card0/controlC0��SUBSYSTEM=sound��AUDIO_FORMAT=0��MAJOR=116��MINOR=11��DEVNAME=snd/controlC0��SEQNUM=3346��
10-04 10:37:27.449  1154  1349 W ContextImpl: Calling a method in the system process without a qualified user: android.app.ContextImpl.sendBroadcast:1220 android.content.ContextWrapper.sendBroadcast:504 com.droidlogic.audioservice.services.AudioSystemCmdService$1.onUEvent:177 com.droidlogic.UEventObserver$UEventThread.sendEvent:213 com.droidlogic.UEventObserver$UEventThread.run:190 
10-04 10:37:27.455   472   472 D audioserver: FGS Logger Transaction failed
10-04 10:37:27.455   472   472 D audioserver: -129
10-04 10:37:27.468  1154  1348 I AudioSystemCmdService: onAudioPatchListUpdate
10-04 10:37:27.472  1154  1348 I AudioSystemCmdService: mAudioSink:[{{mHandle: 18, mRole: SINK}, mType: hdmi, mAddress: }], previousSink:[{{mHandle: 18, mRole: SINK}, mType: hdmi, mAddress: }]
10-04 10:37:27.472  1154  1348 I AudioSystemCmdService: updateAudioPatch cur sink does not change.
10-04 10:37:27.474   441   455 D hdmicecd: [CEC]:printCecMessage, [4 -> 0] len: 1, body: 0d, result:no ack
10-04 10:37:27.502     0     0 I [0 T230   ..] logd: logdr: UID=2000 GID=2000 PID=11822 n tail=0 logMask=99 pid=0 start=0ns deadline=0ns
--------- beginning of main
10-04 10:37:27.602   424  8590 I audio_hw_hal_primary: [audiohal_get_latency:1258] io 13: out:0xf2d00740 frames:3072 rate:48000 whole_latency:64 alsa_latency:64
10-04 10:37:27.624   424  8590 I audio_hw_hal_primary: [audiohal_get_latency:1258] io 13: out:0xf2d00740 frames:3072 rate:48000 whole_latency:64 alsa_latency:64
10-04 10:37:27.645   424  8590 I audio_hw_hal_primary: [audiohal_get_latency:1258] io 13: out:0xf2d00740 frames:3072 rate:48000 whole_latency:64 alsa_latency:64
10-04 10:37:27.646  8084  8084 D Glide   : Finished loading BitmapDrawable from MEMORY_CACHE for http://tvimg.wynk.in/unsafe/fit-in/1920x548/filters:no_upscale():format(webp)/https://s3.ap-south-1.amazonaws.com/discovery-prod-arsenal/tile/artwork/1727811264485_1727723377178_auron_mein_kahan_dum_tha.jpg with size [-2147483648x-2147483648] in 0.67075 ms
10-04 10:37:27.667   424  8590 I audio_hw_hal_primary: [audiohal_get_latency:1258] io 13: out:0xf2d00740 frames:3072 rate:48000 whole_latency:64 alsa_latency:64
10-04 10:37:27.687   424  8590 I audio_hw_hal_primary: [audiohal_get_latency:1258] io 13: out:0xf2d00740 frames:3072 rate:48000 whole_latency:64 alsa_latency:64
10-04 10:37:27.709   424  8590 I audio_hw_hal_primary: [audiohal_get_latency:1258] io 13: out:0xf2d00740 frames:3072 rate:48000 whole_latency:64 alsa_latency:64
10-04 10:37:27.730   424  8590 I audio_hw_hal_primary: [audiohal_get_latency:1258] io 13: out:0xf2d00740 frames:3072 rate:48000 whole_latency:64 alsa_latency:64
10-04 10:37:27.751   424  8590 I audio_hw_hal_primary: [audiohal_get_latency:1258] io 13: out:0xf2d00740 frames:3072 rate:48000 whole_latency:64 alsa_latency:64
10-04 10:37:27.752   472   662 D audioserver: FGS Logger Transaction failed
10-04 10:37:27.752   472   662 D audioserver: -129
--------- beginning of system
10-04 10:37:27.831   696   696 D ResendCecCommandAction: sendCommandWithoutRetries failed, retry
10-04 10:37:27.831   696   949 D HDMI    : [S]:<Text View On> 40:0D
10-04 10:37:27.887   441   455 D hdmicecd: [CEC]:printCecMessage, [4 -> 0] len: 1, body: 0d, result:no ack
10-04 10:37:27.946   441   455 D hdmicecd: [CEC]:printCecMessage, [4 -> 0] len: 1, body: 0d, result:no ack
10-04 10:37:27.947   441   455 E IPCThreadState: binder thread pool (1 threads) starved for 116 ms
10-04 10:37:28.003   441   455 D hdmicecd: [CEC]:printCecMessage, [4 -> 0] len: 1, body: 0d, result:no ack
10-04 10:37:28.031   426  1494 D rtk_heartbeat: heartbeat_timed_out: heartbeatCmdCount = 44352, expected nextSeqNum = 44352
10-04 10:37:28.033   426  1381 D rtk_heartbeat: rtkbt_heartbeat_cmpl_cback: Current SeqNum = 44352,should SeqNum=44352, status = 0
10-04 10:37:28.062   441   455 D hdmicecd: [CEC]:printCecMessage, [4 -> 0] len: 1, body: 0d, result:no ack
10-04 10:37:28.063   441   455 E IPCThreadState: binder thread pool (1 threads) starved for 116 ms
10-04 10:37:28.582 11760 11760 D MonkeyStub: translateCommand: press DPAD_RIGHT
10-04 10:37:28.585   459   459 I lights-tch: flashMode 0 id 2 onMs 0 offMs 0 brightness 0
10-04 10:37:28.589   459   459 I lights-tch: flashMode 0 id 2 onMs 0 offMs 0 brightness 225
10-04 10:37:28.631   424  8826 I audio_hw_hal_primary: [register_audio_patch:7826] Patch 3:id:3 mix(io:13)->dev_0[OUT_HDMI(id:18)] found, register the same patch, do nothing.
10-04 10:37:28.631   424  8826 I audio_hw_hal_primary: [adev_create_audio_patch:7927] Patch 3: MIX->DEVICE, num_src:1 num_sink:1 patch_src:INVAL
10-04 10:37:28.631   424  8826 I audio_hw_hal_primary: [adev_create_audio_patch:7931] sink[0]: OUT_HDMI(id:18)
10-04 10:37:28.631   424  8826 I audio_hw_hal_primary: [adev_create_audio_patch:7988] Patch 3: mix(io:13) -> dev[OUT_HDMI(id:18)]
10-04 10:37:28.631   424  8826 I audio_hw_hal_primary: [adev_create_audio_patch:8056] dev=0xf3782930 cur_out_device=0x400
10-04 10:37:28.631  1154  1349 D UEventObserver: change@/devices/platform/auge_sound/sound/card0/controlC0��ACTION=change��DEVPATH=/devices/platform/auge_sound/sound/card0/controlC0��SUBSYSTEM=sound��AUDIO_FORMAT=0��MAJOR=116��MINOR=11��DEVNAME=snd/controlC0��SEQNUM=3347��
10-04 10:37:28.632  1154  1349 W ContextImpl: Calling a method in the system process without a qualified user: android.app.ContextImpl.sendBroadcast:1220 android.content.ContextWrapper.sendBroadcast:504 com.droidlogic.audioservice.services.AudioSystemCmdService$1.onUEvent:177 com.droidlogic.UEventObserver$UEventThread.sendEvent:213 com.droidlogic.UEventObserver$UEventThread.run:190 
10-04 10:37:28.637   472  1302 D audioserver: FGS Logger Transaction failed
10-04 10:37:28.637   472  1302 D audioserver: -129
--------- beginning of system
10-04 10:37:28.770   696   696 D HDMI    : one touch play retry:4
10-04 10:37:28.771   696   949 D HDMI    : [S]:<Text View On> 40:0D
--------- beginning of main
10-04 10:37:28.797   424  8590 I audio_hw_hal_primary: [audiohal_get_latency:1258] io 13: out:0xf2d00740 frames:3072 rate:48000 whole_latency:64 alsa_latency:64
10-04 10:37:28.818   424  8590 I audio_hw_hal_primary: [audiohal_get_latency:1258] io 13: out:0xf2d00740 frames:3072 rate:48000 whole_latency:64 alsa_latency:64
10-04 10:37:28.826   441   455 D hdmicecd: [CEC]:printCecMessage, [4 -> 0] len: 1, body: 0d, result:no ack
10-04 10:37:28.839   424  8590 I audio_hw_hal_primary: [audiohal_get_latency:1258] io 13: out:0xf2d00740 frames:3072 rate:48000 whole_latency:64 alsa_latency:64
10-04 10:37:28.861   424  8590 I audio_hw_hal_primary: [audiohal_get_latency:1258] io 13: out:0xf2d00740 frames:3072 rate:48000 whole_latency:64 alsa_latency:64
10-04 10:37:28.882   424  8590 I audio_hw_hal_primary: [audiohal_get_latency:1258] io 13: out:0xf2d00740 frames:3072 rate:48000 whole_latency:64 alsa_latency:64
10-04 10:37:28.886   441   455 D hdmicecd: [CEC]:printCecMessage, [4 -> 0] len: 1, body: 0d, result:no ack
10-04 10:37:28.887   441   455 E IPCThreadState: binder thread pool (1 threads) starved for 116 ms
10-04 10:37:28.904   424  8590 I audio_hw_hal_primary: [audiohal_get_latency:1258] io 13: out:0xf2d00740 frames:3072 rate:48000 whole_latency:64 alsa_latency:64
10-04 10:37:28.925   424  8590 I audio_hw_hal_primary: [audiohal_get_latency:1258] io 13: out:0xf2d00740 frames:3072 rate:48000 whole_latency:64 alsa_latency:64
10-04 10:37:28.943   441   455 D hdmicecd: [CEC]:printCecMessage, [4 -> 0] len: 1, body: 0d, result:no ack
10-04 10:37:28.947   424  8590 I audio_hw_hal_primary: [audiohal_get_latency:1258] io 13: out:0xf2d00740 frames:3072 rate:48000 whole_latency:64 alsa_latency:64
10-04 10:37:28.947   472   662 D audioserver: FGS Logger Transaction failed
10-04 10:37:28.947   472   662 D audioserver: -129
10-04 10:37:28.961  1154  1154 I ThermalService: CPU temperatures: [43.600002]
10-04 10:37:28.999   441   455 D hdmicecd: [CEC]:printCecMessage, [4 -> 0] len: 1, body: 0d, result:no ack
10-04 10:37:28.999   441   455 E IPCThreadState: binder thread pool (1 threads) starved for 112 ms
10-04 10:37:28.999   696   949 D HDMI    : [S]:<Give Device Power Status> 40:8F
10-04 10:37:28.999   696   696 D ResendCecCommandAction: ResendCecCommandAction started
10-04 10:37:29.032   426  1494 D rtk_heartbeat: heartbeat_timed_out: heartbeatCmdCount = 44353, expected nextSeqNum = 44353
10-04 10:37:29.033   426  1381 D rtk_heartbeat: rtkbt_heartbeat_cmpl_cback: Current SeqNum = 44353,should SeqNum=44353, status = 0
10-04 10:37:29.055   441   455 D hdmicecd: [CEC]:printCecMessage, [4 -> 0] len: 1, body: 8f, result:no ack
10-04 10:37:29.111   441   455 D hdmicecd: [CEC]:printCecMessage, [4 -> 0] len: 1, body: 8f, result:no ack
10-04 10:37:29.111   441   455 E IPCThreadState: binder thread pool (1 threads) starved for 111 ms
10-04 10:37:29.167   441   455 D hdmicecd: [CEC]:printCecMessage, [4 -> 0] len: 1, body: 8f, result:no ack
10-04 10:37:29.222   441   455 D hdmicecd: [CEC]:printCecMessage, [4 -> 0] len: 1, body: 8f, result:no ack
10-04 10:37:29.223   441   455 E IPCThreadState: binder thread pool (1 threads) starved for 112 ms
10-04 10:37:29.300   696   696 D ResendCecCommandAction: sendCommandWithoutRetries failed, retry
10-04 10:37:29.300   696   949 D HDMI    : [S]:<Text View On> 40:0D
10-04 10:37:29.354   441   455 D hdmicecd: [CEC]:printCecMessage, [4 -> 0] len: 1, body: 0d, result:no ack
10-04 10:37:29.411   441   455 D hdmicecd: [CEC]:printCecMessage, [4 -> 0] len: 1, body: 0d, result:no ack
10-04 10:37:29.411   441   455 E IPCThreadState: binder thread pool (1 threads) starved for 110 ms
10-04 10:37:29.467   441   455 D hdmicecd: [CEC]:printCecMessage, [4 -> 0] len: 1, body: 0d, result:no ack
10-04 10:37:29.523   441   455 D hdmicecd: [CEC]:printCecMessage, [4 -> 0] len: 1, body: 0d, result:no ack
10-04 10:37:29.523   441   455 E IPCThreadState: binder thread pool (1 threads) starved for 112 ms
10-04 10:37:29.754 11760 11760 D MonkeyStub: translateCommand: press DPAD_RIGHT
10-04 10:37:29.756   459   459 I lights-tch: flashMode 0 id 2 onMs 0 offMs 0 brightness 0
10-04 10:37:29.760   459   459 I lights-tch: flashMode 0 id 2 onMs 0 offMs 0 brightness 225
10-04 10:37:29.821   424   424 I audio_hw_hal_primary: [register_audio_patch:7826] Patch 3:id:3 mix(io:13)->dev_0[OUT_HDMI(id:18)] found, register the same patch, do nothing.
10-04 10:37:29.821   424   424 I audio_hw_hal_primary: [adev_create_audio_patch:7927] Patch 3: MIX->DEVICE, num_src:1 num_sink:1 patch_src:INVAL
10-04 10:37:29.821   424   424 I audio_hw_hal_primary: [adev_create_audio_patch:7931] sink[0]: OUT_HDMI(id:18)
10-04 10:37:29.821   424   424 I audio_hw_hal_primary: [adev_create_audio_patch:7988] Patch 3: mix(io:13) -> dev[OUT_HDMI(id:18)]
10-04 10:37:29.821   424   424 I audio_hw_hal_primary: [adev_create_audio_patch:8056] dev=0xf3782930 cur_out_device=0x400
10-04 10:37:29.821  1154  1349 D UEventObserver: change@/devices/platform/auge_sound/sound/card0/controlC0��ACTION=change��DEVPATH=/devices/platform/auge_sound/sound/card0/controlC0��SUBSYSTEM=sound��AUDIO_FORMAT=0��MAJOR=116��MINOR=11��DEVNAME=snd/controlC0��SEQNUM=3348��
10-04 10:37:29.822  1154  1349 W ContextImpl: Calling a method in the system process without a qualified user: android.app.ContextImpl.sendBroadcast:1220 android.content.ContextWrapper.sendBroadcast:504 com.droidlogic.audioservice.services.AudioSystemCmdService$1.onUEvent:177 com.droidlogic.UEventObserver$UEventThread.sendEvent:213 com.droidlogic.UEventObserver$UEventThread.run:190 
10-04 10:37:29.824   696   696 D ResendCecCommandAction: sendCommandWithoutRetries failed, retry
10-04 10:37:29.825   696   949 D HDMI    : [S]:<Text View On> 40:0D
10-04 10:37:29.825   472   577 D audioserver: FGS Logger Transaction failed
10-04 10:37:29.825   472   577 D audioserver: -129
--------- beginning of main
10-04 10:37:29.939   441   455 D hdmicecd: [CEC]:printCecMessage, [4 -> 0] len: 1, body: 0d, result:no ack
10-04 10:37:29.939   441   455 E IPCThreadState: binder thread pool (1 threads) starved for 114 ms
10-04 10:37:29.949   424  8590 I audio_hw_hal_primary: [audiohal_get_latency:1258] io 13: out:0xf2d00740 frames:3072 rate:48000 whole_latency:64 alsa_latency:64
10-04 10:37:29.971   424  8590 I audio_hw_hal_primary: [audiohal_get_latency:1258] io 13: out:0xf2d00740 frames:3072 rate:48000 whole_latency:64 alsa_latency:64
10-04 10:37:29.991   424  8590 I audio_hw_hal_primary: [audiohal_get_latency:1258] io 13: out:0xf2d00740 frames:3072 rate:48000 whole_latency:64 alsa_latency:64
10-04 10:37:29.995   441   455 D hdmicecd: [CEC]:printCecMessage, [4 -> 0] len: 1, body: 0d, result:no ack
10-04 10:37:30.014   424  8590 I audio_hw_hal_primary: [audiohal_get_latency:1258] io 13: out:0xf2d00740 frames:3072 rate:48000 whole_latency:64 alsa_latency:64
10-04 10:37:30.032   426  1494 D rtk_heartbeat: heartbeat_timed_out: heartbeatCmdCount = 44354, expected nextSeqNum = 44354
10-04 10:37:30.033   426  1381 D rtk_heartbeat: rtkbt_heartbeat_cmpl_cback: Current SeqNum = 44354,should SeqNum=44354, status = 0
10-04 10:37:30.034   424  8590 I audio_hw_hal_primary: [audiohal_get_latency:1258] io 13: out:0xf2d00740 frames:3072 rate:48000 whole_latency:64 alsa_latency:64
10-04 10:37:30.051   441   455 D hdmicecd: [CEC]:printCecMessage, [4 -> 0] len: 1, body: 0d, result:no ack
10-04 10:37:30.051   441   455 E IPCThreadState: binder thread pool (1 threads) starved for 112 ms
10-04 10:37:30.056   424  8590 I audio_hw_hal_primary: [audiohal_get_latency:1258] io 13: out:0xf2d00740 frames:3072 rate:48000 whole_latency:64 alsa_latency:64
10-04 10:37:30.077   424  8590 I audio_hw_hal_primary: [audiohal_get_latency:1258] io 13: out:0xf2d00740 frames:3072 rate:48000 whole_latency:64 alsa_latency:64
10-04 10:37:30.098   424  8590 I audio_hw_hal_primary: [audiohal_get_latency:1258] io 13: out:0xf2d00740 frames:3072 rate:48000 whole_latency:64 alsa_latency:64
10-04 10:37:30.099   472   662 D audioserver: FGS Logger Transaction failed
10-04 10:37:30.099   472   662 D audioserver: -129
--------- beginning of kernel
10-04 10:37:30.176     0     0 W [0 T1289  ..] RTW: rtw_get_sta_tx_stat() not support
10-04 10:37:30.176     0     0 W [0 T1289  ..] RTW: cfg80211_rtw_get_txpower
--------- beginning of system
10-04 10:37:30.771   696   696 D HDMI    : one touch play retry:5
10-04 10:37:30.772   696   949 D HDMI    : [S]:<Text View On> 40:0D
10-04 10:37:30.827   441   455 D hdmicecd: [CEC]:printCecMessage, [4 -> 0] len: 1, body: 0d, result:no ack
10-04 10:37:30.844   696   866 D ActivityManager: freezing 2100 com.android.providers.tv
10-04 10:37:30.883   441   455 D hdmicecd: [CEC]:printCecMessage, [4 -> 0] len: 1, body: 0d, result:no ack
10-04 10:37:30.883   441   455 E IPCThreadState: binder thread pool (1 threads) starved for 111 ms
10-04 10:37:30.939   441   455 D hdmicecd: [CEC]:printCecMessage, [4 -> 0] len: 1, body: 0d, result:no ack
10-04 10:37:30.964  1154  1154 I ThermalService: CPU temperatures: [43.7]
10-04 10:37:30.973 11760 11760 D MonkeyStub: translateCommand: press DPAD_RIGHT
10-04 10:37:30.975   459   459 I lights-tch: flashMode 0 id 2 onMs 0 offMs 0 brightness 0
10-04 10:37:30.986   459   459 I lights-tch: flashMode 0 id 2 onMs 0 offMs 0 brightness 225
10-04 10:37:30.999   441   455 D hdmicecd: [CEC]:printCecMessage, [4 -> 0] len: 1, body: 0d, result:no ack
10-04 10:37:30.999   441   455 E IPCThreadState: binder thread pool (1 threads) starved for 116 ms
10-04 10:37:30.999   696   949 D HDMI    : [S]:<Give Device Power Status> 40:8F
10-04 10:37:30.999   696   696 D ResendCecCommandAction: ResendCecCommandAction started
10-04 10:37:31.024   424   424 I audio_hw_hal_primary: [register_audio_patch:7826] Patch 3:id:3 mix(io:13)->dev_0[OUT_HDMI(id:18)] found, register the same patch, do nothing.
10-04 10:37:31.024   424   424 I audio_hw_hal_primary: [adev_create_audio_patch:7927] Patch 3: MIX->DEVICE, num_src:1 num_sink:1 patch_src:INVAL
10-04 10:37:31.024   424   424 I audio_hw_hal_primary: [adev_create_audio_patch:7931] sink[0]: OUT_HDMI(id:18)
10-04 10:37:31.024   424   424 I audio_hw_hal_primary: [adev_create_audio_patch:7988] Patch 3: mix(io:13) -> dev[OUT_HDMI(id:18)]
10-04 10:37:31.024   424   424 I audio_hw_hal_primary: [adev_create_audio_patch:8056] dev=0xf3782930 cur_out_device=0x400
10-04 10:37:31.027  1154  1349 D UEventObserver: change@/devices/platform/auge_sound/sound/card0/controlC0��ACTION=change��DEVPATH=/devices/platform/auge_sound/sound/card0/controlC0��SUBSYSTEM=sound��AUDIO_FORMAT=0��MAJOR=116��MINOR=11��DEVNAME=snd/controlC0��SEQNUM=3349��
10-04 10:37:31.027  1154  1349 W ContextImpl: Calling a method in the system process without a qualified user: android.app.ContextImpl.sendBroadcast:1220 android.content.ContextWrapper.sendBroadcast:504 com.droidlogic.audioservice.services.AudioSystemCmdService$1.onUEvent:177 com.droidlogic.UEventObserver$UEventThread.sendEvent:213 com.droidlogic.UEventObserver$UEventThread.run:190 
10-04 10:37:31.028  8084  8084 D Glide   : Finished loading BitmapDrawable from DATA_DISK_CACHE for http://tvimg.wynk.in/unsafe/fit-in/64x64/filters:no_upscale():format(webp)/https://image.airtel.tv/grandslam/content/2024_7_18/offer_icon_selected.png with size [-2147483648x-2147483648] in 39.86025 ms
10-04 10:37:31.031   472  1302 D audioserver: FGS Logger Transaction failed
10-04 10:37:31.031   472  1302 D audioserver: -129
10-04 10:37:31.032   426  1494 D rtk_heartbeat: heartbeat_timed_out: heartbeatCmdCount = 44355, expected nextSeqNum = 44355
10-04 10:37:31.033   426  1381 D rtk_heartbeat: rtkbt_heartbeat_cmpl_cback: Current SeqNum = 44355,should SeqNum=44355, status = 0
10-04 10:37:31.039  1154  1348 I AudioSystemCmdService: onAudioPatchListUpdate
10-04 10:37:31.047  1154  1348 I AudioSystemCmdService: mAudioSink:[{{mHandle: 18, mRole: SINK}, mType: hdmi, mAddress: }], previousSink:[{{mHandle: 18, mRole: SINK}, mType: hdmi, mAddress: }]
10-04 10:37:31.047  1154  1348 I AudioSystemCmdService: updateAudioPatch cur sink does not change.
--------- beginning of main
10-04 10:37:31.172   441   455 D hdmicecd: [CEC]:printCecMessage, [4 -> 0] len: 1, body: 8f, result:no ack
10-04 10:37:31.187   424  8590 I audio_hw_hal_primary: [audiohal_get_latency:1258] io 13: out:0xf2d00740 frames:3072 rate:48000 whole_latency:64 alsa_latency:64
10-04 10:37:31.209   424  8590 I audio_hw_hal_primary: [audiohal_get_latency:1258] io 13: out:0xf2d00740 frames:3072 rate:48000 whole_latency:64 alsa_latency:64
10-04 10:37:31.227   441   455 D hdmicecd: [CEC]:printCecMessage, [4 -> 0] len: 1, body: 8f, result:no ack
10-04 10:37:31.227   441   455 E IPCThreadState: binder thread pool (1 threads) starved for 112 ms
10-04 10:37:31.229   424  8590 I audio_hw_hal_primary: [audiohal_get_latency:1258] io 13: out:0xf2d00740 frames:3072 rate:48000 whole_latency:64 alsa_latency:64
10-04 10:37:31.250   424  8590 I audio_hw_hal_primary: [audiohal_get_latency:1258] io 13: out:0xf2d00740 frames:3072 rate:48000 whole_latency:64 alsa_latency:64
10-04 10:37:31.271   424  8590 I audio_hw_hal_stream: aml_stream_out_info_print: out:0xf2d00740, stream_type:pcm, sync_mode:non tunnel, input_size:82657280 bytes
10-04 10:37:31.271   424  8590 I audio_hw_hal_stream: aml_stream_out_info_print: last_time:44390836 ms (sec:44390, nsec:836243208), last_position:430348 ms (20656720), cur_time:44390852 ms (sec:44390, nsec:852108666), cur_position:430364 ms (20657488)
10-04 10:37:31.271   424  8590 I audio_hw_hal_stream: aml_stream_out_info_print: time_gap:16 ms (thr:100 ms), position_gap:16 ms, delay:142 ms, jitter: Position gap is ahead of system time gap by 0 ms (thr:100 ms)
10-04 10:37:31.272   424  8590 I audio_hw_hal_primary: [audiohal_get_latency:1258] io 13: out:0xf2d00740 frames:3072 rate:48000 whole_latency:64 alsa_latency:64
10-04 10:37:31.294   424  8590 I audio_hw_hal_primary: [audiohal_get_latency:1258] io 13: out:0xf2d00740 frames:3072 rate:48000 whole_latency:64 alsa_latency:64
--------- beginning of system
10-04 10:37:31.300   696   696 D ResendCecCommandAction: sendCommandWithoutRetries failed, retry
10-04 10:37:31.300   696   949 D HDMI    : [S]:<Text View On> 40:0D
10-04 10:37:31.314   424  8590 I audio_hw_hal_primary: [audiohal_get_latency:1258] io 13: out:0xf2d00740 frames:3072 rate:48000 whole_latency:64 alsa_latency:64
10-04 10:37:31.336   424  8590 I audio_hw_hal_primary: [audiohal_get_latency:1258] io 13: out:0xf2d00740 frames:3072 rate:48000 whole_latency:64 alsa_latency:64
10-04 10:37:31.337   472   662 D audioserver: FGS Logger Transaction failed
10-04 10:37:31.337   472   662 D audioserver: -129
10-04 10:37:31.355   441   455 D hdmicecd: [CEC]:printCecMessage, [4 -> 0] len: 1, body: 0d, result:no ack
10-04 10:37:31.411   441   455 D hdmicecd: [CEC]:printCecMessage, [4 -> 0] len: 1, body: 0d, result:no ack
10-04 10:37:31.411   441   455 E IPCThreadState: binder thread pool (1 threads) starved for 110 ms
10-04 10:37:31.467   441   455 D hdmicecd: [CEC]:printCecMessage, [4 -> 0] len: 1, body: 0d, result:no ack
10-04 10:37:31.523   441   455 D hdmicecd: [CEC]:printCecMessage, [4 -> 0] len: 1, body: 0d, result:no ack
10-04 10:37:31.523   441   455 E IPCThreadState: binder thread pool (1 threads) starved for 112 ms
10-04 10:37:31.646  1826  1826 D BoundBrokerSvc: onUnbind: Intent { act=com.google.android.gms.measurement.START pkg=com.google.android.gms }
10-04 10:37:31.755   424   582 I audio_hw_hal_alsamgr: alsa format =0x1 delay frames =1024 total frames=2130176000
10-04 10:37:31.824   696   696 D ResendCecCommandAction: sendCommandWithoutRetries failed, retry
10-04 10:37:31.827   696   949 D HDMI    : [S]:<Text View On> 40:0D
10-04 10:37:31.883   441   455 D hdmicecd: [CEC]:printCecMessage, [4 -> 0] len: 1, body: 0d, result:no ack
10-04 10:37:31.939   441   455 D hdmicecd: [CEC]:printCecMessage, [4 -> 0] len: 1, body: 0d, result:no ack
10-04 10:37:31.939   441   455 E IPCThreadState: binder thread pool (1 threads) starved for 113 ms
10-04 10:37:31.995   441   455 D hdmicecd: [CEC]:printCecMessage, [4 -> 0] len: 1, body: 0d, result:no ack
10-04 10:37:32.032   426  1494 D rtk_heartbeat: heartbeat_timed_out: heartbeatCmdCount = 44356, expected nextSeqNum = 44356
10-04 10:37:32.033   426  1381 D rtk_heartbeat: rtkbt_heartbeat_cmpl_cback: Current SeqNum = 44356,should SeqNum=44356, status = 0
10-04 10:37:32.051   441   455 D hdmicecd: [CEC]:printCecMessage, [4 -> 0] len: 1, body: 0d, result:no ack
10-04 10:37:32.051   441   455 E IPCThreadState: binder thread pool (1 threads) starved for 111 ms
10-04 10:37:32.172 11760 11760 D MonkeyStub: translateCommand: press DPAD_RIGHT
10-04 10:37:32.179   459   459 I lights-tch: flashMode 0 id 2 onMs 0 offMs 0 brightness 0
10-04 10:37:32.180   459   459 I lights-tch: flashMode 0 id 2 onMs 0 offMs 0 brightness 225
10-04 10:37:32.183  8084  8084 D focus content view android.widget.LinearLayout{c3ff3c2 VFE...C.. .F...... 758,0-1069,64 aid=10
10-04 10:37:32.183  8084  8084 D focus content direction 66: 
10-04 10:37:32.183  8084  8084 D focus content view android.widget.ImageView{c6374d3 VFED..C.. ........ 1532,0-1596,64 #7f0b010
10-04 10:37:32.183  8084  8084 D focus view android.widget.LinearLayout{c3ff3c2 VFE...C.. .F...... 758,0-1069,64 aid=1073742020
10-04 10:37:32.184  8084  8084 D focus direction 66: 
10-04 10:37:32.184  8084  8084 D focus Next view android.widget.ImageView{c6374d3 VFED..C.. ........ 1532,0-1596,64 #7f0b0109 a
10-04 10:37:32.184  8084  8084 D focus view TAg null: 
10-04 10:37:32.185  8084  8084 D focus next view parent tv.airtel.xstream.widget.FocusableMainFragmentView{1c271f6 V.E...... ..
10-04 10:37:32.185  8084  8084 D focus view parent androidx.constraintlayout.widget.ConstraintLayout{f45cfd5 V.E...... ........
10-04 10:37:32.190  8084  8084 D Glide   : Finished loading BitmapDrawable from MEMORY_CACHE for http://tvimg.wynk.in/unsafe/fit-in/64x64/filters:no_upscale():format(webp)/https://image.airtel.tv/grandslam/content/2024_7_16/offer_icon.png with size [-2147483648x-2147483648] in 0.396333 ms
10-04 10:37:32.230   424   424 I audio_hw_hal_primary: [register_audio_patch:7826] Patch 3:id:3 mix(io:13)->dev_0[OUT_HDMI(id:18)] found, register the same patch, do nothing.
10-04 10:37:32.230   424   424 I audio_hw_hal_primary: [adev_create_audio_patch:7927] Patch 3: MIX->DEVICE, num_src:1 num_sink:1 patch_src:INVAL
10-04 10:37:32.230   424   424 I audio_hw_hal_primary: [adev_create_audio_patch:7931] sink[0]: OUT_HDMI(id:18)
10-04 10:37:32.230   424   424 I audio_hw_hal_primary: [adev_create_audio_patch:7988] Patch 3: mix(io:13) -> dev[OUT_HDMI(id:18)]
10-04 10:37:32.231   424   424 I audio_hw_hal_primary: [adev_create_audio_patch:8056] dev=0xf3782930 cur_out_device=0x400
10-04 10:37:32.231  1154  1349 D UEventObserver: change@/devices/platform/auge_sound/sound/card0/controlC0��ACTION=change��DEVPATH=/devices/platform/auge_sound/sound/card0/controlC0��SUBSYSTEM=sound��AUDIO_FORMAT=0��MAJOR=116��MINOR=11��DEVNAME=snd/controlC0��SEQNUM=3350��
10-04 10:37:32.232  1154  1349 W ContextImpl: Calling a method in the system process without a qualified user: android.app.ContextImpl.sendBroadcast:1220 android.content.ContextWrapper.sendBroadcast:504 com.droidlogic.audioservice.services.AudioSystemCmdService$1.onUEvent:177 com.droidlogic.UEventObserver$UEventThread.sendEvent:213 com.droidlogic.UEventObserver$UEventThread.run:190 
--------- beginning of kernel
10-04 10:37:32.261     0     0 I [1 T230   ..] logd: logdr: UID=2000 GID=2000 PID=11842 n tail=0 logMask=99 pid=0 start=0ns deadline=0ns
10-04 10:37:32.235   472   577 D audioserver: FGS Logger Transaction failed
10-04 10:37:32.235   472   577 D audioserver: -129
--------- beginning of main
10-04 10:37:32.381   424  8590 I audio_hw_hal_primary: [audiohal_get_latency:1258] io 13: out:0xf2d00740 frames:3072 rate:48000 whole_latency:64 alsa_latency:64
10-04 10:37:32.402   424  8590 I audio_hw_hal_primary: [audiohal_get_latency:1258] io 13: out:0xf2d00740 frames:3072 rate:48000 whole_latency:64 alsa_latency:64
10-04 10:37:32.423   424  8590 I audio_hw_hal_primary: [audiohal_get_latency:1258] io 13: out:0xf2d00740 frames:3072 rate:48000 whole_latency:64 alsa_latency:64
10-04 10:37:32.445   424  8590 I audio_hw_hal_primary: [audiohal_get_latency:1258] io 13: out:0xf2d00740 frames:3072 rate:48000 whole_latency:64 alsa_latency:64
10-04 10:37:32.466   424  8590 I audio_hw_hal_primary: [audiohal_get_latency:1258] io 13: out:0xf2d00740 frames:3072 rate:48000 whole_latency:64 alsa_latency:64
10-04 10:37:32.488   424  8590 I audio_hw_hal_primary: [audiohal_get_latency:1258] io 13: out:0xf2d00740 frames:3072 rate:48000 whole_latency:64 alsa_latency:64
10-04 10:37:32.509   424  8590 I audio_hw_hal_primary: [audiohal_get_latency:1258] io 13: out:0xf2d00740 frames:3072 rate:48000 whole_latency:64 alsa_latency:64
10-04 10:37:32.530   424  8590 I audio_hw_hal_primary: [audiohal_get_latency:1258] io 13: out:0xf2d00740 frames:3072 rate:48000 whole_latency:64 alsa_latency:64
10-04 10:37:32.531   472   662 D audioserver: FGS Logger Transaction failed
10-04 10:37:32.531   472   662 D audioserver: -129
10-04 10:37:32.684  8084  8084 D Glide   : Finished loading BitmapDrawable from MEMORY_CACHE for http://tvimg.wynk.in/unsafe/fit-in/1920x548/filters:no_upscale():format(webp)/https://s3.ap-south-1.amazonaws.com/discovery-prod-arsenal/tile/artwork/1727811858264_airtel-stb_ind-vs-nz-3-oct-7.30pm_ss1hd_hindi_1920-x-548.jpg with size [-2147483648x-2147483648] in 0.44175 ms
10-04 10:37:32.772   696   696 W WindowManager: One touch play failed: 1
