10-04 10:32:29.023   696   949 E HDMI    : [6]:Failed to send <Give Device Power Status> 40:8F with errorCode=1
10-04 10:32:29.023   696   949 D HDMI    : [S]:<Text View On> 40:0D
10-04 10:32:29.079   441   454 D hdmicecd: [CEC]:printCecMessage, [4 -> 0] len: 1, body: 0d, result:no ack
10-04 10:32:29.103  1154 10042 D DroidLogicBenchService: onForegroundActivitiesChanged pid:8084,uid:10043,fg:false
10-04 10:32:29.103  1154  1173 D NetflixService: onForegroundActivitiesChanged pid:8084,uid:10043,fg:false
10-04 10:32:29.139   441   454 D hdmicecd: [CEC]:printCecMessage, [4 -> 0] len: 1, body: 0d, result:no ack
10-04 10:32:29.139   441   454 E IPCThreadState: binder thread pool (1 threads) starved for 115 ms
10-04 10:32:29.194  8084  8113 I TRuntime.CctTransportBackend: Making request to: https://firebaselogging-pa.googleapis.com/v1/firelog/legacy/batchlog
10-04 10:32:29.197   696   800 D ConnectivityService: requestNetwork for uid/pid:10043/8084 activeRequest: null callbackRequest: 1277 [NetworkRequest [ REQUEST id=1278, [ Capabilities: INTERNET&NOT_RESTRICTED&TRUSTED&NOT_VCN_MANAGED Uid: 10043 RequestorUid: 10043 RequestorPkg: com.airtel.tv UnderlyingNetworks: Null] ]] callback flags: 0 order: 2147483647
10-04 10:32:29.198   441   454 D hdmicecd: [CEC]:printCecMessage, [4 -> 0] len: 1, body: 0d, result:no ack
10-04 10:32:29.199   696   910 D WifiNetworkFactory: got request NetworkRequest [ REQUEST id=1278, [ Capabilities: INTERNET&NOT_RESTRICTED&TRUSTED&NOT_VCN_MANAGED Uid: 10043 RequestorUid: 10043 RequestorPkg: com.airtel.tv UnderlyingNetworks: Null] ]
10-04 10:32:29.199   696   910 D UntrustedWifiNetworkFactory: got request NetworkRequest [ REQUEST id=1278, [ Capabilities: INTERNET&NOT_RESTRICTED&TRUSTED&NOT_VCN_MANAGED Uid: 10043 RequestorUid: 10043 RequestorPkg: com.airtel.tv UnderlyingNetworks: Null] ]
10-04 10:32:29.199   696   910 D OemPaidWifiNetworkFactory: got request NetworkRequest [ REQUEST id=1278, [ Capabilities: INTERNET&NOT_RESTRICTED&TRUSTED&NOT_VCN_MANAGED Uid: 10043 RequestorUid: 10043 RequestorPkg: com.airtel.tv UnderlyingNetworks: Null] ]
10-04 10:32:29.199   696   918 D ConnectivityService: NetReassign [1278 : null → 100] [c 0] [a 0] [i 1]
10-04 10:32:29.199   696   910 D MultiInternetWifiNetworkFactory: got request NetworkRequest [ REQUEST id=1278, [ Capabilities: INTERNET&NOT_RESTRICTED&TRUSTED&NOT_VCN_MANAGED Uid: 10043 RequestorUid: 10043 RequestorPkg: com.airtel.tv UnderlyingNetworks: Null] ]
10-04 10:32:29.254   441   454 D hdmicecd: [CEC]:printCecMessage, [4 -> 0] len: 1, body: 0d, result:no ack
10-04 10:32:29.255   441   454 E IPCThreadState: binder thread pool (1 threads) starved for 116 ms
10-04 10:32:29.255  8084  8113 D TrafficStats: tagSocket(136) with statsTag=0xffffffff, statsUid=-1
10-04 10:32:29.287  8084  8143 I WM-WorkerWrapper: Worker result SUCCESS for Work [ id=9dac030b-c0b7-40be-80db-a55f6bbe015e, tags={ tv.airtel.wynk.analytics.sync.service.AnalyticsSyncService, com.airtel.analyticsSyncService } ]
10-04 10:32:29.321   696   850 W JobScheduler: Job didn't exist in JobStore: a1ca202 #u0a43/3078 com.airtel.tv/androidx.work.impl.background.systemjob.SystemJobService
10-04 10:32:29.555   696   696 D ResendCecCommandAction: sendCommandWithoutRetries failed, retry
10-04 10:32:29.556   696   949 D HDMI    : [S]:<Text View On> 40:0D
10-04 10:32:29.611   441   454 D hdmicecd: [CEC]:printCecMessage, [4 -> 0] len: 1, body: 0d, result:no ack
10-04 10:32:29.617  1154 11460 D DroidLogicBenchService: mThermal cpus is  enabled
10-04 10:32:29.618  1154 11460 D DroidLogicBenchService: mCpufreq is  schedutil
10-04 10:32:29.618   422   524 E SystemControl: [/SysWrite.cpp, readSys, 651] readSysFs, open /sys/class/devfreq/fe400000.valhall/governor fail. Error info [No such file or directory]
10-04 10:32:29.618  1154 11460 D DroidLogicBenchService: mDevfreq is  
10-04 10:32:29.619  1154 11460 D DroidLogicBenchService: mMpgpu is  1
10-04 10:32:29.619  1154 11460 D DroidLogicBenchService: bench app is not onForeground and set default param
10-04 10:32:29.625   422   524 E SystemControl: [/SysWrite.cpp, writeSys, 280] writeSysFs, open /sys/class/devfreq/fe400000.valhall/governor fail.
--------- beginning of kernel
10-04 10:32:29.680     0     0 W [2 T1289  ..] RTW: rtw_get_sta_tx_stat() not support
10-04 10:32:29.680     0     0 W [2 T1289  ..] RTW: cfg80211_rtw_get_txpower
10-04 10:32:29.667   441   454 D hdmicecd: [CEC]:printCecMessage, [4 -> 0] len: 1, body: 0d, result:no ack
10-04 10:32:29.667   441   454 E IPCThreadState: binder thread pool (1 threads) starved for 111 ms
10-04 10:32:29.726   441   454 D hdmicecd: [CEC]:printCecMessage, [4 -> 0] len: 1, body: 0d, result:no ack
10-04 10:32:29.782   441   454 D hdmicecd: [CEC]:printCecMessage, [4 -> 0] len: 1, body: 0d, result:no ack
10-04 10:32:29.783   441   454 E IPCThreadState: binder thread pool (1 threads) starved for 116 ms
10-04 10:32:29.804  1154  1154 D NetflixService: handleMessage
10-04 10:32:29.807  1154  1154 D NetflixService: com.android.tv.settings is visible.
10-04 10:32:29.807  1154  1154 D NetflixService: com.netflix.ninja is not top activity.
10-04 10:32:29.808  1154  1154 D NetflixService: processName:com.netflix.ninja,importance:400
10-04 10:32:29.810  1154  1154 D NetflixService: com.netflix.ninjais not top activity.
10-04 10:32:29.810  1154  1154 I NetflixService: fg: false  mIsNetflixFg: false
10-04 10:32:29.812  1154  1154 D NetflixService: com.android.tv.settings is visible.
10-04 10:32:29.813  1154  1154 D NetflixService: com.google.android.youtube.tv is not top activity.
10-04 10:32:29.906  8084 11260 I FA      : Application backgrounded at: timestamp_millis: 1728018147905
10-04 10:32:29.961 11208 11208 D MonkeyStub: translateCommand: press KEYCODE_BACK
10-04 10:32:29.963   459   459 I lights-tch: flashMode 0 id 2 onMs 0 offMs 0 brightness 0
10-04 10:32:29.969   459   459 I lights-tch: flashMode 0 id 2 onMs 0 offMs 0 brightness 225
10-04 10:32:29.976   426  1494 D rtk_heartbeat: heartbeat_timed_out: heartbeatCmdCount = 44054, expected nextSeqNum = 44054
10-04 10:32:29.977   426  1381 D rtk_heartbeat: rtkbt_heartbeat_cmpl_cback: Current SeqNum = 44054,should SeqNum=44054, status = 0
10-04 10:32:29.978   982  1072 V WindowManagerShell: Transition requested: android.os.BinderProxy@31ae579 TransitionRequestInfo { type = CLOSE, triggerTask = TaskInfo{userId=0 taskId=257 displayId=0 isRunning=false baseIntent=Intent { act=com.android.tv.settings flg=0x10800000 cmp=com.android.tv.settings/.accessories.AddAccessoryActivity } baseActivity=null topActivity=null origActivity=null realActivity=ComponentInfo{com.android.tv.settings/com.android.tv.settings.accessories.AddAccessoryActivity} numActivities=0 lastActiveTime=44087406 supportsMultiWindow=false resizeMode=1 isResizeable=true minWidth=-1 minHeight=-1 defaultMinSize=220 token=WCT{android.window.IWindowContainerToken$Stub$Proxy@8f4c2be} topActivityType=1 pictureInPictureParams=null shouldDockBigOverlays=false launchIntoPipHostTaskId=-1 lastParentTaskIdBeforePip=-1 displayCutoutSafeInsets=null topActivityInfo=null launchCookies=[] positionInParent=Point(0, 0) parentTaskId=-1 isFocused=true isVisible=true isVisibleRequested=true isSleeping=false topActivityInSizeCompat=false topActivityEligibleForLetterboxEducation= false topActivityLetterboxed= false isFromDoubleTap= false topActivityLetterboxVerticalPosition= -1 topActivityLetterboxHorizontalPosition= -1 topActivityLetterboxWidth=-1 topActivityLetterboxHeight=-1 locusId=null displayAreaFeatureId=1 cameraCompatControlState=hidden}, remoteTransition = null, displayChange = null }
10-04 10:32:29.982   696   696 D HDMI    : one touch play retry:1
10-04 10:32:29.983   696   949 D HDMI    : [S]:<Text View On> 40:0D
10-04 10:32:29.988  1826 11283 W FA-SVC  : Did not find measurement config or missing version info. appId: com.airtel.tv
10-04 10:32:30.007   487   487 I BpBinder: onLastStrongRef automatically unlinking death recipients: 
10-04 10:32:30.014  1154  1173 D NetflixService: onForegroundActivitiesChanged pid:8084,uid:10043,fg:true
10-04 10:32:30.014  1154 10042 D DroidLogicBenchService: onForegroundActivitiesChanged pid:8084,uid:10043,fg:true
10-04 10:32:30.017   696  2853 D ConnectivityService: requestNetwork for uid/pid:10043/8084 activeRequest: null callbackRequest: 1279 [NetworkRequest [ REQUEST id=1280, [ Capabilities: INTERNET&NOT_RESTRICTED&TRUSTED&NOT_VCN_MANAGED Uid: 10043 RequestorUid: 10043 RequestorPkg: com.airtel.tv UnderlyingNetworks: Null] ]] callback flags: 0 order: 2147483647
10-04 10:32:30.025   696  2853 D ConnectivityService: requestNetwork for uid/pid:10043/8084 activeRequest: null callbackRequest: 1281 [NetworkRequest [ REQUEST id=1282, [ Capabilities: INTERNET&NOT_RESTRICTED&TRUSTED&NOT_VCN_MANAGED Uid: 10043 RequestorUid: 10043 RequestorPkg: com.airtel.tv UnderlyingNetworks: Null] ]] callback flags: 0 order: 2147483647
10-04 10:32:30.033   696   910 D WifiNetworkFactory: got request NetworkRequest [ REQUEST id=1280, [ Capabilities: INTERNET&NOT_RESTRICTED&TRUSTED&NOT_VCN_MANAGED Uid: 10043 RequestorUid: 10043 RequestorPkg: com.airtel.tv UnderlyingNetworks: Null] ]
10-04 10:32:30.033   696   910 D UntrustedWifiNetworkFactory: got request NetworkRequest [ REQUEST id=1280, [ Capabilities: INTERNET&NOT_RESTRICTED&TRUSTED&NOT_VCN_MANAGED Uid: 10043 RequestorUid: 10043 RequestorPkg: com.airtel.tv UnderlyingNetworks: Null] ]
10-04 10:32:30.033   696   918 D ConnectivityService: NetReassign [1280 : null → 100] [c 0] [a 1] [i 0]
10-04 10:32:30.033   696   910 D OemPaidWifiNetworkFactory: got request NetworkRequest [ REQUEST id=1280, [ Capabilities: INTERNET&NOT_RESTRICTED&TRUSTED&NOT_VCN_MANAGED Uid: 10043 RequestorUid: 10043 RequestorPkg: com.airtel.tv UnderlyingNetworks: Null] ]
10-04 10:32:30.034   696   910 D MultiInternetWifiNetworkFactory: got request NetworkRequest [ REQUEST id=1280, [ Capabilities: INTERNET&NOT_RESTRICTED&TRUSTED&NOT_VCN_MANAGED Uid: 10043 RequestorUid: 10043 RequestorPkg: com.airtel.tv UnderlyingNetworks: Null] ]
10-04 10:32:30.035   696   910 D WifiNetworkFactory: got request NetworkRequest [ REQUEST id=1282, [ Capabilities: INTERNET&NOT_RESTRICTED&TRUSTED&NOT_VCN_MANAGED Uid: 10043 RequestorUid: 10043 RequestorPkg: com.airtel.tv UnderlyingNetworks: Null] ]
10-04 10:32:30.035   696   910 D UntrustedWifiNetworkFactory: got request NetworkRequest [ REQUEST id=1282, [ Capabilities: INTERNET&NOT_RESTRICTED&TRUSTED&NOT_VCN_MANAGED Uid: 10043 RequestorUid: 10043 RequestorPkg: com.airtel.tv UnderlyingNetworks: Null] ]
10-04 10:32:30.035   696   918 D ConnectivityService: NetReassign [1282 : null → 100] [c 0] [a 1] [i 1]
10-04 10:32:30.036   696   910 D OemPaidWifiNetworkFactory: got request NetworkRequest [ REQUEST id=1282, [ Capabilities: INTERNET&NOT_RESTRICTED&TRUSTED&NOT_VCN_MANAGED Uid: 10043 RequestorUid: 10043 RequestorPkg: com.airtel.tv UnderlyingNetworks: Null] ]
10-04 10:32:30.036   696   910 D MultiInternetWifiNetworkFactory: got request NetworkRequest [ REQUEST id=1282, [ Capabilities: INTERNET&NOT_RESTRICTED&TRUSTED&NOT_VCN_MANAGED Uid: 10043 RequestorUid: 10043 RequestorPkg: com.airtel.tv UnderlyingNetworks: Null] ]
10-04 10:32:30.043   441   454 D hdmicecd: [CEC]:printCecMessage, [4 -> 0] len: 1, body: 0d, result:no ack
10-04 10:32:30.050  3008  7087 D TchAvkoProvider: <<query>> content://com.oem.provider/device/wifi_name, null, null, null, null
10-04 10:32:30.051  3008  7087 D InfoProvider: feedQueryCursor single row table display
10-04 10:32:30.059  1826 11283 W FA-SVC  : Did not find measurement config or missing version info. appId: com.airtel.tv
10-04 10:32:30.072  8084  8084 I System.out: xxxxxxxxx::  registerRemotePairingReceiver
10-04 10:32:30.072  8084  8084 I System.out: xxxxxxxxx::  registerForPairingStatus
10-04 10:32:30.073   696  2853 W ActivityManager: Receiver with filter android.content.IntentFilter@7b9e775 already registered for pid 8084, callerPackage is com.airtel.tv
10-04 10:32:30.086  8084  8084 D ANALYTICS_IPTV: AnalyticsEventTracker ***Event***Event{ts=1728018150084, meta={"box_type":"iptv","app_version":"1.0.0019:237","box_model":"bx:1.2.3","app_resume_time_diff":"2","language":"en|hi|ta|kn","network_type":"wifi","firmware":"fw:1.2.3"}, uid=5ye_gfsYCZe-PoQ4A0, did=8fb17cc052aef526, os=Android, ov=34, bn=237, nq=-1, nt=2, nct=0, lc=en|hi|ta|kn, av=1.0.0019, dt=STB, type=app_foreground, adid=95acddf7-5a94-4681-bf0a-0a767be9f2c3, brand=Airtel-Xstream, model=XstreamIPTV1-VT, dname=Vantiva XstreamIPTV1-VT, appId=IPTV, sId=8fb17cc052aef526, profileId=, ab_test=86079:0|108429:0|42374:0|78244:0|95458:0|75817:0|60412:1|117812:1|120676:1|113632:1|116206:0|66480:0|100390:2|76965:1|110385:0|129832:2, city=Delhi, state=National Capital Territory of Delhi, country=India, firebase_id=687ecd54b0fd95386e529fbf62179576} Critical: true
10-04 10:32:30.092  8084  8084 D MainActivity::onResume: 
10-04 10:32:30.117     0     0 I [1 T230   ..] logd: logdr: UID=2000 GID=2000 PID=11463 n tail=0 logMask=99 pid=0 start=0ns deadline=0ns
--------- beginning of system
10-04 10:32:30.283   696   808 V WindowManager: Sent Transition #55 createdAt=10-04 10:32:29.976 via request=TransitionRequestInfo { type = CLOSE, triggerTask = TaskInfo{userId=0 taskId=257 displayId=0 isRunning=false baseIntent=Intent { act=com.android.tv.settings flg=0x10800000 cmp=com.android.tv.settings/.accessories.AddAccessoryActivity } baseActivity=null topActivity=null origActivity=null realActivity=ComponentInfo{com.android.tv.settings/com.android.tv.settings.accessories.AddAccessoryActivity} numActivities=0 lastActiveTime=44087406 supportsMultiWindow=false resizeMode=1 isResizeable=true minWidth=-1 minHeight=-1 defaultMinSize=220 token=WCT{RemoteToken{cd78052 Task{ad67343 #257 type=standard I=com.android.tv.settings/.accessories.AddAccessoryActivity}}} topActivityType=1 pictureInPictureParams=null shouldDockBigOverlays=false launchIntoPipHostTaskId=-1 lastParentTaskIdBeforePip=-1 displayCutoutSafeInsets=null topActivityInfo=null launchCookies=[] positionInParent=Point(0, 0) parentTaskId=-1 isFocused=true isVisible=true isVisibleRequested=true isSleeping=false topActivityInSizeCompat=false topActivityEligibleForLetterboxEducation= false topActivityLetterboxed= false isFromDoubleTap= false topActivityLetterboxVerticalPosition= -1 topActivityLetterboxHorizontalPosition= -1 topActivityLetterboxWidth=-1 topActivityLetterboxHeight=-1 locusId=null displayAreaFeatureId=1 cameraCompatControlState=hidden}, remoteTransition = null, displayChange = null }
10-04 10:32:30.284   696   808 V WindowManager:     startWCT=WindowContainerTransaction { changes = {} hops = [] errorCallbackToken=null taskFragmentOrganizer=null }
10-04 10:32:30.286   696   808 V WindowManager:     info={id=55 t=CLOSE f=0x0 trk=0 r=[0@Point(0, 0)] c=[{WCT{RemoteToken{a9b1175 Task{26d47f #218 type=standard A=10043:com.airtel.tv}}} m=TO_FRONT f=NONE leash=Surface(name=Task=218)/@0x4287e5f sb=Rect(0, 0 - 1920, 1080) eb=Rect(0, 0 - 1920, 1080) d=0},{WCT{RemoteToken{cd78052 Task{ad67343 #257 type=standard I=com.android.tv.settings/.accessories.AddAccessoryActivity}}} m=CLOSE f=NONE leash=Surface(name=Task=257)/@0xddba187 sb=Rect(0, 0 - 1920, 1080) eb=Rect(0, 0 - 1920, 1080) d=0}]}
--------- beginning of main
10-04 10:32:30.288  8084  8084 D OmniRemote.OmniOTAImpl: device not found
10-04 10:32:30.288   982  1072 V WindowManagerShell: onTransitionReady android.os.BinderProxy@31ae579: {id=55 t=CLOSE f=0x0 trk=0 r=[0@Point(0, 0)] c=[{WCT{android.window.IWindowContainerToken$Stub$Proxy@fb64cca} m=TO_FRONT f=NONE leash=Surface(name=Task=218)/@0x80ff1f sb=Rect(0, 0 - 1920, 1080) eb=Rect(0, 0 - 1920, 1080) d=0},{WCT{android.window.IWindowContainerToken$Stub$Proxy@a406e3b} m=CLOSE f=NONE leash=Surface(name=Task=257)/@0x5a2426c sb=Rect(0, 0 - 1920, 1080) eb=Rect(0, 0 - 1920, 1080) d=0}]}
10-04 10:32:30.288  8084  8084 D OTAWorker onResult = 258: 
10-04 10:32:30.288   982  1072 V WindowManagerShell: Playing animation for (#55)android.os.BinderProxy@31ae579@0
10-04 10:32:30.288   982  1072 V WindowManagerShell:  try handler com.android.wm.shell.keyguard.KeyguardTransitionHandler@5327bca
10-04 10:32:30.288   982  1072 V WindowManagerShell:  try handler com.android.wm.shell.activityembedding.ActivityEmbeddingController@72713b
10-04 10:32:30.288   982  1072 V WindowManagerShell:  try handler com.android.wm.shell.pip.tv.TvPipTransition@ddc6058
10-04 10:32:30.288  8084  8084 D OTAWorker remote device not found: 
10-04 10:32:30.288  8084 11270 D ANALYTICS_IPTV: AnalyticsEventTracker ***Event***Event{ts=1728018150286, meta={"base_tarrif_id":"[ABP13915]","box_type":"iptv","app_version":"1.0.0019:237","box_model":"bx:1.2.3","firmware":"fw:1.2.3","linear_tarrif_id":"[NCF09900]"}, uid=5ye_gfsYCZe-PoQ4A0, did=8fb17cc052aef526, os=Android, ov=34, bn=237, nq=-1, nt=2, nct=0, lc=en|hi|ta|kn, av=1.0.0019, dt=STB, type=tv_on, adid=95acddf7-5a94-4681-bf0a-0a767be9f2c3, brand=Airtel-Xstream, model=XstreamIPTV1-VT, dname=Vantiva XstreamIPTV1-VT, appId=IPTV, sId=8fb17cc052aef526, profileId=, ab_test=86079:0|108429:0|42374:0|78244:0|95458:0|75817:0|60412:1|117812:1|120676:1|113632:1|116206:0|66480:0|100390:2|76965:1|110385:0|129832:2, city=Delhi, state=National Capital Territory of Delhi, country=India, firebase_id=687ecd54b0fd95386e529fbf62179576} Critical: false
10-04 10:32:30.288   982  1072 V WindowManagerShell:  try handler com.android.wm.shell.transition.RemoteTransitionHandler@84005b1
10-04 10:32:30.288   982  1072 V WindowManagerShell: Transition doesn't have explicit remote, search filters for match for {id=55 t=CLOSE f=0x0 trk=0 r=[0@Point(0, 0)] c=[{WCT{android.window.IWindowContainerToken$Stub$Proxy@fb64cca} m=TO_FRONT f=NONE leash=Surface(name=Task=218)/@0x80ff1f sb=Rect(0, 0 - 1920, 1080) eb=Rect(0, 0 - 1920, 1080) d=0},{WCT{android.window.IWindowContainerToken$Stub$Proxy@a406e3b} m=CLOSE f=NONE leash=Surface(name=Task=257)/@0x5a2426c sb=Rect(0, 0 - 1920, 1080) eb=Rect(0, 0 - 1920, 1080) d=0}]}
10-04 10:32:30.289   982  1072 V WindowManagerShell:  Delegate animation for #55 to null
10-04 10:32:30.289   982  1072 V WindowManagerShell:  try handler com.android.wm.shell.transition.DefaultTransitionHandler@ce48a96
10-04 10:32:30.289   982  1072 V WindowManagerShell: start default transition animation, info = {id=55 t=CLOSE f=0x0 trk=0 r=[0@Point(0, 0)] c=[{WCT{android.window.IWindowContainerToken$Stub$Proxy@fb64cca} m=TO_FRONT f=NONE leash=Surface(name=Task=218)/@0x80ff1f sb=Rect(0, 0 - 1920, 1080) eb=Rect(0, 0 - 1920, 1080) d=0},{WCT{android.window.IWindowContainerToken$Stub$Proxy@a406e3b} m=CLOSE f=NONE leash=Surface(name=Task=257)/@0x5a2426c sb=Rect(0, 0 - 1920, 1080) eb=Rect(0, 0 - 1920, 1080) d=0}]}
10-04 10:32:30.289  8084  8084 D OTAWorker: MainActivity OTAWorker event received tv.airtel.xstream.util.RxEvent$RCUOtaEvents$DeviceNotFound@e68f7a1
10-04 10:32:30.290   982  1072 V WindowManagerShell: loadAnimation: anim=android.view.animation.AlphaAnimation@1eecab1 animAttr=0xb type=CLOSE isEntrance=false
10-04 10:32:30.291   441   454 D hdmicecd: [CEC]:printCecMessage, [4 -> 0] len: 1, body: 8f, result:no ack
10-04 10:32:30.294   982  1072 V WindowManagerShell: loadAnimation: anim=android.view.animation.AlphaAnimation@abdb317 animAttr=0xa type=CLOSE isEntrance=true
10-04 10:32:30.297   982  1072 V WindowManagerShell:  animated by com.android.wm.shell.transition.DefaultTransitionHandler@ce48a96
10-04 10:32:30.305  8084  8084 D NotifManager: pending success NotifGenericResponse(success=true, traceId=2199c7355668459fbe98ec8120d167fd, msg=success, data=null)
10-04 10:32:30.322   696  2853 I ImeTracker: com.airtel.tv:f289b8b1: onRequestHide at ORIGIN_SERVER_HIDE_INPUT reason HIDE_UNSPECIFIED_WINDOW
10-04 10:32:30.323   696  2853 I ImeTracker: com.airtel.tv:f289b8b1: onCancelled at PHASE_SERVER_SHOULD_HIDE
10-04 10:32:30.330  7788  7788 I GoogleInputMethodService: GoogleInputMethodService.onFinishInput():3184 
10-04 10:32:30.332  7788  7788 I GoogleInputMethodService: GoogleInputMethodService.updateDeviceLockedStatus():2246 repeatCheckTimes = 0, locked = false
10-04 10:32:30.332  7788  7788 I GoogleInputMethodService: GoogleInputMethodService.onStartInput():1982 onStartInput(EditorInfo{EditorInfo{packageName=com.airtel.tv, inputType=0, inputTypeString=NULL, enableLearning=false, autoCorrection=false, autoComplete=false, imeOptions=0, privateImeOptions=null, actionName=UNSPECIFIED, actionLabel=null, initialSelStart=-1, initialSelEnd=-1, initialCapsMode=0, label=null, fieldId=0, fieldName=null, extras=null, hintText=null, hintLocales=[]}}, false)
10-04 10:32:30.335  7788  7788 I GoogleInputMethodService: GoogleInputMethodService.updateDeviceLockedStatus():2246 repeatCheckTimes = 1, locked = false
10-04 10:32:30.335  7788  7788 I AndroidIME: InputBundleManager.loadActiveInputBundleId():450 loadActiveInputBundleId: und-Latn-x-password, password
10-04 10:32:30.336  7788  7788 I EmojiCompatManager: EmojiCompatManager.getEmojiCompatIfLoaded():342 EmojiCompat.init() was never called.
10-04 10:32:30.336  7788  7788 I EmojiCompatManager: java.lang.IllegalStateException: EmojiCompat is not initialized. Please call EmojiCompat.init() first
10-04 10:32:30.336  7788  7788 I EmojiCompatManager: 	at so.g(PG:3)
10-04 10:32:30.336  7788  7788 I EmojiCompatManager: 	at abd.a(PG:6)
10-04 10:32:30.336  7788  7788 I EmojiCompatManager: 	at edb.d(PG:1)
10-04 10:32:30.336  7788  7788 I EmojiCompatManager: 	at edb.b(PG:6)
10-04 10:32:30.336  7788  7788 I EmojiCompatManager: 	at com.android.inputmethod.latin.LatinIME.f(PG:286)
10-04 10:32:30.336  7788  7788 I EmojiCompatManager: 	at epp.onStartInput(PG:170)
10-04 10:32:30.336  7788  7788 I EmojiCompatManager: 	at android.inputmethodservice.InputMethodService.doStartInput(InputMethodService.java:3115)
10-04 10:32:30.336  7788  7788 I EmojiCompatManager: 	at android.inputmethodservice.InputMethodService$InputMethodImpl.startInput(InputMethodService.java:824)
10-04 10:32:30.336  7788  7788 I EmojiCompatManager: 	at android.inputmethodservice.InputMethodService$InputMethodImpl.dispatchStartInput(InputMethodService.java:853)
10-04 10:32:30.336  7788  7788 I EmojiCompatManager: 	at android.inputmethodservice.IInputMethodWrapper.executeMessage(IInputMethodWrapper.java:197)
10-04 10:32:30.336  7788  7788 I EmojiCompatManager: 	at com.android.internal.os.HandlerCaller$MyHandler.handleMessage(HandlerCaller.java:44)
10-04 10:32:30.336  7788  7788 I EmojiCompatManager: 	at android.os.Handler.dispatchMessage(Handler.java:106)
10-04 10:32:30.336  7788  7788 I EmojiCompatManager: 	at android.os.Looper.loopOnce(Looper.java:205)
10-04 10:32:30.336  7788  7788 I EmojiCompatManager: 	at android.os.Looper.loop(Looper.java:294)
10-04 10:32:30.336  7788  7788 I EmojiCompatManager: 	at android.app.ActivityThread.main(ActivityThread.java:8177)
10-04 10:32:30.336  7788  7788 I EmojiCompatManager: 	at java.lang.reflect.Method.invoke(Native Method)
10-04 10:32:30.336  7788  7788 I EmojiCompatManager: 	at com.android.internal.os.RuntimeInit$MethodAndArgsCaller.run(RuntimeInit.java:552)
10-04 10:32:30.336  7788  7788 I EmojiCompatManager: 	at com.android.internal.os.ZygoteInit.main(ZygoteInit.java:971)
10-04 10:32:30.347   441   454 D hdmicecd: [CEC]:printCecMessage, [4 -> 0] len: 1, body: 8f, result:no ack
10-04 10:32:30.347   441   454 E IPCThreadState: binder thread pool (1 threads) starved for 113 ms
10-04 10:32:30.350  8084  8444 D TrafficStats: tagSocket(156) with statsTag=0xffffffff, statsUid=-1
10-04 10:32:30.381   696   799 D ConnectivityService: requestNetwork for uid/pid:10043/8084 activeRequest: null callbackRequest: 1283 [NetworkRequest [ REQUEST id=1284, [ Capabilities: INTERNET&NOT_RESTRICTED&TRUSTED&NOT_VCN_MANAGED Uid: 10043 RequestorUid: 10043 RequestorPkg: com.airtel.tv UnderlyingNetworks: Null] ]] callback flags: 0 order: 2147483647
10-04 10:32:30.384   696   910 D WifiNetworkFactory: got request NetworkRequest [ REQUEST id=1284, [ Capabilities: INTERNET&NOT_RESTRICTED&TRUSTED&NOT_VCN_MANAGED Uid: 10043 RequestorUid: 10043 RequestorPkg: com.airtel.tv UnderlyingNetworks: Null] ]
10-04 10:32:30.384   696   910 D UntrustedWifiNetworkFactory: got request NetworkRequest [ REQUEST id=1284, [ Capabilities: INTERNET&NOT_RESTRICTED&TRUSTED&NOT_VCN_MANAGED Uid: 10043 RequestorUid: 10043 RequestorPkg: com.airtel.tv UnderlyingNetworks: Null] ]
10-04 10:32:30.384   696   910 D OemPaidWifiNetworkFactory: got request NetworkRequest [ REQUEST id=1284, [ Capabilities: INTERNET&NOT_RESTRICTED&TRUSTED&NOT_VCN_MANAGED Uid: 10043 RequestorUid: 10043 RequestorPkg: com.airtel.tv UnderlyingNetworks: Null] ]
10-04 10:32:30.384   696   910 D MultiInternetWifiNetworkFactory: got request NetworkRequest [ REQUEST id=1284, [ Capabilities: INTERNET&NOT_RESTRICTED&TRUSTED&NOT_VCN_MANAGED Uid: 10043 RequestorUid: 10043 RequestorPkg: com.airtel.tv UnderlyingNetworks: Null] ]
10-04 10:32:30.384   696   918 D ConnectivityService: NetReassign [1284 : null → 100] [c 0] [a 1] [i 1]
10-04 10:32:30.403   441   454 D hdmicecd: [CEC]:printCecMessage, [4 -> 0] len: 1, body: 8f, result:no ack
10-04 10:32:30.442  1154  1154 I ThermalService: CPU temperatures: [46.800003]
10-04 10:32:30.459   441   454 D hdmicecd: [CEC]:printCecMessage, [4 -> 0] len: 1, body: 8f, result:no ack
10-04 10:32:30.459   441   454 E IPCThreadState: binder thread pool (1 threads) starved for 112 ms
10-04 10:32:30.521   696   696 D ResendCecCommandAction: sendCommandWithoutRetries failed, retry
10-04 10:32:30.521   696   949 D HDMI    : [S]:<Text View On> 40:0D
10-04 10:32:30.524  1154 11465 D DroidLogicBenchService: mThermal cpus is  enabled
10-04 10:32:30.525  1154 11465 D DroidLogicBenchService: mCpufreq is  schedutil
10-04 10:32:30.525   422   524 E SystemControl: [/SysWrite.cpp, readSys, 651] readSysFs, open /sys/class/devfreq/fe400000.valhall/governor fail. Error info [No such file or directory]
10-04 10:32:30.526  1154 11465 D DroidLogicBenchService: mDevfreq is  
10-04 10:32:30.527  1154 11465 D DroidLogicBenchService: mMpgpu is  1
10-04 10:32:30.527  1154 11465 D DroidLogicBenchService: bench app is not onForeground and set default param
10-04 10:32:30.531   422   524 E SystemControl: [/SysWrite.cpp, writeSys, 280] writeSysFs, open /sys/class/devfreq/fe400000.valhall/governor fail.
10-04 10:32:30.579   441   454 D hdmicecd: [CEC]:printCecMessage, [4 -> 0] len: 1, body: 0d, result:no ack
10-04 10:32:30.634   441   454 D hdmicecd: [CEC]:printCecMessage, [4 -> 0] len: 1, body: 0d, result:no ack
10-04 10:32:30.635   441   454 E IPCThreadState: binder thread pool (1 threads) starved for 113 ms
10-04 10:32:30.692   441   454 D hdmicecd: [CEC]:printCecMessage, [4 -> 0] len: 1, body: 0d, result:no ack
10-04 10:32:30.708   982  1072 V WindowManagerShell: Transition animation finished (aborted=false), notifying core (#55)android.os.BinderProxy@31ae579@0
10-04 10:32:30.713   696   808 V WindowManager: Finish Transition #55: created at 10-04 10:32:29.976 collect-started=0.299ms request-sent=0.742ms started=6.005ms ready=24.701ms sent=305.38ms finished=733.769ms
10-04 10:32:30.714   982  1072 V WindowManagerShell: Track 0 became idle
10-04 10:32:30.714   982  1072 V WindowManagerShell: All active transition animations finished
10-04 10:32:30.714  1154  1154 D NetflixService: handleMessage
10-04 10:32:30.717  8084  8195 I WM-WorkerWrapper: Worker result SUCCESS for Work [ id=508aea43-b569-4f34-b44c-f3cab25d32aa, tags={ tv.airtel.wynk.analytics.sync.service.AnalyticsSyncService, com.airtel.analyticsSyncService } ]
10-04 10:32:30.718  1154  1173 D NetflixService: onForegroundActivitiesChanged pid:10653,uid:1000,fg:false
10-04 10:32:30.718  1154 10042 D DroidLogicBenchService: onForegroundActivitiesChanged pid:10653,uid:1000,fg:false
10-04 10:32:30.719  1154  1154 D NetflixService: com.airtel.tv is visible.
10-04 10:32:30.719  1154  1154 D NetflixService: com.netflix.ninja is not top activity.
10-04 10:32:30.720  1154  1154 D NetflixService: processName:com.netflix.ninja,importance:400
10-04 10:32:30.726  1154  1154 D NetflixService: com.netflix.ninjais not top activity.
10-04 10:32:30.726  1154  1154 I NetflixService: fg: false  mIsNetflixFg: false
10-04 10:32:30.729  1154  1154 D NetflixService: com.airtel.tv is visible.
10-04 10:32:30.729  1154  1154 D NetflixService: com.google.android.youtube.tv is not top activity.
10-04 10:32:30.730 10653 10653 D AddAccessoryActivity: onStop()
10-04 10:32:30.731 10653 10653 I AddAccessoryActivity: stopBluetoothPairer()
10-04 10:32:30.744 10653 10653 D BluetoothDevicePairer: Resetting discoverability to: 21
10-04 10:32:30.747   441   454 D hdmicecd: [CEC]:printCecMessage, [4 -> 0] len: 1, body: 0d, result:no ack
10-04 10:32:30.747   441   454 E IPCThreadState: binder thread pool (1 threads) starved for 112 ms
10-04 10:32:30.752  8084  8195 I WM-WorkerWrapper: Worker result SUCCESS for Work [ id=003c691f-0545-446e-93b0-26abb5e68851, tags={ tv.airtel.wynk.analytics.sync.service.AnalyticsSyncService, com.airtel.analyticsSyncService } ]
10-04 10:32:30.756 10653 10653 D BluetoothScanner: stopListening sReceiver=com.android.tv.settings.util.bluetooth.BluetoothScanner$Receiver@ad57967
10-04 10:32:30.756 10653 10653 D BluetoothScanner: mStopTask.run()
10-04 10:32:30.761  1135  1149 D BluetoothAdapterService: cancelDiscovery
10-04 10:32:30.761  1135  1351 I bt_btif_dm: packages/modules/Bluetooth/system/btif/src/btif_dm.cc:2475 btif_dm_cancel_discovery: Cancel search
10-04 10:32:30.761  1135  1351 I bluetooth: packages/modules/Bluetooth/system/bta/dm/bta_dm_main.cc:96 bta_dm_search_sm_execute: state:BTA_DM_SEARCH_ACTIVE, event:BTA_DM_API_SEARCH_CANCEL_EVT[0x201]
10-04 10:32:30.761  1135  1351 E bt_btm  : packages/modules/Bluetooth/system/main/bte_logmsg.cc:105 LogMsg: btm_ble_scan_filt_param_cfg_evt, 4
10-04 10:32:30.761  1135  1351 E bluetooth: packages/modules/Bluetooth/system/stack/btm/btm_inq.cc:1539 btm_process_inq_complete: Received inquiry complete when no inquiry was active
10-04 10:32:30.761  1135  1351 I bt_bta_dm: packages/modules/Bluetooth/system/bta/dm/bta_dm_act.cc:1460 bta_dm_search_cmpl: No BLE connection, processing classic results
10-04 10:32:30.765  1135  1498 D AdapterProperties: Scan Mode:21
10-04 10:32:30.767  1135  1351 E bluetooth: packages/modules/Bluetooth/system/stack/btm/btm_inq.cc:1539 btm_process_inq_complete: Received inquiry complete when no inquiry was active
10-04 10:32:30.776   696   969 W JobScheduler: Job didn't exist in JobStore: 98823b0 #u0a43/3080 com.airtel.tv/androidx.work.impl.background.systemjob.SystemJobService
10-04 10:32:30.783 10653 10653 D AddAccessoryActivity: onDestroy()
10-04 10:32:30.793 10653 10653 W WindowOnBackDispatcher: sendCancelIfRunning: isInProgress=falsecallback=android.view.ViewRootImpl$$ExternalSyntheticLambda11@7d09944
10-04 10:32:30.793   696   969 D CoreBackPreview: Window{fff55ab u0 com.android.tv.settings/com.android.tv.settings.accessories.AddAccessoryActivity}: Setting back callback null
10-04 10:32:30.798   696   799 W InputManager-JNI: Input channel object 'fff55ab com.android.tv.settings/com.android.tv.settings.accessories.AddAccessoryActivity (client)' was disposed without first being removed with the input manager!
10-04 10:32:30.802  1154  1154 D NetflixService: handleMessage
10-04 10:32:30.806  1154  1154 D NetflixService: com.airtel.tv is visible.
10-04 10:32:30.806  1154  1154 D NetflixService: com.netflix.ninja is not top activity.
10-04 10:32:30.809  1154  1154 D NetflixService: processName:com.netflix.ninja,importance:400
10-04 10:32:30.811  1154  1154 D NetflixService: com.netflix.ninjais not top activity.
10-04 10:32:30.811  1154  1154 I NetflixService: fg: false  mIsNetflixFg: false
10-04 10:32:30.813  1154  1154 D NetflixService: com.airtel.tv is visible.
10-04 10:32:30.813  1154  1154 D NetflixService: com.google.android.youtube.tv is not top activity.
10-04 10:32:30.818   424   673 D audio_hw_hal_primary: [out_standby_new:5414] io 13: out:0xf2d00740 usecase:PCM_NORMAL
10-04 10:32:30.818   424   673 I audio_hw_hal_primary: [do_output_standby_l:5310] io 13: out:0xf2d00740, stream usecase:PCM_NORMAL, continuous:1
10-04 10:32:30.818   424   673 I audio_hw_hal_primary: [usecase_change_validate_l:7065] ++ io 13: out:0xf2d00740 dev masks:0x1 is_standby:1 out usecase:PCM_NORMAL
10-04 10:32:30.818   424   673 I audio_hw_hal_primary: [usecase_change_validate_l:7102] -- dev masks:0 is_standby:1 out usecase PCM_NORMAL
10-04 10:32:30.818   424   673 D audio_hw_hal_primary: [out_standby_new:5437] io 13: out:0xf2d00740 usecase:PCM_NORMAL exit
10-04 10:32:30.875  8084  8195 I WM-WorkerWrapper: Worker result SUCCESS for Work [ id=50c6f5cc-f060-45e6-9b4e-10d87a4902fc, tags={ tv.airtel.wynk.analytics.sync.service.AnalyticsSyncService, com.airtel.analyticsSyncService } ]
10-04 10:32:30.884   424   582 I audio_hw_hal_alsamgr: alsa format =0x9000000 delay frames =1536 total frames=2115072000
10-04 10:32:30.902   424   582 D libdolbyms12: continuous underrun 2
10-04 10:32:30.932  8084  8195 I WM-WorkerWrapper: Worker result SUCCESS for Work [ id=bfcf9116-6e18-4441-9333-d2e9b4cb2537, tags={ tv.airtel.wynk.analytics.sync.service.AnalyticsSyncService, com.airtel.analyticsSyncService } ]
10-04 10:32:30.976   426  1494 D rtk_heartbeat: heartbeat_timed_out: heartbeatCmdCount = 44055, expected nextSeqNum = 44055
10-04 10:32:30.977   426  1381 D rtk_heartbeat: rtkbt_heartbeat_cmpl_cback: Current SeqNum = 44055,should SeqNum=44055, status = 0
10-04 10:32:31.048   696   696 D ResendCecCommandAction: sendCommandWithoutRetries failed, retry
10-04 10:32:31.051  8084  8195 I WM-WorkerWrapper: Worker result SUCCESS for Work [ id=fa71c7cb-3c33-4871-a791-48d1df741e59, tags={ tv.airtel.wynk.analytics.sync.service.AnalyticsSyncService, com.airtel.analyticsSyncService } ]
10-04 10:32:31.054   696   949 D HDMI    : [S]:<Text View On> 40:0D
10-04 10:32:31.111   441   454 D hdmicecd: [CEC]:printCecMessage, [4 -> 0] len: 1, body: 0d, result:no ack
10-04 10:32:31.159  8084  8195 I WM-WorkerWrapper: Worker result SUCCESS for Work [ id=87e52d16-9220-4f4a-a7f9-44fc546245b8, tags={ tv.airtel.wynk.analytics.sync.service.AnalyticsSyncService, com.airtel.analyticsSyncService } ]
10-04 10:32:31.166   441   454 D hdmicecd: [CEC]:printCecMessage, [4 -> 0] len: 1, body: 0d, result:no ack
10-04 10:32:31.168   441   454 E IPCThreadState: binder thread pool (1 threads) starved for 113 ms
10-04 10:32:31.223   441   454 D hdmicecd: [CEC]:printCecMessage, [4 -> 0] len: 1, body: 0d, result:no ack
10-04 10:32:31.232  1154 11471 D DroidLogicBenchService: mThermal cpus is  enabled
10-04 10:32:31.233  1154 11471 D DroidLogicBenchService: mCpufreq is  schedutil
10-04 10:32:31.234   422   524 E SystemControl: [/SysWrite.cpp, readSys, 651] readSysFs, open /sys/class/devfreq/fe400000.valhall/governor fail. Error info [No such file or directory]
10-04 10:32:31.235  1154 11471 D DroidLogicBenchService: mDevfreq is  
10-04 10:32:31.236  1154 11471 D DroidLogicBenchService: mMpgpu is  1
10-04 10:32:31.236  1154 11471 D DroidLogicBenchService: bench app is not onForeground and set default param
10-04 10:32:31.241   422   524 E SystemControl: [/SysWrite.cpp, writeSys, 280] writeSysFs, open /sys/class/devfreq/fe400000.valhall/governor fail.
10-04 10:32:31.278   441   454 D hdmicecd: [CEC]:printCecMessage, [4 -> 0] len: 1, body: 0d, result:no ack
10-04 10:32:31.279   441   454 E IPCThreadState: binder thread pool (1 threads) starved for 111 ms
10-04 10:32:31.419  1154  1154 D NetflixService: handleMessage
10-04 10:32:31.422  1154  1154 D NetflixService: com.airtel.tv is visible.
10-04 10:32:31.422  1154  1154 D NetflixService: com.netflix.ninja is not top activity.
10-04 10:32:31.423  1154  1154 D NetflixService: processName:com.netflix.ninja,importance:400
10-04 10:32:31.425  1154  1154 D NetflixService: com.netflix.ninjais not top activity.
10-04 10:32:31.425  1154  1154 I NetflixService: fg: false  mIsNetflixFg: false
10-04 10:32:31.427  1154  1154 D NetflixService: com.airtel.tv is visible.
10-04 10:32:31.427  1154  1154 D NetflixService: com.google.android.youtube.tv is not top activity.
10-04 10:32:31.682  8084  8113 I TRuntime.CctTransportBackend: Status Code: 200
10-04 10:32:31.687  8084  8093 I com.airtel.tv: Background young concurrent copying GC freed 288792(18MB) AllocSpace objects, 37(1140KB) LOS objects, 5% free, 149MB/158MB, paused 967us,222us total 207.261ms
10-04 10:32:31.976   426  1494 D rtk_heartbeat: heartbeat_timed_out: heartbeatCmdCount = 44056, expected nextSeqNum = 44056
10-04 10:32:31.978   426  1381 D rtk_heartbeat: rtkbt_heartbeat_cmpl_cback: Current SeqNum = 44056,should SeqNum=44056, status = 0
10-04 10:32:31.982   696   696 D HDMI    : one touch play retry:2
10-04 10:32:31.982   696   949 D HDMI    : [S]:<Text View On> 40:0D
10-04 10:32:32.042   441   454 D hdmicecd: [CEC]:printCecMessage, [4 -> 0] len: 1, body: 0d, result:no ack
10-04 10:32:32.099   441   454 D hdmicecd: [CEC]:printCecMessage, [4 -> 0] len: 1, body: 0d, result:no ack
10-04 10:32:32.099   441   454 E IPCThreadState: binder thread pool (1 threads) starved for 116 ms
10-04 10:32:32.155   441   454 D hdmicecd: [CEC]:printCecMessage, [4 -> 0] len: 1, body: 0d, result:no ack
10-04 10:32:32.211   441   454 D hdmicecd: [CEC]:printCecMessage, [4 -> 0] len: 1, body: 0d, result:no ack
10-04 10:32:32.211   441   454 E IPCThreadState: binder thread pool (1 threads) starved for 112 ms
10-04 10:32:32.211   696   949 D HDMI    : [S]:<Give Device Power Status> 40:8F
10-04 10:32:32.211   696   696 D ResendCecCommandAction: ResendCecCommandAction started
10-04 10:32:32.267   441   454 D hdmicecd: [CEC]:printCecMessage, [4 -> 0] len: 1, body: 8f, result:no ack
10-04 10:32:32.323   441   454 D hdmicecd: [CEC]:printCecMessage, [4 -> 0] len: 1, body: 8f, result:no ack
10-04 10:32:32.323   441   454 E IPCThreadState: binder thread pool (1 threads) starved for 111 ms
10-04 10:32:32.347 11208 11208 D MonkeyStub: translateCommand: press DPAD_RIGHT
10-04 10:32:32.350   459   459 I lights-tch: flashMode 0 id 2 onMs 0 offMs 0 brightness 0
10-04 10:32:32.355   459   459 I lights-tch: flashMode 0 id 2 onMs 0 offMs 0 brightness 225
10-04 10:32:32.368  8084  8084 D ANALYTICS_IPTV: AnalyticsEventTracker ***Event***Event{ts=1728018152366, meta={"box_type":"iptv","asset_name":"Android Settings","app_version":"1.0.0019:237","box_model":"bx:1.2.3","action":"settings_focus","customer_id":"3026341863","firmware":"fw:1.2.3","source_name":"settings_L1"}, uid=5ye_gfsYCZe-PoQ4A0, did=8fb17cc052aef526, os=Android, ov=34, bn=237, nq=-1, nt=2, nct=0, lc=en|hi|ta|kn, av=1.0.0019, dt=STB, type=focus, adid=95acddf7-5a94-4681-bf0a-0a767be9f2c3, brand=Airtel-Xstream, model=XstreamIPTV1-VT, dname=Vantiva XstreamIPTV1-VT, appId=IPTV, sId=8fb17cc052aef526, profileId=, ab_test=86079:0|108429:0|42374:0|78244:0|95458:0|75817:0|60412:1|117812:1|120676:1|113632:1|116206:0|66480:0|100390:2|76965:1|110385:0|129832:2, city=Delhi, state=National Capital Territory of Delhi, country=India, firebase_id=687ecd54b0fd95386e529fbf62179576} Critical: false
10-04 10:32:32.379   441   454 D hdmicecd: [CEC]:printCecMessage, [4 -> 0] len: 1, body: 8f, result:no ack
--------- beginning of main
10-04 10:32:32.554   696   918 D ConnectivityService: NetReassign [1286 : null → 100] [c 8] [a 1] [i 12]
10-04 10:32:32.559   424  8590 I audio_hw_hal_primary: [audiohal_get_latency:1258] io 13: out:0xf2d00740 frames:3072 rate:48000 whole_latency:64 alsa_latency:64
10-04 10:32:32.571   441   454 D hdmicecd: [CEC]:printCecMessage, [4 -> 0] len: 1, body: 0d, result:no ack
10-04 10:32:32.576   424  8590 I audio_hw_hal_primary: [audiohal_get_latency:1258] io 13: out:0xf2d00740 frames:3072 rate:48000 whole_latency:64 alsa_latency:64
10-04 10:32:32.586  8084  8193 I WM-WorkerWrapper: Worker result SUCCESS for Work [ id=44c13da9-c22d-45db-8994-3a1e98712296, tags={ tv.airtel.wynk.analytics.sync.service.AnalyticsSyncService, com.airtel.analyticsSyncService } ]
10-04 10:32:32.598   424  8590 I audio_hw_hal_primary: [audiohal_get_latency:1258] io 13: out:0xf2d00740 frames:3072 rate:48000 whole_latency:64 alsa_latency:64
--------- beginning of system
10-04 10:32:32.605   696   799 W JobScheduler: Job didn't exist in JobStore: 1b5e73c #u0a43/3089 com.airtel.tv/androidx.work.impl.background.systemjob.SystemJobService
10-04 10:32:32.616   424  8590 I audio_hw_hal_primary: [audiohal_get_latency:1258] io 13: out:0xf2d00740 frames:3072 rate:48000 whole_latency:64 alsa_latency:64
10-04 10:32:32.626   441   454 D hdmicecd: [CEC]:printCecMessage, [4 -> 0] len: 1, body: 0d, result:no ack
10-04 10:32:32.627   441   454 E IPCThreadState: binder thread pool (1 threads) starved for 110 ms
10-04 10:32:32.638   424  8590 I audio_hw_hal_primary: [audiohal_get_latency:1258] io 13: out:0xf2d00740 frames:3072 rate:48000 whole_latency:64 alsa_latency:64
10-04 10:32:32.638   472   662 D audioserver: FGS Logger Transaction failed
10-04 10:32:32.638   472   662 D audioserver: -129
--------- beginning of kernel
10-04 10:32:32.684     0     0 W [3 T1289  ..] RTW: rtw_get_sta_tx_stat() not support
10-04 10:32:32.684     0     0 W [3 T1289  ..] RTW: cfg80211_rtw_get_txpower
10-04 10:32:32.671   696   850 D ConnectivityService: requestNetwork for uid/pid:10043/8084 activeRequest: null callbackRequest: 1287 [NetworkRequest [ REQUEST id=1288, [ Capabilities: INTERNET&NOT_RESTRICTED&TRUSTED&NOT_VCN_MANAGED Uid: 10043 RequestorUid: 10043 RequestorPkg: com.airtel.tv UnderlyingNetworks: Null] ]] callback flags: 0 order: 2147483647
10-04 10:32:32.683   441   454 D hdmicecd: [CEC]:printCecMessage, [4 -> 0] len: 1, body: 0d, result:no ack
10-04 10:32:32.683   696   910 D WifiNetworkFactory: got request NetworkRequest [ REQUEST id=1288, [ Capabilities: INTERNET&NOT_RESTRICTED&TRUSTED&NOT_VCN_MANAGED Uid: 10043 RequestorUid: 10043 RequestorPkg: com.airtel.tv UnderlyingNetworks: Null] ]
10-04 10:32:32.683   696   910 D UntrustedWifiNetworkFactory: got request NetworkRequest [ REQUEST id=1288, [ Capabilities: INTERNET&NOT_RESTRICTED&TRUSTED&NOT_VCN_MANAGED Uid: 10043 RequestorUid: 10043 RequestorPkg: com.airtel.tv UnderlyingNetworks: Null] ]
10-04 10:32:32.683   696   910 D OemPaidWifiNetworkFactory: got request NetworkRequest [ REQUEST id=1288, [ Capabilities: INTERNET&NOT_RESTRICTED&TRUSTED&NOT_VCN_MANAGED Uid: 10043 RequestorUid: 10043 RequestorPkg: com.airtel.tv UnderlyingNetworks: Null] ]
10-04 10:32:32.684   696   910 D MultiInternetWifiNetworkFactory: got request NetworkRequest [ REQUEST id=1288, [ Capabilities: INTERNET&NOT_RESTRICTED&TRUSTED&NOT_VCN_MANAGED Uid: 10043 RequestorUid: 10043 RequestorPkg: com.airtel.tv UnderlyingNetworks: Null] ]
10-04 10:32:32.684   696   918 D ConnectivityService: NetReassign [1288 : null → 100] [c 0] [a 1] [i 1]
10-04 10:32:32.709  8084  8193 I WM-WorkerWrapper: Worker result SUCCESS for Work [ id=0cb6a5fc-ea68-4c84-9bfc-37369de9b115, tags={ tv.airtel.wynk.analytics.sync.service.AnalyticsSyncService, com.airtel.analyticsSyncService } ]
10-04 10:32:32.739   441   454 D hdmicecd: [CEC]:printCecMessage, [4 -> 0] len: 1, body: 0d, result:no ack
10-04 10:32:32.739   441   454 E IPCThreadState: binder thread pool (1 threads) starved for 112 ms
10-04 10:32:32.976   426  1494 D rtk_heartbeat: heartbeat_timed_out: heartbeatCmdCount = 44057, expected nextSeqNum = 44057
10-04 10:32:32.977   426  1381 D rtk_heartbeat: rtkbt_heartbeat_cmpl_cback: Current SeqNum = 44057,should SeqNum=44057, status = 0
10-04 10:32:33.002   696  1553 E TaskPersister: File error accessing recents directory (directory doesn't exist?).
10-04 10:32:33.041   696   696 D ResendCecCommandAction: sendCommandWithoutRetries failed, retry
10-04 10:32:33.042   696   949 D HDMI    : [S]:<Text View On> 40:0D
10-04 10:32:33.089   424   582 I audio_hw_hal_alsamgr: alsa format =0x1 delay frames =1024 total frames=2115840000
10-04 10:32:33.099   441   454 D hdmicecd: [CEC]:printCecMessage, [4 -> 0] len: 1, body: 0d, result:no ack
10-04 10:32:33.155   441   454 D hdmicecd: [CEC]:printCecMessage, [4 -> 0] len: 1, body: 0d, result:no ack
10-04 10:32:33.155   441   454 E IPCThreadState: binder thread pool (1 threads) starved for 113 ms
10-04 10:32:33.215   441   454 D hdmicecd: [CEC]:printCecMessage, [4 -> 0] len: 1, body: 0d, result:no ack
10-04 10:32:33.271   441   454 D hdmicecd: [CEC]:printCecMessage, [4 -> 0] len: 1, body: 0d, result:no ack
10-04 10:32:33.271   441   454 E IPCThreadState: binder thread pool (1 threads) starved for 116 ms
10-04 10:32:33.977   426  1494 D rtk_heartbeat: heartbeat_timed_out: heartbeatCmdCount = 44058, expected nextSeqNum = 44058
10-04 10:32:33.978   426  1381 D rtk_heartbeat: rtkbt_heartbeat_cmpl_cback: Current SeqNum = 44058,should SeqNum=44058, status = 0
10-04 10:32:33.983   696   696 D HDMI    : one touch play retry:3
10-04 10:32:33.984   696   949 D HDMI    : [S]:<Text View On> 40:0D
10-04 10:32:34.038   441   454 D hdmicecd: [CEC]:printCecMessage, [4 -> 0] len: 1, body: 0d, result:no ack
10-04 10:32:34.095   441   454 D hdmicecd: [CEC]:printCecMessage, [4 -> 0] len: 1, body: 0d, result:no ack
10-04 10:32:34.095   441   454 E IPCThreadState: binder thread pool (1 threads) starved for 111 ms
10-04 10:32:34.151   441   454 D hdmicecd: [CEC]:printCecMessage, [4 -> 0] len: 1, body: 0d, result:no ack
10-04 10:32:34.210   441   454 D hdmicecd: [CEC]:printCecMessage, [4 -> 0] len: 1, body: 0d, result:no ack
10-04 10:32:34.211   441   454 E IPCThreadState: binder thread pool (1 threads) starved for 116 ms
10-04 10:32:34.211   696   949 D HDMI    : [S]:<Give Device Power Status> 40:8F
10-04 10:32:34.211   696   696 D ResendCecCommandAction: ResendCecCommandAction started
10-04 10:32:34.271   441   454 D hdmicecd: [CEC]:printCecMessage, [4 -> 0] len: 1, body: 8f, result:no ack
10-04 10:32:34.327   441   454 D hdmicecd: [CEC]:printCecMessage, [4 -> 0] len: 1, body: 8f, result:no ack
10-04 10:32:34.327   441   454 E IPCThreadState: binder thread pool (1 threads) starved for 115 ms
10-04 10:32:34.383   441   454 D hdmicecd: [CEC]:printCecMessage, [4 -> 0] len: 1, body: 8f, result:no ack
10-04 10:32:34.439   441   454 D hdmicecd: [CEC]:printCecMessage, [4 -> 0] len: 1, body: 8f, result:no ack
10-04 10:32:34.439   441   454 E IPCThreadState: binder thread pool (1 threads) starved for 112 ms
10-04 10:32:34.457  1154  1154 I ThermalService: CPU temperatures: [44.600002]
10-04 10:32:34.512   696   696 D ResendCecCommandAction: sendCommandWithoutRetries failed, retry
10-04 10:32:34.512   696   949 D HDMI    : [S]:<Text View On> 40:0D
10-04 10:32:34.570   441   454 D hdmicecd: [CEC]:printCecMessage, [4 -> 0] len: 1, body: 0d, result:no ack
10-04 10:32:34.627   441   454 D hdmicecd: [CEC]:printCecMessage, [4 -> 0] len: 1, body: 0d, result:no ack
10-04 10:32:34.627   441   454 E IPCThreadState: binder thread pool (1 threads) starved for 113 ms
10-04 10:32:34.683   441   454 D hdmicecd: [CEC]:printCecMessage, [4 -> 0] len: 1, body: 0d, result:no ack
10-04 10:32:34.740   441   454 D hdmicecd: [CEC]:printCecMessage, [4 -> 0] len: 1, body: 0d, result:no ack
10-04 10:32:34.740   441   454 E IPCThreadState: binder thread pool (1 threads) starved for 113 ms
10-04 10:32:34.759   696   752 I system_server: Background young concurrent copying GC freed 405374(14MB) AllocSpace objects, 0(0B) LOS objects, 36% free, 25MB/39MB, paused 404us,211us total 141.780ms
10-04 10:32:34.776   696   754 W System  : A resource failed to call release. 
10-04 10:32:34.977   426  1494 D rtk_heartbeat: heartbeat_timed_out: heartbeatCmdCount = 44059, expected nextSeqNum = 44059
10-04 10:32:34.978   426  1381 D rtk_heartbeat: rtkbt_heartbeat_cmpl_cback: Current SeqNum = 44059,should SeqNum=44059, status = 0
10-04 10:32:35.041   696   696 D ResendCecCommandAction: sendCommandWithoutRetries failed, retry
10-04 10:32:35.042   696   949 D HDMI    : [S]:<Text View On> 40:0D
10-04 10:32:35.102   441   454 D hdmicecd: [CEC]:printCecMessage, [4 -> 0] len: 1, body: 0d, result:no ack
10-04 10:32:35.167   441   454 D hdmicecd: [CEC]:printCecMessage, [4 -> 0] len: 1, body: 0d, result:no ack
10-04 10:32:35.167   441   454 E IPCThreadState: binder thread pool (1 threads) starved for 125 ms
10-04 10:32:35.227   441   454 D hdmicecd: [CEC]:printCecMessage, [4 -> 0] len: 1, body: 0d, result:no ack
10-04 10:32:35.283   441   454 D hdmicecd: [CEC]:printCecMessage, [4 -> 0] len: 1, body: 0d, result:no ack
10-04 10:32:35.283   441   454 E IPCThreadState: binder thread pool (1 threads) starved for 117 ms
10-04 10:32:35.508   424   673 D audio_hw_hal_primary: [out_standby_new:5414] io 13: out:0xf2d00740 usecase:PCM_NORMAL
10-04 10:32:35.508   424   673 I audio_hw_hal_primary: [do_output_standby_l:5310] io 13: out:0xf2d00740, stream usecase:PCM_NORMAL, continuous:1
10-04 10:32:35.508   424   673 I audio_hw_hal_primary: [usecase_change_validate_l:7065] ++ io 13: out:0xf2d00740 dev masks:0x1 is_standby:1 out usecase:PCM_NORMAL
10-04 10:32:35.508   424   673 I audio_hw_hal_primary: [usecase_change_validate_l:7102] -- dev masks:0 is_standby:1 out usecase PCM_NORMAL
10-04 10:32:35.508   424   673 D audio_hw_hal_primary: [out_standby_new:5437] io 13: out:0xf2d00740 usecase:PCM_NORMAL exit
10-04 10:32:35.595   424   582 D libdolbyms12: continuous underrun 2
10-04 10:32:35.688     0     0 W [3 T1289  ..] RTW: rtw_get_sta_tx_stat() not support
10-04 10:32:35.688     0     0 W [3 T1289  ..] RTW: cfg80211_rtw_get_txpower
10-04 10:32:35.977   426  1494 D rtk_heartbeat: heartbeat_timed_out: heartbeatCmdCount = 44060, expected nextSeqNum = 44060
10-04 10:32:35.978   426  1381 D rtk_heartbeat: rtkbt_heartbeat_cmpl_cback: Current SeqNum = 44060,should SeqNum=44060, status = 0
10-04 10:32:35.985   696   696 D HDMI    : one touch play retry:4
10-04 10:32:35.985   696   949 D HDMI    : [S]:<Text View On> 40:0D
10-04 10:32:36.039   441   454 D hdmicecd: [CEC]:printCecMessage, [4 -> 0] len: 1, body: 0d, result:no ack
