10-04 10:08:29.131  8084  8084 E ThemeUtils: View class androidx.appcompat.widget.AppCompatImageView is an AppCompat widget that can only be used with a Theme.AppCompat theme (or descendant).
10-04 10:08:29.136  8084  8084 E ThemeUtils: View class androidx.appcompat.widget.AppCompatImageView is an AppCompat widget that can only be used with a Theme.AppCompat theme (or descendant).
10-04 10:08:29.139  8084  8084 E ThemeUtils: View class androidx.appcompat.widget.AppCompatImageView is an AppCompat widget that can only be used with a Theme.AppCompat theme (or descendant).
10-04 10:08:29.144  8084  8084 E ThemeUtils: View class androidx.appcompat.widget.AppCompatImageView is an AppCompat widget that can only be used with a Theme.AppCompat theme (or descendant).
10-04 10:08:29.147  8084  8084 E ThemeUtils: View class androidx.appcompat.widget.AppCompatImageView is an AppCompat widget that can only be used with a Theme.AppCompat theme (or descendant).
10-04 10:08:29.152  8084  8084 E ThemeUtils: View class androidx.appcompat.widget.AppCompatImageView is an AppCompat widget that can only be used with a Theme.AppCompat theme (or descendant).
10-04 10:08:29.156  8084  8084 E ThemeUtils: View class androidx.appcompat.widget.AppCompatImageView is an AppCompat widget that can only be used with a Theme.AppCompat theme (or descendant).
10-04 10:08:29.161  8084  8084 E ThemeUtils: View class androidx.appcompat.widget.AppCompatImageView is an AppCompat widget that can only be used with a Theme.AppCompat theme (or descendant).
10-04 10:08:29.164  8084  8084 E ThemeUtils: View class androidx.appcompat.widget.AppCompatImageView is an AppCompat widget that can only be used with a Theme.AppCompat theme (or descendant).
10-04 10:08:29.167   441   441 D hdmicecd: [CEC]:printCecMessage, [4 -> 0] len: 1, body: 0d, result:no ack
10-04 10:08:29.167   441   441 E IPCThreadState: binder thread pool (1 threads) starved for 116 ms
10-04 10:08:29.169  8084  8084 E ThemeUtils: View class androidx.appcompat.widget.AppCompatImageView is an AppCompat widget that can only be used with a Theme.AppCompat theme (or descendant).
10-04 10:08:29.172  8084  8084 E ThemeUtils: View class androidx.appcompat.widget.AppCompatImageView is an AppCompat widget that can only be used with a Theme.AppCompat theme (or descendant).
10-04 10:08:29.178  8084  8084 E ThemeUtils: View class androidx.appcompat.widget.AppCompatImageView is an AppCompat widget that can only be used with a Theme.AppCompat theme (or descendant).
10-04 10:08:29.181  8084  8084 E ThemeUtils: View class androidx.appcompat.widget.AppCompatImageView is an AppCompat widget that can only be used with a Theme.AppCompat theme (or descendant).
10-04 10:08:29.192  8084  8084 E ConstraintLayout: layout_constraintWidth_default="wrap" is deprecated.
10-04 10:08:29.192  8084  8084 E ConstraintLayout: Use layout_width="WRAP_CONTENT" and layout_constrainedWidth="true" instead.
10-04 10:08:29.198  8084  9584 E ThemeUtils: View class com.airbnb.lottie.LottieAnimationView is an AppCompat widget that can only be used with a Theme.AppCompat theme (or descendant).
10-04 10:08:29.201  8084  9584 E ThemeUtils: View class androidx.appcompat.widget.AppCompatTextView is an AppCompat widget that can only be used with a Theme.AppCompat theme (or descendant).
10-04 10:08:29.204  8084  9584 E ThemeUtils: View class androidx.appcompat.widget.AppCompatTextView is an AppCompat widget that can only be used with a Theme.AppCompat theme (or descendant).
10-04 10:08:29.207  8084  9584 D SmartAsyncLayoutInflater: The background thread failed to inflate. Inflation falls back to the main thread. Error message=Binary XML file line #2 in com.airtel.tv:layout/custom_header_view: Binary XML file line #2 in com.airtel.tv:layout/custom_header_view: Error inflating class <unknown>
10-04 10:08:29.207  8084  8084 E ThemeUtils: View class androidx.appcompat.widget.AppCompatImageView is an AppCompat widget that can only be used with a Theme.AppCompat theme (or descendant).
10-04 10:08:29.211  8084  8084 E ThemeUtils: View class androidx.appcompat.widget.AppCompatImageView is an AppCompat widget that can only be used with a Theme.AppCompat theme (or descendant).
10-04 10:08:29.216  8084  8084 E ThemeUtils: View class androidx.appcompat.widget.AppCompatImageView is an AppCompat widget that can only be used with a Theme.AppCompat theme (or descendant).
10-04 10:08:29.219  8084  8084 E ThemeUtils: View class androidx.appcompat.widget.AppCompatImageView is an AppCompat widget that can only be used with a Theme.AppCompat theme (or descendant).
10-04 10:08:29.224  8084  8084 E ThemeUtils: View class androidx.appcompat.widget.AppCompatImageView is an AppCompat widget that can only be used with a Theme.AppCompat theme (or descendant).
10-04 10:08:29.227  8084  8084 E ThemeUtils: View class androidx.appcompat.widget.AppCompatImageView is an AppCompat widget that can only be used with a Theme.AppCompat theme (or descendant).
10-04 10:08:29.231  8084  8084 E ThemeUtils: View class androidx.appcompat.widget.AppCompatImageView is an AppCompat widget that can only be used with a Theme.AppCompat theme (or descendant).
10-04 10:08:29.235  8084  8084 E ThemeUtils: View class androidx.appcompat.widget.AppCompatImageView is an AppCompat widget that can only be used with a Theme.AppCompat theme (or descendant).
10-04 10:08:29.239  8084  8084 E ThemeUtils: View class androidx.appcompat.widget.AppCompatImageView is an AppCompat widget that can only be used with a Theme.AppCompat theme (or descendant).
10-04 10:08:29.242  8084  8084 E ThemeUtils: View class androidx.appcompat.widget.AppCompatImageView is an AppCompat widget that can only be used with a Theme.AppCompat theme (or descendant).
10-04 10:08:29.247  8084  8084 E ThemeUtils: View class androidx.appcompat.widget.AppCompatImageView is an AppCompat widget that can only be used with a Theme.AppCompat theme (or descendant).
10-04 10:08:29.250  8084  8084 E ThemeUtils: View class androidx.appcompat.widget.AppCompatImageView is an AppCompat widget that can only be used with a Theme.AppCompat theme (or descendant).
10-04 10:08:29.261  8084  8084 W View    : requestLayout() improperly called by android.widget.FrameLayout{7988c7d VFE...C.. .F....ID 96,16-304,133 #7f0b0562 app:id/parent} during layout: running second layout pass
10-04 10:08:29.278  8084  8084 D Glide   : Finished loading BitmapDrawable from MEMORY_CACHE for http://tvimg.wynk.in/unsafe/filters:format(webp)/https://s3.ap-south-1.amazonaws.com/discovery-pre-prod-zion/tile/artwork/1713871301945_thumbnail_ratios.png with size [196x105] in 489.65379199999995 ms
10-04 10:08:29.279  8084  8084 D Glide   : Finished loading BitmapDrawable from MEMORY_CACHE for http://tvimg.wynk.in/unsafe/filters:format(webp)/https://s3.ap-south-1.amazonaws.com/discovery-pre-prod-zion/tile/artwork/1713871346716_card_style.png with size [208x117] in 481.37825 ms
10-04 10:08:29.279  8084  8084 D Glide   : Finished loading BitmapDrawable from MEMORY_CACHE for http://tvimg.wynk.in/unsafe/filters:format(webp)/https://s3.ap-south-1.amazonaws.com/discovery-prod-arsenal/tile/artwork/1724389860533_app-icon-1920_x_1080.jpg with size [208x117] in 474.59975 ms
10-04 10:08:29.316  8084  8084 D Glide   : Finished loading BitmapDrawable from MEMORY_CACHE for http://tvimg.wynk.in/unsafe/fit-in/1920x548/filters:no_upscale():format(webp)/https://s3.ap-south-1.amazonaws.com/discovery-prod-arsenal/tile/artwork/1727983622442_ind_vs_nz-4-oct-7.30-pm_4k_1920-x-548.jpg with size [-2147483648x-2147483648] in 0.343375 ms
10-04 10:08:29.327  8084  8084 D Glide   : Finished loading BitmapDrawable from MEMORY_CACHE for http://tvimg.wynk.in/unsafe/fit-in/1920x548/filters:no_upscale():format(webp)/https://s3.ap-south-1.amazonaws.com/discovery-prod-arsenal/tile/artwork/1727811264485_1727723377178_auron_mein_kahan_dum_tha.jpg with size [-2147483648x-2147483648] in 0.348375 ms
10-04 10:08:29.329  8084  8084 I showFeaturedBanner: 
10-04 10:08:29.361  7788  7788 I GoogleInputMethodService: GoogleInputMethodService.onFinishInput():3184 
10-04 10:08:29.362  8084  8084 I Choreographer: Skipped 36 frames!  The application may be doing too much work on its main thread.
10-04 10:08:29.362  7788  7788 I GoogleInputMethodService: GoogleInputMethodService.updateDeviceLockedStatus():2246 repeatCheckTimes = 0, locked = false
10-04 10:08:29.363  7788  7788 I GoogleInputMethodService: GoogleInputMethodService.onStartInput():1982 onStartInput(EditorInfo{EditorInfo{packageName=com.airtel.tv, inputType=0, inputTypeString=NULL, enableLearning=false, autoCorrection=false, autoComplete=false, imeOptions=0, privateImeOptions=null, actionName=UNSPECIFIED, actionLabel=null, initialSelStart=-1, initialSelEnd=-1, initialCapsMode=0, label=null, fieldId=0, fieldName=null, extras=null, hintText=null, hintLocales=[]}}, false)
10-04 10:08:29.364  7788  7788 I GoogleInputMethodService: GoogleInputMethodService.updateDeviceLockedStatus():2246 repeatCheckTimes = 1, locked = false
10-04 10:08:29.364  7788  7788 I AndroidIME: InputBundleManager.loadActiveInputBundleId():450 loadActiveInputBundleId: und-Latn-x-password, password
10-04 10:08:29.364  7788  7788 I EmojiCompatManager: EmojiCompatManager.getEmojiCompatIfLoaded():342 EmojiCompat.init() was never called.
10-04 10:08:29.364  7788  7788 I EmojiCompatManager: java.lang.IllegalStateException: EmojiCompat is not initialized. Please call EmojiCompat.init() first
10-04 10:08:29.364  7788  7788 I EmojiCompatManager: 	at so.g(PG:3)
10-04 10:08:29.364  7788  7788 I EmojiCompatManager: 	at abd.a(PG:6)
10-04 10:08:29.364  7788  7788 I EmojiCompatManager: 	at edb.d(PG:1)
10-04 10:08:29.364  7788  7788 I EmojiCompatManager: 	at edb.b(PG:6)
10-04 10:08:29.364  7788  7788 I EmojiCompatManager: 	at com.android.inputmethod.latin.LatinIME.f(PG:286)
10-04 10:08:29.364  7788  7788 I EmojiCompatManager: 	at epp.onStartInput(PG:170)
10-04 10:08:29.364  7788  7788 I EmojiCompatManager: 	at android.inputmethodservice.InputMethodService.doStartInput(InputMethodService.java:3115)
10-04 10:08:29.364  7788  7788 I EmojiCompatManager: 	at android.inputmethodservice.InputMethodService$InputMethodImpl.startInput(InputMethodService.java:824)
10-04 10:08:29.364  7788  7788 I EmojiCompatManager: 	at android.inputmethodservice.InputMethodService$InputMethodImpl.dispatchStartInput(InputMethodService.java:853)
10-04 10:08:29.364  7788  7788 I EmojiCompatManager: 	at android.inputmethodservice.IInputMethodWrapper.executeMessage(IInputMethodWrapper.java:197)
10-04 10:08:29.364  7788  7788 I EmojiCompatManager: 	at com.android.internal.os.HandlerCaller$MyHandler.handleMessage(HandlerCaller.java:44)
10-04 10:08:29.364  7788  7788 I EmojiCompatManager: 	at android.os.Handler.dispatchMessage(Handler.java:106)
10-04 10:08:29.364  7788  7788 I EmojiCompatManager: 	at android.os.Looper.loopOnce(Looper.java:205)
10-04 10:08:29.364  7788  7788 I EmojiCompatManager: 	at android.os.Looper.loop(Looper.java:294)
10-04 10:08:29.364  7788  7788 I EmojiCompatManager: 	at android.app.ActivityThread.main(ActivityThread.java:8177)
10-04 10:08:29.364  7788  7788 I EmojiCompatManager: 	at java.lang.reflect.Method.invoke(Native Method)
10-04 10:08:29.364  7788  7788 I EmojiCompatManager: 	at com.android.internal.os.RuntimeInit$MethodAndArgsCaller.run(RuntimeInit.java:552)
10-04 10:08:29.364  7788  7788 I EmojiCompatManager: 	at com.android.internal.os.ZygoteInit.main(ZygoteInit.java:971)
10-04 10:08:29.370   696   696 D HDMI    : one touch play retry:1
10-04 10:08:29.371   696   949 D HDMI    : [S]:<Text View On> 40:0D
10-04 10:08:29.391  8084  9692 I OpenGLRenderer: Davey! duration=856ms; Flags=0, FrameTimelineVsyncId=634326, IntendedVsync=42648104436666, Vsync=42648321319995, InputEventId=0, HandleInputStart=42648331204460, AnimationStart=42648331209710, PerformTraversalsStart=42648331665294, DrawStart=42648866287752, FrameDeadline=42648139803011, FrameInterval=42648330469627, FrameStartTime=16683333, SyncQueued=42648890315252, SyncStart=42648890438711, IssueDrawCommandsStart=42648892302252, SwapBuffers=42648916513711, FrameCompleted=42648960583086, DequeueBufferDuration=29750, QueueBufferDuration=429416, GpuCompleted=42648960583086, SwapBuffersCompleted=42648917892169, DisplayPresentTime=42112485274418, CommandSubmissionCompleted=42648916513711, 
10-04 10:08:29.412  8084  8084 E ThemeUtils: View class com.airbnb.lottie.LottieAnimationView is an AppCompat widget that can only be used with a Theme.AppCompat theme (or descendant).
10-04 10:08:29.415  8084  8084 E ThemeUtils: View class androidx.appcompat.widget.AppCompatTextView is an AppCompat widget that can only be used with a Theme.AppCompat theme (or descendant).
10-04 10:08:29.419  8084  8084 E ThemeUtils: View class androidx.appcompat.widget.AppCompatTextView is an AppCompat widget that can only be used with a Theme.AppCompat theme (or descendant).
10-04 10:08:29.424   696  3333 W JobScheduler: Job didn't exist in JobStore: fa11394 #u0a43/2176 com.airtel.tv/androidx.work.impl.background.systemjob.SystemJobService
10-04 10:08:29.427   441   441 D hdmicecd: [CEC]:printCecMessage, [4 -> 0] len: 1, body: 0d, result:no ack
10-04 10:08:29.431  8084  8084 E ThemeUtils: View class com.airbnb.lottie.LottieAnimationView is an AppCompat widget that can only be used with a Theme.AppCompat theme (or descendant).
10-04 10:08:29.433  8084  8084 E ThemeUtils: View class androidx.appcompat.widget.AppCompatTextView is an AppCompat widget that can only be used with a Theme.AppCompat theme (or descendant).
10-04 10:08:29.437  8084  8084 E ThemeUtils: View class androidx.appcompat.widget.AppCompatTextView is an AppCompat widget that can only be used with a Theme.AppCompat theme (or descendant).
10-04 10:08:29.443  8084  8084 E ThemeUtils: View class com.airbnb.lottie.LottieAnimationView is an AppCompat widget that can only be used with a Theme.AppCompat theme (or descendant).
10-04 10:08:29.446  8084  8084 E ThemeUtils: View class androidx.appcompat.widget.AppCompatTextView is an AppCompat widget that can only be used with a Theme.AppCompat theme (or descendant).
10-04 10:08:29.449  8084  8084 E ThemeUtils: View class androidx.appcompat.widget.AppCompatTextView is an AppCompat widget that can only be used with a Theme.AppCompat theme (or descendant).
10-04 10:08:29.453  8084  8084 E ThemeUtils: View class com.airbnb.lottie.LottieAnimationView is an AppCompat widget that can only be used with a Theme.AppCompat theme (or descendant).
10-04 10:08:29.456  8084  8084 E ThemeUtils: View class androidx.appcompat.widget.AppCompatTextView is an AppCompat widget that can only be used with a Theme.AppCompat theme (or descendant).
10-04 10:08:29.459  8084  8084 E ThemeUtils: View class androidx.appcompat.widget.AppCompatTextView is an AppCompat widget that can only be used with a Theme.AppCompat theme (or descendant).
10-04 10:08:29.465  8084  8084 D Glide   : Finished loading BitmapDrawable from MEMORY_CACHE for http://tvimg.wynk.in/unsafe/fit-in/228x335/filters:no_upscale():format(webp)/https://image.airtel.tv/MWTV/MWTV_LIVETVCHANNEL_254/PORTRAIT/LKNgfzia.png with size [-2147483648x-2147483648] in 0.44858299999999995 ms
10-04 10:08:29.465  8084  8084 D Glide Image loaded for url DeferredCoroutine{Completed}@5749fc1: 
10-04 10:08:29.471  8084  8084 D Glide   : Finished loading BitmapDrawable from MEMORY_CACHE for http://tvimg.wynk.in/unsafe/fit-in/228x335/filters:no_upscale():format(webp)/https://xstreamcp-assets-msp.streamready.in/assets/EPICON/MOVIE/65fa0b28a23caa4f374b2ddc/images/1721902759-45322247-500x750.jpg with size [-2147483648x-2147483648] in 0.41904199999999997 ms
10-04 10:08:29.471  8084  8084 D Glide Image loaded for url DeferredCoroutine{Completed}@907d754: 
10-04 10:08:29.475  8084  8084 E ThemeUtils: View class com.airbnb.lottie.LottieAnimationView is an AppCompat widget that can only be used with a Theme.AppCompat theme (or descendant).
10-04 10:08:29.477  8084  8084 E ThemeUtils: View class androidx.appcompat.widget.AppCompatTextView is an AppCompat widget that can only be used with a Theme.AppCompat theme (or descendant).
10-04 10:08:29.481  8084  8084 E ThemeUtils: View class androidx.appcompat.widget.AppCompatTextView is an AppCompat widget that can only be used with a Theme.AppCompat theme (or descendant).
10-04 10:08:29.483   441   441 D hdmicecd: [CEC]:printCecMessage, [4 -> 0] len: 1, body: 0d, result:no ack
10-04 10:08:29.483   441   441 E IPCThreadState: binder thread pool (1 threads) starved for 112 ms
10-04 10:08:29.543   441   441 D hdmicecd: [CEC]:printCecMessage, [4 -> 0] len: 1, body: 0d, result:no ack
10-04 10:08:29.563  8084  8084 D Glide   : Finished loading BitmapDrawable from MEMORY_CACHE for http://tvimg.wynk.in/unsafe/fit-in/228x335/filters:no_upscale():format(webp)/https://image.airtel.tv/FANCODE/FANCODE_MATCH_LIVE_108721/PORTRAIT/Deafult_2_x_3_2.jpg with size [-2147483648x-2147483648] in 0.38725 ms
10-04 10:08:29.563  8084  8084 D Glide Image loaded for url DeferredCoroutine{Completed}@8f20e9e: 
10-04 10:08:29.566  8084  8084 D Glide   : Finished loading BitmapDrawable from MEMORY_CACHE for http://tvimg.wynk.in/unsafe/fit-in/228x335/filters:no_upscale():format(webp)/https://image.airtel.tv/MWTV/MWTV_LIVETVCHANNEL_717/PORTRAIT/4ZNf4dH3.png with size [-2147483648x-2147483648] in 0.340458 ms
10-04 10:08:29.567  8084  8084 D Glide Image loaded for url DeferredCoroutine{Completed}@a8595: 
10-04 10:08:29.569  8084  8084 D Glide   : Finished loading BitmapDrawable from MEMORY_CACHE for http://tvimg.wynk.in/unsafe/fit-in/228x335/filters:no_upscale():format(webp)/https://image.airtel.tv/MWTV/MWTV_LIVETVCHANNEL_834/LANDSCAPE_43/Js98rDkv.png with size [-2147483648x-2147483648] in 0.447042 ms
10-04 10:08:29.569  8084  8084 D Glide Image loaded for url DeferredCoroutine{Completed}@24f0638: 
10-04 10:08:29.571  8084  8084 D Glide   : Finished loading BitmapDrawable from MEMORY_CACHE for http://tvimg.wynk.in/unsafe/fit-in/228x335/filters:no_upscale():format(webp)/https://xstreamcp-assets-msp.streamready.in/assets/EPICON/MOVIE/64d331750bd0ce0136846151/images/1614598480-agnivayu-vertical-500x750.jpg with size [-2147483648x-2147483648] in 0.44945799999999997 ms
10-04 10:08:29.571  8084  8084 D Glide Image loaded for url DeferredCoroutine{Completed}@accad77: 
10-04 10:08:29.578  8084  8084 D Glide   : Finished loading BitmapDrawable from MEMORY_CACHE for http://tvimg.wynk.in/unsafe/fit-in/300x169/filters:no_upscale():format(webp)/https://s3.ap-south-1.amazonaws.com/discovery-prod-arsenal/tile/artwork/1722516970110_anime-booth.jpg with size [-2147483648x-2147483648] in 0.383625 ms
10-04 10:08:29.578  8084  8084 D Glide Image loaded for url DeferredCoroutine{Completed}@ad4aa13: 
10-04 10:08:29.579  8084  8084 D Glide   : Finished loading BitmapDrawable from MEMORY_CACHE for http://tvimg.wynk.in/unsafe/fit-in/300x169/filters:no_upscale():format(webp)/https://s3.ap-south-1.amazonaws.com/discovery-prod-arsenal/tile/artwork/1723200512723_zindagi_updated.jpg with size [-2147483648x-2147483648] in 0.316291 ms
10-04 10:08:29.580  8084  8084 D Glide Image loaded for url DeferredCoroutine{Completed}@555d46f: 
10-04 10:08:29.581  8084  8195 I WM-WorkerWrapper: Worker result SUCCESS for Work [ id=6d113bcf-5175-443b-99dd-3c899c5ade2b, tags={ tv.airtel.wynk.analytics.sync.service.AnalyticsSyncService, com.airtel.analyticsSyncService } ]
10-04 10:08:29.581  8084  8084 D Glide   : Finished loading BitmapDrawable from MEMORY_CACHE for http://tvimg.wynk.in/unsafe/fit-in/300x169/filters:no_upscale():format(webp)/https://s3.ap-south-1.amazonaws.com/discovery-prod-arsenal/tile/artwork/1722516626882_funschool.jpg with size [-2147483648x-2147483648] in 0.31937499999999996 ms
10-04 10:08:29.582  8084  8084 D Glide Image loaded for url DeferredCoroutine{Completed}@ee7de5a: 
10-04 10:08:29.584  8084  8084 D Glide   : Finished loading BitmapDrawable from MEMORY_CACHE for http://tvimg.wynk.in/unsafe/fit-in/300x169/filters:no_upscale():format(webp)/https://s3.ap-south-1.amazonaws.com/discovery-prod-arsenal/tile/artwork/1724061688061_sunehre_pal.jpg with size [-2147483648x-2147483648] in 0.7237089999999999 ms
10-04 10:08:29.584  8084  8084 D Glide Image loaded for url DeferredCoroutine{Completed}@a307581: 
10-04 10:08:29.586  8084  8084 D Glide   : Finished loading BitmapDrawable from MEMORY_CACHE for http://tvimg.wynk.in/unsafe/fit-in/300x169/filters:no_upscale():format(webp)/https://s3.ap-south-1.amazonaws.com/discovery-prod-arsenal/tile/artwork/1722433605210_miniplex_batch_2.jpg with size [-2147483648x-2147483648] in 0.48045899999999997 ms
10-04 10:08:29.586  8084  8084 D Glide Image loaded for url DeferredCoroutine{Completed}@18ef814: 
10-04 10:08:29.587  8084  8084 D Glide   : Finished loading BitmapDrawable from MEMORY_CACHE for http://tvimg.wynk.in/unsafe/fit-in/300x169/filters:no_upscale():format(webp)/https://s3.ap-south-1.amazonaws.com/discovery-prod-arsenal/tile/artwork/1722433863153_rahasyamay_batch_2.jpg with size [-2147483648x-2147483648] in 0.320667 ms
10-04 10:08:29.590  8084  8084 D Glide Image loaded for url DeferredCoroutine{Completed}@10c3e03: 
10-04 10:08:29.599   441   441 D hdmicecd: [CEC]:printCecMessage, [4 -> 0] len: 1, body: 0d, result:no ack
10-04 10:08:29.599   696   696 D ResendCecCommandAction: ResendCecCommandAction started
10-04 10:08:29.600   696   949 D HDMI    : [S]:<Give Device Power Status> 40:8F
10-04 10:08:29.608  8084  8195 I WM-WorkerWrapper: Worker result SUCCESS for Work [ id=41d0f362-8d1b-4dc4-9099-dd70be68c81a, tags={ tv.airtel.wynk.analytics.sync.service.AnalyticsSyncService, com.airtel.analyticsSyncService } ]
10-04 10:08:29.633  8084  8195 I WM-WorkerWrapper: Worker result SUCCESS for Work [ id=62f758e0-532e-4a1f-822b-6ad1b9e2fd1c, tags={ tv.airtel.wynk.analytics.sync.service.AnalyticsSyncService, com.airtel.analyticsSyncService } ]
10-04 10:08:29.651   696  2853 W JobScheduler: Job didn't exist in JobStore: 16aecd7 #u0a43/2177 com.airtel.tv/androidx.work.impl.background.systemjob.SystemJobService
10-04 10:08:29.655   441   454 D hdmicecd: [CEC]:printCecMessage, [4 -> 0] len: 1, body: 8f, result:no ack
10-04 10:08:29.661  8084  8193 I WM-WorkerWrapper: Worker result SUCCESS for Work [ id=088d5a36-891c-4031-8d6b-b9f2743458a0, tags={ tv.airtel.wynk.analytics.sync.service.AnalyticsSyncService, com.airtel.analyticsSyncService } ]
10-04 10:08:29.664  8084  8084 D Glide   : Finished loading BitmapDrawable from MEMORY_CACHE for http://tvimg.wynk.in/unsafe/fit-in/300x169/filters:no_upscale():format(webp)/https://xstreamcp-assets-msp.streamready.in/assets/SONYLIV_VOD/MOVIE/6485908c82488153bfe3e82b/images/salute_12aug_landscape_thumb.jpg with size [-2147483648x-2147483648] in 0.36041599999999996 ms
10-04 10:08:29.669  8084  8084 D Glide   : Finished loading BitmapDrawable from MEMORY_CACHE for http://tvimg.wynk.in/unsafe/fit-in/300x169/filters:no_upscale():format(webp)/https://xstreamcp-assets-msp.streamready.in/assets/LIONSGATEPLAY/MOVIE/64f9ad835987c22787ba37a4/images/THEBLACKDEMONY2023MHI-airtel-cover-poster-1923X1082.jpg with size [-2147483648x-2147483648] in 0.219416 ms
10-04 10:08:29.673  8084  8084 D Glide   : Finished loading BitmapDrawable from MEMORY_CACHE for http://tvimg.wynk.in/unsafe/fit-in/300x169/filters:no_upscale():format(webp)/https://xstreamcp-assets-msp.streamready.in/assets/SONYLIV_VOD/EPISODE/6485cad482488153bfe4a7f5/images/maharani5_landscape_image.jpg with size [-2147483648x-2147483648] in 0.19899999999999998 ms
10-04 10:08:29.677  8084  8084 D Glide   : Finished loading BitmapDrawable from MEMORY_CACHE for http://tvimg.wynk.in/unsafe/fit-in/300x169/filters:no_upscale():format(webp)/https://xstreamcp-assets-msp.streamready.in/assets/SONYLIV_VOD/EPISODE/668fa79413fc7c3c9b6d8187/images/36_day_1920x1080_clean_airtel_landscape.jpg with size [-2147483648x-2147483648] in 0.15495799999999998 ms
10-04 10:08:29.680  8084  8084 D Glide   : Finished loading BitmapDrawable from MEMORY_CACHE for http://tvimg.wynk.in/unsafe/fit-in/300x169/filters:no_upscale():format(webp)/https://xstreamcp-assets-msp.streamready.in/assets/SHEMAROOME/MOVIE/6478338c59fcb666645f6943/images/xl_image_16_9_airtel_1723465577.jpg with size [-2147483648x-2147483648] in 0.149083 ms
10-04 10:08:29.684  8084  8084 D Glide   : Finished loading BitmapDrawable from MEMORY_CACHE for http://tvimg.wynk.in/unsafe/fit-in/300x169/filters:no_upscale():format(webp)/https://xstreamcp-assets-msp.streamready.in/assets/SHEMAROOME/MOVIE/6478327359fcb666645f5dc1/images/xl_image_16_9_1630335742.jpg with size [-2147483648x-2147483648] in 0.18037499999999998 ms
10-04 10:08:29.688  8084  8193 I WM-WorkerWrapper: Worker result SUCCESS for Work [ id=a2abc661-000a-42b9-92b2-8a8ee72ecc3f, tags={ tv.airtel.wynk.analytics.sync.service.AnalyticsSyncService, com.airtel.analyticsSyncService } ]
10-04 10:08:29.698   696  2853 W JobScheduler: Job didn't exist in JobStore: 2867fe2 #u0a43/2178 com.airtel.tv/androidx.work.impl.background.systemjob.SystemJobService
10-04 10:08:29.702   696  3333 W JobScheduler: Job didn't exist in JobStore: 89f4d5c #u0a43/2179 com.airtel.tv/androidx.work.impl.background.systemjob.SystemJobService
10-04 10:08:29.708   696  2853 W JobScheduler: Job didn't exist in JobStore: 7eab9c7 #u0a43/2180 com.airtel.tv/androidx.work.impl.background.systemjob.SystemJobService
10-04 10:08:29.711   441   454 D hdmicecd: [CEC]:printCecMessage, [4 -> 0] len: 1, body: 8f, result:no ack
10-04 10:08:29.711   441   454 E IPCThreadState: binder thread pool (1 threads) starved for 228 ms
10-04 10:08:29.713   696  2853 W JobScheduler: Job didn't exist in JobStore: 7ffd360 #u0a43/2181 com.airtel.tv/androidx.work.impl.background.systemjob.SystemJobService
10-04 10:08:29.717  8084  8193 I WM-WorkerWrapper: Worker result SUCCESS for Work [ id=115af3d1-fc0a-4db6-a457-28197007b5dc, tags={ tv.airtel.wynk.analytics.sync.service.AnalyticsSyncService, com.airtel.analyticsSyncService } ]
10-04 10:08:29.719   426  1494 D rtk_heartbeat: heartbeat_timed_out: heartbeatCmdCount = 42614, expected nextSeqNum = 42614
10-04 10:08:29.720   426  1381 D rtk_heartbeat: rtkbt_heartbeat_cmpl_cback: Current SeqNum = 42614,should SeqNum=42614, status = 0
10-04 10:08:29.740  8084  8193 I WM-WorkerWrapper: Worker result SUCCESS for Work [ id=6048840c-3c9b-4814-a781-013df8aba57b, tags={ tv.airtel.wynk.analytics.sync.service.AnalyticsSyncService, com.airtel.analyticsSyncService } ]
10-04 10:08:29.762  8084  8193 I WM-WorkerWrapper: Worker result SUCCESS for Work [ id=753690a7-8edb-4fc8-ac85-dbe762357b89, tags={ tv.airtel.wynk.analytics.sync.service.AnalyticsSyncService, com.airtel.analyticsSyncService } ]
10-04 10:08:29.767   441   454 D hdmicecd: [CEC]:printCecMessage, [4 -> 0] len: 1, body: 8f, result:no ack
10-04 10:08:29.783  8084  8193 I WM-WorkerWrapper: Worker result SUCCESS for Work [ id=5277849c-d449-407c-be90-411f76a97104, tags={ tv.airtel.wynk.analytics.sync.service.AnalyticsSyncService, com.airtel.analyticsSyncService } ]
10-04 10:08:29.806  8084  8193 I WM-WorkerWrapper: Worker result SUCCESS for Work [ id=fda22a33-9fda-4fba-8c29-4db407d452ab, tags={ tv.airtel.wynk.analytics.sync.service.AnalyticsSyncService, com.airtel.analyticsSyncService } ]
10-04 10:08:29.822   441   454 D hdmicecd: [CEC]:printCecMessage, [4 -> 0] len: 1, body: 8f, result:no ack
10-04 10:08:29.823   441   454 E IPCThreadState: binder thread pool (1 threads) starved for 112 ms
10-04 10:08:29.900   696   696 D ResendCecCommandAction: sendCommandWithoutRetries failed, retry
10-04 10:08:29.900   696   949 D HDMI    : [S]:<Text View On> 40:0D
10-04 10:08:29.954   441   454 D hdmicecd: [CEC]:printCecMessage, [4 -> 0] len: 1, body: 0d, result:no ack
10-04 10:08:30.010   441   454 D hdmicecd: [CEC]:printCecMessage, [4 -> 0] len: 1, body: 0d, result:no ack
10-04 10:08:30.011   441   454 E IPCThreadState: binder thread pool (1 threads) starved for 110 ms
10-04 10:08:30.050  1154  1154 I ThermalService: CPU temperatures: [44.9]
10-04 10:08:30.066   441   454 D hdmicecd: [CEC]:printCecMessage, [4 -> 0] len: 1, body: 0d, result:no ack
10-04 10:08:30.123   441   454 D hdmicecd: [CEC]:printCecMessage, [4 -> 0] len: 1, body: 0d, result:no ack
10-04 10:08:30.123   441   454 E IPCThreadState: binder thread pool (1 threads) starved for 111 ms
10-04 10:08:30.257  8084  8195 I WM-WorkerWrapper: Worker result SUCCESS for Work [ id=2e35ea92-a98c-4add-bf12-c4868678ce96, tags={ tv.airtel.wynk.analytics.sync.service.AnalyticsSyncService, com.airtel.analyticsSyncService } ]
10-04 10:08:30.321   696  3333 W JobScheduler: Job didn't exist in JobStore: 67f81b5 #u0a43/2193 com.airtel.tv/androidx.work.impl.background.systemjob.SystemJobService
10-04 10:08:30.335   696  3333 W JobScheduler: Job didn't exist in JobStore: 20879ab #u0a43/2199 com.airtel.tv/androidx.work.impl.background.systemjob.SystemJobService
10-04 10:08:30.347   696  3333 W JobScheduler: Job didn't exist in JobStore: 1de7454 #u0a43/2190 com.airtel.tv/androidx.work.impl.background.systemjob.SystemJobService
10-04 10:08:30.358   696  3333 W JobScheduler: Job didn't exist in JobStore: 7ccc8d8 #u0a43/2194 com.airtel.tv/androidx.work.impl.background.systemjob.SystemJobService
10-04 10:08:30.367   696  3333 W JobScheduler: Job didn't exist in JobStore: 8fb61c #u0a43/2198 com.airtel.tv/androidx.work.impl.background.systemjob.SystemJobService
10-04 10:08:30.394   696  3333 W JobScheduler: Job didn't exist in JobStore: f758869 #u0a43/2197 com.airtel.tv/androidx.work.impl.background.systemjob.SystemJobService
10-04 10:08:30.403   696  3333 W JobScheduler: Job didn't exist in JobStore: 22fdea2 #u0a43/2196 com.airtel.tv/androidx.work.impl.background.systemjob.SystemJobService
10-04 10:08:30.413   696  3333 W JobScheduler: Job didn't exist in JobStore: fc4c897 #u0a43/2195 com.airtel.tv/androidx.work.impl.background.systemjob.SystemJobService
--------- beginning of kernel
10-04 10:08:30.436     0     0 W [2 T1289  ..] RTW: rtw_get_sta_tx_stat() not support
10-04 10:08:30.437     0     0 W [2 T1289  ..] RTW: cfg80211_rtw_get_txpower
10-04 10:08:30.422   696  3333 W JobScheduler: Job didn't exist in JobStore: 3be1743 #u0a43/2191 com.airtel.tv/androidx.work.impl.background.systemjob.SystemJobService
10-04 10:08:30.423   696   696 D ResendCecCommandAction: sendCommandWithoutRetries failed, retry
10-04 10:08:30.423   696   949 D HDMI    : [S]:<Text View On> 40:0D
10-04 10:08:30.479   441   454 D hdmicecd: [CEC]:printCecMessage, [4 -> 0] len: 1, body: 0d, result:no ack
10-04 10:08:30.534   441   454 D hdmicecd: [CEC]:printCecMessage, [4 -> 0] len: 1, body: 0d, result:no ack
10-04 10:08:30.535   441   454 E IPCThreadState: binder thread pool (1 threads) starved for 111 ms
10-04 10:08:30.584   696  1553 E TaskPersister: File error accessing recents directory (directory doesn't exist?).
10-04 10:08:30.593   441   454 D hdmicecd: [CEC]:printCecMessage, [4 -> 0] len: 1, body: 0d, result:no ack
10-04 10:08:30.655   441   454 D hdmicecd: [CEC]:printCecMessage, [4 -> 0] len: 1, body: 0d, result:no ack
10-04 10:08:30.655   441   454 E IPCThreadState: binder thread pool (1 threads) starved for 120 ms
10-04 10:08:30.717   696  2853 W JobScheduler: Job didn't exist in JobStore: 136ce3e #u0a43/2192 com.airtel.tv/androidx.work.impl.background.systemjob.SystemJobService
10-04 10:08:30.720   426  1494 D rtk_heartbeat: heartbeat_timed_out: heartbeatCmdCount = 42615, expected nextSeqNum = 42615
10-04 10:08:30.721   426  1381 D rtk_heartbeat: rtkbt_heartbeat_cmpl_cback: Current SeqNum = 42615,should SeqNum=42615, status = 0
10-04 10:08:30.884   424   582 I audio_hw_hal_alsamgr: alsa format =0x9000000 delay frames =1536 total frames=2045952000
10-04 10:08:31.372   696   696 D HDMI    : one touch play retry:2
10-04 10:08:31.373   696   949 D HDMI    : [S]:<Text View On> 40:0D
10-04 10:08:31.427   441   454 D hdmicecd: [CEC]:printCecMessage, [4 -> 0] len: 1, body: 0d, result:no ack
10-04 10:08:31.483   441   454 D hdmicecd: [CEC]:printCecMessage, [4 -> 0] len: 1, body: 0d, result:no ack
10-04 10:08:31.483   441   454 E IPCThreadState: binder thread pool (1 threads) starved for 110 ms
10-04 10:08:31.539   441   454 D hdmicecd: [CEC]:printCecMessage, [4 -> 0] len: 1, body: 0d, result:no ack
10-04 10:08:31.599   441   454 D hdmicecd: [CEC]:printCecMessage, [4 -> 0] len: 1, body: 0d, result:no ack
10-04 10:08:31.599   441   454 E IPCThreadState: binder thread pool (1 threads) starved for 116 ms
10-04 10:08:31.599   696   949 D HDMI    : [S]:<Give Device Power Status> 40:8F
10-04 10:08:31.599   696   696 D ResendCecCommandAction: ResendCecCommandAction started
10-04 10:08:31.655   441   454 D hdmicecd: [CEC]:printCecMessage, [4 -> 0] len: 1, body: 8f, result:no ack
10-04 10:08:31.711   441   454 D hdmicecd: [CEC]:printCecMessage, [4 -> 0] len: 1, body: 8f, result:no ack
10-04 10:08:31.711   441   454 E IPCThreadState: binder thread pool (1 threads) starved for 111 ms
10-04 10:08:31.720   426  1494 D rtk_heartbeat: heartbeat_timed_out: heartbeatCmdCount = 42616, expected nextSeqNum = 42616
10-04 10:08:31.721   426  1381 D rtk_heartbeat: rtkbt_heartbeat_cmpl_cback: Current SeqNum = 42616,should SeqNum=42616, status = 0
10-04 10:08:31.766   441   454 D hdmicecd: [CEC]:printCecMessage, [4 -> 0] len: 1, body: 8f, result:no ack
10-04 10:08:31.823   441   454 D hdmicecd: [CEC]:printCecMessage, [4 -> 0] len: 1, body: 8f, result:no ack
10-04 10:08:31.823   441   454 E IPCThreadState: binder thread pool (1 threads) starved for 112 ms
10-04 10:08:31.900   696   696 D ResendCecCommandAction: sendCommandWithoutRetries failed, retry
10-04 10:08:31.900   696   949 D HDMI    : [S]:<Text View On> 40:0D
10-04 10:08:31.955   441   454 D hdmicecd: [CEC]:printCecMessage, [4 -> 0] len: 1, body: 0d, result:no ack
10-04 10:08:32.011   441   454 D hdmicecd: [CEC]:printCecMessage, [4 -> 0] len: 1, body: 0d, result:no ack
10-04 10:08:32.011   441   454 E IPCThreadState: binder thread pool (1 threads) starved for 110 ms
10-04 10:08:32.054  1154  1154 I ThermalService: CPU temperatures: [43.500004]
10-04 10:08:32.067   441   454 D hdmicecd: [CEC]:printCecMessage, [4 -> 0] len: 1, body: 0d, result:no ack
10-04 10:08:32.123   441   454 D hdmicecd: [CEC]:printCecMessage, [4 -> 0] len: 1, body: 0d, result:no ack
10-04 10:08:32.123   441   454 E IPCThreadState: binder thread pool (1 threads) starved for 112 ms
10-04 10:08:32.423   696   696 D ResendCecCommandAction: sendCommandWithoutRetries failed, retry
10-04 10:08:32.424   696   949 D HDMI    : [S]:<Text View On> 40:0D
10-04 10:08:32.479   441   454 D hdmicecd: [CEC]:printCecMessage, [4 -> 0] len: 1, body: 0d, result:no ack
10-04 10:08:32.535   441   454 D hdmicecd: [CEC]:printCecMessage, [4 -> 0] len: 1, body: 0d, result:no ack
10-04 10:08:32.535   441   454 E IPCThreadState: binder thread pool (1 threads) starved for 111 ms
10-04 10:08:32.537   625   625 W adbd    : timeout expired while flushing socket, closing
10-04 10:08:32.591   441   454 D hdmicecd: [CEC]:printCecMessage, [4 -> 0] len: 1, body: 0d, result:no ack
10-04 10:08:32.642 10261 10261 D MonkeyStub: translateCommand: press DPAD_RIGHT
10-04 10:08:32.645   459   459 I lights-tch: flashMode 0 id 2 onMs 0 offMs 0 brightness 0
10-04 10:08:32.648   441   454 D hdmicecd: [CEC]:printCecMessage, [4 -> 0] len: 1, body: 0d, result:no ack
10-04 10:08:32.648   441   454 E IPCThreadState: binder thread pool (1 threads) starved for 113 ms
10-04 10:08:32.649   459   459 I lights-tch: flashMode 0 id 2 onMs 0 offMs 0 brightness 225
10-04 10:08:32.694   424   471 I audio_hw_hal_primary: [register_audio_patch:7826] Patch 3:id:3 mix(io:13)->dev_0[OUT_HDMI(id:18)] found, register the same patch, do nothing.
10-04 10:08:32.694   424   471 I audio_hw_hal_primary: [adev_create_audio_patch:7927] Patch 3: MIX->DEVICE, num_src:1 num_sink:1 patch_src:INVAL
10-04 10:08:32.694   424   471 I audio_hw_hal_primary: [adev_create_audio_patch:7931] sink[0]: OUT_HDMI(id:18)
10-04 10:08:32.694   424   471 I audio_hw_hal_primary: [adev_create_audio_patch:7988] Patch 3: mix(io:13) -> dev[OUT_HDMI(id:18)]
10-04 10:08:32.694   424   471 I audio_hw_hal_primary: [adev_create_audio_patch:8056] dev=0xf3782930 cur_out_device=0x400
10-04 10:08:32.694  1154  1349 D UEventObserver: change@/devices/platform/auge_sound/sound/card0/controlC0��ACTION=change��DEVPATH=/devices/platform/auge_sound/sound/card0/controlC0��SUBSYSTEM=sound��AUDIO_FORMAT=0��MAJOR=116��MINOR=11��DEVNAME=snd/controlC0��SEQNUM=3247��
10-04 10:08:32.694  1154  1349 W ContextImpl: Calling a method in the system process without a qualified user: android.app.ContextImpl.sendBroadcast:1220 android.content.ContextWrapper.sendBroadcast:504 com.droidlogic.audioservice.services.AudioSystemCmdService$1.onUEvent:177 com.droidlogic.UEventObserver$UEventThread.sendEvent:213 com.droidlogic.UEventObserver$UEventThread.run:190 
10-04 10:08:32.698   472  2595 D audioserver: FGS Logger Transaction failed
10-04 10:08:32.698   472  2595 D audioserver: -129
10-04 10:08:32.704   424  8590 I audio_hw_hal_primary: [mixer_aux_buffer_write:6665] io 13: out:0xf2d00740 usecase:PCM_NORMAL standby to unstandby
10-04 10:08:32.704   424  8590 E audio_hw_hal_virtualbuf: ms12 system input underrun happens read=536886443298 write=3199999950 diff=533686443348
10-04 10:08:32.712  1154  1348 I AudioSystemCmdService: onAudioPatchListUpdate
10-04 10:08:32.741     0     0 I [1 T230   ..] logd: logdr: UID=2000 GID=2000 PID=10319 n tail=0 logMask=99 pid=0 start=0ns deadline=0ns
10-04 10:08:32.717  1154  1348 I AudioSystemCmdService: mAudioSink:[{{mHandle: 18, mRole: SINK}, mType: hdmi, mAddress: }], previousSink:[{{mHandle: 18, mRole: SINK}, mType: hdmi, mAddress: }]
10-04 10:08:32.717  1154  1348 I AudioSystemCmdService: updateAudioPatch cur sink does not change.
10-04 10:08:32.720   426  1494 D rtk_heartbeat: heartbeat_timed_out: heartbeatCmdCount = 42617, expected nextSeqNum = 42617
10-04 10:08:32.721   426  1381 D rtk_heartbeat: rtkbt_heartbeat_cmpl_cback: Current SeqNum = 42617,should SeqNum=42617, status = 0
10-04 10:08:32.727   424  8590 I audio_hw_hal_stream: aml_stream_out_info_print: out:0xf2d00740, stream_type:pcm, sync_mode:non tunnel, input_size:39690240 bytes
10-04 10:08:32.727   424  8590 I audio_hw_hal_stream: aml_stream_out_info_print: last_time:42118473 ms (sec:42118, nsec:473730583), last_position:206535 ms (9913680), cur_time:42652308 ms (sec:42652, nsec:308208921), cur_position:206641 ms (9918800)
10-04 10:08:32.727   424  8590 I audio_hw_hal_stream: aml_stream_out_info_print: time_gap:533835 ms (thr:100 ms), position_gap:106 ms, delay:78 ms, jitter: Position gap is behind system time gap by 533729 ms (thr:100 ms)
--------- beginning of main
10-04 10:08:32.887   424  8590 I audio_hw_hal_primary: [audiohal_get_latency:1258] io 13: out:0xf2d00740 frames:3072 rate:48000 whole_latency:64 alsa_latency:64
10-04 10:08:32.908   424  8590 I audio_hw_hal_primary: [audiohal_get_latency:1258] io 13: out:0xf2d00740 frames:3072 rate:48000 whole_latency:64 alsa_latency:64
10-04 10:08:32.909   472   662 D audioserver: FGS Logger Transaction failed
10-04 10:08:32.909   472   662 D audioserver: -129
10-04 10:08:33.089   424   582 I audio_hw_hal_alsamgr: alsa format =0x1 delay frames =1024 total frames=2046720000
--------- beginning of system
10-04 10:08:33.374   696   696 D HDMI    : one touch play retry:3
10-04 10:08:33.374   696   949 D HDMI    : [S]:<Text View On> 40:0D
--------- beginning of kernel
10-04 10:08:33.441     0     0 W [3 T1289  ..] RTW: rtw_get_sta_tx_stat() not support
10-04 10:08:33.442     0     0 W [3 T1289  ..] RTW: cfg80211_rtw_get_txpower
10-04 10:08:33.431   441   454 D hdmicecd: [CEC]:printCecMessage, [4 -> 0] len: 1, body: 0d, result:no ack
10-04 10:08:33.487   441   454 D hdmicecd: [CEC]:printCecMessage, [4 -> 0] len: 1, body: 0d, result:no ack
10-04 10:08:33.487   441   454 E IPCThreadState: binder thread pool (1 threads) starved for 112 ms
10-04 10:08:33.543   441   454 D hdmicecd: [CEC]:printCecMessage, [4 -> 0] len: 1, body: 0d, result:no ack
10-04 10:08:33.599   441   454 D hdmicecd: [CEC]:printCecMessage, [4 -> 0] len: 1, body: 0d, result:no ack
10-04 10:08:33.599   441   454 E IPCThreadState: binder thread pool (1 threads) starved for 112 ms
10-04 10:08:33.599   696   949 D HDMI    : [S]:<Give Device Power Status> 40:8F
10-04 10:08:33.599   696   696 D ResendCecCommandAction: ResendCecCommandAction started
10-04 10:08:33.655   441   454 D hdmicecd: [CEC]:printCecMessage, [4 -> 0] len: 1, body: 8f, result:no ack
10-04 10:08:33.715   441   454 D hdmicecd: [CEC]:printCecMessage, [4 -> 0] len: 1, body: 8f, result:no ack
10-04 10:08:33.715   441   454 E IPCThreadState: binder thread pool (1 threads) starved for 115 ms
10-04 10:08:33.720   426  1494 D rtk_heartbeat: heartbeat_timed_out: heartbeatCmdCount = 42618, expected nextSeqNum = 42618
10-04 10:08:33.725   426  1381 D rtk_heartbeat: rtkbt_heartbeat_cmpl_cback: Current SeqNum = 42618,should SeqNum=42618, status = 0
10-04 10:08:33.771   441   454 D hdmicecd: [CEC]:printCecMessage, [4 -> 0] len: 1, body: 8f, result:no ack
10-04 10:08:33.831   441   454 D hdmicecd: [CEC]:printCecMessage, [4 -> 0] len: 1, body: 8f, result:no ack
10-04 10:08:33.831   441   454 E IPCThreadState: binder thread pool (1 threads) starved for 116 ms
10-04 10:08:33.900   696   696 D ResendCecCommandAction: sendCommandWithoutRetries failed, retry
10-04 10:08:33.900   696   949 D HDMI    : [S]:<Text View On> 40:0D
10-04 10:08:33.901 10261 10261 D MonkeyStub: translateCommand: press DPAD_RIGHT
10-04 10:08:33.904   459   459 I lights-tch: flashMode 0 id 2 onMs 0 offMs 0 brightness 0
10-04 10:08:33.908   459   459 I lights-tch: flashMode 0 id 2 onMs 0 offMs 0 brightness 225
10-04 10:08:33.950   424   673 I audio_hw_hal_primary: [register_audio_patch:7826] Patch 3:id:3 mix(io:13)->dev_0[OUT_HDMI(id:18)] found, register the same patch, do nothing.
10-04 10:08:33.950   424   673 I audio_hw_hal_primary: [adev_create_audio_patch:7927] Patch 3: MIX->DEVICE, num_src:1 num_sink:1 patch_src:INVAL
10-04 10:08:33.950   424   673 I audio_hw_hal_primary: [adev_create_audio_patch:7931] sink[0]: OUT_HDMI(id:18)
10-04 10:08:33.950   424   673 I audio_hw_hal_primary: [adev_create_audio_patch:7988] Patch 3: mix(io:13) -> dev[OUT_HDMI(id:18)]
10-04 10:08:33.950   424   673 I audio_hw_hal_primary: [adev_create_audio_patch:8056] dev=0xf3782930 cur_out_device=0x400
10-04 10:08:33.950  1154  1349 D UEventObserver: change@/devices/platform/auge_sound/sound/card0/controlC0��ACTION=change��DEVPATH=/devices/platform/auge_sound/sound/card0/controlC0��SUBSYSTEM=sound��AUDIO_FORMAT=0��MAJOR=116��MINOR=11��DEVNAME=snd/controlC0��SEQNUM=3248��
10-04 10:08:33.951  1154  1349 W ContextImpl: Calling a method in the system process without a qualified user: android.app.ContextImpl.sendBroadcast:1220 android.content.ContextWrapper.sendBroadcast:504 com.droidlogic.audioservice.services.AudioSystemCmdService$1.onUEvent:177 com.droidlogic.UEventObserver$UEventThread.sendEvent:213 com.droidlogic.UEventObserver$UEventThread.run:190 
10-04 10:08:33.955   472  1305 D audioserver: FGS Logger Transaction failed
10-04 10:08:33.955   472  1305 D audioserver: -129
10-04 10:08:33.961   441   454 D hdmicecd: [CEC]:printCecMessage, [4 -> 0] len: 1, body: 0d, result:no ack
10-04 10:08:33.964  1154  1348 I AudioSystemCmdService: onAudioPatchListUpdate
10-04 10:08:33.968  1154  1348 I AudioSystemCmdService: mAudioSink:[{{mHandle: 18, mRole: SINK}, mType: hdmi, mAddress: }], previousSink:[{{mHandle: 18, mRole: SINK}, mType: hdmi, mAddress: }]
10-04 10:08:33.968  1154  1348 I AudioSystemCmdService: updateAudioPatch cur sink does not change.
--------- beginning of main
10-04 10:08:34.071   441   454 D hdmicecd: [CEC]:printCecMessage, [4 -> 0] len: 1, body: 0d, result:no ack
10-04 10:08:34.114   424  8590 I audio_hw_hal_primary: [audiohal_get_latency:1258] io 13: out:0xf2d00740 frames:3072 rate:48000 whole_latency:64 alsa_latency:64
10-04 10:08:34.127   441   454 D hdmicecd: [CEC]:printCecMessage, [4 -> 0] len: 1, body: 0d, result:no ack
10-04 10:08:34.127   441   454 E IPCThreadState: binder thread pool (1 threads) starved for 112 ms
10-04 10:08:34.136   424  8590 I audio_hw_hal_primary: [audiohal_get_latency:1258] io 13: out:0xf2d00740 frames:3072 rate:48000 whole_latency:64 alsa_latency:64
10-04 10:08:34.157   424  8590 I audio_hw_hal_primary: [audiohal_get_latency:1258] io 13: out:0xf2d00740 frames:3072 rate:48000 whole_latency:64 alsa_latency:64
10-04 10:08:34.179   424  8590 I audio_hw_hal_primary: [audiohal_get_latency:1258] io 13: out:0xf2d00740 frames:3072 rate:48000 whole_latency:64 alsa_latency:64
10-04 10:08:34.200   424  8590 I audio_hw_hal_primary: [audiohal_get_latency:1258] io 13: out:0xf2d00740 frames:3072 rate:48000 whole_latency:64 alsa_latency:64
10-04 10:08:34.222   424  8590 I audio_hw_hal_primary: [audiohal_get_latency:1258] io 13: out:0xf2d00740 frames:3072 rate:48000 whole_latency:64 alsa_latency:64
10-04 10:08:34.242   424  8590 I audio_hw_hal_primary: [audiohal_get_latency:1258] io 13: out:0xf2d00740 frames:3072 rate:48000 whole_latency:64 alsa_latency:64
10-04 10:08:34.264   424  8590 I audio_hw_hal_primary: [audiohal_get_latency:1258] io 13: out:0xf2d00740 frames:3072 rate:48000 whole_latency:64 alsa_latency:64
10-04 10:08:34.264   472   662 D audioserver: FGS Logger Transaction failed
10-04 10:08:34.264   472   662 D audioserver: -129
--------- beginning of system
10-04 10:08:34.428   696   696 D ResendCecCommandAction: sendCommandWithoutRetries failed, retry
10-04 10:08:34.428   696   949 D HDMI    : [S]:<Text View On> 40:0D
10-04 10:08:34.432  6706  6767 I cast_shell: [1004/100834.432263:INFO:mdns_app_filter.cc(3358)] MdnsAppFilter: responses sent in 97 seconds: 13
10-04 10:08:34.482   441   454 D hdmicecd: [CEC]:printCecMessage, [4 -> 0] len: 1, body: 0d, result:no ack
10-04 10:08:34.530  8084  8084 D Glide   : Finished loading BitmapDrawable from MEMORY_CACHE for http://tvimg.wynk.in/unsafe/fit-in/1920x548/filters:no_upscale():format(webp)/https://s3.ap-south-1.amazonaws.com/discovery-prod-arsenal/tile/artwork/1727954088147_pl-tournament_xstream-banner_1920-x-548.jpg with size [-2147483648x-2147483648] in 0.5596249999999999 ms
10-04 10:08:34.539   441   454 D hdmicecd: [CEC]:printCecMessage, [4 -> 0] len: 1, body: 0d, result:no ack
10-04 10:08:34.539   441   454 E IPCThreadState: binder thread pool (1 threads) starved for 110 ms
10-04 10:08:34.565  6706  6768 I cast_shell: [1004/100834.564990:INFO:metrics_recorder.cc(193)] Cast v2 action(socket_id=005cd15e-21c4-15ec-adff-3840db6f1c7a.15): CastV2.Connection.Connect.In
10-04 10:08:34.565  6706  6763 I cast_shell: [1004/100834.565400:INFO:setup_namespace_handler.cc(90)] Added a peer for setup namespace: 005cd15e-21c4-15ec-adff-3840db6f1c7a.15:gms_cast_prober-1
10-04 10:08:34.565  6706  6763 I cast_shell: [1004/100834.565655:INFO:setup_state.cc(541)] EurekaInfoCalled: wifi_state=0, is_usable_ip_address=1, connected=1, is_initial_setup=0
10-04 10:08:34.587  6706  6768 I cast_shell: [1004/100834.587547:INFO:v2_ssl_socket.cc(342)] Stop reading on pending closed socket
10-04 10:08:34.587  6706  6763 I cast_shell: [1004/100834.587550:INFO:setup_namespace_handler.cc(100)] Removed a peer for setup namespace: 005cd15e-21c4-15ec-adff-3840db6f1c7a.15:gms_cast_prober-1
10-04 10:08:34.599   441   454 D hdmicecd: [CEC]:printCecMessage, [4 -> 0] len: 1, body: 0d, result:no ack
10-04 10:08:34.655   441   454 D hdmicecd: [CEC]:printCecMessage, [4 -> 0] len: 1, body: 0d, result:no ack
10-04 10:08:34.655   441   454 E IPCThreadState: binder thread pool (1 threads) starved for 115 ms
10-04 10:08:34.720   426  1494 D rtk_heartbeat: heartbeat_timed_out: heartbeatCmdCount = 42619, expected nextSeqNum = 42619
10-04 10:08:34.721   426  1381 D rtk_heartbeat: rtkbt_heartbeat_cmpl_cback: Current SeqNum = 42619,should SeqNum=42619, status = 0
10-04 10:08:35.096 10261 10261 D MonkeyStub: translateCommand: press DPAD_RIGHT
10-04 10:08:35.102   459   459 I lights-tch: flashMode 0 id 2 onMs 0 offMs 0 brightness 0
10-04 10:08:35.104   459   459 I lights-tch: flashMode 0 id 2 onMs 0 offMs 0 brightness 225
10-04 10:08:35.154   424  8826 I audio_hw_hal_primary: [register_audio_patch:7826] Patch 3:id:3 mix(io:13)->dev_0[OUT_HDMI(id:18)] found, register the same patch, do nothing.
10-04 10:08:35.154   424  8826 I audio_hw_hal_primary: [adev_create_audio_patch:7927] Patch 3: MIX->DEVICE, num_src:1 num_sink:1 patch_src:INVAL
10-04 10:08:35.154   424  8826 I audio_hw_hal_primary: [adev_create_audio_patch:7931] sink[0]: OUT_HDMI(id:18)
10-04 10:08:35.155   424  8826 I audio_hw_hal_primary: [adev_create_audio_patch:7988] Patch 3: mix(io:13) -> dev[OUT_HDMI(id:18)]
10-04 10:08:35.155   424  8826 I audio_hw_hal_primary: [adev_create_audio_patch:8056] dev=0xf3782930 cur_out_device=0x400
10-04 10:08:35.156  1154  1349 D UEventObserver: change@/devices/platform/auge_sound/sound/card0/controlC0��ACTION=change��DEVPATH=/devices/platform/auge_sound/sound/card0/controlC0��SUBSYSTEM=sound��AUDIO_FORMAT=0��MAJOR=116��MINOR=11��DEVNAME=snd/controlC0��SEQNUM=3249��
10-04 10:08:35.157  1154  1349 W ContextImpl: Calling a method in the system process without a qualified user: android.app.ContextImpl.sendBroadcast:1220 android.content.ContextWrapper.sendBroadcast:504 com.droidlogic.audioservice.services.AudioSystemCmdService$1.onUEvent:177 com.droidlogic.UEventObserver$UEventThread.sendEvent:213 com.droidlogic.UEventObserver$UEventThread.run:190 
10-04 10:08:35.159   472   577 D audioserver: FGS Logger Transaction failed
10-04 10:08:35.160   472   577 D audioserver: -129
10-04 10:08:35.168  1154  1348 I AudioSystemCmdService: onAudioPatchListUpdate
--------- beginning of main
10-04 10:08:35.309   424  8590 I audio_hw_hal_primary: [audiohal_get_latency:1258] io 13: out:0xf2d00740 frames:3072 rate:48000 whole_latency:64 alsa_latency:64
