10-04 10:32:10.350   459   459 I lights-tch: flashMode 0 id 2 onMs 0 offMs 0 brightness 225
10-04 10:32:10.395  1154  1154 I ThermalService: CPU temperatures: [45.300003]
--------- beginning of main
10-04 10:32:10.973   426  1494 D rtk_heartbeat: heartbeat_timed_out: heartbeatCmdCount = 44035, expected nextSeqNum = 44035
10-04 10:32:10.974   426  1381 D rtk_heartbeat: rtkbt_heartbeat_cmpl_cback: Current SeqNum = 44035,should SeqNum=44035, status = 0
10-04 10:32:10.983  8084  8093 I com.airtel.tv: Background young concurrent copying GC freed 521535(22MB) AllocSpace objects, 17(676KB) LOS objects, 14% free, 134MB/158MB, paused 302us,143us total 186.458ms
--------- beginning of kernel
10-04 10:32:11.656     0     0 W [1 T1289  ..] RTW: rtw_get_sta_tx_stat() not support
10-04 10:32:11.656     0     0 W [1 T1289  ..] RTW: cfg80211_rtw_get_txpower
10-04 10:32:11.756   424   582 I audio_hw_hal_alsamgr: alsa format =0x1 delay frames =1024 total frames=2114816000
10-04 10:32:11.973   426  1494 D rtk_heartbeat: heartbeat_timed_out: heartbeatCmdCount = 44036, expected nextSeqNum = 44036
10-04 10:32:11.974   426  1381 D rtk_heartbeat: rtkbt_heartbeat_cmpl_cback: Current SeqNum = 44036,should SeqNum=44036, status = 0
10-04 10:32:12.051   446   485 D WifiHAL : Setting APF program, halHandle = 0xeaf411b0
10-04 10:32:12.052   446   485 I WifiHAL : createRequest: APF set program request
10-04 10:32:12.052   446   485 D WifiHAL : error code -95 mapped to -3
10-04 10:32:12.052   446   485 I WifiHAL : Request Response failed for APF, result = -3
10-04 10:32:12.053   696   910 E WifiStaIfaceAidlImpl: installApfPacketFilter failed with service-specific exception: android.os.ServiceSpecificException:  (code 4)
10-04 10:32:12.398  1154  1154 I ThermalService: CPU temperatures: [44.2]
--------- beginning of system
10-04 10:32:12.940   696   696 V HotPlugDetectionAction: Poll all devices.
10-04 10:32:12.973   426  1494 D rtk_heartbeat: heartbeat_timed_out: heartbeatCmdCount = 44037, expected nextSeqNum = 44037
10-04 10:32:12.974   426  1381 D rtk_heartbeat: rtkbt_heartbeat_cmpl_cback: Current SeqNum = 44037,should SeqNum=44037, status = 0
10-04 10:32:12.995   441   441 D hdmicecd: [CEC]:printCecMessage, [4 -> 0] len: 0, body:, result:no ack
10-04 10:32:13.550   441   441 D hdmicecd: [CEC]:printCecMessage, [4 -> 1] len: 0, body:, result:no ack
10-04 10:32:13.973   426  1494 D rtk_heartbeat: heartbeat_timed_out: heartbeatCmdCount = 44038, expected nextSeqNum = 44038
10-04 10:32:13.974   426  1381 D rtk_heartbeat: rtkbt_heartbeat_cmpl_cback: Current SeqNum = 44038,should SeqNum=44038, status = 0
10-04 10:32:14.111   441   441 D hdmicecd: [CEC]:printCecMessage, [4 -> 3] len: 0, body:, result:no ack
10-04 10:32:14.402  1154  1154 I ThermalService: CPU temperatures: [44.000004]
10-04 10:32:14.526 11208 11208 D MonkeyStub: translateCommand: press DPAD_CENTER
10-04 10:32:14.534   459   459 I lights-tch: flashMode 0 id 2 onMs 0 offMs 0 brightness 0
10-04 10:32:14.535   459   459 I lights-tch: flashMode 0 id 2 onMs 0 offMs 0 brightness 225
10-04 10:32:14.542  8084  8084 D ANALYTICS_IPTV: AnalyticsEventTracker ***Event***Event{ts=1728018134538, meta={"box_type":"iptv","source_of_stream":"5 | Home.screen_visible.none.none.none.none.none.none.none | none.screen_visible.none.none.none.none.none.none.none | settings_L1.click.settings_click.none.none.none.Content Language.none.none","asset_name":"Content Language","app_version":"1.0.0019:237","box_model":"bx:1.2.3","action":"settings_click","customer_id":"3026341863","firmware":"fw:1.2.3","source_name":"settings_L1"}, uid=5ye_gfsYCZe-PoQ4A0, did=8fb17cc052aef526, os=Android, ov=34, bn=237, nq=-1, nt=2, nct=0, lc=en|hi|ta|kn, av=1.0.0019, dt=STB, type=click, adid=95acddf7-5a94-4681-bf0a-0a767be9f2c3, brand=Airtel-Xstream, model=XstreamIPTV1-VT, dname=Vantiva XstreamIPTV1-VT, appId=IPTV, sId=8fb17cc052aef526, profileId=, ab_test=86079:0|108429:0|42374:0|78244:0|95458:0|75817:0|60412:1|117812:1|120676:1|113632:1|116206:0|66480:0|100390:2|76965:1|110385:0|129832:2, city=Delhi, state=National Capital Territory of Delhi, country=India, firebase_id=687ecd54b0fd95386e529fbf62179576} Critical: false
10-04 10:32:14.551   696  2853 E CellBroadcastUtils: getDefaultCellBroadcastReceiverPackageName: no package found
10-04 10:32:14.558   696  2853 E Transition: Trying to add a ready-group twice: Display{#0 state=ON size=1920x1080 ROTATION_0}
10-04 10:32:14.561   982  1072 V WindowManagerShell: Transition requested: android.os.BinderProxy@47c26e5 TransitionRequestInfo { type = OPEN, triggerTask = TaskInfo{userId=0 taskId=218 displayId=0 isRunning=true baseIntent=Intent { flg=0x10000000 cmp=com.airtel.tv/tv.airtel.xstream.ui.home.MainActivity } baseActivity=ComponentInfo{com.airtel.tv/tv.airtel.xstream.ui.home.MainActivity} topActivity=ComponentInfo{com.airtel.tv/tv.airtel.xstream.ui.settings.NewSettingsFullscreenActivity} origActivity=null realActivity=ComponentInfo{com.airtel.tv/tv.airtel.xstream.ui.home.MainActivity} numActivities=2 lastActiveTime=44074143 supportsMultiWindow=false resizeMode=1 isResizeable=true minWidth=-1 minHeight=-1 defaultMinSize=220 token=WCT{android.window.IWindowContainerToken$Stub$Proxy@6d485ba} topActivityType=1 pictureInPictureParams=null shouldDockBigOverlays=true launchIntoPipHostTaskId=-1 lastParentTaskIdBeforePip=-1 displayCutoutSafeInsets=null topActivityInfo=ActivityInfo{117cc6b tv.airtel.xstream.ui.settings.NewSettingsFullscreenActivity} launchCookies=[] positionInParent=Point(0, 0) parentTaskId=-1 isFocused=true isVisible=true isVisibleRequested=true isSleeping=false topActivityInSizeCompat=false topActivityEligibleForLetterboxEducation= false topActivityLetterboxed= false isFromDoubleTap= false topActivityLetterboxVerticalPosition= -1 topActivityLetterboxHorizontalPosition= -1 topActivityLetterboxWidth=-1 topActivityLetterboxHeight=-1 locusId=null displayAreaFeatureId=1 cameraCompatControlState=hidden}, remoteTransition = null, displayChange = null }
10-04 10:32:14.565   696  2853 I ActivityTaskManager: START u0 {cmp=com.airtel.tv/tv.airtel.xstream.ui.settings.NewSettingsFullscreenActivity (has extras)} with LAUNCH_SINGLE_TASK from uid 10043 (BAL_ALLOW_ALLOWLISTED_COMPONENT) result code=0
10-04 10:32:14.571   424   673 I audio_hw_hal_primary: [register_audio_patch:7826] Patch 3:id:3 mix(io:13)->dev_0[OUT_HDMI(id:18)] found, register the same patch, do nothing.
10-04 10:32:14.571   424   673 I audio_hw_hal_primary: [adev_create_audio_patch:7927] Patch 3: MIX->DEVICE, num_src:1 num_sink:1 patch_src:INVAL
10-04 10:32:14.571   424   673 I audio_hw_hal_primary: [adev_create_audio_patch:7931] sink[0]: OUT_HDMI(id:18)
10-04 10:32:14.571   424   673 I audio_hw_hal_primary: [adev_create_audio_patch:7988] Patch 3: mix(io:13) -> dev[OUT_HDMI(id:18)]
10-04 10:32:14.572   424   673 I audio_hw_hal_primary: [adev_create_audio_patch:8056] dev=0xf3782930 cur_out_device=0x400
10-04 10:32:14.573  1154  1349 D UEventObserver: change@/devices/platform/auge_sound/sound/card0/controlC0��ACTION=change��DEVPATH=/devices/platform/auge_sound/sound/card0/controlC0��SUBSYSTEM=sound��AUDIO_FORMAT=0��MAJOR=116��MINOR=11��DEVNAME=snd/controlC0��SEQNUM=3325��
10-04 10:32:14.573  1154  1349 W ContextImpl: Calling a method in the system process without a qualified user: android.app.ContextImpl.sendBroadcast:1220 android.content.ContextWrapper.sendBroadcast:504 com.droidlogic.audioservice.services.AudioSystemCmdService$1.onUEvent:177 com.droidlogic.UEventObserver$UEventThread.sendEvent:213 com.droidlogic.UEventObserver$UEventThread.run:190 
10-04 10:32:14.575   487   487 I BpBinder: onLastStrongRef automatically unlinking death recipients: 
10-04 10:32:14.577   696   799 I MediaFocusControl: abandonAudioFocus() from uid/pid 10043/8084 clientId=android.media.AudioManager@f804f00helper.PlayerHelper$$ExternalSyntheticLambda0@6fc3f3d
10-04 10:32:14.579  8084  8084 D PLAYER_LOGGER : : HEART: stopping heart beat
10-04 10:32:14.580   696   799 I MediaFocusControl: abandonAudioFocus() from uid/pid 10043/8084 clientId=android.media.AudioManager@f804f00helper.PlayerHelper$$ExternalSyntheticLambda0@bb3d339
10-04 10:32:14.582  8084  8084 D PLAYER_LOGGER : : HEART: stopping heart beat
10-04 10:32:14.583   472  1302 D audioserver: FGS Logger Transaction failed
10-04 10:32:14.583   472  1302 D audioserver: -129
10-04 10:32:14.588   424  8590 I audio_hw_hal_primary: [mixer_aux_buffer_write:6665] io 13: out:0xf2d00740 usecase:PCM_NORMAL standby to unstandby
10-04 10:32:14.588   424  8590 E audio_hw_hal_virtualbuf: ms12 system input underrun happens read=8681079338 write=3199999950 diff=5481079388
10-04 10:32:14.612   424  8590 I audio_hw_hal_stream: aml_stream_out_info_print: out:0xf2d00740, stream_type:pcm, sync_mode:non tunnel, input_size:72523776 bytes
10-04 10:32:14.612   424  8590 I audio_hw_hal_stream: aml_stream_out_info_print: last_time:44068564 ms (sec:44068, nsec:564126138), last_position:377543 ms (18122064), cur_time:44074196 ms (sec:44074, nsec:196043015), cur_position:377649 ms (18127184)
10-04 10:32:14.612   424  8590 I audio_hw_hal_stream: aml_stream_out_info_print: time_gap:5632 ms (thr:100 ms), position_gap:106 ms, delay:78 ms, jitter: Position gap is behind system time gap by 5526 ms (thr:100 ms)
10-04 10:32:14.623  1154  1348 I AudioSystemCmdService: onAudioPatchListUpdate
10-04 10:32:14.630  8084 11272 D PlayApplication: chip id: 1001B07B4222FA8B
10-04 10:32:14.630  8084 11272 D PlayApplication: bsn : B0HSTBYT501439100008
10-04 10:32:14.660     0     0 W [2 T1289  ..] RTW: rtw_get_sta_tx_stat() not support
10-04 10:32:14.660     0     0 W [2 T1289  ..] RTW: cfg80211_rtw_get_txpower
10-04 10:32:14.647  1154  1348 I AudioSystemCmdService: mAudioSink:[{{mHandle: 18, mRole: SINK}, mType: hdmi, mAddress: }], previousSink:[{{mHandle: 18, mRole: SINK}, mType: hdmi, mAddress: }]
10-04 10:32:14.647  1154  1348 I AudioSystemCmdService: updateAudioPatch cur sink does not change.
--------- beginning of main
10-04 10:32:14.755   424  8590 I audio_hw_hal_primary: [audiohal_get_latency:1258] io 13: out:0xf2d00740 frames:3072 rate:48000 whole_latency:64 alsa_latency:64
10-04 10:32:14.756   696   799 D ConnectivityService: requestNetwork for uid/pid:10043/8084 activeRequest: null callbackRequest: 1257 [NetworkRequest [ REQUEST id=1258, [ Capabilities: INTERNET&NOT_RESTRICTED&TRUSTED&NOT_VCN_MANAGED Uid: 10043 RequestorUid: 10043 RequestorPkg: com.airtel.tv UnderlyingNetworks: Null] ]] callback flags: 0 order: 2147483647
10-04 10:32:14.758   696   910 D WifiNetworkFactory: got request NetworkRequest [ REQUEST id=1258, [ Capabilities: INTERNET&NOT_RESTRICTED&TRUSTED&NOT_VCN_MANAGED Uid: 10043 RequestorUid: 10043 RequestorPkg: com.airtel.tv UnderlyingNetworks: Null] ]
10-04 10:32:14.758   696   910 D UntrustedWifiNetworkFactory: got request NetworkRequest [ REQUEST id=1258, [ Capabilities: INTERNET&NOT_RESTRICTED&TRUSTED&NOT_VCN_MANAGED Uid: 10043 RequestorUid: 10043 RequestorPkg: com.airtel.tv UnderlyingNetworks: Null] ]
10-04 10:32:14.758   696   918 D ConnectivityService: NetReassign [1258 : null → 100] [c 0] [a 0] [i 1]
10-04 10:32:14.758   696   910 D OemPaidWifiNetworkFactory: got request NetworkRequest [ REQUEST id=1258, [ Capabilities: INTERNET&NOT_RESTRICTED&TRUSTED&NOT_VCN_MANAGED Uid: 10043 RequestorUid: 10043 RequestorPkg: com.airtel.tv UnderlyingNetworks: Null] ]
10-04 10:32:14.758   696   910 D MultiInternetWifiNetworkFactory: got request NetworkRequest [ REQUEST id=1258, [ Capabilities: INTERNET&NOT_RESTRICTED&TRUSTED&NOT_VCN_MANAGED Uid: 10043 RequestorUid: 10043 RequestorPkg: com.airtel.tv UnderlyingNetworks: Null] ]
10-04 10:32:14.770   424  8590 I audio_hw_hal_primary: [audiohal_get_latency:1258] io 13: out:0xf2d00740 frames:3072 rate:48000 whole_latency:64 alsa_latency:64
--------- beginning of system
10-04 10:32:14.791   696  3333 D CoreBackPreview: Window{5d3fe59 u0 com.airtel.tv/tv.airtel.xstream.ui.settings.NewSettingsFullscreenActivity}: Setting back callback OnBackInvokedCallbackInfo{mCallback=android.window.IOnBackInvokedCallback$Stub$Proxy@62558cc, mPriority=0, mIsAnimationCallback=false}
10-04 10:32:14.792   424  8590 I audio_hw_hal_primary: [audiohal_get_latency:1258] io 13: out:0xf2d00740 frames:3072 rate:48000 whole_latency:64 alsa_latency:64
10-04 10:32:14.792   472   662 D audioserver: FGS Logger Transaction failed
10-04 10:32:14.792   472   662 D audioserver: -129
10-04 10:32:14.814  8084  8174 E OpenGLRenderer: Unable to match the desired swap behavior.
10-04 10:32:14.834  8084  8084 E ThemeUtils: View class androidx.appcompat.widget.AppCompatTextView is an AppCompat widget that can only be used with a Theme.AppCompat theme (or descendant).
10-04 10:32:14.839  8084  8084 E ThemeUtils: View class androidx.appcompat.widget.AppCompatTextView is an AppCompat widget that can only be used with a Theme.AppCompat theme (or descendant).
10-04 10:32:14.844  8084  8084 E ThemeUtils: View class androidx.appcompat.widget.AppCompatImageView is an AppCompat widget that can only be used with a Theme.AppCompat theme (or descendant).
10-04 10:32:14.857  8084  8084 E ThemeUtils: View class androidx.appcompat.widget.AppCompatTextView is an AppCompat widget that can only be used with a Theme.AppCompat theme (or descendant).
10-04 10:32:14.861  8084  8084 E ThemeUtils: View class androidx.appcompat.widget.AppCompatTextView is an AppCompat widget that can only be used with a Theme.AppCompat theme (or descendant).
10-04 10:32:14.863  8084  8084 E ThemeUtils: View class androidx.appcompat.widget.AppCompatImageView is an AppCompat widget that can only be used with a Theme.AppCompat theme (or descendant).
10-04 10:32:14.872  8084  8084 E ThemeUtils: View class androidx.appcompat.widget.AppCompatTextView is an AppCompat widget that can only be used with a Theme.AppCompat theme (or descendant).
10-04 10:32:14.875  8084  8084 E ThemeUtils: View class androidx.appcompat.widget.AppCompatTextView is an AppCompat widget that can only be used with a Theme.AppCompat theme (or descendant).
10-04 10:32:14.877  8084  8084 E ThemeUtils: View class androidx.appcompat.widget.AppCompatImageView is an AppCompat widget that can only be used with a Theme.AppCompat theme (or descendant).
10-04 10:32:14.886  8084  8084 E ThemeUtils: View class androidx.appcompat.widget.AppCompatTextView is an AppCompat widget that can only be used with a Theme.AppCompat theme (or descendant).
10-04 10:32:14.890  8084  8084 E ThemeUtils: View class androidx.appcompat.widget.AppCompatTextView is an AppCompat widget that can only be used with a Theme.AppCompat theme (or descendant).
10-04 10:32:14.893  8084  8084 E ThemeUtils: View class androidx.appcompat.widget.AppCompatImageView is an AppCompat widget that can only be used with a Theme.AppCompat theme (or descendant).
10-04 10:32:14.902  8084  8084 E ThemeUtils: View class androidx.appcompat.widget.AppCompatTextView is an AppCompat widget that can only be used with a Theme.AppCompat theme (or descendant).
10-04 10:32:14.905  8084  8084 E ThemeUtils: View class androidx.appcompat.widget.AppCompatTextView is an AppCompat widget that can only be used with a Theme.AppCompat theme (or descendant).
10-04 10:32:14.907  8084  8084 E ThemeUtils: View class androidx.appcompat.widget.AppCompatImageView is an AppCompat widget that can only be used with a Theme.AppCompat theme (or descendant).
10-04 10:32:14.916  8084  8084 E ThemeUtils: View class androidx.appcompat.widget.AppCompatTextView is an AppCompat widget that can only be used with a Theme.AppCompat theme (or descendant).
10-04 10:32:14.919  8084  8084 E ThemeUtils: View class androidx.appcompat.widget.AppCompatTextView is an AppCompat widget that can only be used with a Theme.AppCompat theme (or descendant).
10-04 10:32:14.922  8084  8084 E ThemeUtils: View class androidx.appcompat.widget.AppCompatImageView is an AppCompat widget that can only be used with a Theme.AppCompat theme (or descendant).
10-04 10:32:14.922  6706  6767 I cast_shell: [1004/103214.922493:INFO:mdns_app_filter.cc(3358)] MdnsAppFilter: responses sent in 41 seconds: 2
10-04 10:32:14.939  8084  8084 E ThemeUtils: View class androidx.appcompat.widget.AppCompatTextView is an AppCompat widget that can only be used with a Theme.AppCompat theme (or descendant).
10-04 10:32:14.942  8084  8084 E ThemeUtils: View class androidx.appcompat.widget.AppCompatTextView is an AppCompat widget that can only be used with a Theme.AppCompat theme (or descendant).
10-04 10:32:14.945  8084  8084 E ThemeUtils: View class androidx.appcompat.widget.AppCompatImageView is an AppCompat widget that can only be used with a Theme.AppCompat theme (or descendant).
10-04 10:32:14.954  8084  8084 E ThemeUtils: View class androidx.appcompat.widget.AppCompatTextView is an AppCompat widget that can only be used with a Theme.AppCompat theme (or descendant).
10-04 10:32:14.957  8084  8084 E ThemeUtils: View class androidx.appcompat.widget.AppCompatTextView is an AppCompat widget that can only be used with a Theme.AppCompat theme (or descendant).
10-04 10:32:14.959  8084  8084 E ThemeUtils: View class androidx.appcompat.widget.AppCompatImageView is an AppCompat widget that can only be used with a Theme.AppCompat theme (or descendant).
10-04 10:32:14.971  8084  8084 E ThemeUtils: View class androidx.appcompat.widget.AppCompatTextView is an AppCompat widget that can only be used with a Theme.AppCompat theme (or descendant).
10-04 10:32:14.973   426  1494 D rtk_heartbeat: heartbeat_timed_out: heartbeatCmdCount = 44039, expected nextSeqNum = 44039
10-04 10:32:14.974   426  1381 D rtk_heartbeat: rtkbt_heartbeat_cmpl_cback: Current SeqNum = 44039,should SeqNum=44039, status = 0
10-04 10:32:14.976  8084  8084 E ThemeUtils: View class androidx.appcompat.widget.AppCompatTextView is an AppCompat widget that can only be used with a Theme.AppCompat theme (or descendant).
10-04 10:32:14.978  8084  8084 E ThemeUtils: View class androidx.appcompat.widget.AppCompatImageView is an AppCompat widget that can only be used with a Theme.AppCompat theme (or descendant).
10-04 10:32:14.987  8084  8084 E ThemeUtils: View class androidx.appcompat.widget.AppCompatTextView is an AppCompat widget that can only be used with a Theme.AppCompat theme (or descendant).
10-04 10:32:14.990  8084  8084 E ThemeUtils: View class androidx.appcompat.widget.AppCompatTextView is an AppCompat widget that can only be used with a Theme.AppCompat theme (or descendant).
10-04 10:32:14.993  8084  8084 E ThemeUtils: View class androidx.appcompat.widget.AppCompatImageView is an AppCompat widget that can only be used with a Theme.AppCompat theme (or descendant).
10-04 10:32:15.002  8084  8084 E ThemeUtils: View class androidx.appcompat.widget.AppCompatTextView is an AppCompat widget that can only be used with a Theme.AppCompat theme (or descendant).
10-04 10:32:15.005  8084  8084 E ThemeUtils: View class androidx.appcompat.widget.AppCompatTextView is an AppCompat widget that can only be used with a Theme.AppCompat theme (or descendant).
10-04 10:32:15.007  8084  8084 E ThemeUtils: View class androidx.appcompat.widget.AppCompatImageView is an AppCompat widget that can only be used with a Theme.AppCompat theme (or descendant).
10-04 10:32:15.017  8084  8084 E ThemeUtils: View class androidx.appcompat.widget.AppCompatTextView is an AppCompat widget that can only be used with a Theme.AppCompat theme (or descendant).
10-04 10:32:15.020  8084  8084 E ThemeUtils: View class androidx.appcompat.widget.AppCompatTextView is an AppCompat widget that can only be used with a Theme.AppCompat theme (or descendant).
10-04 10:32:15.022  8084  8084 E ThemeUtils: View class androidx.appcompat.widget.AppCompatImageView is an AppCompat widget that can only be used with a Theme.AppCompat theme (or descendant).
10-04 10:32:15.030  8084  8084 E ThemeUtils: View class androidx.appcompat.widget.AppCompatTextView is an AppCompat widget that can only be used with a Theme.AppCompat theme (or descendant).
10-04 10:32:15.034  8084  8084 E ThemeUtils: View class androidx.appcompat.widget.AppCompatTextView is an AppCompat widget that can only be used with a Theme.AppCompat theme (or descendant).
10-04 10:32:15.034  6706  6768 I cast_shell: [1004/103215.034316:INFO:metrics_recorder.cc(193)] Cast v2 action(socket_id=005cd15e-21c4-15ec-adff-3840db6f1c7a.25): CastV2.Connection.Connect.In
10-04 10:32:15.034  6706  6763 I cast_shell: [1004/103215.034877:INFO:setup_namespace_handler.cc(90)] Added a peer for setup namespace: 005cd15e-21c4-15ec-adff-3840db6f1c7a.25:gms_cast_prober-2
10-04 10:32:15.035  6706  6763 I cast_shell: [1004/103215.035114:INFO:setup_state.cc(541)] EurekaInfoCalled: wifi_state=0, is_usable_ip_address=1, connected=1, is_initial_setup=0
10-04 10:32:15.036  8084  8084 E ThemeUtils: View class androidx.appcompat.widget.AppCompatImageView is an AppCompat widget that can only be used with a Theme.AppCompat theme (or descendant).
10-04 10:32:15.046  8084  8084 E ThemeUtils: View class androidx.appcompat.widget.AppCompatTextView is an AppCompat widget that can only be used with a Theme.AppCompat theme (or descendant).
10-04 10:32:15.049  8084  8084 E ThemeUtils: View class androidx.appcompat.widget.AppCompatTextView is an AppCompat widget that can only be used with a Theme.AppCompat theme (or descendant).
10-04 10:32:15.052  8084  8084 E ThemeUtils: View class androidx.appcompat.widget.AppCompatImageView is an AppCompat widget that can only be used with a Theme.AppCompat theme (or descendant).
10-04 10:32:15.061  8084  8084 W View    : requestLayout() improperly called by android.view.View{44f3d45 V.ED..... ..S..AI. 0,0-0,0 #7f0b01aa app:id/containerView} during layout: running second layout pass
10-04 10:32:15.066  6706  6763 I cast_shell: [1004/103215.066584:INFO:setup_namespace_handler.cc(100)] Removed a peer for setup namespace: 005cd15e-21c4-15ec-adff-3840db6f1c7a.25:gms_cast_prober-2
10-04 10:32:15.066  6706  6768 I cast_shell: [1004/103215.066584:INFO:v2_ssl_socket.cc(342)] Stop reading on pending closed socket
10-04 10:32:15.112   696   808 I ActivityTaskManager: Displayed com.airtel.tv/tv.airtel.xstream.ui.settings.NewSettingsFullscreenActivity for user 0: +554ms
10-04 10:32:15.114   982  1072 V WindowManagerShell: onTransitionReady android.os.BinderProxy@47c26e5: {id=52 t=OPEN f=0x0 trk=0 r=[0@Point(0, 0)] c=[{null m=OPEN f=FILLS_TASK leash=Surface(name=ActivityRecord{6cb3e7a u0 com.airtel.tv/tv.airtel.xstream.ui.settings.NewSettingsFullscreenActivity)/@0xd2cd3c8 sb=Rect(0, 0 - 0, 0) eb=Rect(0, 0 - 1920, 1080) d=-1->0 r=-1->0:-1},{null m=TO_BACK f=FILLS_TASK leash=Surface(name=ActivityRecord{2a1119e u0 com.airtel.tv/tv.airtel.xstream.ui.home.MainActivity)/@0x94d4c61 sb=Rect(0, 0 - 1920, 1080) eb=Rect(0, 0 - 1920, 1080) d=0}]}
10-04 10:32:15.114   982  1072 V WindowManagerShell: Playing animation for (#52)android.os.BinderProxy@47c26e5@0
10-04 10:32:15.115   982  1072 V WindowManagerShell:  try handler com.android.wm.shell.keyguard.KeyguardTransitionHandler@5327bca
10-04 10:32:15.115   982  1072 V WindowManagerShell:  try handler com.android.wm.shell.activityembedding.ActivityEmbeddingController@72713b
10-04 10:32:15.115   982  1072 V WindowManagerShell:  try handler com.android.wm.shell.pip.tv.TvPipTransition@ddc6058
10-04 10:32:15.115   982  1072 V WindowManagerShell:  try handler com.android.wm.shell.transition.RemoteTransitionHandler@84005b1
10-04 10:32:15.115   982  1072 V WindowManagerShell: Transition doesn't have explicit remote, search filters for match for {id=52 t=OPEN f=0x0 trk=0 r=[0@Point(0, 0)] c=[{null m=OPEN f=FILLS_TASK leash=Surface(name=ActivityRecord{6cb3e7a u0 com.airtel.tv/tv.airtel.xstream.ui.settings.NewSettingsFullscreenActivity)/@0xd2cd3c8 sb=Rect(0, 0 - 0, 0) eb=Rect(0, 0 - 1920, 1080) d=-1->0 r=-1->0:-1},{null m=TO_BACK f=FILLS_TASK leash=Surface(name=ActivityRecord{2a1119e u0 com.airtel.tv/tv.airtel.xstream.ui.home.MainActivity)/@0x94d4c61 sb=Rect(0, 0 - 1920, 1080) eb=Rect(0, 0 - 1920, 1080) d=0}]}
10-04 10:32:15.115   982  1072 V WindowManagerShell:  Delegate animation for #52 to null
10-04 10:32:15.115   982  1072 V WindowManagerShell:  try handler com.android.wm.shell.transition.DefaultTransitionHandler@ce48a96
10-04 10:32:15.115   982  1072 V WindowManagerShell: start default transition animation, info = {id=52 t=OPEN f=0x0 trk=0 r=[0@Point(0, 0)] c=[{null m=OPEN f=FILLS_TASK leash=Surface(name=ActivityRecord{6cb3e7a u0 com.airtel.tv/tv.airtel.xstream.ui.settings.NewSettingsFullscreenActivity)/@0xd2cd3c8 sb=Rect(0, 0 - 0, 0) eb=Rect(0, 0 - 1920, 1080) d=-1->0 r=-1->0:-1},{null m=TO_BACK f=FILLS_TASK leash=Surface(name=ActivityRecord{2a1119e u0 com.airtel.tv/tv.airtel.xstream.ui.home.MainActivity)/@0x94d4c61 sb=Rect(0, 0 - 1920, 1080) eb=Rect(0, 0 - 1920, 1080) d=0}]}
10-04 10:32:15.116   982  1072 V WindowManagerShell: loadAnimation: anim=android.view.animation.AlphaAnimation@5b14d9d animAttr=0x5 type=OPEN isEntrance=false
10-04 10:32:15.117   982  1072 V WindowManagerShell: loadAnimation: anim=android.view.animation.AlphaAnimation@99f5de3 animAttr=0x4 type=OPEN isEntrance=true
10-04 10:32:15.118   696   808 V WindowManager: Sent Transition #52 createdAt=10-04 10:32:14.549 via request=TransitionRequestInfo { type = OPEN, triggerTask = TaskInfo{userId=0 taskId=218 displayId=0 isRunning=true baseIntent=Intent { flg=0x10000000 cmp=com.airtel.tv/tv.airtel.xstream.ui.home.MainActivity } baseActivity=ComponentInfo{com.airtel.tv/tv.airtel.xstream.ui.home.MainActivity} topActivity=ComponentInfo{com.airtel.tv/tv.airtel.xstream.ui.settings.NewSettingsFullscreenActivity} origActivity=null realActivity=ComponentInfo{com.airtel.tv/tv.airtel.xstream.ui.home.MainActivity} numActivities=2 lastActiveTime=44074143 supportsMultiWindow=false resizeMode=1 isResizeable=true minWidth=-1 minHeight=-1 defaultMinSize=220 token=WCT{RemoteToken{a9b1175 Task{26d47f #218 type=standard A=10043:com.airtel.tv}}} topActivityType=1 pictureInPictureParams=null shouldDockBigOverlays=true launchIntoPipHostTaskId=-1 lastParentTaskIdBeforePip=-1 displayCutoutSafeInsets=null topActivityInfo=ActivityInfo{83dc01b tv.airtel.xstream.ui.settings.NewSettingsFullscreenActivity} launchCookies=[] positionInParent=Point(0, 0) parentTaskId=-1 isFocused=true isVisible=true isVisibleRequested=true isSleeping=false topActivityInSizeCompat=false topActivityEligibleForLetterboxEducation= false topActivityLetterboxed= false isFromDoubleTap= false topActivityLetterboxVerticalPosition= -1 topActivityLetterboxHorizontalPosition= -1 topActivityLetterboxWidth=-1 topActivityLetterboxHeight=-1 locusId=null displayAreaFeatureId=1 cameraCompatControlState=hidden}, remoteTransition = null, displayChange = null }
10-04 10:32:15.118   696   808 V WindowManager:     startWCT=WindowContainerTransaction { changes = {} hops = [] errorCallbackToken=null taskFragmentOrganizer=null }
10-04 10:32:15.118   696   808 V WindowManager:     info={id=52 t=OPEN f=0x0 trk=0 r=[0@Point(0, 0)] c=[{null m=OPEN f=FILLS_TASK leash=Surface(name=ActivityRecord{6cb3e7a u0 com.airtel.tv/tv.airtel.xstream.ui.settings.NewSettingsFullscreenActivity)/@0x8bd2715 sb=Rect(0, 0 - 0, 0) eb=Rect(0, 0 - 1920, 1080) d=-1->0 r=-1->0:-1},{null m=TO_BACK f=FILLS_TASK leash=Surface(name=ActivityRecord{2a1119e u0 com.airtel.tv/tv.airtel.xstream.ui.home.MainActivity)/@0x747d6a7 sb=Rect(0, 0 - 1920, 1080) eb=Rect(0, 0 - 1920, 1080) d=0}]}
10-04 10:32:15.119   982  1072 V WindowManagerShell:  animated by com.android.wm.shell.transition.DefaultTransitionHandler@ce48a96
10-04 10:32:15.167   696   799 I ImeTracker: com.airtel.tv:5d5103b9: onRequestHide at ORIGIN_SERVER_HIDE_INPUT reason HIDE_UNSPECIFIED_WINDOW
10-04 10:32:15.167   696   799 I ImeTracker: com.airtel.tv:5d5103b9: onCancelled at PHASE_SERVER_SHOULD_HIDE
10-04 10:32:15.173  7788  7788 I GoogleInputMethodService: GoogleInputMethodService.onFinishInput():3184 
10-04 10:32:15.174  7788  7788 I GoogleInputMethodService: GoogleInputMethodService.updateDeviceLockedStatus():2246 repeatCheckTimes = 0, locked = false
10-04 10:32:15.175  7788  7788 I GoogleInputMethodService: GoogleInputMethodService.onStartInput():1982 onStartInput(EditorInfo{EditorInfo{packageName=com.airtel.tv, inputType=0, inputTypeString=NULL, enableLearning=false, autoCorrection=false, autoComplete=false, imeOptions=0, privateImeOptions=null, actionName=UNSPECIFIED, actionLabel=null, initialSelStart=-1, initialSelEnd=-1, initialCapsMode=0, label=null, fieldId=0, fieldName=null, extras=null, hintText=null, hintLocales=[]}}, false)
10-04 10:32:15.175  7788  7788 I GoogleInputMethodService: GoogleInputMethodService.updateDeviceLockedStatus():2246 repeatCheckTimes = 1, locked = false
10-04 10:32:15.176  7788  7788 I AndroidIME: InputBundleManager.loadActiveInputBundleId():450 loadActiveInputBundleId: und-Latn-x-password, password
10-04 10:32:15.177  7788  7788 I EmojiCompatManager: EmojiCompatManager.getEmojiCompatIfLoaded():342 EmojiCompat.init() was never called.
10-04 10:32:15.177  7788  7788 I EmojiCompatManager: java.lang.IllegalStateException: EmojiCompat is not initialized. Please call EmojiCompat.init() first
10-04 10:32:15.177  7788  7788 I EmojiCompatManager: 	at so.g(PG:3)
10-04 10:32:15.177  7788  7788 I EmojiCompatManager: 	at abd.a(PG:6)
10-04 10:32:15.177  7788  7788 I EmojiCompatManager: 	at edb.d(PG:1)
10-04 10:32:15.177  7788  7788 I EmojiCompatManager: 	at edb.b(PG:6)
10-04 10:32:15.177  7788  7788 I EmojiCompatManager: 	at com.android.inputmethod.latin.LatinIME.f(PG:286)
10-04 10:32:15.177  7788  7788 I EmojiCompatManager: 	at epp.onStartInput(PG:170)
10-04 10:32:15.177  7788  7788 I EmojiCompatManager: 	at android.inputmethodservice.InputMethodService.doStartInput(InputMethodService.java:3115)
10-04 10:32:15.177  7788  7788 I EmojiCompatManager: 	at android.inputmethodservice.InputMethodService$InputMethodImpl.startInput(InputMethodService.java:824)
10-04 10:32:15.177  7788  7788 I EmojiCompatManager: 	at android.inputmethodservice.InputMethodService$InputMethodImpl.dispatchStartInput(InputMethodService.java:853)
10-04 10:32:15.177  7788  7788 I EmojiCompatManager: 	at android.inputmethodservice.IInputMethodWrapper.executeMessage(IInputMethodWrapper.java:197)
10-04 10:32:15.177  7788  7788 I EmojiCompatManager: 	at com.android.internal.os.HandlerCaller$MyHandler.handleMessage(HandlerCaller.java:44)
10-04 10:32:15.177  7788  7788 I EmojiCompatManager: 	at android.os.Handler.dispatchMessage(Handler.java:106)
10-04 10:32:15.177  7788  7788 I EmojiCompatManager: 	at android.os.Looper.loopOnce(Looper.java:205)
10-04 10:32:15.177  7788  7788 I EmojiCompatManager: 	at android.os.Looper.loop(Looper.java:294)
10-04 10:32:15.177  7788  7788 I EmojiCompatManager: 	at android.app.ActivityThread.main(ActivityThread.java:8177)
10-04 10:32:15.177  7788  7788 I EmojiCompatManager: 	at java.lang.reflect.Method.invoke(Native Method)
10-04 10:32:15.177  7788  7788 I EmojiCompatManager: 	at com.android.internal.os.RuntimeInit$MethodAndArgsCaller.run(RuntimeInit.java:552)
10-04 10:32:15.177  7788  7788 I EmojiCompatManager: 	at com.android.internal.os.ZygoteInit.main(ZygoteInit.java:971)
10-04 10:32:15.221  8084  8195 I WM-WorkerWrapper: Worker result SUCCESS for Work [ id=196e053f-654d-466f-afaf-d75c16207b09, tags={ tv.airtel.wynk.analytics.sync.service.AnalyticsSyncService, com.airtel.analyticsSyncService } ]
10-04 10:32:15.228   441   441 D hdmicecd: [CEC]:printCecMessage, [4 -> 8] len: 0, body:, result:no ack
10-04 10:32:15.349  8084  8195 I WM-WorkerWrapper: Worker result SUCCESS for Work [ id=52954faf-f84d-408a-8142-90c9ce385bf7, tags={ tv.airtel.wynk.analytics.sync.service.AnalyticsSyncService, com.airtel.analyticsSyncService } ]
10-04 10:32:15.405  1154  1154 D NetflixService: handleMessage
10-04 10:32:15.410  1154  1154 D NetflixService: com.airtel.tv is visible.
10-04 10:32:15.410  1154  1154 D NetflixService: com.netflix.ninja is not top activity.
10-04 10:32:15.411  1154  1154 D NetflixService: processName:com.netflix.ninja,importance:400
10-04 10:32:15.418  1154  1154 D NetflixService: com.netflix.ninjais not top activity.
10-04 10:32:15.418  1154  1154 I NetflixService: fg: false  mIsNetflixFg: false
10-04 10:32:15.420  1154  1154 D NetflixService: com.airtel.tv is visible.
10-04 10:32:15.420  1154  1154 D NetflixService: com.google.android.youtube.tv is not top activity.
10-04 10:32:15.528   982  1072 V WindowManagerShell: Transition animation finished (aborted=false), notifying core (#52)android.os.BinderProxy@47c26e5@0
10-04 10:32:15.529   696   808 V WindowManager: Finish Transition #52: created at 10-04 10:32:14.549 collect-started=0.144ms request-sent=10.854ms started=17.627ms ready=54.291ms sent=553.722ms finished=979.782ms
10-04 10:32:15.531   982  1072 V WindowManagerShell: Track 0 became idle
10-04 10:32:15.532   982  1072 V WindowManagerShell: All active transition animations finished
10-04 10:32:15.584  8084  8084 I System.out: xxxxxxxxx::  unregisterReceiver
10-04 10:32:15.585  8084  8084 I System.out: xxxxxxxxx::  mPairingStatusListner unRegisterFromPairingStatus called
10-04 10:32:15.787   441   441 D hdmicecd: [CEC]:printCecMessage, [4 -> b] len: 0, body:, result:no ack
10-04 10:32:15.974   426  1494 D rtk_heartbeat: heartbeat_timed_out: heartbeatCmdCount = 44040, expected nextSeqNum = 44040
10-04 10:32:15.975   426  1381 D rtk_heartbeat: rtkbt_heartbeat_cmpl_cback: Current SeqNum = 44040,should SeqNum=44040, status = 0
10-04 10:32:16.343   441   441 D hdmicecd: [CEC]:printCecMessage, [4 -> e] len: 0, body:, result:no ack
10-04 10:32:16.343   696   696 D HdmiCecController: [P]:AllocatedAddress=[]
10-04 10:32:16.343   696   696 V HotPlugDetectionAction: Finish poll all devices.
10-04 10:32:16.404  1154  1154 I ThermalService: CPU temperatures: [44.4]
10-04 10:32:16.765 11208 11208 D MonkeyStub: translateCommand: press KEYCODE_BACK
10-04 10:32:16.767   459   459 I lights-tch: flashMode 0 id 2 onMs 0 offMs 0 brightness 0
10-04 10:32:16.772   459   459 I lights-tch: flashMode 0 id 2 onMs 0 offMs 0 brightness 225
10-04 10:32:16.779 11208 11337 I Monkey  :     // activityResuming(com.airtel.tv)
10-04 10:32:16.782   982  1072 V WindowManagerShell: Transition requested: android.os.BinderProxy@6dff53f TransitionRequestInfo { type = CLOSE, triggerTask = null, remoteTransition = null, displayChange = null }
10-04 10:32:16.811   487   487 I BpBinder: onLastStrongRef automatically unlinking death recipients: 
10-04 10:32:16.821   696  1104 D ConnectivityService: requestNetwork for uid/pid:10043/8084 activeRequest: null callbackRequest: 1259 [NetworkRequest [ REQUEST id=1260, [ Capabilities: INTERNET&NOT_RESTRICTED&TRUSTED&NOT_VCN_MANAGED Uid: 10043 RequestorUid: 10043 RequestorPkg: com.airtel.tv UnderlyingNetworks: Null] ]] callback flags: 0 order: 2147483647
10-04 10:32:16.823   696   910 D WifiNetworkFactory: got request NetworkRequest [ REQUEST id=1260, [ Capabilities: INTERNET&NOT_RESTRICTED&TRUSTED&NOT_VCN_MANAGED Uid: 10043 RequestorUid: 10043 RequestorPkg: com.airtel.tv UnderlyingNetworks: Null] ]
10-04 10:32:16.824   696   910 D UntrustedWifiNetworkFactory: got request NetworkRequest [ REQUEST id=1260, [ Capabilities: INTERNET&NOT_RESTRICTED&TRUSTED&NOT_VCN_MANAGED Uid: 10043 RequestorUid: 10043 RequestorPkg: com.airtel.tv UnderlyingNetworks: Null] ]
10-04 10:32:16.824   696   910 D OemPaidWifiNetworkFactory: got request NetworkRequest [ REQUEST id=1260, [ Capabilities: INTERNET&NOT_RESTRICTED&TRUSTED&NOT_VCN_MANAGED Uid: 10043 RequestorUid: 10043 RequestorPkg: com.airtel.tv UnderlyingNetworks: Null] ]
10-04 10:32:16.824   696   918 D ConnectivityService: NetReassign [1260 : null → 100] [c 0] [a 1] [i 1]
10-04 10:32:16.824   696   910 D MultiInternetWifiNetworkFactory: got request NetworkRequest [ REQUEST id=1260, [ Capabilities: INTERNET&NOT_RESTRICTED&TRUSTED&NOT_VCN_MANAGED Uid: 10043 RequestorUid: 10043 RequestorPkg: com.airtel.tv UnderlyingNetworks: Null] ]
10-04 10:32:16.826   696  1104 D ConnectivityService: requestNetwork for uid/pid:10043/8084 activeRequest: null callbackRequest: 1261 [NetworkRequest [ REQUEST id=1262, [ Capabilities: INTERNET&NOT_RESTRICTED&TRUSTED&NOT_VCN_MANAGED Uid: 10043 RequestorUid: 10043 RequestorPkg: com.airtel.tv UnderlyingNetworks: Null] ]] callback flags: 0 order: 2147483647
10-04 10:32:16.828   696   910 D WifiNetworkFactory: got request NetworkRequest [ REQUEST id=1262, [ Capabilities: INTERNET&NOT_RESTRICTED&TRUSTED&NOT_VCN_MANAGED Uid: 10043 RequestorUid: 10043 RequestorPkg: com.airtel.tv UnderlyingNetworks: Null] ]
10-04 10:32:16.829   696   918 D ConnectivityService: NetReassign [1262 : null → 100] [c 0] [a 2] [i 1]
10-04 10:32:16.830   696   910 D UntrustedWifiNetworkFactory: got request NetworkRequest [ REQUEST id=1262, [ Capabilities: INTERNET&NOT_RESTRICTED&TRUSTED&NOT_VCN_MANAGED Uid: 10043 RequestorUid: 10043 RequestorPkg: com.airtel.tv UnderlyingNetworks: Null] ]
10-04 10:32:16.830   696   910 D OemPaidWifiNetworkFactory: got request NetworkRequest [ REQUEST id=1262, [ Capabilities: INTERNET&NOT_RESTRICTED&TRUSTED&NOT_VCN_MANAGED Uid: 10043 RequestorUid: 10043 RequestorPkg: com.airtel.tv UnderlyingNetworks: Null] ]
10-04 10:32:16.830   696   910 D MultiInternetWifiNetworkFactory: got request NetworkRequest [ REQUEST id=1262, [ Capabilities: INTERNET&NOT_RESTRICTED&TRUSTED&NOT_VCN_MANAGED Uid: 10043 RequestorUid: 10043 RequestorPkg: com.airtel.tv UnderlyingNetworks: Null] ]
--------- beginning of system
10-04 10:32:17.028   982  1072 V WindowManagerShell: onTransitionReady android.os.BinderProxy@6dff53f: {id=53 t=CLOSE f=0x0 trk=0 r=[0@Point(0, 0)] c=[{null m=CLOSE f=FILLS_TASK leash=Surface(name=ActivityRecord{6cb3e7a u0 com.airtel.tv/tv.airtel.xstream.ui.settings.NewSettingsFullscreenActivity)/@0x7cece0c sb=Rect(0, 0 - 1920, 1080) eb=Rect(0, 0 - 1920, 1080) d=0},{null m=TO_FRONT f=FILLS_TASK leash=Surface(name=ActivityRecord{2a1119e u0 com.airtel.tv/tv.airtel.xstream.ui.home.MainActivity)/@0xf1d9355 sb=Rect(0, 0 - 1920, 1080) eb=Rect(0, 0 - 1920, 1080) d=0}]}
10-04 10:32:17.029   982  1072 V WindowManagerShell: Playing animation for (#53)android.os.BinderProxy@6dff53f@0
10-04 10:32:17.029   982  1072 V WindowManagerShell:  try handler com.android.wm.shell.keyguard.KeyguardTransitionHandler@5327bca
10-04 10:32:17.029   982  1072 V WindowManagerShell:  try handler com.android.wm.shell.activityembedding.ActivityEmbeddingController@72713b
10-04 10:32:17.029   982  1072 V WindowManagerShell:  try handler com.android.wm.shell.pip.tv.TvPipTransition@ddc6058
10-04 10:32:17.029   982  1072 V WindowManagerShell:  try handler com.android.wm.shell.transition.RemoteTransitionHandler@84005b1
10-04 10:32:17.029   982  1072 V WindowManagerShell: Transition doesn't have explicit remote, search filters for match for {id=53 t=CLOSE f=0x0 trk=0 r=[0@Point(0, 0)] c=[{null m=CLOSE f=FILLS_TASK leash=Surface(name=ActivityRecord{6cb3e7a u0 com.airtel.tv/tv.airtel.xstream.ui.settings.NewSettingsFullscreenActivity)/@0x7cece0c sb=Rect(0, 0 - 1920, 1080) eb=Rect(0, 0 - 1920, 1080) d=0},{null m=TO_FRONT f=FILLS_TASK leash=Surface(name=ActivityRecord{2a1119e u0 com.airtel.tv/tv.airtel.xstream.ui.home.MainActivity)/@0xf1d9355 sb=Rect(0, 0 - 1920, 1080) eb=Rect(0, 0 - 1920, 1080) d=0}]}
10-04 10:32:17.030   982  1072 V WindowManagerShell:  Delegate animation for #53 to null
10-04 10:32:17.030   982  1072 V WindowManagerShell:  try handler com.android.wm.shell.transition.DefaultTransitionHandler@ce48a96
10-04 10:32:17.030   982  1072 V WindowManagerShell: start default transition animation, info = {id=53 t=CLOSE f=0x0 trk=0 r=[0@Point(0, 0)] c=[{null m=CLOSE f=FILLS_TASK leash=Surface(name=ActivityRecord{6cb3e7a u0 com.airtel.tv/tv.airtel.xstream.ui.settings.NewSettingsFullscreenActivity)/@0x7cece0c sb=Rect(0, 0 - 1920, 1080) eb=Rect(0, 0 - 1920, 1080) d=0},{null m=TO_FRONT f=FILLS_TASK leash=Surface(name=ActivityRecord{2a1119e u0 com.airtel.tv/tv.airtel.xstream.ui.home.MainActivity)/@0xf1d9355 sb=Rect(0, 0 - 1920, 1080) eb=Rect(0, 0 - 1920, 1080) d=0}]}
10-04 10:32:17.031   982  1072 V WindowManagerShell: loadAnimation: anim=android.view.animation.AlphaAnimation@d710fd1 animAttr=0x6 type=CLOSE isEntrance=true
10-04 10:32:17.032   982  1072 V WindowManagerShell: loadAnimation: anim=android.view.animation.AlphaAnimation@f014d37 animAttr=0x7 type=CLOSE isEntrance=false
10-04 10:32:17.032   696   808 V WindowManager: Sent Transition #53 createdAt=10-04 10:32:16.780 via request=TransitionRequestInfo { type = CLOSE, triggerTask = null, remoteTransition = null, displayChange = null }
10-04 10:32:17.032   696   808 V WindowManager:     startWCT=WindowContainerTransaction { changes = {} hops = [] errorCallbackToken=null taskFragmentOrganizer=null }
10-04 10:32:17.032   696   808 V WindowManager:     info={id=53 t=CLOSE f=0x0 trk=0 r=[0@Point(0, 0)] c=[{null m=CLOSE f=FILLS_TASK leash=Surface(name=ActivityRecord{6cb3e7a u0 com.airtel.tv/tv.airtel.xstream.ui.settings.NewSettingsFullscreenActivity)/@0x8bd2715 sb=Rect(0, 0 - 1920, 1080) eb=Rect(0, 0 - 1920, 1080) d=0},{null m=TO_FRONT f=FILLS_TASK leash=Surface(name=ActivityRecord{2a1119e u0 com.airtel.tv/tv.airtel.xstream.ui.home.MainActivity)/@0x747d6a7 sb=Rect(0, 0 - 1920, 1080) eb=Rect(0, 0 - 1920, 1080) d=0}]}
--------- beginning of main
10-04 10:32:17.032  8084  8084 D OmniRemote.OmniOTAImpl: device not found
10-04 10:32:17.032  8084  8084 D OTAWorker onResult = 258: 
10-04 10:32:17.033  8084  8084 D OTAWorker remote device not found: 
10-04 10:32:17.033   982  1072 V WindowManagerShell:  animated by com.android.wm.shell.transition.DefaultTransitionHandler@ce48a96
10-04 10:32:17.033  8084  8084 D OTAWorker: MainActivity OTAWorker event received tv.airtel.xstream.util.RxEvent$RCUOtaEvents$DeviceNotFound@e68f7a1
10-04 10:32:17.039  8084  8084 D NotifManager: pending success NotifGenericResponse(success=true, traceId=7d51c92ea5f74bd5a821dd86e13e7778, msg=success, data=null)
10-04 10:32:17.045   696   811 W ProcessStats: Tracking association SourceState{3edf2a9 com.airtel.tv/10043 BTop #12398} whose proc state 2 is better than process ProcessState{514aa4f com.tataelxsi.icx:remote/10066 pkg=com.tataelxsi.icx} proc state 3 (37 skipped)
10-04 10:32:17.049  8084 11272 D ANALYTICS_IPTV: AnalyticsEventTracker ***Event***Event{ts=1728018137040, meta={"base_tarrif_id":"[ABP13915]","box_type":"iptv","app_version":"1.0.0019:237","box_model":"bx:1.2.3","firmware":"fw:1.2.3","linear_tarrif_id":"[NCF09900]"}, uid=5ye_gfsYCZe-PoQ4A0, did=8fb17cc052aef526, os=Android, ov=34, bn=237, nq=-1, nt=2, nct=0, lc=en|hi|ta|kn, av=1.0.0019, dt=STB, type=tv_on, adid=95acddf7-5a94-4681-bf0a-0a767be9f2c3, brand=Airtel-Xstream, model=XstreamIPTV1-VT, dname=Vantiva XstreamIPTV1-VT, appId=IPTV, sId=8fb17cc052aef526, profileId=, ab_test=86079:0|108429:0|42374:0|78244:0|95458:0|75817:0|60412:1|117812:1|120676:1|113632:1|116206:0|66480:0|100390:2|76965:1|110385:0|129832:2, city=Delhi, state=National Capital Territory of Delhi, country=India, firebase_id=687ecd54b0fd95386e529fbf62179576} Critical: false
10-04 10:32:17.055   696   799 I ImeTracker: com.airtel.tv:e4f5efc6: onRequestHide at ORIGIN_SERVER_HIDE_INPUT reason HIDE_UNSPECIFIED_WINDOW
10-04 10:32:17.056   696   799 I ImeTracker: com.airtel.tv:e4f5efc6: onCancelled at PHASE_SERVER_SHOULD_HIDE
10-04 10:32:17.061  7788  7788 I GoogleInputMethodService: GoogleInputMethodService.onFinishInput():3184 
10-04 10:32:17.062  7788  7788 I GoogleInputMethodService: GoogleInputMethodService.updateDeviceLockedStatus():2246 repeatCheckTimes = 0, locked = false
10-04 10:32:17.063  7788  7788 I GoogleInputMethodService: GoogleInputMethodService.onStartInput():1982 onStartInput(EditorInfo{EditorInfo{packageName=com.airtel.tv, inputType=0, inputTypeString=NULL, enableLearning=false, autoCorrection=false, autoComplete=false, imeOptions=0, privateImeOptions=null, actionName=UNSPECIFIED, actionLabel=null, initialSelStart=-1, initialSelEnd=-1, initialCapsMode=0, label=null, fieldId=0, fieldName=null, extras=null, hintText=null, hintLocales=[]}}, false)
10-04 10:32:17.064  7788  7788 I GoogleInputMethodService: GoogleInputMethodService.updateDeviceLockedStatus():2246 repeatCheckTimes = 1, locked = false
10-04 10:32:17.064  7788  7788 I AndroidIME: InputBundleManager.loadActiveInputBundleId():450 loadActiveInputBundleId: und-Latn-x-password, password
10-04 10:32:17.065  7788  7788 I EmojiCompatManager: EmojiCompatManager.getEmojiCompatIfLoaded():342 EmojiCompat.init() was never called.
10-04 10:32:17.065  7788  7788 I EmojiCompatManager: java.lang.IllegalStateException: EmojiCompat is not initialized. Please call EmojiCompat.init() first
10-04 10:32:17.065  7788  7788 I EmojiCompatManager: 	at so.g(PG:3)
10-04 10:32:17.065  7788  7788 I EmojiCompatManager: 	at abd.a(PG:6)
10-04 10:32:17.065  7788  7788 I EmojiCompatManager: 	at edb.d(PG:1)
10-04 10:32:17.065  7788  7788 I EmojiCompatManager: 	at edb.b(PG:6)
10-04 10:32:17.065  7788  7788 I EmojiCompatManager: 	at com.android.inputmethod.latin.LatinIME.f(PG:286)
10-04 10:32:17.065  7788  7788 I EmojiCompatManager: 	at epp.onStartInput(PG:170)
10-04 10:32:17.065  7788  7788 I EmojiCompatManager: 	at android.inputmethodservice.InputMethodService.doStartInput(InputMethodService.java:3115)
10-04 10:32:17.065  7788  7788 I EmojiCompatManager: 	at android.inputmethodservice.InputMethodService$InputMethodImpl.startInput(InputMethodService.java:824)
10-04 10:32:17.065  7788  7788 I EmojiCompatManager: 	at android.inputmethodservice.InputMethodService$InputMethodImpl.dispatchStartInput(InputMethodService.java:853)
10-04 10:32:17.065  7788  7788 I EmojiCompatManager: 	at android.inputmethodservice.IInputMethodWrapper.executeMessage(IInputMethodWrapper.java:197)
10-04 10:32:17.065  7788  7788 I EmojiCompatManager: 	at com.android.internal.os.HandlerCaller$MyHandler.handleMessage(HandlerCaller.java:44)
10-04 10:32:17.065  7788  7788 I EmojiCompatManager: 	at android.os.Handler.dispatchMessage(Handler.java:106)
10-04 10:32:17.065  7788  7788 I EmojiCompatManager: 	at android.os.Looper.loopOnce(Looper.java:205)
10-04 10:32:17.065  7788  7788 I EmojiCompatManager: 	at android.os.Looper.loop(Looper.java:294)
10-04 10:32:17.065  7788  7788 I EmojiCompatManager: 	at android.app.ActivityThread.main(ActivityThread.java:8177)
10-04 10:32:17.065  7788  7788 I EmojiCompatManager: 	at java.lang.reflect.Method.invoke(Native Method)
10-04 10:32:17.065  7788  7788 I EmojiCompatManager: 	at com.android.internal.os.RuntimeInit$MethodAndArgsCaller.run(RuntimeInit.java:552)
10-04 10:32:17.065  7788  7788 I EmojiCompatManager: 	at com.android.internal.os.ZygoteInit.main(ZygoteInit.java:971)
10-04 10:32:17.089   424   582 I audio_hw_hal_alsamgr: alsa format =0x1 delay frames =1024 total frames=2115072000
10-04 10:32:17.108   696  1104 D ConnectivityService: requestNetwork for uid/pid:10043/8084 activeRequest: null callbackRequest: 1263 [NetworkRequest [ REQUEST id=1264, [ Capabilities: INTERNET&NOT_RESTRICTED&TRUSTED&NOT_VCN_MANAGED Uid: 10043 RequestorUid: 10043 RequestorPkg: com.airtel.tv UnderlyingNetworks: Null] ]] callback flags: 0 order: 2147483647
10-04 10:32:17.110   696   910 D WifiNetworkFactory: got request NetworkRequest [ REQUEST id=1264, [ Capabilities: INTERNET&NOT_RESTRICTED&TRUSTED&NOT_VCN_MANAGED Uid: 10043 RequestorUid: 10043 RequestorPkg: com.airtel.tv UnderlyingNetworks: Null] ]
10-04 10:32:17.110   696   910 D UntrustedWifiNetworkFactory: got request NetworkRequest [ REQUEST id=1264, [ Capabilities: INTERNET&NOT_RESTRICTED&TRUSTED&NOT_VCN_MANAGED Uid: 10043 RequestorUid: 10043 RequestorPkg: com.airtel.tv UnderlyingNetworks: Null] ]
10-04 10:32:17.110   696   918 D ConnectivityService: NetReassign [1264 : null → 100] [c 0] [a 1] [i 1]
10-04 10:32:17.113   696   910 D OemPaidWifiNetworkFactory: got request NetworkRequest [ REQUEST id=1264, [ Capabilities: INTERNET&NOT_RESTRICTED&TRUSTED&NOT_VCN_MANAGED Uid: 10043 RequestorUid: 10043 RequestorPkg: com.airtel.tv UnderlyingNetworks: Null] ]
10-04 10:32:17.113   696   910 D MultiInternetWifiNetworkFactory: got request NetworkRequest [ REQUEST id=1264, [ Capabilities: INTERNET&NOT_RESTRICTED&TRUSTED&NOT_VCN_MANAGED Uid: 10043 RequestorUid: 10043 RequestorPkg: com.airtel.tv UnderlyingNetworks: Null] ]
10-04 10:32:17.281  7788  7799 I putmethod.latin: Background young concurrent copying GC freed 52689(3598KB) AllocSpace objects, 0(0B) LOS objects, 49% free, 3790KB/7487KB, paused 316us,62us total 213.369ms
10-04 10:32:17.282  7788  7799 W putmethod.latin: Reducing the number of considered missed Gc histogram windows from 417 to 100
10-04 10:32:17.367  8084  8143 I WM-WorkerWrapper: Worker result SUCCESS for Work [ id=05adce92-0383-4cb1-9b26-a88d9d4f75a0, tags={ tv.airtel.wynk.analytics.sync.service.AnalyticsSyncService, com.airtel.analyticsSyncService } ]
10-04 10:32:17.437  8084  8143 I WM-WorkerWrapper: Worker result SUCCESS for Work [ id=c6aab624-06e4-46b3-9343-bb4fb0131d61, tags={ tv.airtel.wynk.analytics.sync.service.AnalyticsSyncService, com.airtel.analyticsSyncService } ]
10-04 10:32:17.448   982  1072 V WindowManagerShell: Transition animation finished (aborted=false), notifying core (#53)android.os.BinderProxy@6dff53f@0
10-04 10:32:17.450   696   808 V WindowManager: Finish Transition #53: created at 10-04 10:32:16.780 collect-started=0.135ms request-sent=0.262ms started=8.789ms ready=28.121ms sent=245.745ms finished=668.864ms
10-04 10:32:17.454   982  1072 V WindowManagerShell: Track 0 became idle
10-04 10:32:17.454   982  1072 V WindowManagerShell: All active transition animations finished
10-04 10:32:17.512  8084  8084 W WindowOnBackDispatcher: sendCancelIfRunning: isInProgress=falsecallback=android.view.ViewRootImpl$$ExternalSyntheticLambda11@3f65b02
10-04 10:32:17.513   696   850 D CoreBackPreview: Window{5d3fe59 u0 com.airtel.tv/tv.airtel.xstream.ui.settings.NewSettingsFullscreenActivity}: Setting back callback null
