10-04 10:09:04.113  8084  9248 E ThemeUtils: View class androidx.appcompat.widget.AppCompatTextView is an AppCompat widget that can only be used with a Theme.AppCompat theme (or descendant).
10-04 10:09:04.118  8084  9248 E ThemeUtils: View class androidx.appcompat.widget.AppCompatTextView is an AppCompat widget that can only be used with a Theme.AppCompat theme (or descendant).
10-04 10:09:04.121  8084  9248 D SmartAsyncLayoutInflater: The background thread failed to inflate. Inflation falls back to the main thread. Error message=Binary XML file line #2 in com.airtel.tv:layout/custom_header_view: Binary XML file line #2 in com.airtel.tv:layout/custom_header_view: Error inflating class <unknown>
10-04 10:09:04.123  8084  8084 E ThemeUtils: View class androidx.appcompat.widget.AppCompatImageView is an AppCompat widget that can only be used with a Theme.AppCompat theme (or descendant).
10-04 10:09:04.128  8084  8084 E ThemeUtils: View class androidx.appcompat.widget.AppCompatImageView is an AppCompat widget that can only be used with a Theme.AppCompat theme (or descendant).
10-04 10:09:04.136  8084  8084 E ThemeUtils: View class androidx.appcompat.widget.AppCompatImageView is an AppCompat widget that can only be used with a Theme.AppCompat theme (or descendant).
10-04 10:09:04.139  8084  8084 E ThemeUtils: View class androidx.appcompat.widget.AppCompatImageView is an AppCompat widget that can only be used with a Theme.AppCompat theme (or descendant).
10-04 10:09:04.144  8084  8084 E ThemeUtils: View class androidx.appcompat.widget.AppCompatImageView is an AppCompat widget that can only be used with a Theme.AppCompat theme (or descendant).
10-04 10:09:04.147  8084  8084 E ThemeUtils: View class androidx.appcompat.widget.AppCompatImageView is an AppCompat widget that can only be used with a Theme.AppCompat theme (or descendant).
10-04 10:09:04.153  8084  8084 E ThemeUtils: View class androidx.appcompat.widget.AppCompatImageView is an AppCompat widget that can only be used with a Theme.AppCompat theme (or descendant).
10-04 10:09:04.156  8084  8084 E ThemeUtils: View class androidx.appcompat.widget.AppCompatImageView is an AppCompat widget that can only be used with a Theme.AppCompat theme (or descendant).
10-04 10:09:04.161  8084  8084 E ThemeUtils: View class androidx.appcompat.widget.AppCompatImageView is an AppCompat widget that can only be used with a Theme.AppCompat theme (or descendant).
10-04 10:09:04.165  8084  8084 E ThemeUtils: View class androidx.appcompat.widget.AppCompatImageView is an AppCompat widget that can only be used with a Theme.AppCompat theme (or descendant).
10-04 10:09:04.169  8084  8084 E ThemeUtils: View class androidx.appcompat.widget.AppCompatImageView is an AppCompat widget that can only be used with a Theme.AppCompat theme (or descendant).
10-04 10:09:04.173  8084  8084 E ThemeUtils: View class androidx.appcompat.widget.AppCompatImageView is an AppCompat widget that can only be used with a Theme.AppCompat theme (or descendant).
10-04 10:09:04.183  8084  8084 E ConstraintLayout: layout_constraintWidth_default="wrap" is deprecated.
10-04 10:09:04.183  8084  8084 E ConstraintLayout: Use layout_width="WRAP_CONTENT" and layout_constrainedWidth="true" instead.
10-04 10:09:04.189  8084  9248 E ThemeUtils: View class com.airbnb.lottie.LottieAnimationView is an AppCompat widget that can only be used with a Theme.AppCompat theme (or descendant).
10-04 10:09:04.191  8084  9248 E ThemeUtils: View class androidx.appcompat.widget.AppCompatTextView is an AppCompat widget that can only be used with a Theme.AppCompat theme (or descendant).
10-04 10:09:04.195  8084  9248 E ThemeUtils: View class androidx.appcompat.widget.AppCompatTextView is an AppCompat widget that can only be used with a Theme.AppCompat theme (or descendant).
10-04 10:09:04.198  8084  9248 D SmartAsyncLayoutInflater: The background thread failed to inflate. Inflation falls back to the main thread. Error message=Binary XML file line #2 in com.airtel.tv:layout/custom_header_view: Binary XML file line #2 in com.airtel.tv:layout/custom_header_view: Error inflating class <unknown>
10-04 10:09:04.199  8084  8084 E ThemeUtils: View class androidx.appcompat.widget.AppCompatImageView is an AppCompat widget that can only be used with a Theme.AppCompat theme (or descendant).
10-04 10:09:04.203  8084  8084 E ThemeUtils: View class androidx.appcompat.widget.AppCompatImageView is an AppCompat widget that can only be used with a Theme.AppCompat theme (or descendant).
10-04 10:09:04.208  8084  8084 E ThemeUtils: View class androidx.appcompat.widget.AppCompatImageView is an AppCompat widget that can only be used with a Theme.AppCompat theme (or descendant).
10-04 10:09:04.211  8084  8084 E ThemeUtils: View class androidx.appcompat.widget.AppCompatImageView is an AppCompat widget that can only be used with a Theme.AppCompat theme (or descendant).
10-04 10:09:04.216  8084  8084 E ThemeUtils: View class androidx.appcompat.widget.AppCompatImageView is an AppCompat widget that can only be used with a Theme.AppCompat theme (or descendant).
10-04 10:09:04.220  8084  8084 E ThemeUtils: View class androidx.appcompat.widget.AppCompatImageView is an AppCompat widget that can only be used with a Theme.AppCompat theme (or descendant).
10-04 10:09:04.224  8084  8084 E ThemeUtils: View class androidx.appcompat.widget.AppCompatImageView is an AppCompat widget that can only be used with a Theme.AppCompat theme (or descendant).
10-04 10:09:04.228  8084  8084 E ThemeUtils: View class androidx.appcompat.widget.AppCompatImageView is an AppCompat widget that can only be used with a Theme.AppCompat theme (or descendant).
10-04 10:09:04.233  8084  8084 E ThemeUtils: View class androidx.appcompat.widget.AppCompatImageView is an AppCompat widget that can only be used with a Theme.AppCompat theme (or descendant).
10-04 10:09:04.236  8084  8084 E ThemeUtils: View class androidx.appcompat.widget.AppCompatImageView is an AppCompat widget that can only be used with a Theme.AppCompat theme (or descendant).
10-04 10:09:04.241  8084  8084 E ThemeUtils: View class androidx.appcompat.widget.AppCompatImageView is an AppCompat widget that can only be used with a Theme.AppCompat theme (or descendant).
10-04 10:09:04.244  8084  8084 E ThemeUtils: View class androidx.appcompat.widget.AppCompatImageView is an AppCompat widget that can only be used with a Theme.AppCompat theme (or descendant).
10-04 10:09:04.254  8084  8084 E ConstraintLayout: layout_constraintWidth_default="wrap" is deprecated.
10-04 10:09:04.254  8084  8084 E ConstraintLayout: Use layout_width="WRAP_CONTENT" and layout_constrainedWidth="true" instead.
10-04 10:09:04.260  8084  9248 E ThemeUtils: View class com.airbnb.lottie.LottieAnimationView is an AppCompat widget that can only be used with a Theme.AppCompat theme (or descendant).
10-04 10:09:04.263  8084  9248 E ThemeUtils: View class androidx.appcompat.widget.AppCompatTextView is an AppCompat widget that can only be used with a Theme.AppCompat theme (or descendant).
10-04 10:09:04.268  8084  9248 E ThemeUtils: View class androidx.appcompat.widget.AppCompatTextView is an AppCompat widget that can only be used with a Theme.AppCompat theme (or descendant).
10-04 10:09:04.271  8084  9248 D SmartAsyncLayoutInflater: The background thread failed to inflate. Inflation falls back to the main thread. Error message=Binary XML file line #2 in com.airtel.tv:layout/custom_header_view: Binary XML file line #2 in com.airtel.tv:layout/custom_header_view: Error inflating class <unknown>
10-04 10:09:04.272  8084  8084 E ThemeUtils: View class androidx.appcompat.widget.AppCompatImageView is an AppCompat widget that can only be used with a Theme.AppCompat theme (or descendant).
10-04 10:09:04.275  8084  8084 E ThemeUtils: View class androidx.appcompat.widget.AppCompatImageView is an AppCompat widget that can only be used with a Theme.AppCompat theme (or descendant).
10-04 10:09:04.280  8084  8084 E ThemeUtils: View class androidx.appcompat.widget.AppCompatImageView is an AppCompat widget that can only be used with a Theme.AppCompat theme (or descendant).
10-04 10:09:04.283  8084  8084 E ThemeUtils: View class androidx.appcompat.widget.AppCompatImageView is an AppCompat widget that can only be used with a Theme.AppCompat theme (or descendant).
10-04 10:09:04.288  8084  8084 E ThemeUtils: View class androidx.appcompat.widget.AppCompatImageView is an AppCompat widget that can only be used with a Theme.AppCompat theme (or descendant).
10-04 10:09:04.291  8084  8084 E ThemeUtils: View class androidx.appcompat.widget.AppCompatImageView is an AppCompat widget that can only be used with a Theme.AppCompat theme (or descendant).
10-04 10:09:04.296  8084  8084 E ThemeUtils: View class androidx.appcompat.widget.AppCompatImageView is an AppCompat widget that can only be used with a Theme.AppCompat theme (or descendant).
10-04 10:09:04.299  8084  8084 E ThemeUtils: View class androidx.appcompat.widget.AppCompatImageView is an AppCompat widget that can only be used with a Theme.AppCompat theme (or descendant).
10-04 10:09:04.304  8084  8084 E ThemeUtils: View class androidx.appcompat.widget.AppCompatImageView is an AppCompat widget that can only be used with a Theme.AppCompat theme (or descendant).
10-04 10:09:04.307  8084  8084 E ThemeUtils: View class androidx.appcompat.widget.AppCompatImageView is an AppCompat widget that can only be used with a Theme.AppCompat theme (or descendant).
10-04 10:09:04.312  8084  8084 E ThemeUtils: View class androidx.appcompat.widget.AppCompatImageView is an AppCompat widget that can only be used with a Theme.AppCompat theme (or descendant).
10-04 10:09:04.315  8084  8084 E ThemeUtils: View class androidx.appcompat.widget.AppCompatImageView is an AppCompat widget that can only be used with a Theme.AppCompat theme (or descendant).
10-04 10:09:04.325  8084  8084 W View    : requestLayout() improperly called by android.widget.FrameLayout{5707479 VFE...C.. .F....ID 96,16-411,193 #7f0b013d app:id/cardMasterParent} during layout: running second layout pass
10-04 10:09:04.371  8084  8084 D Glide   : Finished loading BitmapDrawable from MEMORY_CACHE for http://tvimg.wynk.in/unsafe/fit-in/1920x548/filters:no_upscale():format(webp)/https://s3.ap-south-1.amazonaws.com/discovery-prod-arsenal/tile/artwork/1728007936280_airtel-stb_ind-vs-nz-3-oct-7.30pm_ss1hd_1920-x-548.jpg with size [-2147483648x-2147483648] in 0.379208 ms
10-04 10:09:04.380  8084  8084 D Glide   : Finished loading BitmapDrawable from MEMORY_CACHE for http://tvimg.wynk.in/unsafe/fit-in/1920x548/filters:no_upscale():format(webp)/https://s3.ap-south-1.amazonaws.com/discovery-prod-arsenal/tile/artwork/1727959403570_luv_kush_ramleela_3_-_13_october_bhakti.jpg with size [-2147483648x-2147483648] in 0.391375 ms
10-04 10:09:04.382  8084  8084 I showFeaturedBanner: 
10-04 10:09:04.431  8084  8084 E ThemeUtils: View class com.airbnb.lottie.LottieAnimationView is an AppCompat widget that can only be used with a Theme.AppCompat theme (or descendant).
10-04 10:09:04.434  8084  8084 E ThemeUtils: View class androidx.appcompat.widget.AppCompatTextView is an AppCompat widget that can only be used with a Theme.AppCompat theme (or descendant).
10-04 10:09:04.438  8084  8084 E ThemeUtils: View class androidx.appcompat.widget.AppCompatTextView is an AppCompat widget that can only be used with a Theme.AppCompat theme (or descendant).
10-04 10:09:04.451  8084  8084 E ThemeUtils: View class com.airbnb.lottie.LottieAnimationView is an AppCompat widget that can only be used with a Theme.AppCompat theme (or descendant).
10-04 10:09:04.454  8084  8084 E ThemeUtils: View class androidx.appcompat.widget.AppCompatTextView is an AppCompat widget that can only be used with a Theme.AppCompat theme (or descendant).
10-04 10:09:04.458  8084  8084 E ThemeUtils: View class androidx.appcompat.widget.AppCompatTextView is an AppCompat widget that can only be used with a Theme.AppCompat theme (or descendant).
10-04 10:09:04.464  8084  8084 D Glide   : Finished loading BitmapDrawable from MEMORY_CACHE for http://tvimg.wynk.in/unsafe/fit-in/300x169/filters:no_upscale():format(webp)/https://s3.ap-south-1.amazonaws.com/discovery-prod-arsenal/tile/artwork/1716446714791_ujjain_darshan.jpg with size [-2147483648x-2147483648] in 0.41075 ms
10-04 10:09:04.465  8084  8084 D Glide Image loaded for url DeferredCoroutine{Completed}@130b5e: 
10-04 10:09:04.472  8084  8084 E ThemeUtils: View class com.airbnb.lottie.LottieAnimationView is an AppCompat widget that can only be used with a Theme.AppCompat theme (or descendant).
10-04 10:09:04.474  8084  8084 E ThemeUtils: View class androidx.appcompat.widget.AppCompatTextView is an AppCompat widget that can only be used with a Theme.AppCompat theme (or descendant).
10-04 10:09:04.478  8084  8084 E ThemeUtils: View class androidx.appcompat.widget.AppCompatTextView is an AppCompat widget that can only be used with a Theme.AppCompat theme (or descendant).
10-04 10:09:04.488  8084  8084 E ThemeUtils: View class com.airbnb.lottie.LottieAnimationView is an AppCompat widget that can only be used with a Theme.AppCompat theme (or descendant).
10-04 10:09:04.491  8084  8084 E ThemeUtils: View class androidx.appcompat.widget.AppCompatTextView is an AppCompat widget that can only be used with a Theme.AppCompat theme (or descendant).
10-04 10:09:04.494  8084  8084 E ThemeUtils: View class androidx.appcompat.widget.AppCompatTextView is an AppCompat widget that can only be used with a Theme.AppCompat theme (or descendant).
10-04 10:09:04.576  8084  8084 D Glide   : Finished loading BitmapDrawable from MEMORY_CACHE for http://tvimg.wynk.in/unsafe/fit-in/300x169/filters:no_upscale():format(webp)/https://s3.ap-south-1.amazonaws.com/discovery-prod-arsenal/tile/artwork/1716445174349_dagduseth_darshan.jpg with size [-2147483648x-2147483648] in 0.36274999999999996 ms
10-04 10:09:04.576  8084  8084 D Glide Image loaded for url DeferredCoroutine{Completed}@f1ba56e: 
10-04 10:09:04.578  8084  8084 D Glide   : Finished loading BitmapDrawable from MEMORY_CACHE for http://tvimg.wynk.in/unsafe/fit-in/300x169/filters:no_upscale():format(webp)/https://s3.ap-south-1.amazonaws.com/discovery-prod-arsenal/tile/artwork/1722231458196_bhakti_2.jpg with size [-2147483648x-2147483648] in 0.384584 ms
10-04 10:09:04.578  8084  8084 D Glide Image loaded for url DeferredCoroutine{Completed}@9c2e6a5: 
10-04 10:09:04.580  8084  8084 D Glide   : Finished loading BitmapDrawable from MEMORY_CACHE for http://tvimg.wynk.in/unsafe/fit-in/300x169/filters:no_upscale():format(webp)/https://s3.ap-south-1.amazonaws.com/discovery-prod-arsenal/tile/artwork/1716444626203_iskcon_darshan.jpg with size [-2147483648x-2147483648] in 0.467875 ms
10-04 10:09:04.580  8084  8084 D Glide Image loaded for url DeferredCoroutine{Completed}@aa04821: 
10-04 10:09:04.582  8084  8084 D Glide   : Finished loading BitmapDrawable from MEMORY_CACHE for http://tvimg.wynk.in/unsafe/fit-in/300x169/filters:no_upscale():format(webp)/https://s3.ap-south-1.amazonaws.com/discovery-prod-arsenal/tile/artwork/1724061592356_astrovaani_rakshabandhan.png with size [-2147483648x-2147483648] in 0.342792 ms
10-04 10:09:04.582  8084  8084 D Glide Image loaded for url DeferredCoroutine{Completed}@76c6334: 
10-04 10:09:04.584  8084  8084 D Glide   : Finished loading BitmapDrawable from MEMORY_CACHE for http://tvimg.wynk.in/unsafe/fit-in/300x169/filters:no_upscale():format(webp)/https://s3.ap-south-1.amazonaws.com/discovery-prod-arsenal/tile/artwork/1716446758318_somnath_darshan.jpg with size [-2147483648x-2147483648] in 0.472375 ms
10-04 10:09:04.584  8084  8084 D Glide Image loaded for url DeferredCoroutine{Completed}@fe47ba3: 
10-04 10:09:04.599  8084  8084 E image load: onResourceReady null: 
10-04 10:09:04.606  8084  8084 D ANALYTICS_IPTV: AnalyticsEventTracker ***Event***Event{ts=1728016744602, meta={"content_name":"Aaj Subah","tile_type":"LOCAL_TILE","box_type":"iptv","app_version":"1.0.0019:237","box_model":"bx:1.2.3","content_id":"207145663","action":"card_focus","rail_name":"Trending now on TV","firmware":"fw:1.2.3","source_name":"TV Channels"}, uid=5ye_gfsYCZe-PoQ4A0, did=8fb17cc052aef526, os=Android, ov=34, bn=237, nq=-1, nt=2, nct=0, lc=en|hi|ta|kn, av=1.0.0019, dt=STB, type=focus, adid=95acddf7-5a94-4681-bf0a-0a767be9f2c3, brand=Airtel-Xstream, model=XstreamIPTV1-VT, dname=Vantiva XstreamIPTV1-VT, appId=IPTV, sId=8fb17cc052aef526, profileId=, ab_test=86079:0|108429:0|42374:0|78244:0|95458:0|75817:0|60412:1|117812:1|120676:1|113632:1|116206:0|66480:0|100390:2|76965:1|110385:0|129832:2, city=Delhi, state=National Capital Territory of Delhi, country=India, firebase_id=687ecd54b0fd95386e529fbf62179576} Critical: false
10-04 10:09:04.613  8084  8084 D Glide   : Finished loading BitmapDrawable from MEMORY_CACHE for http://tvimg.wynk.in/unsafe/fit-in/300x169/filters:no_upscale():format(webp)/https://s3.ap-south-1.amazonaws.com/discovery-prod-arsenal/tile/artwork/1720783629408_tamil_cinema.jpg with size [-2147483648x-2147483648] in 0.32495799999999997 ms
10-04 10:09:04.613  8084  8084 D Glide Image loaded for url DeferredCoroutine{Completed}@75118fc: 
10-04 10:09:04.613  8084  8143 I WM-WorkerWrapper: Worker result SUCCESS for Work [ id=fab9b04c-5b33-45c9-a0f9-1527d977f332, tags={ tv.airtel.wynk.analytics.sync.service.AnalyticsSyncService, com.airtel.analyticsSyncService } ]
10-04 10:09:04.615  8084  8084 D Glide   : Finished loading BitmapDrawable from MEMORY_CACHE for http://tvimg.wynk.in/unsafe/fit-in/300x169/filters:no_upscale():format(webp)/https://s3.ap-south-1.amazonaws.com/discovery-prod-arsenal/tile/artwork/1724061645842_sadabahar_cinema.jpg with size [-2147483648x-2147483648] in 0.363 ms
10-04 10:09:04.615  8084  8084 D Glide Image loaded for url DeferredCoroutine{Completed}@4bfe20b: 
10-04 10:09:04.617  8084  8084 D Glide   : Finished loading BitmapDrawable from MEMORY_CACHE for http://tvimg.wynk.in/unsafe/fit-in/300x169/filters:no_upscale():format(webp)/https://s3.ap-south-1.amazonaws.com/discovery-prod-arsenal/tile/artwork/1721028672988_hollywood_diaries_rails.jpg with size [-2147483648x-2147483648] in 0.351917 ms
10-04 10:09:04.617  8084  8084 D Glide Image loaded for url DeferredCoroutine{Completed}@c0e0da6: 
10-04 10:09:04.619  8084  8084 D Glide   : Finished loading BitmapDrawable from MEMORY_CACHE for http://tvimg.wynk.in/unsafe/fit-in/300x169/filters:no_upscale():format(webp)/https://s3.ap-south-1.amazonaws.com/discovery-prod-arsenal/tile/artwork/1722433605210_miniplex_batch_2.jpg with size [-2147483648x-2147483648] in 0.324333 ms
10-04 10:09:04.620  8084  8084 D Glide Image loaded for url DeferredCoroutine{Completed}@1fd5e32: 
10-04 10:09:04.621  8084  8084 D Glide   : Finished loading BitmapDrawable from MEMORY_CACHE for http://tvimg.wynk.in/unsafe/fit-in/300x169/filters:no_upscale():format(webp)/https://s3.ap-south-1.amazonaws.com/discovery-prod-arsenal/tile/artwork/1720783287802_south_masala_(2).png with size [-2147483648x-2147483648] in 0.316417 ms
10-04 10:09:04.621  8084  8084 D Glide Image loaded for url DeferredCoroutine{Completed}@ebe7939: 
10-04 10:09:04.622  8084  8573 D TrafficStats: tagSocket(136) with statsTag=0xffffffff, statsUid=-1
10-04 10:09:04.625  8084  8084 D Glide   : Finished loading BitmapDrawable from MEMORY_CACHE for http://tvimg.wynk.in/unsafe/fit-in/300x169/filters:no_upscale():format(webp)/https://s3.ap-south-1.amazonaws.com/discovery-prod-arsenal/tile/artwork/1720783586232_telugu_cinema.jpg with size [-2147483648x-2147483648] in 0.336875 ms
10-04 10:09:04.625  8084  8084 D Glide Image loaded for url DeferredCoroutine{Completed}@4846ff5: 
10-04 10:09:04.626  8084  8084 D Glide   : Finished loading BitmapDrawable from DATA_DISK_CACHE for http://tvimg.wynk.in/unsafe/fit-in/300x169/filters:no_upscale():format(webp)/https://s3.ap-south-1.amazonaws.com/discovery-prod-arsenal/tile/artwork/1722427589208_anime-booth-english_2.jpg with size [-2147483648x-2147483648] in 141.089583 ms
10-04 10:09:04.626  8084  8084 D Glide Image loaded for url DeferredCoroutine{Completed}@2fe818a: 
10-04 10:09:04.640  8084  8570 D TrafficStats: tagSocket(142) with statsTag=0xffffffff, statsUid=-1
10-04 10:09:04.641  8084  8554 D TrafficStats: tagSocket(197) with statsTag=0xffffffff, statsUid=-1
10-04 10:09:04.656  8084  8143 I WM-WorkerWrapper: Worker result SUCCESS for Work [ id=348cb1a7-15d0-428a-a265-967e84f5b077, tags={ tv.airtel.wynk.analytics.sync.service.AnalyticsSyncService, com.airtel.analyticsSyncService } ]
10-04 10:09:04.675  8084  8559 D TrafficStats: tagSocket(207) with statsTag=0xffffffff, statsUid=-1
10-04 10:09:04.692  8084  8195 I WM-WorkerWrapper: Worker result SUCCESS for Work [ id=073f9737-3978-484d-9383-4834c9e2a7e6, tags={ tv.airtel.wynk.analytics.sync.service.AnalyticsSyncService, com.airtel.analyticsSyncService } ]
10-04 10:09:04.697  8084  8084 D Glide   : Finished loading BitmapDrawable from DATA_DISK_CACHE for http://tvimg.wynk.in/unsafe/fit-in/300x169/filters:no_upscale():format(webp)/https://xstreamcp-assets-msp.streamready.in/assets/LIVETV/PROGRAM/LIVETV_PROGRAM_INDIA_TV_1706520_04OCT0958_04OCT1028/images/INDIATV_Damdar10_1706520.jpg with size [-2147483648x-2147483648] in 134.0985 ms
10-04 10:09:04.697  8084  8084 D Glide Image loaded for url DeferredCoroutine{Completed}@bc621bc: 
--------- beginning of system
10-04 10:09:04.703   696  1097 W JobScheduler: Job didn't exist in JobStore: 2c60d09 #u0a43/2221 com.airtel.tv/androidx.work.impl.background.systemjob.SystemJobService
10-04 10:09:04.725   426  1494 D rtk_heartbeat: heartbeat_timed_out: heartbeatCmdCount = 42649, expected nextSeqNum = 42649
10-04 10:09:04.726   426  1381 D rtk_heartbeat: rtkbt_heartbeat_cmpl_cback: Current SeqNum = 42649,should SeqNum=42649, status = 0
10-04 10:09:04.733  8084  8195 I WM-WorkerWrapper: Worker result SUCCESS for Work [ id=4d0736d2-39ad-4bef-a1ba-059c416356ea, tags={ tv.airtel.wynk.analytics.sync.service.AnalyticsSyncService, com.airtel.analyticsSyncService } ]
10-04 10:09:04.742  8084  8084 D Glide   : Finished loading BitmapDrawable from DATA_DISK_CACHE for http://tvimg.wynk.in/unsafe/fit-in/300x169/filters:no_upscale():format(webp)/https://s3.ap-south-1.amazonaws.com/discovery-prod-arsenal/tile/artwork/1722427627871_anime_booth_english_1.jpg with size [-2147483648x-2147483648] in 151.423001 ms
10-04 10:09:04.742  8084  8084 D Glide Image loaded for url DeferredCoroutine{Completed}@bb19da8: 
10-04 10:09:04.745   696  1097 W JobScheduler: Job didn't exist in JobStore: 2f3a1a #u0a43/2222 com.airtel.tv/androidx.work.impl.background.systemjob.SystemJobService
10-04 10:09:04.746  8084  8084 D Glide   : Finished loading BitmapDrawable from DATA_DISK_CACHE for http://tvimg.wynk.in/unsafe/fit-in/300x169/filters:no_upscale():format(webp)/https://s3.ap-south-1.amazonaws.com/discovery-prod-arsenal/tile/artwork/1722427423953_airtel_fun_zone_rails_(1).jpg with size [-2147483648x-2147483648] in 154.181875 ms
10-04 10:09:04.746  8084  8084 D Glide Image loaded for url DeferredCoroutine{Completed}@9fc67fd: 
10-04 10:09:04.748  8084  8084 D Glide   : Finished loading BitmapDrawable from DATA_DISK_CACHE for http://tvimg.wynk.in/unsafe/fit-in/300x169/filters:no_upscale():format(webp)/https://s3.ap-south-1.amazonaws.com/discovery-prod-arsenal/tile/artwork/1722427471173_funschool.jpg with size [-2147483648x-2147483648] in 154.90437599999998 ms
10-04 10:09:04.749  8084  8084 D Glide Image loaded for url DeferredCoroutine{Completed}@12b863e: 
10-04 10:09:04.752   696  1097 W JobScheduler: Job didn't exist in JobStore: 5c55441 #u0a43/2223 com.airtel.tv/androidx.work.impl.background.systemjob.SystemJobService
10-04 10:09:04.753  8084  8084 D Glide   : Finished loading BitmapDrawable from DATA_DISK_CACHE for http://tvimg.wynk.in/unsafe/fit-in/300x169/filters:no_upscale():format(webp)/https://s3.ap-south-1.amazonaws.com/discovery-prod-arsenal/tile/artwork/1722427515135_disney_batch_2.jpg with size [-2147483648x-2147483648] in 158.69174999999998 ms
10-04 10:09:04.754  8084  8084 D Glide Image loaded for url DeferredCoroutine{Completed}@4633c9f: 
10-04 10:09:04.757  8084  8084 D Glide   : Finished loading BitmapDrawable from DATA_DISK_CACHE for http://tvimg.wynk.in/unsafe/fit-in/300x169/filters:no_upscale():format(webp)/https://s3.ap-south-1.amazonaws.com/discovery-prod-arsenal/tile/artwork/1722427558802_topper_tv.jpg with size [-2147483648x-2147483648] in 161.081042 ms
10-04 10:09:04.757  8084  8084 D Glide Image loaded for url DeferredCoroutine{Completed}@da599b5: 
10-04 10:09:04.765   696  1097 W JobScheduler: Job didn't exist in JobStore: 92575d4 #u0a43/2224 com.airtel.tv/androidx.work.impl.background.systemjob.SystemJobService
10-04 10:09:04.772  8084  8195 I WM-WorkerWrapper: Worker result SUCCESS for Work [ id=3f7b7b69-5953-4edc-86c9-8fcf6f5d478e, tags={ tv.airtel.wynk.analytics.sync.service.AnalyticsSyncService, com.airtel.analyticsSyncService } ]
10-04 10:09:04.801  8084  8084 D Glide   : Finished loading BitmapDrawable from REMOTE for http://tvimg.wynk.in/unsafe/fit-in/300x169/filters:no_upscale():format(webp)/https://xstreamcp-assets-msp.streamready.in/assets/LIVETV/PROGRAM/LIVETV_PROGRAM_ZEE_NEWS_1676829_04OCT1030_04OCT1100/images/ZEENEWS_ToThePoint_1676829.jpg with size [-2147483648x-2147483648] in 235.645334 ms
10-04 10:09:04.805  8084  8084 D Glide Image loaded for url DeferredCoroutine{Completed}@a8716a2: 
10-04 10:09:04.809   424  8590 I audio_hw_hal_stream: aml_stream_out_info_print: out:0xf2d00740, stream_type:pcm, sync_mode:non tunnel, input_size:44638208 bytes
10-04 10:09:04.809   424  8590 I audio_hw_hal_stream: aml_stream_out_info_print: last_time:42684371 ms (sec:42684, nsec:371400478), last_position:232327 ms (11151696), cur_time:42684392 ms (sec:42684, nsec:392593019), cur_position:232348 ms (11152720)
10-04 10:09:04.809   424  8590 I audio_hw_hal_stream: aml_stream_out_info_print: time_gap:21 ms (thr:100 ms), position_gap:21 ms, delay:142 ms, jitter: Position gap is ahead of system time gap by 0 ms (thr:100 ms)
10-04 10:09:04.815  8084  8193 I WM-WorkerWrapper: Worker result SUCCESS for Work [ id=bd765911-9441-4627-afae-8ba721329500, tags={ tv.airtel.wynk.analytics.sync.service.AnalyticsSyncService, com.airtel.analyticsSyncService } ]
10-04 10:09:04.834  8084  8084 D Glide   : Finished loading BitmapDrawable from REMOTE for http://tvimg.wynk.in/unsafe/fit-in/300x169/filters:no_upscale():format(webp)/https://xstreamcp-assets-msp.streamready.in/assets/LIVETV/PROGRAM/LIVETV_PROGRAM_TV9_BHARATVARSH_1544675_04OCT1000_04OCT1100/images/TV9Bharatvarsh_10AmSplDebate_1544675.jpg with size [-2147483648x-2147483648] in 267.622 ms
10-04 10:09:04.834  8084  8084 D Glide Image loaded for url DeferredCoroutine{Completed}@163faee: 
10-04 10:09:04.843  8084  8193 I WM-WorkerWrapper: Worker result SUCCESS for Work [ id=cfb44aa5-aa54-474b-8695-76b763fba3a6, tags={ tv.airtel.wynk.analytics.sync.service.AnalyticsSyncService, com.airtel.analyticsSyncService } ]
10-04 10:09:04.858  8084  8084 D Glide   : Finished loading BitmapDrawable from REMOTE for http://tvimg.wynk.in/unsafe/fit-in/300x169/filters:no_upscale():format(webp)/https://xstreamcp-assets-msp.streamready.in/assets/LIVETV/PROGRAM/LIVETV_PROGRAM_AAJ_TAK_15565_04OCT1010_04OCT1030/images/AajTak_AajSubah_15565.jpg with size [-2147483648x-2147483648] in 296.061959 ms
10-04 10:09:04.858  8084  8084 D Glide Image loaded for url DeferredCoroutine{Completed}@1a8b8f: 
10-04 10:09:04.861   696  1097 W JobScheduler: Job didn't exist in JobStore: c9c3be #u0a43/2226 com.airtel.tv/androidx.work.impl.background.systemjob.SystemJobService
10-04 10:09:04.887   696  2853 W JobScheduler: Job didn't exist in JobStore: 5311535 #u0a43/2227 com.airtel.tv/androidx.work.impl.background.systemjob.SystemJobService
10-04 10:09:04.889  8084  8084 D Glide   : Finished loading BitmapDrawable from REMOTE for http://tvimg.wynk.in/unsafe/fit-in/300x169/filters:no_upscale():format(webp)/https://xstreamcp-assets-msp.streamready.in/assets/LIVETV/PROGRAM/LIVETV_PROGRAM_ZEE_BUSINESS_656030_04OCT1000_04OCT1030/images/ZEEBUSINESS_10KiKamai_656030.jpg with size [-2147483648x-2147483648] in 324.974625 ms
10-04 10:09:04.889  8084  8084 D Glide Image loaded for url DeferredCoroutine{Completed}@5315a25: 
10-04 10:09:05.089   424   582 I audio_hw_hal_alsamgr: alsa format =0x1 delay frames =1024 total frames=2048256000
10-04 10:09:05.237  8084  8193 I WM-WorkerWrapper: Worker result SUCCESS for Work [ id=ba9fbc88-8c36-4818-bb58-d410cc787566, tags={ tv.airtel.wynk.analytics.sync.service.AnalyticsSyncService, com.airtel.analyticsSyncService } ]
10-04 10:09:05.266  8084  8193 I WM-WorkerWrapper: Worker result SUCCESS for Work [ id=96fdb0b8-a507-4039-82d4-e9f8ab475e8e, tags={ tv.airtel.wynk.analytics.sync.service.AnalyticsSyncService, com.airtel.analyticsSyncService } ]
10-04 10:09:05.422  8084  8084 D Glide   : Finished loading BitmapDrawable from REMOTE for http://tvimg.wynk.in/unsafe/fit-in/300x169/filters:no_upscale():format(webp)/https://xstreamcp-assets-msp.streamready.in/assets/LIVETV/PROGRAM/LIVETV_PROGRAM_ABP_NEWS_1371011_04OCT1030_04OCT1100/images/ABPNEWS_AageyKaAgenda_1371011.jpg with size [-2147483648x-2147483648] in 854.045501 ms
10-04 10:09:05.422  8084  8084 D Glide Image loaded for url DeferredCoroutine{Completed}@b7bdb5a: 
10-04 10:09:05.472  8084  8143 I WM-WorkerWrapper: Worker result SUCCESS for Work [ id=62baa9c3-bddb-4610-bc2c-6fe478719624, tags={ tv.airtel.wynk.analytics.sync.service.AnalyticsSyncService, com.airtel.analyticsSyncService } ]
10-04 10:09:05.490 10261 10261 D MonkeyStub: translateCommand: press KEYCODE_BACK
10-04 10:09:05.493   459   459 I lights-tch: flashMode 0 id 2 onMs 0 offMs 0 brightness 0
10-04 10:09:05.497   459   459 I lights-tch: flashMode 0 id 2 onMs 0 offMs 0 brightness 225
--------- beginning of kernel
10-04 10:09:05.575     0     0 I [1 T230   ..] logd: logdr: UID=2000 GID=2000 PID=10400 n tail=0 logMask=99 pid=0 start=0ns deadline=0ns
--------- beginning of main
10-04 10:09:05.726   426  1494 D rtk_heartbeat: heartbeat_timed_out: heartbeatCmdCount = 42650, expected nextSeqNum = 42650
10-04 10:09:05.727   426  1381 D rtk_heartbeat: rtkbt_heartbeat_cmpl_cback: Current SeqNum = 42650,should SeqNum=42650, status = 0
10-04 10:09:06.113  1154  1154 I ThermalService: CPU temperatures: [44.4]
10-04 10:09:06.388   424   673 D audio_hw_hal_primary: [out_standby_new:5414] io 13: out:0xf2d00740 usecase:PCM_NORMAL
10-04 10:09:06.388   424   673 I audio_hw_hal_primary: [do_output_standby_l:5310] io 13: out:0xf2d00740, stream usecase:PCM_NORMAL, continuous:1
10-04 10:09:06.388   424   673 I audio_hw_hal_primary: [usecase_change_validate_l:7065] ++ io 13: out:0xf2d00740 dev masks:0x1 is_standby:1 out usecase:PCM_NORMAL
10-04 10:09:06.388   424   673 I audio_hw_hal_primary: [usecase_change_validate_l:7102] -- dev masks:0 is_standby:1 out usecase PCM_NORMAL
10-04 10:09:06.388   424   673 D audio_hw_hal_primary: [out_standby_new:5437] io 13: out:0xf2d00740 usecase:PCM_NORMAL exit
--------- beginning of kernel
10-04 10:09:06.487     0     0 W [3 T1289  ..] RTW: rtw_get_sta_tx_stat() not support
10-04 10:09:06.487     0     0 W [3 T1289  ..] RTW: cfg80211_rtw_get_txpower
10-04 10:09:06.469  1461  1487 E AtlLedController: Internet connected
10-04 10:09:06.476   424   582 D libdolbyms12: continuous underrun 2
10-04 10:09:06.480   696   918 W IPCThreadState: Sending oneway calls to frozen process.
10-04 10:09:06.480   696   918 W IPCThreadState: Sending oneway calls to frozen process.
10-04 10:09:06.483   696   918 W IPCThreadState: Sending oneway calls to frozen process.
10-04 10:09:06.483   696   918 W IPCThreadState: Sending oneway calls to frozen process.
10-04 10:09:06.484   696   918 W IPCThreadState: Sending oneway calls to frozen process.
10-04 10:09:06.484   696   918 W IPCThreadState: Sending oneway calls to frozen process.
10-04 10:09:06.484   696   918 W IPCThreadState: Sending oneway calls to frozen process.
10-04 10:09:06.726   426  1494 D rtk_heartbeat: heartbeat_timed_out: heartbeatCmdCount = 42651, expected nextSeqNum = 42651
10-04 10:09:06.727   426  1381 D rtk_heartbeat: rtkbt_heartbeat_cmpl_cback: Current SeqNum = 42651,should SeqNum=42651, status = 0
10-04 10:09:06.968   696  1097 W WifiService: Permission violation - getConfiguredNetworks not allowed for uid=10071, packageName=com.google.android.tvrecommendations, reason=java.lang.SecurityException: UID 10071 has no location permission
10-04 10:09:07.699 10261 10261 D MonkeyStub: translateCommand: press DPAD_RIGHT
10-04 10:09:07.703   459   459 I lights-tch: flashMode 0 id 2 onMs 0 offMs 0 brightness 0
10-04 10:09:07.707   459   459 I lights-tch: flashMode 0 id 2 onMs 0 offMs 0 brightness 225
10-04 10:09:07.726   426  1494 D rtk_heartbeat: heartbeat_timed_out: heartbeatCmdCount = 42652, expected nextSeqNum = 42652
10-04 10:09:07.729   426  1381 D rtk_heartbeat: rtkbt_heartbeat_cmpl_cback: Current SeqNum = 42652,should SeqNum=42652, status = 0
10-04 10:09:07.755   424   673 I audio_hw_hal_primary: [register_audio_patch:7826] Patch 3:id:3 mix(io:13)->dev_0[OUT_HDMI(id:18)] found, register the same patch, do nothing.
10-04 10:09:07.755   424   673 I audio_hw_hal_primary: [adev_create_audio_patch:7927] Patch 3: MIX->DEVICE, num_src:1 num_sink:1 patch_src:INVAL
10-04 10:09:07.756   424   673 I audio_hw_hal_primary: [adev_create_audio_patch:7931] sink[0]: OUT_HDMI(id:18)
10-04 10:09:07.756   424   673 I audio_hw_hal_primary: [adev_create_audio_patch:7988] Patch 3: mix(io:13) -> dev[OUT_HDMI(id:18)]
10-04 10:09:07.756   424   673 I audio_hw_hal_primary: [adev_create_audio_patch:8056] dev=0xf3782930 cur_out_device=0x400
--------- beginning of main
10-04 10:09:07.872   424  8590 I audio_hw_hal_primary: [audiohal_get_latency:1258] io 13: out:0xf2d00740 frames:3072 rate:48000 whole_latency:64 alsa_latency:64
10-04 10:09:07.894   424  8590 I audio_hw_hal_primary: [audiohal_get_latency:1258] io 13: out:0xf2d00740 frames:3072 rate:48000 whole_latency:64 alsa_latency:64
10-04 10:09:07.913   424  8590 I audio_hw_hal_primary: [audiohal_get_latency:1258] io 13: out:0xf2d00740 frames:3072 rate:48000 whole_latency:64 alsa_latency:64
10-04 10:09:07.934   424  8590 I audio_hw_hal_primary: [audiohal_get_latency:1258] io 13: out:0xf2d00740 frames:3072 rate:48000 whole_latency:64 alsa_latency:64
10-04 10:09:07.951   424  8590 I audio_hw_hal_primary: [audiohal_get_latency:1258] io 13: out:0xf2d00740 frames:3072 rate:48000 whole_latency:64 alsa_latency:64
10-04 10:09:07.973   424  8590 I audio_hw_hal_primary: [audiohal_get_latency:1258] io 13: out:0xf2d00740 frames:3072 rate:48000 whole_latency:64 alsa_latency:64
10-04 10:09:07.973   472   662 D audioserver: FGS Logger Transaction failed
10-04 10:09:07.973   472   662 D audioserver: -129
10-04 10:09:08.116  1154  1154 I ThermalService: CPU temperatures: [43.800003]
10-04 10:09:08.726   426  1494 D rtk_heartbeat: heartbeat_timed_out: heartbeatCmdCount = 42653, expected nextSeqNum = 42653
10-04 10:09:08.727   426  1381 D rtk_heartbeat: rtkbt_heartbeat_cmpl_cback: Current SeqNum = 42653,should SeqNum=42653, status = 0
--------- beginning of kernel
10-04 10:09:09.493     0     0 W [1 T1289  ..] RTW: rtw_get_sta_tx_stat() not support
10-04 10:09:09.494     0     0 W [1 T1289  ..] RTW: cfg80211_rtw_get_txpower
10-04 10:09:09.479  1461  1487 E AtlLedController: Internet connected
10-04 10:09:09.487   696   918 W IPCThreadState: Sending oneway calls to frozen process.
10-04 10:09:09.487   696   918 W IPCThreadState: Sending oneway calls to frozen process.
10-04 10:09:09.488   696   918 W IPCThreadState: Sending oneway calls to frozen process.
10-04 10:09:09.489   696   918 W IPCThreadState: Sending oneway calls to frozen process.
10-04 10:09:09.489   696   918 W IPCThreadState: Sending oneway calls to frozen process.
10-04 10:09:09.489   696   918 W IPCThreadState: Sending oneway calls to frozen process.
10-04 10:09:09.489   696   918 W IPCThreadState: Sending oneway calls to frozen process.
10-04 10:09:09.552  8084  8084 D Glide   : Finished loading BitmapDrawable from MEMORY_CACHE for http://tvimg.wynk.in/unsafe/fit-in/1920x548/filters:no_upscale():format(webp)/https://s3.ap-south-1.amazonaws.com/discovery-prod-arsenal/tile/artwork/1726600706781_australia-tour-of-england-_1920-x-548.jpg with size [-2147483648x-2147483648] in 0.5313749999999999 ms
10-04 10:09:09.726   426  1494 D rtk_heartbeat: heartbeat_timed_out: heartbeatCmdCount = 42654, expected nextSeqNum = 42654
10-04 10:09:09.727   426  1381 D rtk_heartbeat: rtkbt_heartbeat_cmpl_cback: Current SeqNum = 42654,should SeqNum=42654, status = 0
10-04 10:09:09.819   424  8590 I audio_hw_hal_stream: aml_stream_out_info_print: out:0xf2d00740, stream_type:pcm, sync_mode:non tunnel, input_size:45350912 bytes
10-04 10:09:09.819   424  8590 I audio_hw_hal_stream: aml_stream_out_info_print: last_time:42689379 ms (sec:42689, nsec:379269230), last_position:236039 ms (11329872), cur_time:42689400 ms (sec:42689, nsec:400701063), cur_position:236060 ms (11330896)
10-04 10:09:09.819   424  8590 I audio_hw_hal_stream: aml_stream_out_info_print: time_gap:21 ms (thr:100 ms), position_gap:21 ms, delay:142 ms, jitter: Position gap is ahead of system time gap by 0 ms (thr:100 ms)
10-04 10:09:09.974   696  1097 W WifiService: Permission violation - getConfiguredNetworks not allowed for uid=10071, packageName=com.google.android.tvrecommendations, reason=java.lang.SecurityException: UID 10071 has no location permission
10-04 10:09:10.119  1154  1154 I ThermalService: CPU temperatures: [44.800003]
10-04 10:09:10.422   424   582 I audio_hw_hal_alsamgr: alsa format =0x1 delay frames =1024 total frames=2048512000
10-04 10:09:10.726   426  1494 D rtk_heartbeat: heartbeat_timed_out: heartbeatCmdCount = 42655, expected nextSeqNum = 42655
10-04 10:09:10.728   426  1381 D rtk_heartbeat: rtkbt_heartbeat_cmpl_cback: Current SeqNum = 42655,should SeqNum=42655, status = 0
10-04 10:09:10.844   424   673 D audio_hw_hal_primary: [out_standby_new:5414] io 13: out:0xf2d00740 usecase:PCM_NORMAL
10-04 10:09:10.844   424   673 I audio_hw_hal_primary: [do_output_standby_l:5310] io 13: out:0xf2d00740, stream usecase:PCM_NORMAL, continuous:1
10-04 10:09:10.844   424   673 I audio_hw_hal_primary: [usecase_change_validate_l:7065] ++ io 13: out:0xf2d00740 dev masks:0x1 is_standby:1 out usecase:PCM_NORMAL
10-04 10:09:10.844   424   673 I audio_hw_hal_primary: [usecase_change_validate_l:7102] -- dev masks:0 is_standby:1 out usecase PCM_NORMAL
10-04 10:09:10.844   424   673 D audio_hw_hal_primary: [out_standby_new:5437] io 13: out:0xf2d00740 usecase:PCM_NORMAL exit
10-04 10:09:10.929   424   582 D libdolbyms12: continuous underrun 2
10-04 10:09:11.727   426  1494 D rtk_heartbeat: heartbeat_timed_out: heartbeatCmdCount = 42656, expected nextSeqNum = 42656
10-04 10:09:11.728   426  1381 D rtk_heartbeat: rtkbt_heartbeat_cmpl_cback: Current SeqNum = 42656,should SeqNum=42656, status = 0
10-04 10:09:11.899 10261 10261 D MonkeyStub: translateCommand: press DPAD_CENTER
10-04 10:09:11.903   459   459 I lights-tch: flashMode 0 id 2 onMs 0 offMs 0 brightness 0
10-04 10:09:11.906   459   459 I lights-tch: flashMode 0 id 2 onMs 0 offMs 0 brightness 225
10-04 10:09:11.924  8084  9231 D ANALYTICS_IPTV: AnalyticsEventTracker ***Event***Event{ts=1728016751922, meta={"box_type":"iptv","source_of_stream":"4 | TV Channels.screen_visible.none.none.none.none.none.none.none | TV Channels.screen_visible.none.none.none.none.none.none.none | none.screen_visible.none.none.none.none.none.none.none | none.click.none.none.none.none.Movies.none.none | Movies.click.tab_click.none.none.2.movies.none.none","asset_name":"movies","asset_position":"2","app_version":"1.0.0019:237","box_model":"bx:1.2.3","action":"tab_click","firmware":"fw:1.2.3","source_name":"Movies"}, uid=5ye_gfsYCZe-PoQ4A0, did=8fb17cc052aef526, os=Android, ov=34, bn=237, nq=-1, nt=2, nct=0, lc=en|hi|ta|kn, av=1.0.0019, dt=STB, type=click, adid=95acddf7-5a94-4681-bf0a-0a767be9f2c3, brand=Airtel-Xstream, model=XstreamIPTV1-VT, dname=Vantiva XstreamIPTV1-VT, appId=IPTV, sId=8fb17cc052aef526, profileId=, ab_test=86079:0|108429:0|42374:0|78244:0|95458:0|75817:0|60412:1|117812:1|120676:1|113632:1|116206:0|66480:0|100390:2|76965:1|110385:0|129832:2, city=Delhi, state=National Capital Territory of Delhi, country=India, firebase_id=687ecd54b0fd95386e529fbf62179576} Critical: false
10-04 10:09:11.924  8084 10316 D ANALYTICS_IPTV: AnalyticsEventTracker ***Event***Event{ts=1728016751920, meta={"box_type":"iptv","source_of_stream":"4 | TV Channels.screen_visible.none.none.none.none.none.none.none | TV Channels.screen_visible.none.none.none.none.none.none.none | none.screen_visible.none.none.none.none.none.none.none | none.click.none.none.none.none.Movies.none.none","asset_name":"Movies","app_version":"1.0.0019:237","box_model":"bx:1.2.3","firmware":"fw:1.2.3"}, uid=5ye_gfsYCZe-PoQ4A0, did=8fb17cc052aef526, os=Android, ov=34, bn=237, nq=-1, nt=2, nct=0, lc=en|hi|ta|kn, av=1.0.0019, dt=STB, type=click, adid=95acddf7-5a94-4681-bf0a-0a767be9f2c3, brand=Airtel-Xstream, model=XstreamIPTV1-VT, dname=Vantiva XstreamIPTV1-VT, appId=IPTV, sId=8fb17cc052aef526, profileId=, ab_test=86079:0|108429:0|42374:0|78244:0|95458:0|75817:0|60412:1|117812:1|120676:1|113632:1|116206:0|66480:0|100390:2|76965:1|110385:0|129832:2, city=Delhi, state=National Capital Territory of Delhi, country=India, firebase_id=687ecd54b0fd95386e529fbf62179576} Critical: false
10-04 10:09:11.951   424   673 I audio_hw_hal_primary: [register_audio_patch:7826] Patch 3:id:3 mix(io:13)->dev_0[OUT_HDMI(id:18)] found, register the same patch, do nothing.
10-04 10:09:11.951   424   673 I audio_hw_hal_primary: [adev_create_audio_patch:7927] Patch 3: MIX->DEVICE, num_src:1 num_sink:1 patch_src:INVAL
10-04 10:09:11.951   424   673 I audio_hw_hal_primary: [adev_create_audio_patch:7931] sink[0]: OUT_HDMI(id:18)
10-04 10:09:11.951   424   673 I audio_hw_hal_primary: [adev_create_audio_patch:7988] Patch 3: mix(io:13) -> dev[OUT_HDMI(id:18)]
10-04 10:09:11.951   424   673 I audio_hw_hal_primary: [adev_create_audio_patch:8056] dev=0xf3782930 cur_out_device=0x400
10-04 10:09:11.952  1154  1349 D UEventObserver: change@/devices/platform/auge_sound/sound/card0/controlC0��ACTION=change��DEVPATH=/devices/platform/auge_sound/sound/card0/controlC0��SUBSYSTEM=sound��AUDIO_FORMAT=0��MAJOR=116��MINOR=11��DEVNAME=snd/controlC0��SEQNUM=3261��
--------- beginning of system
10-04 10:09:11.952  1154  1349 W ContextImpl: Calling a method in the system process without a qualified user: android.app.ContextImpl.sendBroadcast:1220 android.content.ContextWrapper.sendBroadcast:504 com.droidlogic.audioservice.services.AudioSystemCmdService$1.onUEvent:177 com.droidlogic.UEventObserver$UEventThread.sendEvent:213 com.droidlogic.UEventObserver$UEventThread.run:190 
10-04 10:09:11.964   472  1848 D audioserver: FGS Logger Transaction failed
10-04 10:09:11.964   472  1848 D audioserver: -129
10-04 10:09:11.968   424  8590 I audio_hw_hal_primary: [mixer_aux_buffer_write:6665] io 13: out:0xf2d00740 usecase:PCM_NORMAL standby to unstandby
10-04 10:09:11.968   424  8590 E audio_hw_hal_virtualbuf: ms12 system input underrun happens read=4198612877 write=3199999950 diff=998612927
10-04 10:09:11.994     0     0 I [0 T230   ..] logd: logdr: UID=2000 GID=2000 PID=10410 n tail=0 logMask=99 pid=0 start=0ns deadline=0ns
10-04 10:09:11.970  1154  1348 I AudioSystemCmdService: onAudioPatchListUpdate
--------- beginning of main
10-04 10:09:12.051  8084  9231 D ANALYTICS_IPTV: AnalyticsEventTracker ***Event***Event{ts=1728016752049, meta={"UID":"5ye_gfsYCZe-PoQ4A0","subscriber_id":"3026341863-001","box_type":"iptv","asset_name":"rendering_start","device_id":"8fb17cc052aef526","app_version":"1.0.0019:237","box_model":"bx:1.2.3","customer_id":"3026341863","firmware":"fw:1.2.3"}, uid=5ye_gfsYCZe-PoQ4A0, did=8fb17cc052aef526, os=Android, ov=34, bn=237, nq=-1, nt=2, nct=0, lc=en|hi|ta|kn, av=1.0.0019, dt=STB, type=layout_render_start, adid=95acddf7-5a94-4681-bf0a-0a767be9f2c3, brand=Airtel-Xstream, model=XstreamIPTV1-VT, dname=Vantiva XstreamIPTV1-VT, appId=IPTV, sId=8fb17cc052aef526, profileId=, ab_test=86079:0|108429:0|42374:0|78244:0|95458:0|75817:0|60412:1|117812:1|120676:1|113632:1|116206:0|66480:0|100390:2|76965:1|110385:0|129832:2, city=Delhi, state=National Capital Territory of Delhi, country=India, firebase_id=687ecd54b0fd95386e529fbf62179576} Critical: false
10-04 10:09:12.071   424  8590 I audio_hw_hal_primary: [audiohal_get_latency:1258] io 13: out:0xf2d00740 frames:3072 rate:48000 whole_latency:64 alsa_latency:64
10-04 10:09:12.080   696  2853 D ConnectivityService: requestNetwork for uid/pid:10043/8084 activeRequest: null callbackRequest: 568 [NetworkRequest [ REQUEST id=569, [ Capabilities: INTERNET&NOT_RESTRICTED&TRUSTED&NOT_VCN_MANAGED Uid: 10043 RequestorUid: 10043 RequestorPkg: com.airtel.tv UnderlyingNetworks: Null] ]] callback flags: 0 order: 2147483647
10-04 10:09:12.083   696   910 D WifiNetworkFactory: got request NetworkRequest [ REQUEST id=569, [ Capabilities: INTERNET&NOT_RESTRICTED&TRUSTED&NOT_VCN_MANAGED Uid: 10043 RequestorUid: 10043 RequestorPkg: com.airtel.tv UnderlyingNetworks: Null] ]
10-04 10:09:12.083   696   910 D UntrustedWifiNetworkFactory: got request NetworkRequest [ REQUEST id=569, [ Capabilities: INTERNET&NOT_RESTRICTED&TRUSTED&NOT_VCN_MANAGED Uid: 10043 RequestorUid: 10043 RequestorPkg: com.airtel.tv UnderlyingNetworks: Null] ]
10-04 10:09:12.083   696   910 D OemPaidWifiNetworkFactory: got request NetworkRequest [ REQUEST id=569, [ Capabilities: INTERNET&NOT_RESTRICTED&TRUSTED&NOT_VCN_MANAGED Uid: 10043 RequestorUid: 10043 RequestorPkg: com.airtel.tv UnderlyingNetworks: Null] ]
10-04 10:09:12.083   696   910 D MultiInternetWifiNetworkFactory: got request NetworkRequest [ REQUEST id=569, [ Capabilities: INTERNET&NOT_RESTRICTED&TRUSTED&NOT_VCN_MANAGED Uid: 10043 RequestorUid: 10043 RequestorPkg: com.airtel.tv UnderlyingNetworks: Null] ]
10-04 10:09:12.083   696   918 D ConnectivityService: NetReassign [569 : null → 100] [c 0] [a 1] [i 1]
10-04 10:09:12.093   424  8590 I audio_hw_hal_primary: [audiohal_get_latency:1258] io 13: out:0xf2d00740 frames:3072 rate:48000 whole_latency:64 alsa_latency:64
10-04 10:09:12.110   424  8590 I audio_hw_hal_primary: [audiohal_get_latency:1258] io 13: out:0xf2d00740 frames:3072 rate:48000 whole_latency:64 alsa_latency:64
10-04 10:09:12.116  8084  8084 D ANALYTICS_IPTV: AnalyticsEventTracker ***Event***Event{ts=1728016752114, meta={"page_id":"dthNewMovies","box_type":"iptv","source_of_stream":"5 | Movies.screen_visible.none.none.none.none.none.none.none | Movies.screen_visible.none.none.none.none.none.none.none","app_version":"1.0.0019:237","box_model":"bx:1.2.3","firmware":"fw:1.2.3","source_name":"Movies"}, uid=5ye_gfsYCZe-PoQ4A0, did=8fb17cc052aef526, os=Android, ov=34, bn=237, nq=-1, nt=2, nct=0, lc=en|hi|ta|kn, av=1.0.0019, dt=STB, type=screen_visible, adid=95acddf7-5a94-4681-bf0a-0a767be9f2c3, brand=Airtel-Xstream, model=XstreamIPTV1-VT, dname=Vantiva XstreamIPTV1-VT, appId=IPTV, sId=8fb17cc052aef526, profileId=, ab_test=86079:0|108429:0|42374:0|78244:0|95458:0|75817:0|60412:1|117812:1|120676:1|113632:1|116206:0|66480:0|100390:2|76965:1|110385:0|129832:2, city=Delhi, state=National Capital Territory of Delhi, country=India, firebase_id=687ecd54b0fd95386e529fbf62179576} Critical: false
10-04 10:09:12.121  8084  8084 D ANALYTICS_IPTV: AnalyticsEventTracker ***Event***Event{ts=1728016752119, meta={"box_type":"iptv","source_of_stream":"5 | Movies.screen_visible.none.none.none.none.none.none.none | Movies.screen_visible.none.none.none.none.none.none.none | none.screen_visible.none.none.none.none.none.none.none","app_version":"1.0.0019:237","box_model":"bx:1.2.3","source":"Movies","firmware":"fw:1.2.3"}, uid=5ye_gfsYCZe-PoQ4A0, did=8fb17cc052aef526, os=Android, ov=34, bn=237, nq=-1, nt=2, nct=0, lc=en|hi|ta|kn, av=1.0.0019, dt=STB, type=screen_visible, adid=95acddf7-5a94-4681-bf0a-0a767be9f2c3, brand=Airtel-Xstream, model=XstreamIPTV1-VT, dname=Vantiva XstreamIPTV1-VT, appId=IPTV, sId=8fb17cc052aef526, profileId=, ab_test=86079:0|108429:0|42374:0|78244:0|95458:0|75817:0|60412:1|117812:1|120676:1|113632:1|116206:0|66480:0|100390:2|76965:1|110385:0|129832:2, city=Delhi, state=National Capital Territory of Delhi, country=India, firebase_id=687ecd54b0fd95386e529fbf62179576} Critical: false
10-04 10:09:12.122  1154  1154 I ThermalService: CPU temperatures: [45.300003]
10-04 10:09:12.128  8084 10317 D ANALYTICS_IPTV: AnalyticsEventTracker ***Event***Event{ts=1728016752123, meta={"UID":"5ye_gfsYCZe-PoQ4A0","subscriber_id":"3026341863-001","box_type":"iptv","asset_name":"rendering_complete","device_id":"8fb17cc052aef526","app_version":"1.0.0019:237","box_model":"bx:1.2.3","customer_id":"3026341863","firmware":"fw:1.2.3"}, uid=5ye_gfsYCZe-PoQ4A0, did=8fb17cc052aef526, os=Android, ov=34, bn=237, nq=-1, nt=2, nct=0, lc=en|hi|ta|kn, av=1.0.0019, dt=STB, type=layout_render_complete, adid=95acddf7-5a94-4681-bf0a-0a767be9f2c3, brand=Airtel-Xstream, model=XstreamIPTV1-VT, dname=Vantiva XstreamIPTV1-VT, appId=IPTV, sId=8fb17cc052aef526, profileId=, ab_test=86079:0|108429:0|42374:0|78244:0|95458:0|75817:0|60412:1|117812:1|120676:1|113632:1|116206:0|66480:0|100390:2|76965:1|110385:0|129832:2, city=Delhi, state=National Capital Territory of Delhi, country=India, firebase_id=687ecd54b0fd95386e529fbf62179576} Critical: false
10-04 10:09:12.132   424  8590 I audio_hw_hal_primary: [audiohal_get_latency:1258] io 13: out:0xf2d00740 frames:3072 rate:48000 whole_latency:64 alsa_latency:64
10-04 10:09:12.150   424  8590 I audio_hw_hal_primary: [audiohal_get_latency:1258] io 13: out:0xf2d00740 frames:3072 rate:48000 whole_latency:64 alsa_latency:64
10-04 10:09:12.171   424  8590 I audio_hw_hal_primary: [audiohal_get_latency:1258] io 13: out:0xf2d00740 frames:3072 rate:48000 whole_latency:64 alsa_latency:64
