10-04 10:38:41.582   696  1326 D ConnectivityService: requestNetwork for uid/pid:10043/8084 activeRequest: null callbackRequest: 1417 [NetworkRequest [ REQUEST id=1418, [ Capabilities: INTERNET&NOT_RESTRICTED&TRUSTED&NOT_VCN_MANAGED Uid: 10043 RequestorUid: 10043 RequestorPkg: com.airtel.tv UnderlyingNetworks: Null] ]] callback flags: 0 order: 2147483647
10-04 10:38:41.584   696   910 D WifiNetworkFactory: got request NetworkRequest [ REQUEST id=1418, [ Capabilities: INTERNET&NOT_RESTRICTED&TRUSTED&NOT_VCN_MANAGED Uid: 10043 RequestorUid: 10043 RequestorPkg: com.airtel.tv UnderlyingNetworks: Null] ]
10-04 10:38:41.585   696   910 D UntrustedWifiNetworkFactory: got request NetworkRequest [ REQUEST id=1418, [ Capabilities: INTERNET&NOT_RESTRICTED&TRUSTED&NOT_VCN_MANAGED Uid: 10043 RequestorUid: 10043 RequestorPkg: com.airtel.tv UnderlyingNetworks: Null] ]
10-04 10:38:41.585   696   918 D ConnectivityService: NetReassign [1418 : null → 100] [c 0] [a 0] [i 2]
10-04 10:38:41.585   696   910 D OemPaidWifiNetworkFactory: got request NetworkRequest [ REQUEST id=1418, [ Capabilities: INTERNET&NOT_RESTRICTED&TRUSTED&NOT_VCN_MANAGED Uid: 10043 RequestorUid: 10043 RequestorPkg: com.airtel.tv UnderlyingNetworks: Null] ]
10-04 10:38:41.585   696   910 D MultiInternetWifiNetworkFactory: got request NetworkRequest [ REQUEST id=1418, [ Capabilities: INTERNET&NOT_RESTRICTED&TRUSTED&NOT_VCN_MANAGED Uid: 10043 RequestorUid: 10043 RequestorPkg: com.airtel.tv UnderlyingNetworks: Null] ]
10-04 10:38:41.604  3008  3048 D TchAvkoProvider: <<query>> content://com.oem.provider/device/wifi_name, null, null, null, null
10-04 10:38:41.604  3008  3048 D InfoProvider: feedQueryCursor single row table display
--------- beginning of main
10-04 10:38:41.734  8084  8174 E OpenGLRenderer: Unable to match the desired swap behavior.
10-04 10:38:41.775  8084  8084 D OmniRemote.OmniOTAImpl: device not found
10-04 10:38:41.775  8084  8084 D OTAWorker onResult = 258: 
10-04 10:38:41.776  8084  8084 D OTAWorker remote device not found: 
10-04 10:38:41.776  8084  8084 D OTAWorker: MainActivity OTAWorker event received tv.airtel.xstream.util.RxEvent$RCUOtaEvents$DeviceNotFound@e68f7a1
--------- beginning of system
10-04 10:38:41.779   982  1072 V WindowManagerShell: onTransitionReady android.os.BinderProxy@c6be4e4: {id=70 t=CLOSE f=0x0 trk=0 r=[0@Point(0, 0)] c=[{null m=CLOSE f=FILLS_TASK leash=Surface(name=ActivityRecord{f6a1f28 u0 com.airtel.tv/tv.airtel.xstream.ui.settings.NewSettingsFullscreenActivity)/@0x6061d4d sb=Rect(0, 0 - 1920, 1080) eb=Rect(0, 0 - 1920, 1080) d=0},{null m=TO_FRONT f=FILLS_TASK leash=Surface(name=ActivityRecord{2a1119e u0 com.airtel.tv/tv.airtel.xstream.ui.home.MainActivity)/@0x4162002 sb=Rect(0, 0 - 1920, 1080) eb=Rect(0, 0 - 1920, 1080) d=0}]}
10-04 10:38:41.779   982  1072 V WindowManagerShell: Playing animation for (#70)android.os.BinderProxy@c6be4e4@0
10-04 10:38:41.779   982  1072 V WindowManagerShell:  try handler com.android.wm.shell.keyguard.KeyguardTransitionHandler@5327bca
10-04 10:38:41.779   982  1072 V WindowManagerShell:  try handler com.android.wm.shell.activityembedding.ActivityEmbeddingController@72713b
10-04 10:38:41.779   982  1072 V WindowManagerShell:  try handler com.android.wm.shell.pip.tv.TvPipTransition@ddc6058
10-04 10:38:41.779   982  1072 V WindowManagerShell:  try handler com.android.wm.shell.transition.RemoteTransitionHandler@84005b1
10-04 10:38:41.780   982  1072 V WindowManagerShell: Transition doesn't have explicit remote, search filters for match for {id=70 t=CLOSE f=0x0 trk=0 r=[0@Point(0, 0)] c=[{null m=CLOSE f=FILLS_TASK leash=Surface(name=ActivityRecord{f6a1f28 u0 com.airtel.tv/tv.airtel.xstream.ui.settings.NewSettingsFullscreenActivity)/@0x6061d4d sb=Rect(0, 0 - 1920, 1080) eb=Rect(0, 0 - 1920, 1080) d=0},{null m=TO_FRONT f=FILLS_TASK leash=Surface(name=ActivityRecord{2a1119e u0 com.airtel.tv/tv.airtel.xstream.ui.home.MainActivity)/@0x4162002 sb=Rect(0, 0 - 1920, 1080) eb=Rect(0, 0 - 1920, 1080) d=0}]}
10-04 10:38:41.780   982  1072 V WindowManagerShell:  Delegate animation for #70 to null
10-04 10:38:41.780   982  1072 V WindowManagerShell:  try handler com.android.wm.shell.transition.DefaultTransitionHandler@ce48a96
10-04 10:38:41.780   982  1072 V WindowManagerShell: start default transition animation, info = {id=70 t=CLOSE f=0x0 trk=0 r=[0@Point(0, 0)] c=[{null m=CLOSE f=FILLS_TASK leash=Surface(name=ActivityRecord{f6a1f28 u0 com.airtel.tv/tv.airtel.xstream.ui.settings.NewSettingsFullscreenActivity)/@0x6061d4d sb=Rect(0, 0 - 1920, 1080) eb=Rect(0, 0 - 1920, 1080) d=0},{null m=TO_FRONT f=FILLS_TASK leash=Surface(name=ActivityRecord{2a1119e u0 com.airtel.tv/tv.airtel.xstream.ui.home.MainActivity)/@0x4162002 sb=Rect(0, 0 - 1920, 1080) eb=Rect(0, 0 - 1920, 1080) d=0}]}
10-04 10:38:41.781   982  1072 V WindowManagerShell: loadAnimation: anim=android.view.animation.AlphaAnimation@1ca3a4e animAttr=0x6 type=CLOSE isEntrance=true
10-04 10:38:41.782   982  1072 V WindowManagerShell: loadAnimation: anim=android.view.animation.AlphaAnimation@83cec7c animAttr=0x7 type=CLOSE isEntrance=false
10-04 10:38:41.782   696   808 V WindowManager: Sent Transition #70 createdAt=10-04 10:38:41.541 via request=TransitionRequestInfo { type = CLOSE, triggerTask = null, remoteTransition = null, displayChange = null }
10-04 10:38:41.782   696   808 V WindowManager:     startWCT=WindowContainerTransaction { changes = {} hops = [] errorCallbackToken=null taskFragmentOrganizer=null }
10-04 10:38:41.782   696   808 V WindowManager:     info={id=70 t=CLOSE f=0x0 trk=0 r=[0@Point(0, 0)] c=[{null m=CLOSE f=FILLS_TASK leash=Surface(name=ActivityRecord{f6a1f28 u0 com.airtel.tv/tv.airtel.xstream.ui.settings.NewSettingsFullscreenActivity)/@0x8f7a258 sb=Rect(0, 0 - 1920, 1080) eb=Rect(0, 0 - 1920, 1080) d=0},{null m=TO_FRONT f=FILLS_TASK leash=Surface(name=ActivityRecord{2a1119e u0 com.airtel.tv/tv.airtel.xstream.ui.home.MainActivity)/@0x747d6a7 sb=Rect(0, 0 - 1920, 1080) eb=Rect(0, 0 - 1920, 1080) d=0}]}
10-04 10:38:41.786   982  1072 V WindowManagerShell:  animated by com.android.wm.shell.transition.DefaultTransitionHandler@ce48a96
10-04 10:38:41.786  8084  8084 D NotifManager: pending success NotifGenericResponse(success=true, traceId=5d9e767ce33a48b8823a65ee4d098096, msg=success, data=null)
10-04 10:38:41.787  8084  9231 D ANALYTICS_IPTV: AnalyticsEventTracker ***Event***Event{ts=1728018521784, meta={"base_tarrif_id":"[ABP13915]","box_type":"iptv","app_version":"1.0.0019:237","box_model":"bx:1.2.3","firmware":"fw:1.2.3","linear_tarrif_id":"[NCF09900]"}, uid=5ye_gfsYCZe-PoQ4A0, did=8fb17cc052aef526, os=Android, ov=34, bn=237, nq=-1, nt=2, nct=0, lc=en|hi|ta|kn, av=1.0.0019, dt=STB, type=tv_on, adid=95acddf7-5a94-4681-bf0a-0a767be9f2c3, brand=Airtel-Xstream, model=XstreamIPTV1-VT, dname=Vantiva XstreamIPTV1-VT, appId=IPTV, sId=8fb17cc052aef526, profileId=, ab_test=86079:0|108429:0|42374:0|78244:0|95458:0|75817:0|60412:1|117812:1|120676:1|113632:1|116206:0|66480:0|100390:2|76965:1|110385:0|129832:2, city=Delhi, state=National Capital Territory of Delhi, country=India, firebase_id=687ecd54b0fd95386e529fbf62179576} Critical: false
10-04 10:38:41.804   696   969 I ImeTracker: com.airtel.tv:652eb2ee: onRequestHide at ORIGIN_SERVER_HIDE_INPUT reason HIDE_UNSPECIFIED_WINDOW
10-04 10:38:41.805   696   969 I ImeTracker: com.airtel.tv:652eb2ee: onCancelled at PHASE_SERVER_SHOULD_HIDE
10-04 10:38:41.807  7788  7788 I GoogleInputMethodService: GoogleInputMethodService.onFinishInput():3184 
10-04 10:38:41.810  7788  7788 I GoogleInputMethodService: GoogleInputMethodService.updateDeviceLockedStatus():2246 repeatCheckTimes = 0, locked = false
10-04 10:38:41.810  7788  7788 I GoogleInputMethodService: GoogleInputMethodService.onStartInput():1982 onStartInput(EditorInfo{EditorInfo{packageName=com.airtel.tv, inputType=0, inputTypeString=NULL, enableLearning=false, autoCorrection=false, autoComplete=false, imeOptions=0, privateImeOptions=null, actionName=UNSPECIFIED, actionLabel=null, initialSelStart=-1, initialSelEnd=-1, initialCapsMode=0, label=null, fieldId=0, fieldName=null, extras=null, hintText=null, hintLocales=[]}}, false)
10-04 10:38:41.811  7788  7788 I GoogleInputMethodService: GoogleInputMethodService.updateDeviceLockedStatus():2246 repeatCheckTimes = 1, locked = false
10-04 10:38:41.813  7788  7788 I AndroidIME: InputBundleManager.loadActiveInputBundleId():450 loadActiveInputBundleId: und-Latn-x-password, password
10-04 10:38:41.814  7788  7788 I EmojiCompatManager: EmojiCompatManager.getEmojiCompatIfLoaded():342 EmojiCompat.init() was never called.
10-04 10:38:41.814  7788  7788 I EmojiCompatManager: java.lang.IllegalStateException: EmojiCompat is not initialized. Please call EmojiCompat.init() first
10-04 10:38:41.814  7788  7788 I EmojiCompatManager: 	at so.g(PG:3)
10-04 10:38:41.814  7788  7788 I EmojiCompatManager: 	at abd.a(PG:6)
10-04 10:38:41.814  7788  7788 I EmojiCompatManager: 	at edb.d(PG:1)
10-04 10:38:41.814  7788  7788 I EmojiCompatManager: 	at edb.b(PG:6)
10-04 10:38:41.814  7788  7788 I EmojiCompatManager: 	at com.android.inputmethod.latin.LatinIME.f(PG:286)
10-04 10:38:41.814  7788  7788 I EmojiCompatManager: 	at epp.onStartInput(PG:170)
10-04 10:38:41.814  7788  7788 I EmojiCompatManager: 	at android.inputmethodservice.InputMethodService.doStartInput(InputMethodService.java:3115)
10-04 10:38:41.814  7788  7788 I EmojiCompatManager: 	at android.inputmethodservice.InputMethodService$InputMethodImpl.startInput(InputMethodService.java:824)
10-04 10:38:41.814  7788  7788 I EmojiCompatManager: 	at android.inputmethodservice.InputMethodService$InputMethodImpl.dispatchStartInput(InputMethodService.java:853)
10-04 10:38:41.814  7788  7788 I EmojiCompatManager: 	at android.inputmethodservice.IInputMethodWrapper.executeMessage(IInputMethodWrapper.java:197)
10-04 10:38:41.814  7788  7788 I EmojiCompatManager: 	at com.android.internal.os.HandlerCaller$MyHandler.handleMessage(HandlerCaller.java:44)
10-04 10:38:41.814  7788  7788 I EmojiCompatManager: 	at android.os.Handler.dispatchMessage(Handler.java:106)
10-04 10:38:41.814  7788  7788 I EmojiCompatManager: 	at android.os.Looper.loopOnce(Looper.java:205)
10-04 10:38:41.814  7788  7788 I EmojiCompatManager: 	at android.os.Looper.loop(Looper.java:294)
10-04 10:38:41.814  7788  7788 I EmojiCompatManager: 	at android.app.ActivityThread.main(ActivityThread.java:8177)
10-04 10:38:41.814  7788  7788 I EmojiCompatManager: 	at java.lang.reflect.Method.invoke(Native Method)
10-04 10:38:41.814  7788  7788 I EmojiCompatManager: 	at com.android.internal.os.RuntimeInit$MethodAndArgsCaller.run(RuntimeInit.java:552)
10-04 10:38:41.814  7788  7788 I EmojiCompatManager: 	at com.android.internal.os.ZygoteInit.main(ZygoteInit.java:971)
10-04 10:38:41.836   696  1326 D ConnectivityService: requestNetwork for uid/pid:10043/8084 activeRequest: null callbackRequest: 1419 [NetworkRequest [ REQUEST id=1420, [ Capabilities: INTERNET&NOT_RESTRICTED&TRUSTED&NOT_VCN_MANAGED Uid: 10043 RequestorUid: 10043 RequestorPkg: com.airtel.tv UnderlyingNetworks: Null] ]] callback flags: 0 order: 2147483647
10-04 10:38:41.838   696   910 D WifiNetworkFactory: got request NetworkRequest [ REQUEST id=1420, [ Capabilities: INTERNET&NOT_RESTRICTED&TRUSTED&NOT_VCN_MANAGED Uid: 10043 RequestorUid: 10043 RequestorPkg: com.airtel.tv UnderlyingNetworks: Null] ]
10-04 10:38:41.838   696   910 D UntrustedWifiNetworkFactory: got request NetworkRequest [ REQUEST id=1420, [ Capabilities: INTERNET&NOT_RESTRICTED&TRUSTED&NOT_VCN_MANAGED Uid: 10043 RequestorUid: 10043 RequestorPkg: com.airtel.tv UnderlyingNetworks: Null] ]
10-04 10:38:41.839   696   910 D OemPaidWifiNetworkFactory: got request NetworkRequest [ REQUEST id=1420, [ Capabilities: INTERNET&NOT_RESTRICTED&TRUSTED&NOT_VCN_MANAGED Uid: 10043 RequestorUid: 10043 RequestorPkg: com.airtel.tv UnderlyingNetworks: Null] ]
10-04 10:38:41.839   696   910 D MultiInternetWifiNetworkFactory: got request NetworkRequest [ REQUEST id=1420, [ Capabilities: INTERNET&NOT_RESTRICTED&TRUSTED&NOT_VCN_MANAGED Uid: 10043 RequestorUid: 10043 RequestorPkg: com.airtel.tv UnderlyingNetworks: Null] ]
10-04 10:38:41.839   696   918 D ConnectivityService: NetReassign [1420 : null → 100] [c 1] [a 0] [i 2]
10-04 10:38:42.045   426  1494 D rtk_heartbeat: heartbeat_timed_out: heartbeatCmdCount = 44426, expected nextSeqNum = 44426
10-04 10:38:42.046   426  1381 D rtk_heartbeat: rtkbt_heartbeat_cmpl_cback: Current SeqNum = 44426,should SeqNum=44426, status = 0
10-04 10:38:42.083  8084  8143 I WM-WorkerWrapper: Worker result SUCCESS for Work [ id=89c34288-dc91-42af-b06d-346b83cd4641, tags={ tv.airtel.wynk.analytics.sync.service.AnalyticsSyncService, com.airtel.analyticsSyncService } ]
10-04 10:38:42.120  8084  8143 I WM-WorkerWrapper: Worker result SUCCESS for Work [ id=c437861e-8fad-4a1a-b59c-e1fd1d5948ad, tags={ tv.airtel.wynk.analytics.sync.service.AnalyticsSyncService, com.airtel.analyticsSyncService } ]
10-04 10:38:42.190  8084  8143 I WM-WorkerWrapper: Worker result SUCCESS for Work [ id=310811bb-33c6-4ba0-9d18-135771dbe07e, tags={ tv.airtel.wynk.analytics.sync.service.AnalyticsSyncService, com.airtel.analyticsSyncService } ]
10-04 10:38:42.195   982  1072 V WindowManagerShell: Transition animation finished (aborted=false), notifying core (#70)android.os.BinderProxy@c6be4e4@0
10-04 10:38:42.197   696   808 V WindowManager: Finish Transition #70: created at 10-04 10:38:41.541 collect-started=0.162ms request-sent=1.107ms started=5.884ms ready=19.627ms sent=233.878ms finished=655.514ms
10-04 10:38:42.202   982  1072 V WindowManagerShell: Track 0 became idle
10-04 10:38:42.202   982  1072 V WindowManagerShell: All active transition animations finished
--------- beginning of kernel
10-04 10:38:42.273     0     0 W [3 T1289  ..] RTW: rtw_get_sta_tx_stat() not support
10-04 10:38:42.273     0     0 W [3 T1289  ..] RTW: cfg80211_rtw_get_txpower
10-04 10:38:42.262  8084  8084 W WindowOnBackDispatcher: sendCancelIfRunning: isInProgress=falsecallback=android.view.ViewRootImpl$$ExternalSyntheticLambda11@3e77411
10-04 10:38:42.262   696  2853 D CoreBackPreview: Window{7cc3b6c u0 com.airtel.tv/tv.airtel.xstream.ui.settings.NewSettingsFullscreenActivity}: Setting back callback null
10-04 10:38:42.266   696  2853 W InputManager-JNI: Input channel object '7cc3b6c com.airtel.tv/tv.airtel.xstream.ui.settings.NewSettingsFullscreenActivity (client)' was disposed without first being removed with the input manager!
10-04 10:38:42.273   696   969 W JobScheduler: Job didn't exist in JobStore: 1c2a0da #u0a43/3267 com.airtel.tv/androidx.work.impl.background.systemjob.SystemJobService
10-04 10:38:42.327  8084  8143 I WM-WorkerWrapper: Worker result SUCCESS for Work [ id=a306250d-fdf4-4875-a6aa-271c60008479, tags={ tv.airtel.wynk.analytics.sync.service.AnalyticsSyncService, com.airtel.analyticsSyncService } ]
10-04 10:38:42.363  1154  1154 D NetflixService: handleMessage
10-04 10:38:42.365  1154  1154 D NetflixService: com.airtel.tv is visible.
10-04 10:38:42.365  1154  1154 D NetflixService: com.netflix.ninja is not top activity.
10-04 10:38:42.366  1154  1154 D NetflixService: processName:com.netflix.ninja,importance:400
10-04 10:38:42.367  1154  1154 D NetflixService: com.netflix.ninjais not top activity.
10-04 10:38:42.367  1154  1154 I NetflixService: fg: false  mIsNetflixFg: false
10-04 10:38:42.372  1154  1154 D NetflixService: com.airtel.tv is visible.
10-04 10:38:42.372  1154  1154 D NetflixService: com.google.android.youtube.tv is not top activity.
10-04 10:38:42.417   424   424 D audio_hw_hal_primary: [out_standby_new:5414] io 13: out:0xf2d00740 usecase:PCM_NORMAL
10-04 10:38:42.417   424   424 I audio_hw_hal_primary: [do_output_standby_l:5310] io 13: out:0xf2d00740, stream usecase:PCM_NORMAL, continuous:1
10-04 10:38:42.417   424   424 I audio_hw_hal_primary: [usecase_change_validate_l:7065] ++ io 13: out:0xf2d00740 dev masks:0x1 is_standby:1 out usecase:PCM_NORMAL
10-04 10:38:42.417   424   424 I audio_hw_hal_primary: [usecase_change_validate_l:7102] -- dev masks:0 is_standby:1 out usecase PCM_NORMAL
10-04 10:38:42.417   424   424 D audio_hw_hal_primary: [out_standby_new:5437] io 13: out:0xf2d00740 usecase:PCM_NORMAL exit
10-04 10:38:42.455  8084  8143 I WM-WorkerWrapper: Worker result SUCCESS for Work [ id=1f2036bf-d568-4066-a324-188a37df5533, tags={ tv.airtel.wynk.analytics.sync.service.AnalyticsSyncService, com.airtel.analyticsSyncService } ]
10-04 10:38:42.502   424   582 D libdolbyms12: continuous underrun 2
10-04 10:38:42.832   696  1553 E TaskPersister: File error accessing recents directory (directory doesn't exist?).
10-04 10:38:43.045   426  1494 D rtk_heartbeat: heartbeat_timed_out: heartbeatCmdCount = 44427, expected nextSeqNum = 44427
10-04 10:38:43.046   426  1381 D rtk_heartbeat: rtkbt_heartbeat_cmpl_cback: Current SeqNum = 44427,should SeqNum=44427, status = 0
10-04 10:38:43.084  1154  1154 I ThermalService: CPU temperatures: [43.300003]
10-04 10:38:43.732 11760 11760 D MonkeyStub: translateCommand: press DPAD_RIGHT
10-04 10:38:43.735   459   459 I lights-tch: flashMode 0 id 2 onMs 0 offMs 0 brightness 0
10-04 10:38:43.738   459   459 I lights-tch: flashMode 0 id 2 onMs 0 offMs 0 brightness 225
--------- beginning of main
10-04 10:38:44.046   426  1494 D rtk_heartbeat: heartbeat_timed_out: heartbeatCmdCount = 44428, expected nextSeqNum = 44428
10-04 10:38:44.047   426  1381 D rtk_heartbeat: rtkbt_heartbeat_cmpl_cback: Current SeqNum = 44428,should SeqNum=44428, status = 0
10-04 10:38:45.046   426  1494 D rtk_heartbeat: heartbeat_timed_out: heartbeatCmdCount = 44429, expected nextSeqNum = 44429
10-04 10:38:45.047   426  1381 D rtk_heartbeat: rtkbt_heartbeat_cmpl_cback: Current SeqNum = 44429,should SeqNum=44429, status = 0
10-04 10:38:45.088  1154  1154 I ThermalService: CPU temperatures: [42.800003]
--------- beginning of kernel
10-04 10:38:45.279     0     0 W [3 T1289  ..] RTW: rtw_get_sta_tx_stat() not support
10-04 10:38:45.279     0     0 W [3 T1289  ..] RTW: cfg80211_rtw_get_txpower
10-04 10:38:45.903 11760 11760 D MonkeyStub: translateCommand: press DPAD_DOWN
10-04 10:38:45.906   459   459 I lights-tch: flashMode 0 id 2 onMs 0 offMs 0 brightness 0
10-04 10:38:45.908   459   459 I lights-tch: flashMode 0 id 2 onMs 0 offMs 0 brightness 225
10-04 10:38:45.927  3008  7087 D TchAvkoProvider: <<query>> content://com.oem.provider/device/wifi_name, null, null, null, null
10-04 10:38:45.927  3008  7087 D InfoProvider: feedQueryCursor single row table display
10-04 10:38:45.939  8084  8084 D ANALYTICS_IPTV: AnalyticsEventTracker ***Event***Event{ts=1728018525936, meta={"box_type":"iptv","asset_name":"Wi-Fi","app_version":"1.0.0019:237","box_model":"bx:1.2.3","action":"settings_focus","customer_id":"3026341863","firmware":"fw:1.2.3","source_name":"settings_L1"}, uid=5ye_gfsYCZe-PoQ4A0, did=8fb17cc052aef526, os=Android, ov=34, bn=237, nq=-1, nt=2, nct=0, lc=en|hi|ta|kn, av=1.0.0019, dt=STB, type=focus, adid=95acddf7-5a94-4681-bf0a-0a767be9f2c3, brand=Airtel-Xstream, model=XstreamIPTV1-VT, dname=Vantiva XstreamIPTV1-VT, appId=IPTV, sId=8fb17cc052aef526, profileId=, ab_test=86079:0|108429:0|42374:0|78244:0|95458:0|75817:0|60412:1|117812:1|120676:1|113632:1|116206:0|66480:0|100390:2|76965:1|110385:0|129832:2, city=Delhi, state=National Capital Territory of Delhi, country=India, firebase_id=687ecd54b0fd95386e529fbf62179576} Critical: false
--------- beginning of kernel
10-04 10:38:46.096     0     0 W [0 T232   ..] logd: Skipping entries from slow reader, pid 3160, fd 18, from LogBuffer::Prune()
--------- beginning of main
10-04 10:38:46.105   424  8590 I audio_hw_hal_primary: [audiohal_get_latency:1258] io 13: out:0xf2d00740 frames:3072 rate:48000 whole_latency:64 alsa_latency:64
10-04 10:38:46.127   424  8590 I audio_hw_hal_primary: [audiohal_get_latency:1258] io 13: out:0xf2d00740 frames:3072 rate:48000 whole_latency:64 alsa_latency:64
10-04 10:38:46.131  8084  8143 I WM-WorkerWrapper: Worker result SUCCESS for Work [ id=03f9a4ed-7bab-46fe-b645-d0faae9f74aa, tags={ tv.airtel.wynk.analytics.sync.service.AnalyticsSyncService, com.airtel.analyticsSyncService } ]
10-04 10:38:46.144   424  8590 I audio_hw_hal_primary: [audiohal_get_latency:1258] io 13: out:0xf2d00740 frames:3072 rate:48000 whole_latency:64 alsa_latency:64
--------- beginning of system
10-04 10:38:46.153   696  1104 W JobScheduler: Job didn't exist in JobStore: be32e73 #u0a43/3273 com.airtel.tv/androidx.work.impl.background.systemjob.SystemJobService
10-04 10:38:46.165   424  8590 I audio_hw_hal_primary: [audiohal_get_latency:1258] io 13: out:0xf2d00740 frames:3072 rate:48000 whole_latency:64 alsa_latency:64
10-04 10:38:46.184   424  8590 I audio_hw_hal_primary: [audiohal_get_latency:1258] io 13: out:0xf2d00740 frames:3072 rate:48000 whole_latency:64 alsa_latency:64
10-04 10:38:46.206   424  8590 I audio_hw_hal_primary: [audiohal_get_latency:1258] io 13: out:0xf2d00740 frames:3072 rate:48000 whole_latency:64 alsa_latency:64
10-04 10:38:46.206   472   662 D audioserver: FGS Logger Transaction failed
10-04 10:38:46.206   472   662 D audioserver: -129
10-04 10:38:46.232   696   969 D ConnectivityService: requestNetwork for uid/pid:10043/8084 activeRequest: null callbackRequest: 1423 [NetworkRequest [ REQUEST id=1424, [ Capabilities: INTERNET&NOT_RESTRICTED&TRUSTED&NOT_VCN_MANAGED Uid: 10043 RequestorUid: 10043 RequestorPkg: com.airtel.tv UnderlyingNetworks: Null] ]] callback flags: 0 order: 2147483647
10-04 10:38:46.234   696   910 D WifiNetworkFactory: got request NetworkRequest [ REQUEST id=1424, [ Capabilities: INTERNET&NOT_RESTRICTED&TRUSTED&NOT_VCN_MANAGED Uid: 10043 RequestorUid: 10043 RequestorPkg: com.airtel.tv UnderlyingNetworks: Null] ]
10-04 10:38:46.234   696   910 D UntrustedWifiNetworkFactory: got request NetworkRequest [ REQUEST id=1424, [ Capabilities: INTERNET&NOT_RESTRICTED&TRUSTED&NOT_VCN_MANAGED Uid: 10043 RequestorUid: 10043 RequestorPkg: com.airtel.tv UnderlyingNetworks: Null] ]
10-04 10:38:46.235   696   918 D ConnectivityService: NetReassign [1424 : null → 100] [c 1] [a 1] [i 1]
10-04 10:38:46.235   696   910 D OemPaidWifiNetworkFactory: got request NetworkRequest [ REQUEST id=1424, [ Capabilities: INTERNET&NOT_RESTRICTED&TRUSTED&NOT_VCN_MANAGED Uid: 10043 RequestorUid: 10043 RequestorPkg: com.airtel.tv UnderlyingNetworks: Null] ]
10-04 10:38:46.235   696   910 D MultiInternetWifiNetworkFactory: got request NetworkRequest [ REQUEST id=1424, [ Capabilities: INTERNET&NOT_RESTRICTED&TRUSTED&NOT_VCN_MANAGED Uid: 10043 RequestorUid: 10043 RequestorPkg: com.airtel.tv UnderlyingNetworks: Null] ]
10-04 10:38:46.260  8084  8143 I WM-WorkerWrapper: Worker result SUCCESS for Work [ id=f6bc8a59-7489-4efe-acf5-ec6dd5dad6d4, tags={ tv.airtel.wynk.analytics.sync.service.AnalyticsSyncService, com.airtel.analyticsSyncService } ]
10-04 10:38:46.280   696  1104 W JobScheduler: Job didn't exist in JobStore: f30005c #u0a43/3274 com.airtel.tv/androidx.work.impl.background.systemjob.SystemJobService
10-04 10:38:46.423   424   582 I audio_hw_hal_alsamgr: alsa format =0x1 delay frames =1024 total frames=2133760000
10-04 10:38:47.046   426  1494 D rtk_heartbeat: heartbeat_timed_out: heartbeatCmdCount = 44431, expected nextSeqNum = 44431
10-04 10:38:47.047   426  1381 D rtk_heartbeat: rtkbt_heartbeat_cmpl_cback: Current SeqNum = 44431,should SeqNum=44431, status = 0
10-04 10:38:47.092  1154  1154 I ThermalService: CPU temperatures: [42.9]
10-04 10:38:48.046   426  1494 D rtk_heartbeat: heartbeat_timed_out: heartbeatCmdCount = 44432, expected nextSeqNum = 44432
10-04 10:38:48.047   426  1381 D rtk_heartbeat: rtkbt_heartbeat_cmpl_cback: Current SeqNum = 44432,should SeqNum=44432, status = 0
10-04 10:38:48.110 11760 11760 D MonkeyStub: translateCommand: press DPAD_RIGHT
10-04 10:38:48.113   459   459 I lights-tch: flashMode 0 id 2 onMs 0 offMs 0 brightness 0
10-04 10:38:48.116   459   459 I lights-tch: flashMode 0 id 2 onMs 0 offMs 0 brightness 225
10-04 10:38:48.135  8084  8084 D ANALYTICS_IPTV: AnalyticsEventTracker ***Event***Event{ts=1728018528127, meta={"box_type":"iptv","asset_name":"Bluetooth","app_version":"1.0.0019:237","box_model":"bx:1.2.3","action":"settings_focus","customer_id":"3026341863","firmware":"fw:1.2.3","source_name":"settings_L1"}, uid=5ye_gfsYCZe-PoQ4A0, did=8fb17cc052aef526, os=Android, ov=34, bn=237, nq=-1, nt=2, nct=0, lc=en|hi|ta|kn, av=1.0.0019, dt=STB, type=focus, adid=95acddf7-5a94-4681-bf0a-0a767be9f2c3, brand=Airtel-Xstream, model=XstreamIPTV1-VT, dname=Vantiva XstreamIPTV1-VT, appId=IPTV, sId=8fb17cc052aef526, profileId=, ab_test=86079:0|108429:0|42374:0|78244:0|95458:0|75817:0|60412:1|117812:1|120676:1|113632:1|116206:0|66480:0|100390:2|76965:1|110385:0|129832:2, city=Delhi, state=National Capital Territory of Delhi, country=India, firebase_id=687ecd54b0fd95386e529fbf62179576} Critical: false
10-04 10:38:48.190     0     0 I [0 T230   ..] logd: logdr: UID=2000 GID=2000 PID=12024 n tail=0 logMask=99 pid=0 start=0ns deadline=0ns
--------- beginning of kernel
10-04 10:38:48.287     0     0 W [2 T1289  ..] RTW: rtw_get_sta_tx_stat() not support
10-04 10:38:48.287     0     0 W [2 T1289  ..] RTW: cfg80211_rtw_get_txpower
--------- beginning of main
10-04 10:38:48.320   696   969 D ConnectivityService: requestNetwork for uid/pid:10043/8084 activeRequest: null callbackRequest: 1425 [NetworkRequest [ REQUEST id=1426, [ Capabilities: INTERNET&NOT_RESTRICTED&TRUSTED&NOT_VCN_MANAGED Uid: 10043 RequestorUid: 10043 RequestorPkg: com.airtel.tv UnderlyingNetworks: Null] ]] callback flags: 0 order: 2147483647
10-04 10:38:48.324   696   918 D ConnectivityService: NetReassign [1426 : null → 100] [c 0] [a 1] [i 2]
10-04 10:38:48.324   696   910 D WifiNetworkFactory: got request NetworkRequest [ REQUEST id=1426, [ Capabilities: INTERNET&NOT_RESTRICTED&TRUSTED&NOT_VCN_MANAGED Uid: 10043 RequestorUid: 10043 RequestorPkg: com.airtel.tv UnderlyingNetworks: Null] ]
10-04 10:38:48.324   696   910 D UntrustedWifiNetworkFactory: got request NetworkRequest [ REQUEST id=1426, [ Capabilities: INTERNET&NOT_RESTRICTED&TRUSTED&NOT_VCN_MANAGED Uid: 10043 RequestorUid: 10043 RequestorPkg: com.airtel.tv UnderlyingNetworks: Null] ]
10-04 10:38:48.325   696   910 D OemPaidWifiNetworkFactory: got request NetworkRequest [ REQUEST id=1426, [ Capabilities: INTERNET&NOT_RESTRICTED&TRUSTED&NOT_VCN_MANAGED Uid: 10043 RequestorUid: 10043 RequestorPkg: com.airtel.tv UnderlyingNetworks: Null] ]
10-04 10:38:48.325   696   910 D MultiInternetWifiNetworkFactory: got request NetworkRequest [ REQUEST id=1426, [ Capabilities: INTERNET&NOT_RESTRICTED&TRUSTED&NOT_VCN_MANAGED Uid: 10043 RequestorUid: 10043 RequestorPkg: com.airtel.tv UnderlyingNetworks: Null] ]
10-04 10:38:48.350   424  8590 I audio_hw_hal_primary: [audiohal_get_latency:1258] io 13: out:0xf2d00740 frames:3072 rate:48000 whole_latency:64 alsa_latency:64
10-04 10:38:48.363  8084  8193 I WM-WorkerWrapper: Worker result SUCCESS for Work [ id=f7ed669a-45a5-4025-b8a1-d460ded8e48d, tags={ tv.airtel.wynk.analytics.sync.service.AnalyticsSyncService, com.airtel.analyticsSyncService } ]
10-04 10:38:48.372   424  8590 I audio_hw_hal_primary: [audiohal_get_latency:1258] io 13: out:0xf2d00740 frames:3072 rate:48000 whole_latency:64 alsa_latency:64
10-04 10:38:48.393   424  8590 I audio_hw_hal_primary: [audiohal_get_latency:1258] io 13: out:0xf2d00740 frames:3072 rate:48000 whole_latency:64 alsa_latency:64
10-04 10:38:48.415   424  8590 I audio_hw_hal_primary: [audiohal_get_latency:1258] io 13: out:0xf2d00740 frames:3072 rate:48000 whole_latency:64 alsa_latency:64
10-04 10:38:48.436   424  8590 I audio_hw_hal_primary: [audiohal_get_latency:1258] io 13: out:0xf2d00740 frames:3072 rate:48000 whole_latency:64 alsa_latency:64
10-04 10:38:48.446   696   969 D ConnectivityService: requestNetwork for uid/pid:10043/8084 activeRequest: null callbackRequest: 1427 [NetworkRequest [ REQUEST id=1428, [ Capabilities: INTERNET&NOT_RESTRICTED&TRUSTED&NOT_VCN_MANAGED Uid: 10043 RequestorUid: 10043 RequestorPkg: com.airtel.tv UnderlyingNetworks: Null] ]] callback flags: 0 order: 2147483647
10-04 10:38:48.448   696   910 D WifiNetworkFactory: got request NetworkRequest [ REQUEST id=1428, [ Capabilities: INTERNET&NOT_RESTRICTED&TRUSTED&NOT_VCN_MANAGED Uid: 10043 RequestorUid: 10043 RequestorPkg: com.airtel.tv UnderlyingNetworks: Null] ]
10-04 10:38:48.448   696   910 D UntrustedWifiNetworkFactory: got request NetworkRequest [ REQUEST id=1428, [ Capabilities: INTERNET&NOT_RESTRICTED&TRUSTED&NOT_VCN_MANAGED Uid: 10043 RequestorUid: 10043 RequestorPkg: com.airtel.tv UnderlyingNetworks: Null] ]
10-04 10:38:48.448   696   910 D OemPaidWifiNetworkFactory: got request NetworkRequest [ REQUEST id=1428, [ Capabilities: INTERNET&NOT_RESTRICTED&TRUSTED&NOT_VCN_MANAGED Uid: 10043 RequestorUid: 10043 RequestorPkg: com.airtel.tv UnderlyingNetworks: Null] ]
10-04 10:38:48.449   696   910 D MultiInternetWifiNetworkFactory: got request NetworkRequest [ REQUEST id=1428, [ Capabilities: INTERNET&NOT_RESTRICTED&TRUSTED&NOT_VCN_MANAGED Uid: 10043 RequestorUid: 10043 RequestorPkg: com.airtel.tv UnderlyingNetworks: Null] ]
10-04 10:38:48.449   696   918 D ConnectivityService: NetReassign [1428 : null → 100] [c 0] [a 1] [i 2]
10-04 10:38:48.458   424  8590 I audio_hw_hal_primary: [audiohal_get_latency:1258] io 13: out:0xf2d00740 frames:3072 rate:48000 whole_latency:64 alsa_latency:64
10-04 10:38:48.478  8084  8195 I WM-WorkerWrapper: Worker result SUCCESS for Work [ id=8e0808ad-ceb3-4055-85fc-9cf344e2bcb9, tags={ tv.airtel.wynk.analytics.sync.service.AnalyticsSyncService, com.airtel.analyticsSyncService } ]
10-04 10:38:48.478   424  8590 I audio_hw_hal_primary: [audiohal_get_latency:1258] io 13: out:0xf2d00740 frames:3072 rate:48000 whole_latency:64 alsa_latency:64
--------- beginning of system
10-04 10:38:48.492   696  1104 W JobScheduler: Job didn't exist in JobStore: fbc7092 #u0a43/3276 com.airtel.tv/androidx.work.impl.background.systemjob.SystemJobService
10-04 10:38:48.500   424  8590 I audio_hw_hal_primary: [audiohal_get_latency:1258] io 13: out:0xf2d00740 frames:3072 rate:48000 whole_latency:64 alsa_latency:64
10-04 10:38:48.500   472   662 D audioserver: FGS Logger Transaction failed
10-04 10:38:48.500   472   662 D audioserver: -129
10-04 10:38:49.046   426  1494 D rtk_heartbeat: heartbeat_timed_out: heartbeatCmdCount = 44433, expected nextSeqNum = 44433
10-04 10:38:49.047   426  1381 D rtk_heartbeat: rtkbt_heartbeat_cmpl_cback: Current SeqNum = 44433,should SeqNum=44433, status = 0
10-04 10:38:49.095  1154  1154 I ThermalService: CPU temperatures: [44.4]
10-04 10:38:49.744  8084  8093 I com.airtel.tv: Background concurrent copying GC freed 466665(20MB) AllocSpace objects, 122(3176KB) LOS objects, 13% free, 149MB/173MB, paused 165us,139us total 1.530s
10-04 10:38:50.047   426  1494 D rtk_heartbeat: heartbeat_timed_out: heartbeatCmdCount = 44434, expected nextSeqNum = 44434
10-04 10:38:50.048   426  1381 D rtk_heartbeat: rtkbt_heartbeat_cmpl_cback: Current SeqNum = 44434,should SeqNum=44434, status = 0
10-04 10:38:51.038   424  8590 I audio_hw_hal_stream: aml_stream_out_info_print: out:0xf2d00740, stream_type:pcm, sync_mode:non tunnel, input_size:92995584 bytes
10-04 10:38:51.038   424  8590 I audio_hw_hal_stream: aml_stream_out_info_print: last_time:44470601 ms (sec:44470, nsec:601527996), last_position:484188 ms (23241040), cur_time:44470622 ms (sec:44470, nsec:622735288), cur_position:484209 ms (23242064)
10-04 10:38:51.038   424  8590 I audio_hw_hal_stream: aml_stream_out_info_print: time_gap:21 ms (thr:100 ms), position_gap:21 ms, delay:142 ms, jitter: Position gap is ahead of system time gap by 0 ms (thr:100 ms)
10-04 10:38:51.047   426  1494 D rtk_heartbeat: heartbeat_timed_out: heartbeatCmdCount = 44435, expected nextSeqNum = 44435
10-04 10:38:51.048   426  1381 D rtk_heartbeat: rtkbt_heartbeat_cmpl_cback: Current SeqNum = 44435,should SeqNum=44435, status = 0
10-04 10:38:51.099  1154  1154 I ThermalService: CPU temperatures: [42.9]
10-04 10:38:51.296     0     0 W [3 T1289  ..] RTW: rtw_get_sta_tx_stat() not support
10-04 10:38:51.296     0     0 W [3 T1289  ..] RTW: cfg80211_rtw_get_txpower
10-04 10:38:51.316   424   471 D audio_hw_hal_primary: [out_standby_new:5414] io 13: out:0xf2d00740 usecase:PCM_NORMAL
10-04 10:38:51.317   424   471 I audio_hw_hal_primary: [do_output_standby_l:5310] io 13: out:0xf2d00740, stream usecase:PCM_NORMAL, continuous:1
10-04 10:38:51.317   424   471 I audio_hw_hal_primary: [usecase_change_validate_l:7065] ++ io 13: out:0xf2d00740 dev masks:0x1 is_standby:1 out usecase:PCM_NORMAL
10-04 10:38:51.317   424   471 I audio_hw_hal_primary: [usecase_change_validate_l:7102] -- dev masks:0 is_standby:1 out usecase PCM_NORMAL
10-04 10:38:51.317   424   471 D audio_hw_hal_primary: [out_standby_new:5437] io 13: out:0xf2d00740 usecase:PCM_NORMAL exit
10-04 10:38:51.382   424   582 D libdolbyms12: continuous underrun 2
10-04 10:38:51.702  1826  1826 D BoundBrokerSvc: onUnbind: Intent { act=com.google.android.gms.measurement.START pkg=com.google.android.gms }
10-04 10:38:51.756   424   582 I audio_hw_hal_alsamgr: alsa format =0x1 delay frames =1024 total frames=2134016000
10-04 10:38:52.047   426  1494 D rtk_heartbeat: heartbeat_timed_out: heartbeatCmdCount = 44436, expected nextSeqNum = 44436
10-04 10:38:52.048   426  1381 D rtk_heartbeat: rtkbt_heartbeat_cmpl_cback: Current SeqNum = 44436,should SeqNum=44436, status = 0
10-04 10:38:52.315 11760 11760 D MonkeyStub: translateCommand: press DPAD_CENTER
10-04 10:38:52.318   459   459 I lights-tch: flashMode 0 id 2 onMs 0 offMs 0 brightness 0
10-04 10:38:52.320   459   459 I lights-tch: flashMode 0 id 2 onMs 0 offMs 0 brightness 225
10-04 10:38:52.328  8084  8084 D ANALYTICS_IPTV: AnalyticsEventTracker ***Event***Event{ts=1728018532325, meta={"box_type":"iptv","source_of_stream":"7 | Home.screen_visible.none.none.none.none.none.none.none | none.screen_visible.none.none.none.none.none.none.none | settings_L1.click.settings_click.none.none.none.Bluetooth.none.none","asset_name":"Bluetooth","app_version":"1.0.0019:237","box_model":"bx:1.2.3","action":"settings_click","customer_id":"3026341863","firmware":"fw:1.2.3","source_name":"settings_L1"}, uid=5ye_gfsYCZe-PoQ4A0, did=8fb17cc052aef526, os=Android, ov=34, bn=237, nq=-1, nt=2, nct=0, lc=en|hi|ta|kn, av=1.0.0019, dt=STB, type=click, adid=95acddf7-5a94-4681-bf0a-0a767be9f2c3, brand=Airtel-Xstream, model=XstreamIPTV1-VT, dname=Vantiva XstreamIPTV1-VT, appId=IPTV, sId=8fb17cc052aef526, profileId=, ab_test=86079:0|108429:0|42374:0|78244:0|95458:0|75817:0|60412:1|117812:1|120676:1|113632:1|116206:0|66480:0|100390:2|76965:1|110385:0|129832:2, city=Delhi, state=National Capital Territory of Delhi, country=India, firebase_id=687ecd54b0fd95386e529fbf62179576} Critical: false
10-04 10:38:52.343   696  1088 E CellBroadcastUtils: getDefaultCellBroadcastReceiverPackageName: no package found
10-04 10:38:52.359   424   424 I audio_hw_hal_primary: [register_audio_patch:7826] Patch 3:id:3 mix(io:13)->dev_0[OUT_HDMI(id:18)] found, register the same patch, do nothing.
10-04 10:38:52.359   424   424 I audio_hw_hal_primary: [adev_create_audio_patch:7927] Patch 3: MIX->DEVICE, num_src:1 num_sink:1 patch_src:INVAL
10-04 10:38:52.359   424   424 I audio_hw_hal_primary: [adev_create_audio_patch:7931] sink[0]: OUT_HDMI(id:18)
10-04 10:38:52.359   424   424 I audio_hw_hal_primary: [adev_create_audio_patch:7988] Patch 3: mix(io:13) -> dev[OUT_HDMI(id:18)]
10-04 10:38:52.359   424   424 I audio_hw_hal_primary: [adev_create_audio_patch:8056] dev=0xf3782930 cur_out_device=0x400
10-04 10:38:52.359   982  1072 V WindowManagerShell: Transition requested: android.os.BinderProxy@eaa5468 TransitionRequestInfo { type = OPEN, triggerTask = TaskInfo{userId=0 taskId=264 displayId=0 isRunning=true baseIntent=Intent { act=com.android.tv.settings flg=0x10800000 cmp=com.android.tv.settings/.accessories.AddAccessoryActivity } baseActivity=ComponentInfo{com.android.tv.settings/com.android.tv.settings.accessories.AddAccessoryActivity} topActivity=ComponentInfo{com.android.tv.settings/com.android.tv.settings.accessories.AddAccessoryActivity} origActivity=null realActivity=ComponentInfo{com.android.tv.settings/com.android.tv.settings.accessories.AddAccessoryActivity} numActivities=1 lastActiveTime=44471943 supportsMultiWindow=false resizeMode=1 isResizeable=true minWidth=-1 minHeight=-1 defaultMinSize=220 token=WCT{android.window.IWindowContainerToken$Stub$Proxy@4add081} topActivityType=1 pictureInPictureParams=null shouldDockBigOverlays=true launchIntoPipHostTaskId=-1 lastParentTaskIdBeforePip=-1 displayCutoutSafeInsets=null topActivityInfo=ActivityInfo{84f4526 com.android.tv.settings.accessories.AddAccessoryActivity} launchCookies=[] positionInParent=Point(0, 0) parentTaskId=-1 isFocused=false isVisible=false isVisibleRequested=false isSleeping=false topActivityInSizeCompat=false topActivityEligibleForLetterboxEducation= false topActivityLetterboxed= false isFromDoubleTap= false topActivityLetterboxVerticalPosition= -1 topActivityLetterboxHorizontalPosition= -1 topActivityLetterboxWidth=-1 topActivityLetterboxHeight=-1 locusId=null displayAreaFeatureId=1 cameraCompatControlState=hidden}, remoteTransition = null, displayChange = null }
10-04 10:38:52.359   696  1088 I ActivityTaskManager: START u0 {act=com.android.tv.settings cmp=com.android.tv.settings/.accessories.AddAccessoryActivity} with LAUNCH_SINGLE_TASK from uid 10043 (BAL_ALLOW_ALLOWLISTED_COMPONENT) result code=0
10-04 10:38:52.361  1154  1349 D UEventObserver: change@/devices/platform/auge_sound/sound/card0/controlC0��ACTION=change��DEVPATH=/devices/platform/auge_sound/sound/card0/controlC0��SUBSYSTEM=sound��AUDIO_FORMAT=0��MAJOR=116��MINOR=11��DEVNAME=snd/controlC0��SEQNUM=3369��
10-04 10:38:52.364  1154  1349 W ContextImpl: Calling a method in the system process without a qualified user: android.app.ContextImpl.sendBroadcast:1220 android.content.ContextWrapper.sendBroadcast:504 com.droidlogic.audioservice.services.AudioSystemCmdService$1.onUEvent:177 com.droidlogic.UEventObserver$UEventThread.sendEvent:213 com.droidlogic.UEventObserver$UEventThread.run:190 
10-04 10:38:52.370   472   577 D audioserver: FGS Logger Transaction failed
10-04 10:38:52.370   472   577 D audioserver: -129
10-04 10:38:52.372   487   487 I BpBinder: onLastStrongRef automatically unlinking death recipients: 
10-04 10:38:52.377   424  8590 I audio_hw_hal_primary: [mixer_aux_buffer_write:6665] io 13: out:0xf2d00740 usecase:PCM_NORMAL standby to unstandby
10-04 10:38:52.377   424  8590 E audio_hw_hal_virtualbuf: ms12 system input underrun happens read=6375084836 write=5418666582 diff=956418254
10-04 10:38:52.378   696   969 I MediaFocusControl: abandonAudioFocus() from uid/pid 10043/8084 clientId=android.media.AudioManager@f804f00helper.PlayerHelper$$ExternalSyntheticLambda0@6fc3f3d
10-04 10:38:52.380  8084  8084 D PLAYER_LOGGER : : HEART: stopping heart beat
10-04 10:38:52.383   696  1088 I MediaFocusControl: abandonAudioFocus() from uid/pid 10043/8084 clientId=android.media.AudioManager@f804f00helper.PlayerHelper$$ExternalSyntheticLambda0@bb3d339
10-04 10:38:52.384  8084  8084 D PLAYER_LOGGER : : HEART: stopping heart beat
10-04 10:38:52.399   424  8590 I audio_hw_hal_stream: aml_stream_out_info_print: out:0xf2d00740, stream_type:pcm, sync_mode:non tunnel, input_size:93052928 bytes
10-04 10:38:52.399   424  8590 I audio_hw_hal_stream: aml_stream_out_info_print: last_time:44470899 ms (sec:44470, nsec:899530663), last_position:484487 ms (23255376), cur_time:44471982 ms (sec:44471, nsec:982941163), cur_position:484572 ms (23259472)
10-04 10:38:52.399   424  8590 I audio_hw_hal_stream: aml_stream_out_info_print: time_gap:1083 ms (thr:100 ms), position_gap:85 ms, delay:78 ms, jitter: Position gap is behind system time gap by 998 ms (thr:100 ms)
10-04 10:38:52.400  1154  1348 I AudioSystemCmdService: onAudioPatchListUpdate
10-04 10:38:52.406  1154  1348 I AudioSystemCmdService: mAudioSink:[{{mHandle: 18, mRole: SINK}, mType: hdmi, mAddress: }], previousSink:[{{mHandle: 18, mRole: SINK}, mType: hdmi, mAddress: }]
10-04 10:38:52.406  1154  1348 I AudioSystemCmdService: updateAudioPatch cur sink does not change.
10-04 10:38:52.436     0     0 I [0 T230   ..] logd: logdr: UID=2000 GID=2000 PID=12029 n tail=0 logMask=99 pid=0 start=0ns deadline=0ns
--------- beginning of main
10-04 10:38:52.563  1135  1149 D BluetoothAdapterService: startDiscovery
10-04 10:38:52.563  1135  1351 I bluetooth: packages/modules/Bluetooth/system/bta/dm/bta_dm_main.cc:96 bta_dm_search_sm_execute: state:BTA_DM_SEARCH_IDLE, event:BTA_DM_API_SEARCH_EVT[0x200]
10-04 10:38:52.564  1135  1351 E bt_btm  : packages/modules/Bluetooth/system/main/bte_logmsg.cc:105 LogMsg: btm_ble_scan_filt_param_cfg_evt, 4
10-04 10:38:52.564  1135  1351 E bt_btm  : packages/modules/Bluetooth/system/main/bte_logmsg.cc:105 LogMsg: btm_ble_scan_filt_param_cfg_evt, 4
10-04 10:38:52.564 10653 10653 D BluetoothScanner: startListening
10-04 10:38:52.564 10653 10653 D AddAccessoryActivity: statusChanged(): Update received, number of devices:0 state: BluetoothDevicePairer.STATUS_SCANNING target device: NONE time to next event: -44472151
10-04 10:38:52.564  1135  1351 W bluetooth: packages/modules/Bluetooth/system/stack/btm/btm_inq.cc:1083 btm_clr_inq_result_flt: Memory being reset multiple times
10-04 10:38:52.564 10653 10653 D AddAccessoryActivity: announceNewDevicesForA11y: 
10-04 10:38:52.564 10653 10653 D AddAccessoryActivity: cancelTimeout()
10-04 10:38:52.564 10653 10653 E AddAccessoryActivity: statusChanged(): setting status to ""
10-04 10:38:52.565  1826 11810 D AdvertisingIdClient: AdvertisingIdClient already created.
10-04 10:38:52.567   441   454 D hdmicecd: [CEC]:printCecMessage, [4 -> 0] len: 1, body: 0d, result:no ack
10-04 10:38:52.572  1826 11810 I AdvertisingIdClient: shouldSendLog 44014695
10-04 10:38:52.573  1826 11810 I AdvertisingIdClient: GetInfoInternal elapse 8ms
10-04 10:38:52.581   424  8590 I audio_hw_hal_primary: [audiohal_get_latency:1258] io 13: out:0xf2d00740 frames:3072 rate:48000 whole_latency:64 alsa_latency:64
10-04 10:38:52.582 10653 10653 D AddAccessoryActivity: handleMessage: MSG_UPDATE_VIEW
10-04 10:38:52.583   472   662 D audioserver: FGS Logger Transaction failed
10-04 10:38:52.583   472   662 D audioserver: -129
10-04 10:38:52.583 10653 10653 D AddAccessoryActivity: handleMessage: MSG_UPDATE_VIEW
--------- beginning of system
10-04 10:38:52.590   696  2853 D CoreBackPreview: Window{af1b79a u0 com.android.tv.settings/com.android.tv.settings.accessories.AddAccessoryActivity}: Setting back callback OnBackInvokedCallbackInfo{mCallback=android.window.IOnBackInvokedCallback$Stub$Proxy@423b366, mPriority=0, mIsAnimationCallback=false}
10-04 10:38:52.624   441   454 D hdmicecd: [CEC]:printCecMessage, [4 -> 0] len: 1, body: 0d, result:no ack
10-04 10:38:52.624   441   454 E IPCThreadState: binder thread pool (1 threads) starved for 112 ms
10-04 10:38:52.638 10653 10678 E OpenGLRenderer: Unable to match the desired swap behavior.
10-04 10:38:52.660   696  2853 D ConnectivityService: requestNetwork for uid/pid:10043/8084 activeRequest: null callbackRequest: 1431 [NetworkRequest [ REQUEST id=1432, [ Capabilities: INTERNET&NOT_RESTRICTED&TRUSTED&NOT_VCN_MANAGED Uid: 10043 RequestorUid: 10043 RequestorPkg: com.airtel.tv UnderlyingNetworks: Null] ]] callback flags: 0 order: 2147483647
10-04 10:38:52.670   696   910 D WifiNetworkFactory: got request NetworkRequest [ REQUEST id=1432, [ Capabilities: INTERNET&NOT_RESTRICTED&TRUSTED&NOT_VCN_MANAGED Uid: 10043 RequestorUid: 10043 RequestorPkg: com.airtel.tv UnderlyingNetworks: Null] ]
10-04 10:38:52.670   696   910 D UntrustedWifiNetworkFactory: got request NetworkRequest [ REQUEST id=1432, [ Capabilities: INTERNET&NOT_RESTRICTED&TRUSTED&NOT_VCN_MANAGED Uid: 10043 RequestorUid: 10043 RequestorPkg: com.airtel.tv UnderlyingNetworks: Null] ]
10-04 10:38:52.670   696   918 D ConnectivityService: NetReassign [1432 : null → 100] [c 0] [a 8] [i 1]
10-04 10:38:52.671   696   910 D OemPaidWifiNetworkFactory: got request NetworkRequest [ REQUEST id=1432, [ Capabilities: INTERNET&NOT_RESTRICTED&TRUSTED&NOT_VCN_MANAGED Uid: 10043 RequestorUid: 10043 RequestorPkg: com.airtel.tv UnderlyingNetworks: Null] ]
10-04 10:38:52.671   696   910 D MultiInternetWifiNetworkFactory: got request NetworkRequest [ REQUEST id=1432, [ Capabilities: INTERNET&NOT_RESTRICTED&TRUSTED&NOT_VCN_MANAGED Uid: 10043 RequestorUid: 10043 RequestorPkg: com.airtel.tv UnderlyingNetworks: Null] ]
10-04 10:38:52.679   441   454 D hdmicecd: [CEC]:printCecMessage, [4 -> 0] len: 1, body: 0d, result:no ack
10-04 10:38:52.714   982  1072 V WindowManagerShell: onTransitionReady android.os.BinderProxy@eaa5468: {id=71 t=OPEN f=0x0 trk=0 r=[0@Point(0, 0)] c=[{WCT{android.window.IWindowContainerToken$Stub$Proxy@9da8db2} m=OPEN f=NONE leash=Surface(name=Task=264)/@0x2363567 sb=Rect(0, 0 - 1920, 1080) eb=Rect(0, 0 - 1920, 1080) d=0},{WCT{android.window.IWindowContainerToken$Stub$Proxy@2e6c103} m=TO_BACK f=NONE leash=Surface(name=Task=218)/@0xa044f14 sb=Rect(0, 0 - 1920, 1080) eb=Rect(0, 0 - 1920, 1080) d=0}]}
10-04 10:38:52.714   982  1072 V WindowManagerShell: Playing animation for (#71)android.os.BinderProxy@eaa5468@0
10-04 10:38:52.714   982  1072 V WindowManagerShell:  try handler com.android.wm.shell.keyguard.KeyguardTransitionHandler@5327bca
10-04 10:38:52.714   982  1072 V WindowManagerShell:  try handler com.android.wm.shell.activityembedding.ActivityEmbeddingController@72713b
10-04 10:38:52.714   982  1072 V WindowManagerShell:  try handler com.android.wm.shell.pip.tv.TvPipTransition@ddc6058
10-04 10:38:52.714   982  1072 V WindowManagerShell:  try handler com.android.wm.shell.transition.RemoteTransitionHandler@84005b1
10-04 10:38:52.715   982  1072 V WindowManagerShell: Transition doesn't have explicit remote, search filters for match for {id=71 t=OPEN f=0x0 trk=0 r=[0@Point(0, 0)] c=[{WCT{android.window.IWindowContainerToken$Stub$Proxy@9da8db2} m=OPEN f=NONE leash=Surface(name=Task=264)/@0x2363567 sb=Rect(0, 0 - 1920, 1080) eb=Rect(0, 0 - 1920, 1080) d=0},{WCT{android.window.IWindowContainerToken$Stub$Proxy@2e6c103} m=TO_BACK f=NONE leash=Surface(name=Task=218)/@0xa044f14 sb=Rect(0, 0 - 1920, 1080) eb=Rect(0, 0 - 1920, 1080) d=0}]}
10-04 10:38:52.715   982  1072 V WindowManagerShell:  Delegate animation for #71 to null
10-04 10:38:52.715   982  1072 V WindowManagerShell:  try handler com.android.wm.shell.transition.DefaultTransitionHandler@ce48a96
10-04 10:38:52.715   982  1072 V WindowManagerShell: start default transition animation, info = {id=71 t=OPEN f=0x0 trk=0 r=[0@Point(0, 0)] c=[{WCT{android.window.IWindowContainerToken$Stub$Proxy@9da8db2} m=OPEN f=NONE leash=Surface(name=Task=264)/@0x2363567 sb=Rect(0, 0 - 1920, 1080) eb=Rect(0, 0 - 1920, 1080) d=0},{WCT{android.window.IWindowContainerToken$Stub$Proxy@2e6c103} m=TO_BACK f=NONE leash=Surface(name=Task=218)/@0xa044f14 sb=Rect(0, 0 - 1920, 1080) eb=Rect(0, 0 - 1920, 1080) d=0}]}
10-04 10:38:52.716   982  1072 V WindowManagerShell: loadAnimation: anim=android.view.animation.AlphaAnimation@18a6a5f animAttr=0x9 type=OPEN isEntrance=false
10-04 10:38:52.717   982  1072 V WindowManagerShell: loadAnimation: anim=android.view.animation.AlphaAnimation@7bcdd75 animAttr=0x8 type=OPEN isEntrance=true
10-04 10:38:52.720   982  1072 V WindowManagerShell:  animated by com.android.wm.shell.transition.DefaultTransitionHandler@ce48a96
10-04 10:38:52.730  8084  8195 I WM-WorkerWrapper: Worker result SUCCESS for Work [ id=55c54050-5f70-4974-9e2e-02e2789f6ea9, tags={ tv.airtel.wynk.analytics.sync.service.AnalyticsSyncService, com.airtel.analyticsSyncService } ]
10-04 10:38:52.731   696   808 I ActivityTaskManager: Displayed com.android.tv.settings/.accessories.AddAccessoryActivity for user 0: +370ms
10-04 10:38:52.731   696   808 V WindowManager: Sent Transition #71 createdAt=10-04 10:38:52.341 via request=TransitionRequestInfo { type = OPEN, triggerTask = TaskInfo{userId=0 taskId=264 displayId=0 isRunning=true baseIntent=Intent { act=com.android.tv.settings flg=0x10800000 cmp=com.android.tv.settings/.accessories.AddAccessoryActivity } baseActivity=ComponentInfo{com.android.tv.settings/com.android.tv.settings.accessories.AddAccessoryActivity} topActivity=ComponentInfo{com.android.tv.settings/com.android.tv.settings.accessories.AddAccessoryActivity} origActivity=null realActivity=ComponentInfo{com.android.tv.settings/com.android.tv.settings.accessories.AddAccessoryActivity} numActivities=1 lastActiveTime=44471943 supportsMultiWindow=false resizeMode=1 isResizeable=true minWidth=-1 minHeight=-1 defaultMinSize=220 token=WCT{RemoteToken{849c39f Task{a14ebd5 #264 type=standard I=com.android.tv.settings/.accessories.AddAccessoryActivity}}} topActivityType=1 pictureInPictureParams=null shouldDockBigOverlays=true launchIntoPipHostTaskId=-1 lastParentTaskIdBeforePip=-1 displayCutoutSafeInsets=null topActivityInfo=ActivityInfo{cfcecec com.android.tv.settings.accessories.AddAccessoryActivity} launchCookies=[] positionInParent=Point(0, 0) parentTaskId=-1 isFocused=false isVisible=false isVisibleRequested=false isSleeping=false topActivityInSizeCompat=false topActivityEligibleForLetterboxEducation= false topActivityLetterboxed= false isFromDoubleTap= false topActivityLetterboxVerticalPosition= -1 topActivityLetterboxHorizontalPosition= -1 topActivityLetterboxWidth=-1 topActivityLetterboxHeight=-1 locusId=null displayAreaFeatureId=1 cameraCompatControlState=hidden}, remoteTransition = null, displayChange = null }
10-04 10:38:52.732   696   808 V WindowManager:     startWCT=WindowContainerTransaction { changes = {} hops = [] errorCallbackToken=null taskFragmentOrganizer=null }
