--------- beginning of system
10-04 09:58:44.795   696  3333 I ActivityTaskManager: START u0 {flg=0x10000000 cmp=com.airtel.tv/.MainActivity} with LAUNCH_MULTIPLE from uid 2000 result code=-92
--------- beginning of main
10-04 09:58:44.822 10015 10015 D MonkeyStub: translateCommand: press KEYCODE_HOME
10-04 09:58:44.836   459   459 I lights-tch: flashMode 0 id 2 onMs 0 offMs 0 brightness 0
10-04 09:58:44.839   696   809 D HdmiControlService: Process pid: 696 is calling oneTouchPlay.
10-04 09:58:44.840   696   696 D HDMI    : oneTouchPlay com.android.server.hdmi.OneTouchPlayAction@b4bdcde
10-04 09:58:44.840   696   696 I OneTouchPlayAction: Start action.
10-04 09:58:44.840   459   459 I lights-tch: flashMode 0 id 2 onMs 0 offMs 0 brightness 225
10-04 09:58:44.841   696   696 D HDMI    : setActiveSource logical:0x04 physical:0x1000 OneTouchPlayAction#broadcastActiveSource()
10-04 09:58:44.841   696   949 D HDMI    : [S]:<Text View On> 40:0D
10-04 09:58:44.841   441   454 D hdmicecd: [HdmiCecControl]:getPhysicalAddress, physical addr: 1000, last pa: 1000, ret = 0
10-04 09:58:44.842   441   454 D hdmicecd: [HdmiCecControl]:getPhysicalAddress, physical addr: 1000, last pa: 1000, ret = 0
10-04 09:58:44.842   696   696 D HDMI    : ActiveSourceHistoryRecord active source=(0x04, 0x1000) isActiveSource=true from=OneTouchPlayAction#broadcastActiveSource()
10-04 09:58:44.843   696   696 D HDMI    : setActiveSource logical:0x04 physical:0x1000 ActiveSourceAction
10-04 09:58:44.843   441   441 D hdmicecd: [HdmiCecControl]:getPhysicalAddress, physical addr: 1000, last pa: 1000, ret = 0
10-04 09:58:44.844   441   441 D hdmicecd: [HdmiCecControl]:getPhysicalAddress, physical addr: 1000, last pa: 1000, ret = 0
10-04 09:58:44.844   696   696 D HDMI    : ActiveSourceHistoryRecord active source=(0x04, 0x1000) isActiveSource=true from=ActiveSourceAction
10-04 09:58:44.847   982  1072 D WindowManagerShell: TvPipMenuController: closeMenu()
10-04 09:58:44.847   696   696 D HdmiControlService: Switching to full volume behavior
10-04 09:58:44.847   982  1072 D WindowManagerShell: TvPipMenuController: switchToMenuMode: from=MODE_NO_MENU, to=MODE_NO_MENU
10-04 09:58:44.848   696   696 D HdmiControlService: Switching to full volume behavior
10-04 09:58:44.850   982   982 I vol.VolumeDialogImpl: mDialog.dismiss() reason: volume_controller from: com.android.systemui.volume.VolumeDialogImpl$7.onDismissRequested:3
10-04 09:58:44.857   696   809 E CellBroadcastUtils: getDefaultCellBroadcastReceiverPackageName: no package found
10-04 09:58:44.879   982  1072 V WindowManagerShell: Transition requested: android.os.BinderProxy@860a8ea TransitionRequestInfo { type = OPEN, triggerTask = TaskInfo{userId=0 taskId=245 displayId=0 isRunning=true baseIntent=Intent { act=android.intent.action.MAIN cat=[android.intent.category.HOME] flg=0x10000100 cmp=com.airtel.tv/tv.airtel.xstream.login.LoginActivity } baseActivity=ComponentInfo{com.airtel.tv/tv.airtel.xstream.login.LoginActivity} topActivity=ComponentInfo{com.airtel.tv/tv.airtel.xstream.login.LoginActivity} origActivity=null realActivity=ComponentInfo{com.airtel.tv/tv.airtel.xstream.login.LoginActivity} numActivities=1 lastActiveTime=42064456 supportsMultiWindow=false resizeMode=0 isResizeable=false minWidth=-1 minHeight=-1 defaultMinSize=220 token=WCT{android.window.IWindowContainerToken$Stub$Proxy@39b67db} topActivityType=2 pictureInPictureParams=null shouldDockBigOverlays=true launchIntoPipHostTaskId=-1 lastParentTaskIdBeforePip=-1 displayCutoutSafeInsets=null topActivityInfo=ActivityInfo{1322278 tv.airtel.xstream.login.LoginActivity} launchCookies=[] positionInParent=Point(0, 0) parentTaskId=-1 isFocused=true isVisible=false isVisibleRequested=true isSleeping=false topActivityInSizeCompat=false topActivityEligibleForLetterboxEducation= false topActivityLetterboxed= false isFromDoubleTap= false topActivityLetterboxVerticalPosition= -1 topActivityLetterboxHorizontalPosition= -1 topActivityLetterboxWidth=-1 topActivityLetterboxHeight=-1 locusId=null displayAreaFeatureId=1 cameraCompatControlState=hidden}, remoteTransition = null, displayChange = null }
10-04 09:58:44.880   696   809 I ActivityTaskManager: START u0 {act=android.intent.action.MAIN cat=[android.intent.category.HOME] flg=0x10000100 cmp=com.airtel.tv/tv.airtel.xstream.login.LoginActivity (has extras)} with LAUNCH_MULTIPLE from uid 0 (BAL_ALLOW_ALLOWLISTED_UID) result code=0
10-04 09:58:44.887   696   800 I MediaFocusControl: abandonAudioFocus() from uid/pid 10043/8084 clientId=android.media.AudioManager@f804f00helper.PlayerHelper$$ExternalSyntheticLambda0@6fc3f3d
10-04 09:58:44.889  8084  8084 D PLAYER_LOGGER : : HEART: stopping heart beat
10-04 09:58:44.889   487   487 I BpBinder: onLastStrongRef automatically unlinking death recipients: 
10-04 09:58:44.890   696   811 W ProcessStats: Tracking association SourceState{3edf2a9 com.airtel.tv/10043 BTop #8427} whose proc state 2 is better than process ProcessState{514aa4f com.tataelxsi.icx:remote/10066 pkg=com.tataelxsi.icx} proc state 3 (1 skipped)
10-04 09:58:44.893   696  1333 I MediaFocusControl: abandonAudioFocus() from uid/pid 10043/8084 clientId=android.media.AudioManager@f804f00helper.PlayerHelper$$ExternalSyntheticLambda0@bb3d339
10-04 09:58:44.895  8084  8084 D PLAYER_LOGGER : : HEART: stopping heart beat
10-04 09:58:44.899   441   455 D hdmicecd: [CEC]:printCecMessage, [4 -> 0] len: 1, body: 0d, result:no ack
--------- beginning of kernel
10-04 09:58:44.934     0     0 I [0 T230   ..] logd: logdr: UID=2000 GID=2000 PID=10040 n tail=0 logMask=99 pid=0 start=0ns deadline=0ns
--------- beginning of main
10-04 09:58:45.103  8084  8084 D OmniRemote.OTA_JNI: open file name:/data/user/0/com.airtel.tv/files/ota/Airtel-TL135-20240919-006-OTA.bin
10-04 09:58:45.104  8084  8084 D OmniRemote.OTA_JNI: 35,51,0,6
10-04 09:58:45.104  8084  8084 D OmniRemote.OmniBle: add services filter
10-04 09:58:45.105  8084  8084 D OmniRemote.OmniBle: insert image ids
10-04 09:58:45.117  8084  8084 D OmniRemote.OmniBle: device list size:0
10-04 09:58:45.117  8084  8084 E OmniRemote.OmniBle: report device not found
10-04 09:58:45.118  8084  8084 D MainFragment::onResume: 
10-04 09:58:45.127  8084  8084 D ANALYTICS_IPTV: AnalyticsEventTracker ***Event***Event{ts=1728016125125, meta={"page_id":"dthNewHome","box_type":"iptv","source_of_stream":"1 | Home.screen_visible.none.none.none.none.none.none.none","app_version":"1.0.0019:237","box_model":"bx:1.2.3","firmware":"fw:1.2.3","source_name":"Home"}, uid=5ye_gfsYCZe-PoQ4A0, did=8fb17cc052aef526, os=Android, ov=34, bn=237, nq=-1, nt=2, nct=0, lc=en|hi|ta|kn, av=1.0.0019, dt=STB, type=screen_visible, adid=95acddf7-5a94-4681-bf0a-0a767be9f2c3, brand=Airtel-Xstream, model=XstreamIPTV1-VT, dname=Vantiva XstreamIPTV1-VT, appId=IPTV, sId=8fb17cc052aef526, profileId=, ab_test=86079:0|108429:0|42374:0|78244:0|95458:0|75817:0|60412:1|117812:1|120676:1|113632:1|116206:0|66480:0|100390:2|76965:1|110385:0|129832:2, city=Delhi, state=National Capital Territory of Delhi, country=India, firebase_id=687ecd54b0fd95386e529fbf62179576} Critical: false
10-04 09:58:45.133  8084  8084 D ANALYTICS_IPTV: AnalyticsEventTracker ***Event***Event{ts=1728016125131, meta={"box_type":"iptv","source_of_stream":"1 | Home.screen_visible.none.none.none.none.none.none.none | none.screen_visible.none.none.none.none.none.none.none","app_version":"1.0.0019:237","box_model":"bx:1.2.3","source":"Home","firmware":"fw:1.2.3"}, uid=5ye_gfsYCZe-PoQ4A0, did=8fb17cc052aef526, os=Android, ov=34, bn=237, nq=-1, nt=2, nct=0, lc=en|hi|ta|kn, av=1.0.0019, dt=STB, type=screen_visible, adid=95acddf7-5a94-4681-bf0a-0a767be9f2c3, brand=Airtel-Xstream, model=XstreamIPTV1-VT, dname=Vantiva XstreamIPTV1-VT, appId=IPTV, sId=8fb17cc052aef526, profileId=, ab_test=86079:0|108429:0|42374:0|78244:0|95458:0|75817:0|60412:1|117812:1|120676:1|113632:1|116206:0|66480:0|100390:2|76965:1|110385:0|129832:2, city=Delhi, state=National Capital Territory of Delhi, country=India, firebase_id=687ecd54b0fd95386e529fbf62179576} Critical: false
10-04 09:58:45.143  8084  9584 D ANALYTICS_IPTV: AnalyticsEventTracker ***Event***Event{ts=1728016125131, meta={"UID":"5ye_gfsYCZe-PoQ4A0","subscriber_id":"3026341863-001","box_type":"iptv","asset_name":"rendering_complete","device_id":"8fb17cc052aef526","app_version":"1.0.0019:237","box_model":"bx:1.2.3","customer_id":"3026341863","firmware":"fw:1.2.3"}, uid=5ye_gfsYCZe-PoQ4A0, did=8fb17cc052aef526, os=Android, ov=34, bn=237, nq=-1, nt=2, nct=0, lc=en|hi|ta|kn, av=1.0.0019, dt=STB, type=layout_render_complete, adid=95acddf7-5a94-4681-bf0a-0a767be9f2c3, brand=Airtel-Xstream, model=XstreamIPTV1-VT, dname=Vantiva XstreamIPTV1-VT, appId=IPTV, sId=8fb17cc052aef526, profileId=, ab_test=86079:0|108429:0|42374:0|78244:0|95458:0|75817:0|60412:1|117812:1|120676:1|113632:1|116206:0|66480:0|100390:2|76965:1|110385:0|129832:2, city=Delhi, state=National Capital Territory of Delhi, country=India, firebase_id=687ecd54b0fd95386e529fbf62179576} Critical: false
10-04 09:58:45.174  1154  1173 I NetflixService: onTaskStackChanged
--------- beginning of system
10-04 09:58:45.174   982  1072 D WindowManagerShell: TvPipController: onTaskStackChanged()
10-04 09:58:45.200   441   455 D hdmicecd: [CEC]:printCecMessage, [4 -> f] len: 3, body: 82 10 00, result:success
10-04 09:58:45.200   441   455 E IPCThreadState: binder thread pool (1 threads) starved for 128 ms
10-04 09:58:45.200   696   949 D HDMI    : [S]:<Menu Status> 40:8E:00
10-04 09:58:45.204  8084  8084 D MainFragment::onCreateView MainFragment{d9ac3e9} (8f078d3e-9a90-42c3-86c3-2681872149d0 id=0x7f
10-04 09:58:45.232  8084  8084 D MainFragment::onViewCreated: 
10-04 09:58:45.232  8084  8084 I single Fragment pageId dthNewHome: 
10-04 09:58:45.233  8084  8084 I single Fragment pageId dthNewTvChannels: 
10-04 09:58:45.233  8084  8084 I single Fragment pageId dthNewMovies: 
10-04 09:58:45.233  8084  8084 I single Fragment pageId dthNewSports: 
10-04 09:58:45.233  8084  8084 I single Fragment pageId dthNewApps: 
10-04 09:58:45.233  8084  8084 I single Fragment pageId dthNewPlansOffers: 
10-04 09:58:45.233  8084  8084 I single Fragment pageId searchPage: 
10-04 09:58:45.234  8084  8084 D MainFragment::initUi: 
10-04 09:58:45.235  8084  9034 D MainFragment:: Load time 2167429: 
10-04 09:58:45.239  8084  9034 D ANALYTICS_IPTV: AnalyticsEventTracker ***Event***Event{ts=1728016125237, meta={"box_type":"iptv","app_version":"1.0.0019:237","box_model":"bx:1.2.3","load_time":"2167429","firmware":"fw:1.2.3"}, uid=5ye_gfsYCZe-PoQ4A0, did=8fb17cc052aef526, os=Android, ov=34, bn=237, nq=-1, nt=2, nct=0, lc=en|hi|ta|kn, av=1.0.0019, dt=STB, type=app_load_time, adid=95acddf7-5a94-4681-bf0a-0a767be9f2c3, brand=Airtel-Xstream, model=XstreamIPTV1-VT, dname=Vantiva XstreamIPTV1-VT, appId=IPTV, sId=8fb17cc052aef526, profileId=, ab_test=86079:0|108429:0|42374:0|78244:0|95458:0|75817:0|60412:1|117812:1|120676:1|113632:1|116206:0|66480:0|100390:2|76965:1|110385:0|129832:2, city=Delhi, state=National Capital Territory of Delhi, country=India, firebase_id=687ecd54b0fd95386e529fbf62179576} Critical: true
10-04 09:58:45.250  8084  8084 D ContentTabFragment::onCreate: 
10-04 09:58:45.251  8084  8084 D ContentTabFragment::onCreateView: 
10-04 09:58:45.255   441   455 D hdmicecd: [CEC]:printCecMessage, [4 -> 0] len: 2, body: 8e 00, result:no ack
10-04 09:58:45.288  8084  8084 D ContentTabFragment::onViewCreated: 
10-04 09:58:45.288  8084  8084 D ContentTabFragment::initViewModel: 
10-04 09:58:45.292  8084  8084 D ContentTabFragment::initUi start: 
10-04 09:58:45.293  8084  8084 D ContentTabFragment::initUi finish: 
10-04 09:58:45.297  8084  8084 D ANALYTICS_IPTV: AnalyticsEventTracker ***Event***Event{ts=1728016125295, meta={"box_type":"iptv","source_of_stream":"1 | Home.screen_visible.none.none.none.none.none.none.none | none.screen_visible.none.none.none.none.none.none.none | Home.screen_visible.none.none.none.none.none.none.none","app_version":"1.0.0019:237","box_model":"bx:1.2.3","firmware":"fw:1.2.3","source_name":"Home"}, uid=5ye_gfsYCZe-PoQ4A0, did=8fb17cc052aef526, os=Android, ov=34, bn=237, nq=-1, nt=2, nct=0, lc=en|hi|ta|kn, av=1.0.0019, dt=STB, type=screen_visible, adid=95acddf7-5a94-4681-bf0a-0a767be9f2c3, brand=Airtel-Xstream, model=XstreamIPTV1-VT, dname=Vantiva XstreamIPTV1-VT, appId=IPTV, sId=8fb17cc052aef526, profileId=, ab_test=86079:0|108429:0|42374:0|78244:0|95458:0|75817:0|60412:1|117812:1|120676:1|113632:1|116206:0|66480:0|100390:2|76965:1|110385:0|129832:2, city=Delhi, state=National Capital Territory of Delhi, country=India, firebase_id=687ecd54b0fd95386e529fbf62179576} Critical: false
10-04 09:58:45.303  8084  8084 E ThemeUtils: View class androidx.appcompat.widget.AppCompatImageView is an AppCompat widget that can only be used with a Theme.AppCompat theme (or descendant).
10-04 09:58:45.305   696  1333 D AudioService: Volume controller visible: false
10-04 09:58:45.309  8084  9034 D ANALYTICS_IPTV: AnalyticsEventTracker ***Event***Event{ts=1728016125304, meta={"UID":"5ye_gfsYCZe-PoQ4A0","subscriber_id":"3026341863-001","box_type":"iptv","asset_name":"rendering_start","device_id":"8fb17cc052aef526","app_version":"1.0.0019:237","box_model":"bx:1.2.3","customer_id":"3026341863","firmware":"fw:1.2.3"}, uid=5ye_gfsYCZe-PoQ4A0, did=8fb17cc052aef526, os=Android, ov=34, bn=237, nq=-1, nt=2, nct=0, lc=en|hi|ta|kn, av=1.0.0019, dt=STB, type=layout_render_start, adid=95acddf7-5a94-4681-bf0a-0a767be9f2c3, brand=Airtel-Xstream, model=XstreamIPTV1-VT, dname=Vantiva XstreamIPTV1-VT, appId=IPTV, sId=8fb17cc052aef526, profileId=, ab_test=86079:0|108429:0|42374:0|78244:0|95458:0|75817:0|60412:1|117812:1|120676:1|113632:1|116206:0|66480:0|100390:2|76965:1|110385:0|129832:2, city=Delhi, state=National Capital Territory of Delhi, country=India, firebase_id=687ecd54b0fd95386e529fbf62179576} Critical: false
10-04 09:58:45.311   441   455 D hdmicecd: [CEC]:printCecMessage, [4 -> 0] len: 2, body: 8e 00, result:no ack
10-04 09:58:45.311   441   455 E IPCThreadState: binder thread pool (1 threads) starved for 110 ms
10-04 09:58:45.344   696  1333 D ConnectivityService: requestNetwork for uid/pid:10043/8084 activeRequest: null callbackRequest: 502 [NetworkRequest [ REQUEST id=503, [ Capabilities: INTERNET&NOT_RESTRICTED&TRUSTED&NOT_VCN_MANAGED Uid: 10043 RequestorUid: 10043 RequestorPkg: com.airtel.tv UnderlyingNetworks: Null] ]] callback flags: 0 order: 2147483647
10-04 09:58:45.346   696   910 D WifiNetworkFactory: got request NetworkRequest [ REQUEST id=503, [ Capabilities: INTERNET&NOT_RESTRICTED&TRUSTED&NOT_VCN_MANAGED Uid: 10043 RequestorUid: 10043 RequestorPkg: com.airtel.tv UnderlyingNetworks: Null] ]
10-04 09:58:45.346   696   910 D UntrustedWifiNetworkFactory: got request NetworkRequest [ REQUEST id=503, [ Capabilities: INTERNET&NOT_RESTRICTED&TRUSTED&NOT_VCN_MANAGED Uid: 10043 RequestorUid: 10043 RequestorPkg: com.airtel.tv UnderlyingNetworks: Null] ]
10-04 09:58:45.346   696   910 D OemPaidWifiNetworkFactory: got request NetworkRequest [ REQUEST id=503, [ Capabilities: INTERNET&NOT_RESTRICTED&TRUSTED&NOT_VCN_MANAGED Uid: 10043 RequestorUid: 10043 RequestorPkg: com.airtel.tv UnderlyingNetworks: Null] ]
10-04 09:58:45.347   696   910 D MultiInternetWifiNetworkFactory: got request NetworkRequest [ REQUEST id=503, [ Capabilities: INTERNET&NOT_RESTRICTED&TRUSTED&NOT_VCN_MANAGED Uid: 10043 RequestorUid: 10043 RequestorPkg: com.airtel.tv UnderlyingNetworks: Null] ]
10-04 09:58:45.347   696   918 D ConnectivityService: NetReassign [503 : null → 100] [c 1] [a 0] [i 2]
10-04 09:58:45.352  8084  8451 D TrafficStats: tagSocket(137) with statsTag=0xffffffff, statsUid=-1
10-04 09:58:45.358   696  1333 D ConnectivityService: requestNetwork for uid/pid:10043/8084 activeRequest: null callbackRequest: 504 [NetworkRequest [ REQUEST id=505, [ Capabilities: INTERNET&NOT_RESTRICTED&TRUSTED&NOT_VCN_MANAGED Uid: 10043 RequestorUid: 10043 RequestorPkg: com.airtel.tv UnderlyingNetworks: Null] ]] callback flags: 0 order: 2147483647
10-04 09:58:45.361   696   910 D WifiNetworkFactory: got request NetworkRequest [ REQUEST id=505, [ Capabilities: INTERNET&NOT_RESTRICTED&TRUSTED&NOT_VCN_MANAGED Uid: 10043 RequestorUid: 10043 RequestorPkg: com.airtel.tv UnderlyingNetworks: Null] ]
10-04 09:58:45.361   696   910 D UntrustedWifiNetworkFactory: got request NetworkRequest [ REQUEST id=505, [ Capabilities: INTERNET&NOT_RESTRICTED&TRUSTED&NOT_VCN_MANAGED Uid: 10043 RequestorUid: 10043 RequestorPkg: com.airtel.tv UnderlyingNetworks: Null] ]
10-04 09:58:45.361   696   910 D OemPaidWifiNetworkFactory: got request NetworkRequest [ REQUEST id=505, [ Capabilities: INTERNET&NOT_RESTRICTED&TRUSTED&NOT_VCN_MANAGED Uid: 10043 RequestorUid: 10043 RequestorPkg: com.airtel.tv UnderlyingNetworks: Null] ]
10-04 09:58:45.361   696   910 D MultiInternetWifiNetworkFactory: got request NetworkRequest [ REQUEST id=505, [ Capabilities: INTERNET&NOT_RESTRICTED&TRUSTED&NOT_VCN_MANAGED Uid: 10043 RequestorUid: 10043 RequestorPkg: com.airtel.tv UnderlyingNetworks: Null] ]
10-04 09:58:45.362   696   918 D ConnectivityService: NetReassign [505 : null → 100] [c 0] [a 1] [i 1]
10-04 09:58:45.371   441   455 D hdmicecd: [CEC]:printCecMessage, [4 -> 0] len: 2, body: 8e 00, result:no ack
10-04 09:58:45.373   696   696 D ResendCecCommandAction: sendCommandWithoutRetries failed, retry
10-04 09:58:45.411  8084 10057 D TrafficStats: tagSocket(175) with statsTag=0xffffffff, statsUid=-1
10-04 09:58:45.431   441   455 D hdmicecd: [CEC]:printCecMessage, [4 -> 0] len: 2, body: 8e 00, result:no ack
10-04 09:58:45.431   696   949 E HDMI    : [1]:Failed to send <Menu Status> 40:8E:00 with errorCode=1
10-04 09:58:45.432   696   949 D HDMI    : [S]:<System Audio Mode Request> 45:70:10:00
10-04 09:58:45.437  8084  8084 D OTAWorker: MainActivity permission check
10-04 09:58:45.437  8084  8084 D OTAWorker: MainActivity CheckForUpdate started
10-04 09:58:45.438  8084  8084 D OTAWorker Started: 
10-04 09:58:45.444  8084  8084 D OmniRemote.OTA_JNI: open file name:/data/user/0/com.airtel.tv/files/ota/Airtel-TL135-20240919-006-OTA.bin
10-04 09:58:45.445  8084  8084 D OmniRemote.OTA_JNI: 35,51,0,6
10-04 09:58:45.445  8084  8084 D OmniRemote.OmniBle: add services filter
10-04 09:58:45.445  8084  8084 D OmniRemote.OmniBle: insert image ids
10-04 09:58:45.449  8084  8084 D OmniRemote.OmniBle: device list size:0
10-04 09:58:45.449  8084  8084 E OmniRemote.OmniBle: report device not found
10-04 09:58:45.449  8084  8084 D MainFragment::onResume: 
10-04 09:58:45.458  8084  8084 D ANALYTICS_IPTV: AnalyticsEventTracker ***Event***Event{ts=1728016125453, meta={"page_id":"dthNewHome","box_type":"iptv","source_of_stream":"2 | Home.screen_visible.none.none.none.none.none.none.none","app_version":"1.0.0019:237","box_model":"bx:1.2.3","firmware":"fw:1.2.3","source_name":"Home"}, uid=5ye_gfsYCZe-PoQ4A0, did=8fb17cc052aef526, os=Android, ov=34, bn=237, nq=-1, nt=2, nct=0, lc=en|hi|ta|kn, av=1.0.0019, dt=STB, type=screen_visible, adid=95acddf7-5a94-4681-bf0a-0a767be9f2c3, brand=Airtel-Xstream, model=XstreamIPTV1-VT, dname=Vantiva XstreamIPTV1-VT, appId=IPTV, sId=8fb17cc052aef526, profileId=, ab_test=86079:0|108429:0|42374:0|78244:0|95458:0|75817:0|60412:1|117812:1|120676:1|113632:1|116206:0|66480:0|100390:2|76965:1|110385:0|129832:2, city=Delhi, state=National Capital Territory of Delhi, country=India, firebase_id=687ecd54b0fd95386e529fbf62179576} Critical: false
10-04 09:58:45.464  8084  8084 D ANALYTICS_IPTV: AnalyticsEventTracker ***Event***Event{ts=1728016125463, meta={"box_type":"iptv","source_of_stream":"2 | Home.screen_visible.none.none.none.none.none.none.none | none.screen_visible.none.none.none.none.none.none.none","app_version":"1.0.0019:237","box_model":"bx:1.2.3","source":"Home","firmware":"fw:1.2.3"}, uid=5ye_gfsYCZe-PoQ4A0, did=8fb17cc052aef526, os=Android, ov=34, bn=237, nq=-1, nt=2, nct=0, lc=en|hi|ta|kn, av=1.0.0019, dt=STB, type=screen_visible, adid=95acddf7-5a94-4681-bf0a-0a767be9f2c3, brand=Airtel-Xstream, model=XstreamIPTV1-VT, dname=Vantiva XstreamIPTV1-VT, appId=IPTV, sId=8fb17cc052aef526, profileId=, ab_test=86079:0|108429:0|42374:0|78244:0|95458:0|75817:0|60412:1|117812:1|120676:1|113632:1|116206:0|66480:0|100390:2|76965:1|110385:0|129832:2, city=Delhi, state=National Capital Territory of Delhi, country=India, firebase_id=687ecd54b0fd95386e529fbf62179576} Critical: false
10-04 09:58:45.465  8084  9584 D ANALYTICS_IPTV: AnalyticsEventTracker ***Event***Event{ts=1728016125463, meta={"UID":"5ye_gfsYCZe-PoQ4A0","subscriber_id":"3026341863-001","box_type":"iptv","asset_name":"rendering_complete","device_id":"8fb17cc052aef526","app_version":"1.0.0019:237","box_model":"bx:1.2.3","customer_id":"3026341863","firmware":"fw:1.2.3"}, uid=5ye_gfsYCZe-PoQ4A0, did=8fb17cc052aef526, os=Android, ov=34, bn=237, nq=-1, nt=2, nct=0, lc=en|hi|ta|kn, av=1.0.0019, dt=STB, type=layout_render_complete, adid=95acddf7-5a94-4681-bf0a-0a767be9f2c3, brand=Airtel-Xstream, model=XstreamIPTV1-VT, dname=Vantiva XstreamIPTV1-VT, appId=IPTV, sId=8fb17cc052aef526, profileId=, ab_test=86079:0|108429:0|42374:0|78244:0|95458:0|75817:0|60412:1|117812:1|120676:1|113632:1|116206:0|66480:0|100390:2|76965:1|110385:0|129832:2, city=Delhi, state=National Capital Territory of Delhi, country=India, firebase_id=687ecd54b0fd95386e529fbf62179576} Critical: false
10-04 09:58:45.479  8084  8084 D OmniRemote.OmniOTAImpl: device not found
10-04 09:58:45.479  8084  8084 D OTAWorker onResult = 258: 
10-04 09:58:45.479  8084  8084 D OTAWorker remote device not found: 
10-04 09:58:45.480  8084  8084 D OTAWorker: MainActivity OTAWorker event received tv.airtel.xstream.util.RxEvent$RCUOtaEvents$DeviceNotFound@e68f7a1
10-04 09:58:45.487   441   441 D hdmicecd: [CEC]:printCecMessage, [4 -> 5] len: 3, body: 70 10 00, result:no ack
10-04 09:58:45.521  8084  8084 D Glide   : Finished loading BitmapDrawable from MEMORY_CACHE for http://tvimg.wynk.in/unsafe/fit-in/64x64/filters:no_upscale():format(webp)/https://image.airtel.tv/grandslam/content/2024_7_16/offer_icon.png with size [-2147483648x-2147483648] in 0.454833 ms
10-04 09:58:45.543   441   441 D hdmicecd: [CEC]:printCecMessage, [4 -> 5] len: 3, body: 70 10 00, result:no ack
10-04 09:58:45.543   441   441 E IPCThreadState: binder thread pool (1 threads) starved for 232 ms
10-04 09:58:45.587   696  1333 D ConnectivityService: requestNetwork for uid/pid:10043/8084 activeRequest: null callbackRequest: 506 [NetworkRequest [ REQUEST id=507, [ Capabilities: INTERNET&NOT_RESTRICTED&TRUSTED&NOT_VCN_MANAGED Uid: 10043 RequestorUid: 10043 RequestorPkg: com.airtel.tv UnderlyingNetworks: Null] ]] callback flags: 0 order: 2147483647
10-04 09:58:45.590   696   910 D WifiNetworkFactory: got request NetworkRequest [ REQUEST id=507, [ Capabilities: INTERNET&NOT_RESTRICTED&TRUSTED&NOT_VCN_MANAGED Uid: 10043 RequestorUid: 10043 RequestorPkg: com.airtel.tv UnderlyingNetworks: Null] ]
10-04 09:58:45.590   696   910 D UntrustedWifiNetworkFactory: got request NetworkRequest [ REQUEST id=507, [ Capabilities: INTERNET&NOT_RESTRICTED&TRUSTED&NOT_VCN_MANAGED Uid: 10043 RequestorUid: 10043 RequestorPkg: com.airtel.tv UnderlyingNetworks: Null] ]
10-04 09:58:45.591   696   910 D OemPaidWifiNetworkFactory: got request NetworkRequest [ REQUEST id=507, [ Capabilities: INTERNET&NOT_RESTRICTED&TRUSTED&NOT_VCN_MANAGED Uid: 10043 RequestorUid: 10043 RequestorPkg: com.airtel.tv UnderlyingNetworks: Null] ]
10-04 09:58:45.591   696   910 D MultiInternetWifiNetworkFactory: got request NetworkRequest [ REQUEST id=507, [ Capabilities: INTERNET&NOT_RESTRICTED&TRUSTED&NOT_VCN_MANAGED Uid: 10043 RequestorUid: 10043 RequestorPkg: com.airtel.tv UnderlyingNetworks: Null] ]
10-04 09:58:45.591   696   918 D ConnectivityService: NetReassign [507 : null → 100] [c 0] [a 1] [i 2]
10-04 09:58:45.599   441   441 D hdmicecd: [CEC]:printCecMessage, [4 -> 5] len: 3, body: 70 10 00, result:no ack
10-04 09:58:45.616   426  1494 D rtk_heartbeat: heartbeat_timed_out: heartbeatCmdCount = 42030, expected nextSeqNum = 42030
10-04 09:58:45.617   426  1381 D rtk_heartbeat: rtkbt_heartbeat_cmpl_cback: Current SeqNum = 42030,should SeqNum=42030, status = 0
10-04 09:58:45.632  1826 10065 D AdvertisingIdClient: AdvertisingIdClient already created.
10-04 09:58:45.632  1826 10065 D AdvertisingIdClient: AdvertisingIdClient is not bounded. Starting to bind it...
10-04 09:58:45.655   441   441 D hdmicecd: [CEC]:printCecMessage, [4 -> 5] len: 3, body: 70 10 00, result:no ack
10-04 09:58:45.655   441   441 E IPCThreadState: binder thread pool (1 threads) starved for 112 ms
10-04 09:58:45.655   696   949 E HDMI    : [1]:Failed to send <System Audio Mode Request> 45:70:10:00 with errorCode=1
10-04 09:58:45.655   696   949 D HDMI    : [S]:<Give Device Power Status> 40:8F
10-04 09:58:45.661   696   808 V WindowManager: Sent Transition #26 createdAt=10-04 09:58:44.854 via request=TransitionRequestInfo { type = OPEN, triggerTask = TaskInfo{userId=0 taskId=245 displayId=0 isRunning=true baseIntent=Intent { act=android.intent.action.MAIN cat=[android.intent.category.HOME] flg=0x10000100 cmp=com.airtel.tv/tv.airtel.xstream.login.LoginActivity } baseActivity=ComponentInfo{com.airtel.tv/tv.airtel.xstream.login.LoginActivity} topActivity=ComponentInfo{com.airtel.tv/tv.airtel.xstream.login.LoginActivity} origActivity=null realActivity=ComponentInfo{com.airtel.tv/tv.airtel.xstream.login.LoginActivity} numActivities=1 lastActiveTime=42064456 supportsMultiWindow=false resizeMode=0 isResizeable=false minWidth=-1 minHeight=-1 defaultMinSize=220 token=WCT{RemoteToken{2c26dec Task{67aa7db #245 type=home A=10043:com.airtel.tv}}} topActivityType=2 pictureInPictureParams=null shouldDockBigOverlays=true launchIntoPipHostTaskId=-1 lastParentTaskIdBeforePip=-1 displayCutoutSafeInsets=null topActivityInfo=ActivityInfo{acee5b5 tv.airtel.xstream.login.LoginActivity} launchCookies=[] positionInParent=Point(0, 0) parentTaskId=-1 isFocused=true isVisible=false isVisibleRequested=true isSleeping=false topActivityInSizeCompat=false topActivityEligibleForLetterboxEducation= false topActivityLetterboxed= false isFromDoubleTap= false topActivityLetterboxVerticalPosition= -1 topActivityLetterboxHorizontalPosition= -1 topActivityLetterboxWidth=-1 topActivityLetterboxHeight=-1 locusId=null displayAreaFeatureId=1 cameraCompatControlState=hidden}, remoteTransition = null, displayChange = null }
10-04 09:58:45.661   696   808 V WindowManager:     startWCT=WindowContainerTransaction { changes = {} hops = [] errorCallbackToken=null taskFragmentOrganizer=null }
10-04 09:58:45.661   696   808 V WindowManager:     info={id=26 t=OPEN f=0x0 trk=0 r=[0@Point(0, 0)] c=[{WCT{RemoteToken{a9b1175 Task{26d47f #218 type=standard A=10043:com.airtel.tv}}} m=CHANGE f=MOVE_TO_TOP leash=Surface(name=Task=218)/@0x4287e5f sb=Rect(0, 0 - 1920, 1080) eb=Rect(0, 0 - 1920, 1080) d=0}]}
10-04 09:58:45.670  1154  1154 D NetflixService: handleMessage
10-04 09:58:45.670   982  1072 V WindowManagerShell: onTransitionReady android.os.BinderProxy@860a8ea: {id=26 t=OPEN f=0x0 trk=0 r=[0@Point(0, 0)] c=[{WCT{android.window.IWindowContainerToken$Stub$Proxy@55ea6b7} m=CHANGE f=MOVE_TO_TOP leash=Surface(name=Task=218)/@0x9a96d51 sb=Rect(0, 0 - 1920, 1080) eb=Rect(0, 0 - 1920, 1080) d=0}]}
10-04 09:58:45.671   982  1072 V WindowManagerShell: Playing animation for (#26)android.os.BinderProxy@860a8ea@0
10-04 09:58:45.672   982  1072 V WindowManagerShell:  try handler com.android.wm.shell.keyguard.KeyguardTransitionHandler@5327bca
10-04 09:58:45.672   982  1072 V WindowManagerShell:  try handler com.android.wm.shell.activityembedding.ActivityEmbeddingController@72713b
10-04 09:58:45.672   982  1072 V WindowManagerShell:  try handler com.android.wm.shell.pip.tv.TvPipTransition@ddc6058
10-04 09:58:45.672   982  1072 V WindowManagerShell:  try handler com.android.wm.shell.transition.RemoteTransitionHandler@84005b1
10-04 09:58:45.673   982  1072 V WindowManagerShell: Transition doesn't have explicit remote, search filters for match for {id=26 t=OPEN f=0x0 trk=0 r=[0@Point(0, 0)] c=[{WCT{android.window.IWindowContainerToken$Stub$Proxy@55ea6b7} m=CHANGE f=MOVE_TO_TOP leash=Surface(name=Task=218)/@0x9a96d51 sb=Rect(0, 0 - 1920, 1080) eb=Rect(0, 0 - 1920, 1080) d=0}]}
10-04 09:58:45.673   982  1072 V WindowManagerShell:  Delegate animation for #26 to null
10-04 09:58:45.674  8084  8084 I ImeTracker: com.airtel.tv:b33ba94: onRequestHide at ORIGIN_CLIENT_HIDE_SOFT_INPUT reason HIDE_SOFT_INPUT
10-04 09:58:45.673   982  1072 V WindowManagerShell:  try handler com.android.wm.shell.transition.DefaultTransitionHandler@ce48a96
10-04 09:58:45.675   982  1072 V WindowManagerShell: start default transition animation, info = {id=26 t=OPEN f=0x0 trk=0 r=[0@Point(0, 0)] c=[{WCT{android.window.IWindowContainerToken$Stub$Proxy@55ea6b7} m=CHANGE f=MOVE_TO_TOP leash=Surface(name=Task=218)/@0x9a96d51 sb=Rect(0, 0 - 1920, 1080) eb=Rect(0, 0 - 1920, 1080) d=0}]}
10-04 09:58:45.676   696  3333 I ImeTracker: com.airtel.tv:b33ba94: onCancelled at PHASE_SERVER_SHOULD_HIDE
10-04 09:58:45.676  1154  1154 D NetflixService: com.airtel.tv is visible.
10-04 09:58:45.677  1154  1154 D NetflixService: com.netflix.ninja is not top activity.
10-04 09:58:45.677   982  1072 V WindowManagerShell: Transition animation finished (aborted=false), notifying core (#26)android.os.BinderProxy@860a8ea@0
10-04 09:58:45.682  1826 10065 D AdvertisingIdClient: AdvertisingIdClient is bounded
10-04 09:58:45.682  8084  8084 D OmniRemote.OmniOTAImpl: device not found
10-04 09:58:45.682  8084  8084 D OTAWorker onResult = 258: 
10-04 09:58:45.683  8084  8084 D OTAWorker remote device not found: 
10-04 09:58:45.684   696   808 V WindowManager: Finish Transition #26: created at 10-04 09:58:44.854 collect-started=0.114ms request-sent=22.251ms started=28.645ms ready=216.234ms sent=800.724ms finished=828.518ms
10-04 09:58:45.684  8084  8084 D OTAWorker: MainActivity OTAWorker event received tv.airtel.xstream.util.RxEvent$RCUOtaEvents$DeviceNotFound@e68f7a1
10-04 09:58:45.692   982  1072 V WindowManagerShell: Track 0 became idle
10-04 09:58:45.693   982  1072 V WindowManagerShell: All active transition animations finished
10-04 09:58:45.693   982  1072 V WindowManagerShell:  animated by com.android.wm.shell.transition.DefaultTransitionHandler@ce48a96
10-04 09:58:45.693   982  1072 V WindowManagerShell: Track 0 became idle
10-04 09:58:45.693   982  1072 V WindowManagerShell: All active transition animations finished
10-04 09:58:45.695   696   800 I ImeTracker: com.airtel.tv:fbbb53c9: onRequestHide at ORIGIN_SERVER_HIDE_INPUT reason HIDE_SAME_WINDOW_FOCUSED_WITHOUT_EDITOR
10-04 09:58:45.695   696   800 I ImeTracker: com.airtel.tv:fbbb53c9: onCancelled at PHASE_SERVER_SHOULD_HIDE
10-04 09:58:45.702  7788  7788 I GoogleInputMethodService: GoogleInputMethodService.onFinishInput():3184 
10-04 09:58:45.703  7788  7788 I GoogleInputMethodService: GoogleInputMethodService.updateDeviceLockedStatus():2246 repeatCheckTimes = 0, locked = false
10-04 09:58:45.704  7788  7788 I GoogleInputMethodService: GoogleInputMethodService.onStartInput():1982 onStartInput(EditorInfo{EditorInfo{packageName=com.airtel.tv, inputType=0, inputTypeString=NULL, enableLearning=false, autoCorrection=false, autoComplete=false, imeOptions=0, privateImeOptions=null, actionName=UNSPECIFIED, actionLabel=null, initialSelStart=-1, initialSelEnd=-1, initialCapsMode=0, label=null, fieldId=0, fieldName=null, extras=null, hintText=null, hintLocales=[]}}, false)
10-04 09:58:45.704  7788  7788 I GoogleInputMethodService: GoogleInputMethodService.updateDeviceLockedStatus():2246 repeatCheckTimes = 1, locked = false
10-04 09:58:45.705  7788  7788 I AndroidIME: InputBundleManager.loadActiveInputBundleId():450 loadActiveInputBundleId: und-Latn-x-password, password
10-04 09:58:45.706  7788  7788 I EmojiCompatManager: EmojiCompatManager.getEmojiCompatIfLoaded():342 EmojiCompat.init() was never called.
10-04 09:58:45.706  7788  7788 I EmojiCompatManager: java.lang.IllegalStateException: EmojiCompat is not initialized. Please call EmojiCompat.init() first
10-04 09:58:45.706  7788  7788 I EmojiCompatManager: 	at so.g(PG:3)
10-04 09:58:45.706  7788  7788 I EmojiCompatManager: 	at abd.a(PG:6)
10-04 09:58:45.706  7788  7788 I EmojiCompatManager: 	at edb.d(PG:1)
10-04 09:58:45.706  7788  7788 I EmojiCompatManager: 	at edb.b(PG:6)
10-04 09:58:45.706  7788  7788 I EmojiCompatManager: 	at com.android.inputmethod.latin.LatinIME.f(PG:286)
10-04 09:58:45.706  7788  7788 I EmojiCompatManager: 	at epp.onStartInput(PG:170)
10-04 09:58:45.706  7788  7788 I EmojiCompatManager: 	at android.inputmethodservice.InputMethodService.doStartInput(InputMethodService.java:3115)
10-04 09:58:45.706  7788  7788 I EmojiCompatManager: 	at android.inputmethodservice.InputMethodService$InputMethodImpl.startInput(InputMethodService.java:824)
10-04 09:58:45.706  7788  7788 I EmojiCompatManager: 	at android.inputmethodservice.InputMethodService$InputMethodImpl.dispatchStartInput(InputMethodService.java:853)
10-04 09:58:45.706  7788  7788 I EmojiCompatManager: 	at android.inputmethodservice.IInputMethodWrapper.executeMessage(IInputMethodWrapper.java:197)
10-04 09:58:45.706  7788  7788 I EmojiCompatManager: 	at com.android.internal.os.HandlerCaller$MyHandler.handleMessage(HandlerCaller.java:44)
10-04 09:58:45.706  7788  7788 I EmojiCompatManager: 	at android.os.Handler.dispatchMessage(Handler.java:106)
10-04 09:58:45.706  7788  7788 I EmojiCompatManager: 	at android.os.Looper.loopOnce(Looper.java:205)
10-04 09:58:45.706  7788  7788 I EmojiCompatManager: 	at android.os.Looper.loop(Looper.java:294)
10-04 09:58:45.706  7788  7788 I EmojiCompatManager: 	at android.app.ActivityThread.main(ActivityThread.java:8177)
10-04 09:58:45.706  7788  7788 I EmojiCompatManager: 	at java.lang.reflect.Method.invoke(Native Method)
10-04 09:58:45.706  7788  7788 I EmojiCompatManager: 	at com.android.internal.os.RuntimeInit$MethodAndArgsCaller.run(RuntimeInit.java:552)
10-04 09:58:45.706  7788  7788 I EmojiCompatManager: 	at com.android.internal.os.ZygoteInit.main(ZygoteInit.java:971)
10-04 09:58:45.722  1154  1154 D NetflixService: com.netflix.ninjais not top activity.
10-04 09:58:45.722  1154  1154 I NetflixService: fg: false  mIsNetflixFg: false
10-04 09:58:45.723   441   441 D hdmicecd: [CEC]:printCecMessage, [4 -> 0] len: 1, body: 8f, result:no ack
10-04 09:58:45.725  1154  1154 D NetflixService: com.airtel.tv is visible.
10-04 09:58:45.725  1154  1154 D NetflixService: com.google.android.youtube.tv is not top activity.
10-04 09:58:45.726  1826 10065 I AdvertisingIdClient: shouldSendLog 39878259
10-04 09:58:45.726  1826 10065 I AdvertisingIdClient: GetInfoInternal elapse 93ms
10-04 09:58:45.779   441   441 D hdmicecd: [CEC]:printCecMessage, [4 -> 0] len: 1, body: 8f, result:no ack
10-04 09:58:45.779   441   441 E IPCThreadState: binder thread pool (1 threads) starved for 110 ms
10-04 09:58:45.790   982   990 I ndroid.systemui: Background young concurrent copying GC freed 56743(3023KB) AllocSpace objects, 0(0B) LOS objects, 42% free, 4276KB/7373KB, paused 136us,73us total 127.074ms
10-04 09:58:45.790   982   990 W ndroid.systemui: Reducing the number of considered missed Gc histogram windows from 186 to 100
10-04 09:58:45.797   982   992 W System  : A resource failed to call release. 
10-04 09:58:45.797   982   992 W System  : A resource failed to call release. 
10-04 09:58:45.797   982   992 W System  : A resource failed to call release. 
10-04 09:58:45.797   982   992 W System  : A resource failed to call release. 
10-04 09:58:45.797   982   992 W System  : A resource failed to call release. 
10-04 09:58:45.797   982   992 W System  : A resource failed to call release. 
10-04 09:58:45.797   982   992 W System  : A resource failed to call release. 
10-04 09:58:45.797   982   992 W System  : A resource failed to call release. 
10-04 09:58:45.798   982   992 W System  : A resource failed to call release. 
10-04 09:58:45.798   982   992 W System  : A resource failed to call release. 
10-04 09:58:45.798   982   992 W System  : A resource failed to call release. 
10-04 09:58:45.798   982   992 W System  : A resource failed to call release. 
10-04 09:58:45.798   982   992 W System  : A resource failed to call release. 
10-04 09:58:45.798   982   992 W System  : A resource failed to call release. 
10-04 09:58:45.798   982   992 W System  : A resource failed to call release. 
10-04 09:58:45.798   982   992 W System  : A resource failed to call release. 
10-04 09:58:45.798   982   992 W System  : A resource failed to call release. 
10-04 09:58:45.835   441   441 D hdmicecd: [CEC]:printCecMessage, [4 -> 0] len: 1, body: 8f, result:no ack
10-04 09:58:45.842  1826  1826 I AdvertisingIdClient: getting error as 17: API: ClientTelemetry.API is not available on this device. Connection failed with: ConnectionResult{statusCode=API_DISABLED_FOR_CONNECTION, resolution=null, message=null}
10-04 09:58:45.874  1154  1154 D NetflixService: handleMessage
10-04 09:58:45.879  1154  1154 D NetflixService: com.airtel.tv is visible.
10-04 09:58:45.879  1154  1154 D NetflixService: com.netflix.ninja is not top activity.
10-04 09:58:45.882  1154  1154 D NetflixService: com.netflix.ninjais not top activity.
10-04 09:58:45.882  1154  1154 I NetflixService: fg: false  mIsNetflixFg: false
10-04 09:58:45.883  1154  1154 D NetflixService: com.airtel.tv is visible.
10-04 09:58:45.884  1154  1154 D NetflixService: com.google.android.youtube.tv is not top activity.
10-04 09:58:45.891   441   441 D hdmicecd: [CEC]:printCecMessage, [4 -> 0] len: 1, body: 8f, result:no ack
10-04 09:58:45.891   441   441 E IPCThreadState: binder thread pool (1 threads) starved for 111 ms
10-04 09:58:45.902   696   949 E HDMI    : [6]:Failed to send <Give Device Power Status> 40:8F with errorCode=1
10-04 09:58:45.903   696   949 D HDMI    : [S]:<Text View On> 40:0D
10-04 09:58:45.959   441   441 D hdmicecd: [CEC]:printCecMessage, [4 -> 0] len: 1, body: 0d, result:no ack
10-04 09:58:45.990  8084  9248 E homepage: data received in RequestRetrofitRepo : tv.accedo.airtel.wynk.data.entity.LayoutBaseEntity@e195e231
10-04 09:58:46.014  8084  9248 E homepage: post processing done
10-04 09:58:46.015   441   441 D hdmicecd: [CEC]:printCecMessage, [4 -> 0] len: 1, body: 0d, result:no ack
10-04 09:58:46.015   441   441 E IPCThreadState: binder thread pool (1 threads) starved for 112 ms
10-04 09:58:46.079   441   441 D hdmicecd: [CEC]:printCecMessage, [4 -> 0] len: 1, body: 0d, result:no ack
10-04 09:58:46.135   441   441 D hdmicecd: [CEC]:printCecMessage, [4 -> 0] len: 1, body: 0d, result:no ack
10-04 09:58:46.135   441   441 E IPCThreadState: binder thread pool (1 threads) starved for 110 ms
10-04 09:58:46.151  8084  8093 I com.airtel.tv: Background young concurrent copying GC freed 228285(9576KB) AllocSpace objects, 27(3076KB) LOS objects, 8% free, 99MB/108MB, paused 1.163ms,374us total 416.337ms
10-04 09:58:46.166  8084  8095 W System  : A resource failed to call CursorWindow.close. 
10-04 09:58:46.167  8084  8095 W System  : A resource failed to call CursorWrapperInner.close. 
10-04 09:58:46.387  8084  8084 D IPTV_KPI: COLD_BOOT : 1374 ms
10-04 09:58:46.387  8084  8084 D IPTV_KPI: TAB_LOAD : 386128 ms
10-04 09:58:46.399  8084  8084 D Glide   : Finished loading BitmapDrawable from MEMORY_CACHE for http://tvimg.wynk.in/unsafe/fit-in/1920x548/filters:no_upscale():format(webp)/https://s3.ap-south-1.amazonaws.com/discovery-prod-arsenal/tile/artwork/1727983622442_ind_vs_nz-4-oct-7.30-pm_4k_1920-x-548.jpg with size [-2147483648x-2147483648] in 0.422708 ms
10-04 09:58:46.409  8084  8084 D Glide   : Finished loading BitmapDrawable from MEMORY_CACHE for http://tvimg.wynk.in/unsafe/fit-in/1920x548/filters:no_upscale():format(webp)/https://s3.ap-south-1.amazonaws.com/discovery-prod-arsenal/tile/artwork/1727811264485_1727723377178_auron_mein_kahan_dum_tha.jpg with size [-2147483648x-2147483648] in 0.34954199999999996 ms
10-04 09:58:46.411  8084  8084 I showFeaturedBanner: 
10-04 09:58:46.422   424   582 I audio_hw_hal_alsamgr: alsa format =0x1 delay frames =1024 total frames=2018560000
10-04 09:58:46.436   696   696 D ResendCecCommandAction: sendCommandWithoutRetries failed, retry
10-04 09:58:46.436   696   949 D HDMI    : [S]:<Text View On> 40:0D
10-04 09:58:46.441  8084  8084 E ConstraintLayout: layout_constraintWidth_default="wrap" is deprecated.
10-04 09:58:46.441  8084  8084 E ConstraintLayout: Use layout_width="WRAP_CONTENT" and layout_constrainedWidth="true" instead.
10-04 09:58:46.451  8084  9584 E ThemeUtils: View class com.airbnb.lottie.LottieAnimationView is an AppCompat widget that can only be used with a Theme.AppCompat theme (or descendant).
10-04 09:58:46.454  8084  9584 E ThemeUtils: View class androidx.appcompat.widget.AppCompatTextView is an AppCompat widget that can only be used with a Theme.AppCompat theme (or descendant).
10-04 09:58:46.458  8084  9584 E ThemeUtils: View class androidx.appcompat.widget.AppCompatTextView is an AppCompat widget that can only be used with a Theme.AppCompat theme (or descendant).
10-04 09:58:46.462  8084  9584 D SmartAsyncLayoutInflater: The background thread failed to inflate. Inflation falls back to the main thread. Error message=Binary XML file line #2 in com.airtel.tv:layout/custom_header_view: Binary XML file line #2 in com.airtel.tv:layout/custom_header_view: Error inflating class <unknown>
10-04 09:58:46.491   441   441 D hdmicecd: [CEC]:printCecMessage, [4 -> 0] len: 1, body: 0d, result:no ack
10-04 09:58:46.516  8084  8084 E ConstraintLayout: layout_constraintWidth_default="wrap" is deprecated.
10-04 09:58:46.516  8084  8084 E ConstraintLayout: Use layout_width="WRAP_CONTENT" and layout_constrainedWidth="true" instead.
10-04 09:58:46.523  8084  9584 E ThemeUtils: View class com.airbnb.lottie.LottieAnimationView is an AppCompat widget that can only be used with a Theme.AppCompat theme (or descendant).
10-04 09:58:46.527  8084  9584 E ThemeUtils: View class androidx.appcompat.widget.AppCompatTextView is an AppCompat widget that can only be used with a Theme.AppCompat theme (or descendant).
10-04 09:58:46.534  8084  9584 E ThemeUtils: View class androidx.appcompat.widget.AppCompatTextView is an AppCompat widget that can only be used with a Theme.AppCompat theme (or descendant).
10-04 09:58:46.538  8084  9584 D SmartAsyncLayoutInflater: The background thread failed to inflate. Inflation falls back to the main thread. Error message=Binary XML file line #2 in com.airtel.tv:layout/custom_header_view: Binary XML file line #2 in com.airtel.tv:layout/custom_header_view: Error inflating class <unknown>
10-04 09:58:46.550   441   441 D hdmicecd: [CEC]:printCecMessage, [4 -> 0] len: 1, body: 0d, result:no ack
10-04 09:58:46.551   441   441 E IPCThreadState: binder thread pool (1 threads) starved for 115 ms
10-04 09:58:46.552  8084  8084 D Glide   : Finished loading BitmapDrawable from MEMORY_CACHE for http://tvimg.wynk.in/unsafe/fit-in/300x169/filters:no_upscale():format(webp)/https://xstreamcp-assets-msp.streamready.in/assets/SONYLIV_VOD/MOVIE/6485908c82488153bfe3e82b/images/salute_12aug_landscape_thumb.jpg with size [-2147483648x-2147483648] in 0.39875 ms
10-04 09:58:46.573  8084  8084 D Glide   : Finished loading BitmapDrawable from MEMORY_CACHE for http://tvimg.wynk.in/unsafe/fit-in/300x169/filters:no_upscale():format(webp)/https://xstreamcp-assets-msp.streamready.in/assets/LIONSGATEPLAY/MOVIE/64f9ad835987c22787ba37a4/images/THEBLACKDEMONY2023MHI-airtel-cover-poster-1923X1082.jpg with size [-2147483648x-2147483648] in 0.378417 ms
10-04 09:58:46.592  8084  8084 D Glide   : Finished loading BitmapDrawable from MEMORY_CACHE for http://tvimg.wynk.in/unsafe/fit-in/300x169/filters:no_upscale():format(webp)/https://xstreamcp-assets-msp.streamready.in/assets/SONYLIV_VOD/EPISODE/6485cad482488153bfe4a7f5/images/maharani5_landscape_image.jpg with size [-2147483648x-2147483648] in 0.316417 ms
10-04 09:58:46.610   441   441 D hdmicecd: [CEC]:printCecMessage, [4 -> 0] len: 1, body: 0d, result:no ack
10-04 09:58:46.612  8084  8084 D Glide   : Finished loading BitmapDrawable from MEMORY_CACHE for http://tvimg.wynk.in/unsafe/fit-in/300x169/filters:no_upscale():format(webp)/https://xstreamcp-assets-msp.streamready.in/assets/SONYLIV_VOD/EPISODE/668fa79413fc7c3c9b6d8187/images/36_day_1920x1080_clean_airtel_landscape.jpg with size [-2147483648x-2147483648] in 0.379459 ms
10-04 09:58:46.616   426  1494 D rtk_heartbeat: heartbeat_timed_out: heartbeatCmdCount = 42031, expected nextSeqNum = 42031
10-04 09:58:46.617   426  1381 D rtk_heartbeat: rtkbt_heartbeat_cmpl_cback: Current SeqNum = 42031,should SeqNum=42031, status = 0
10-04 09:58:46.632  8084  8084 D Glide   : Finished loading BitmapDrawable from MEMORY_CACHE for http://tvimg.wynk.in/unsafe/fit-in/300x169/filters:no_upscale():format(webp)/https://xstreamcp-assets-msp.streamready.in/assets/SHEMAROOME/MOVIE/6478338c59fcb666645f6943/images/xl_image_16_9_airtel_1723465577.jpg with size [-2147483648x-2147483648] in 0.321459 ms
10-04 09:58:46.652  8084  8084 D Glide   : Finished loading BitmapDrawable from MEMORY_CACHE for http://tvimg.wynk.in/unsafe/fit-in/300x169/filters:no_upscale():format(webp)/https://xstreamcp-assets-msp.streamready.in/assets/SHEMAROOME/MOVIE/6478327359fcb666645f5dc1/images/xl_image_16_9_1630335742.jpg with size [-2147483648x-2147483648] in 0.35970799999999997 ms
10-04 09:58:46.665  8084  8084 E ConstraintLayout: layout_constraintWidth_default="wrap" is deprecated.
10-04 09:58:46.665  8084  8084 E ConstraintLayout: Use layout_width="WRAP_CONTENT" and layout_constrainedWidth="true" instead.
10-04 09:58:46.670   441   441 D hdmicecd: [CEC]:printCecMessage, [4 -> 0] len: 1, body: 0d, result:no ack
10-04 09:58:46.671   441   441 E IPCThreadState: binder thread pool (1 threads) starved for 120 ms
10-04 09:58:46.673  8084  9584 E ThemeUtils: View class com.airbnb.lottie.LottieAnimationView is an AppCompat widget that can only be used with a Theme.AppCompat theme (or descendant).
10-04 09:58:46.676  8084  9584 E ThemeUtils: View class androidx.appcompat.widget.AppCompatTextView is an AppCompat widget that can only be used with a Theme.AppCompat theme (or descendant).
10-04 09:58:46.680  8084  9584 E ThemeUtils: View class androidx.appcompat.widget.AppCompatTextView is an AppCompat widget that can only be used with a Theme.AppCompat theme (or descendant).
10-04 09:58:46.683  8084  9584 D SmartAsyncLayoutInflater: The background thread failed to inflate. Inflation falls back to the main thread. Error message=Binary XML file line #2 in com.airtel.tv:layout/custom_header_view: Binary XML file line #2 in com.airtel.tv:layout/custom_header_view: Error inflating class <unknown>
10-04 09:58:46.683  8084  8084 E ConstraintLayout: layout_constraintWidth_default="wrap" is deprecated.
10-04 09:58:46.683  8084  8084 E ConstraintLayout: Use layout_width="WRAP_CONTENT" and layout_constrainedWidth="true" instead.
10-04 09:58:46.693  8084  9584 E ThemeUtils: View class com.airbnb.lottie.LottieAnimationView is an AppCompat widget that can only be used with a Theme.AppCompat theme (or descendant).
10-04 09:58:46.696  8084  9584 E ThemeUtils: View class androidx.appcompat.widget.AppCompatTextView is an AppCompat widget that can only be used with a Theme.AppCompat theme (or descendant).
10-04 09:58:46.700  8084  9584 E ThemeUtils: View class androidx.appcompat.widget.AppCompatTextView is an AppCompat widget that can only be used with a Theme.AppCompat theme (or descendant).
10-04 09:58:46.703  8084  9584 D SmartAsyncLayoutInflater: The background thread failed to inflate. Inflation falls back to the main thread. Error message=Binary XML file line #2 in com.airtel.tv:layout/custom_header_view: Binary XML file line #2 in com.airtel.tv:layout/custom_header_view: Error inflating class <unknown>
10-04 09:58:46.704  8084  8084 E ThemeUtils: View class androidx.appcompat.widget.AppCompatImageView is an AppCompat widget that can only be used with a Theme.AppCompat theme (or descendant).
10-04 09:58:46.708  8084  8084 E ThemeUtils: View class androidx.appcompat.widget.AppCompatImageView is an AppCompat widget that can only be used with a Theme.AppCompat theme (or descendant).
10-04 09:58:46.714  8084  8084 E ThemeUtils: View class androidx.appcompat.widget.AppCompatImageView is an AppCompat widget that can only be used with a Theme.AppCompat theme (or descendant).
10-04 09:58:46.717  8084  8084 E ThemeUtils: View class androidx.appcompat.widget.AppCompatImageView is an AppCompat widget that can only be used with a Theme.AppCompat theme (or descendant).
10-04 09:58:46.722  8084  8084 E ThemeUtils: View class androidx.appcompat.widget.AppCompatImageView is an AppCompat widget that can only be used with a Theme.AppCompat theme (or descendant).
10-04 09:58:46.725  8084  8084 E ThemeUtils: View class androidx.appcompat.widget.AppCompatImageView is an AppCompat widget that can only be used with a Theme.AppCompat theme (or descendant).
10-04 09:58:46.730  8084  8084 E ThemeUtils: View class androidx.appcompat.widget.AppCompatImageView is an AppCompat widget that can only be used with a Theme.AppCompat theme (or descendant).
10-04 09:58:46.734  8084  8084 E ThemeUtils: View class androidx.appcompat.widget.AppCompatImageView is an AppCompat widget that can only be used with a Theme.AppCompat theme (or descendant).
10-04 09:58:46.739  8084  8084 E ThemeUtils: View class androidx.appcompat.widget.AppCompatImageView is an AppCompat widget that can only be used with a Theme.AppCompat theme (or descendant).
10-04 09:58:46.742  8084  8084 E ThemeUtils: View class androidx.appcompat.widget.AppCompatImageView is an AppCompat widget that can only be used with a Theme.AppCompat theme (or descendant).
