10-04 10:38:20.633  1154  1154 D NetflixService: com.google.android.youtube.tv is not top activity.
10-04 10:38:20.674   424   673 D audio_hw_hal_primary: [out_standby_new:5414] io 13: out:0xf2d00740 usecase:PCM_NORMAL
10-04 10:38:20.674   424   673 I audio_hw_hal_primary: [do_output_standby_l:5310] io 13: out:0xf2d00740, stream usecase:PCM_NORMAL, continuous:1
10-04 10:38:20.674   424   673 I audio_hw_hal_primary: [usecase_change_validate_l:7065] ++ io 13: out:0xf2d00740 dev masks:0x1 is_standby:1 out usecase:PCM_NORMAL
10-04 10:38:20.674   424   673 I audio_hw_hal_primary: [usecase_change_validate_l:7102] -- dev masks:0 is_standby:1 out usecase PCM_NORMAL
10-04 10:38:20.674   424   673 D audio_hw_hal_primary: [out_standby_new:5437] io 13: out:0xf2d00740 usecase:PCM_NORMAL exit
10-04 10:38:20.702  8084  8143 I WM-WorkerWrapper: Worker result SUCCESS for Work [ id=c1e667af-4673-4b17-bdb5-bc753f8ae316, tags={ tv.airtel.wynk.analytics.sync.service.AnalyticsSyncService, com.airtel.analyticsSyncService } ]
10-04 10:38:20.763   424   582 D libdolbyms12: continuous underrun 2
10-04 10:38:20.775   696  1088 W JobScheduler: Job didn't exist in JobStore: 77d6af0 #u0a43/3248 com.airtel.tv/androidx.work.impl.background.systemjob.SystemJobService
10-04 10:38:21.041   426  1494 D rtk_heartbeat: heartbeat_timed_out: heartbeatCmdCount = 44405, expected nextSeqNum = 44405
10-04 10:38:21.042   426  1381 D rtk_heartbeat: rtkbt_heartbeat_cmpl_cback: Current SeqNum = 44405,should SeqNum=44405, status = 0
10-04 10:38:21.050  1154  1154 I ThermalService: CPU temperatures: [43.500004]
10-04 10:38:21.091   696  1553 E TaskPersister: File error accessing recents directory (directory doesn't exist?).
--------- beginning of kernel
10-04 10:38:21.241     0     0 W [2 T1289  ..] RTW: rtw_get_sta_tx_stat() not support
10-04 10:38:21.241     0     0 W [2 T1289  ..] RTW: cfg80211_rtw_get_txpower
10-04 10:38:22.041   426  1494 D rtk_heartbeat: heartbeat_timed_out: heartbeatCmdCount = 44406, expected nextSeqNum = 44406
10-04 10:38:22.042   426  1381 D rtk_heartbeat: rtkbt_heartbeat_cmpl_cback: Current SeqNum = 44406,should SeqNum=44406, status = 0
10-04 10:38:22.063 11760 11760 D MonkeyStub: translateCommand: press DPAD_RIGHT
10-04 10:38:22.065   459   459 I lights-tch: flashMode 0 id 2 onMs 0 offMs 0 brightness 0
10-04 10:38:22.068   459   459 I lights-tch: flashMode 0 id 2 onMs 0 offMs 0 brightness 225
--------- beginning of main
10-04 10:38:22.885   424   582 I audio_hw_hal_alsamgr: alsa format =0x9000000 delay frames =1408 total frames=2131968000
10-04 10:38:23.041   426  1494 D rtk_heartbeat: heartbeat_timed_out: heartbeatCmdCount = 44407, expected nextSeqNum = 44407
10-04 10:38:23.043   426  1381 D rtk_heartbeat: rtkbt_heartbeat_cmpl_cback: Current SeqNum = 44407,should SeqNum=44407, status = 0
10-04 10:38:23.053  1154  1154 I ThermalService: CPU temperatures: [42.800003]
10-04 10:38:24.042   426  1494 D rtk_heartbeat: heartbeat_timed_out: heartbeatCmdCount = 44408, expected nextSeqNum = 44408
10-04 10:38:24.043   426  1381 D rtk_heartbeat: rtkbt_heartbeat_cmpl_cback: Current SeqNum = 44408,should SeqNum=44408, status = 0
--------- beginning of kernel
10-04 10:38:24.247     0     0 W [3 T1289  ..] RTW: rtw_get_sta_tx_stat() not support
10-04 10:38:24.247     0     0 W [3 T1289  ..] RTW: cfg80211_rtw_get_txpower
10-04 10:38:24.255 11760 11760 D MonkeyStub: translateCommand: press DPAD_DOWN
10-04 10:38:24.258   459   459 I lights-tch: flashMode 0 id 2 onMs 0 offMs 0 brightness 0
10-04 10:38:24.262   459   459 I lights-tch: flashMode 0 id 2 onMs 0 offMs 0 brightness 225
10-04 10:38:24.278  8084  8084 D ANALYTICS_IPTV: AnalyticsEventTracker ***Event***Event{ts=1728018504276, meta={"box_type":"iptv","asset_name":"Content Language","app_version":"1.0.0019:237","box_model":"bx:1.2.3","action":"settings_focus","customer_id":"3026341863","firmware":"fw:1.2.3","source_name":"settings_L1"}, uid=5ye_gfsYCZe-PoQ4A0, did=8fb17cc052aef526, os=Android, ov=34, bn=237, nq=-1, nt=2, nct=0, lc=en|hi|ta|kn, av=1.0.0019, dt=STB, type=focus, adid=95acddf7-5a94-4681-bf0a-0a767be9f2c3, brand=Airtel-Xstream, model=XstreamIPTV1-VT, dname=Vantiva XstreamIPTV1-VT, appId=IPTV, sId=8fb17cc052aef526, profileId=, ab_test=86079:0|108429:0|42374:0|78244:0|95458:0|75817:0|60412:1|117812:1|120676:1|113632:1|116206:0|66480:0|100390:2|76965:1|110385:0|129832:2, city=Delhi, state=National Capital Territory of Delhi, country=India, firebase_id=687ecd54b0fd95386e529fbf62179576} Critical: false
10-04 10:38:24.325   424   673 I audio_hw_hal_primary: [register_audio_patch:7826] Patch 3:id:3 mix(io:13)->dev_0[OUT_HDMI(id:18)] found, register the same patch, do nothing.
10-04 10:38:24.325   424   673 I audio_hw_hal_primary: [adev_create_audio_patch:7927] Patch 3: MIX->DEVICE, num_src:1 num_sink:1 patch_src:INVAL
10-04 10:38:24.325   424   673 I audio_hw_hal_primary: [adev_create_audio_patch:7931] sink[0]: OUT_HDMI(id:18)
10-04 10:38:24.325   424   673 I audio_hw_hal_primary: [adev_create_audio_patch:7988] Patch 3: mix(io:13) -> dev[OUT_HDMI(id:18)]
10-04 10:38:24.325   424   673 I audio_hw_hal_primary: [adev_create_audio_patch:8056] dev=0xf3782930 cur_out_device=0x400
10-04 10:38:24.326  1154  1349 D UEventObserver: change@/devices/platform/auge_sound/sound/card0/controlC0��ACTION=change��DEVPATH=/devices/platform/auge_sound/sound/card0/controlC0��SUBSYSTEM=sound��AUDIO_FORMAT=0��MAJOR=116��MINOR=11��DEVNAME=snd/controlC0��SEQNUM=3364��
--------- beginning of system
10-04 10:38:24.327  1154  1349 W ContextImpl: Calling a method in the system process without a qualified user: android.app.ContextImpl.sendBroadcast:1220 android.content.ContextWrapper.sendBroadcast:504 com.droidlogic.audioservice.services.AudioSystemCmdService$1.onUEvent:177 com.droidlogic.UEventObserver$UEventThread.sendEvent:213 com.droidlogic.UEventObserver$UEventThread.run:190 
--------- beginning of main
10-04 10:38:24.443   424  8590 I audio_hw_hal_primary: [audiohal_get_latency:1258] io 13: out:0xf2d00740 frames:3072 rate:48000 whole_latency:64 alsa_latency:64
10-04 10:38:24.465   424  8590 I audio_hw_hal_primary: [audiohal_get_latency:1258] io 13: out:0xf2d00740 frames:3072 rate:48000 whole_latency:64 alsa_latency:64
10-04 10:38:24.467  8084  8195 I WM-WorkerWrapper: Worker result SUCCESS for Work [ id=0db082f4-545d-4e70-b560-14412bafc4db, tags={ tv.airtel.wynk.analytics.sync.service.AnalyticsSyncService, com.airtel.analyticsSyncService } ]
10-04 10:38:24.482   424  8590 I audio_hw_hal_primary: [audiohal_get_latency:1258] io 13: out:0xf2d00740 frames:3072 rate:48000 whole_latency:64 alsa_latency:64
--------- beginning of system
10-04 10:38:24.484   696  1104 W JobScheduler: Job didn't exist in JobStore: d909225 #u0a43/3249 com.airtel.tv/androidx.work.impl.background.systemjob.SystemJobService
10-04 10:38:24.504   424  8590 I audio_hw_hal_primary: [audiohal_get_latency:1258] io 13: out:0xf2d00740 frames:3072 rate:48000 whole_latency:64 alsa_latency:64
10-04 10:38:24.522   424  8590 I audio_hw_hal_primary: [audiohal_get_latency:1258] io 13: out:0xf2d00740 frames:3072 rate:48000 whole_latency:64 alsa_latency:64
10-04 10:38:24.544   424  8590 I audio_hw_hal_primary: [audiohal_get_latency:1258] io 13: out:0xf2d00740 frames:3072 rate:48000 whole_latency:64 alsa_latency:64
10-04 10:38:24.544   472   662 D audioserver: FGS Logger Transaction failed
10-04 10:38:24.544   472   662 D audioserver: -129
10-04 10:38:24.555   696  1104 D ConnectivityService: requestNetwork for uid/pid:10043/8084 activeRequest: null callbackRequest: 1399 [NetworkRequest [ REQUEST id=1400, [ Capabilities: INTERNET&NOT_RESTRICTED&TRUSTED&NOT_VCN_MANAGED Uid: 10043 RequestorUid: 10043 RequestorPkg: com.airtel.tv UnderlyingNetworks: Null] ]] callback flags: 0 order: 2147483647
10-04 10:38:24.557   696   910 D WifiNetworkFactory: got request NetworkRequest [ REQUEST id=1400, [ Capabilities: INTERNET&NOT_RESTRICTED&TRUSTED&NOT_VCN_MANAGED Uid: 10043 RequestorUid: 10043 RequestorPkg: com.airtel.tv UnderlyingNetworks: Null] ]
10-04 10:38:24.557   696   910 D UntrustedWifiNetworkFactory: got request NetworkRequest [ REQUEST id=1400, [ Capabilities: INTERNET&NOT_RESTRICTED&TRUSTED&NOT_VCN_MANAGED Uid: 10043 RequestorUid: 10043 RequestorPkg: com.airtel.tv UnderlyingNetworks: Null] ]
10-04 10:38:24.557   696   910 D OemPaidWifiNetworkFactory: got request NetworkRequest [ REQUEST id=1400, [ Capabilities: INTERNET&NOT_RESTRICTED&TRUSTED&NOT_VCN_MANAGED Uid: 10043 RequestorUid: 10043 RequestorPkg: com.airtel.tv UnderlyingNetworks: Null] ]
10-04 10:38:24.557   696   910 D MultiInternetWifiNetworkFactory: got request NetworkRequest [ REQUEST id=1400, [ Capabilities: INTERNET&NOT_RESTRICTED&TRUSTED&NOT_VCN_MANAGED Uid: 10043 RequestorUid: 10043 RequestorPkg: com.airtel.tv UnderlyingNetworks: Null] ]
10-04 10:38:24.557   696   918 D ConnectivityService: NetReassign [1400 : null → 100] [c 0] [a 1] [i 1]
10-04 10:38:24.587  8084  8195 I WM-WorkerWrapper: Worker result SUCCESS for Work [ id=79d8ea06-faf9-454f-a680-ef3c5168a394, tags={ tv.airtel.wynk.analytics.sync.service.AnalyticsSyncService, com.airtel.analyticsSyncService } ]
10-04 10:38:25.042   426  1494 D rtk_heartbeat: heartbeat_timed_out: heartbeatCmdCount = 44409, expected nextSeqNum = 44409
10-04 10:38:25.043   426  1381 D rtk_heartbeat: rtkbt_heartbeat_cmpl_cback: Current SeqNum = 44409,should SeqNum=44409, status = 0
10-04 10:38:25.056  1154  1154 I ThermalService: CPU temperatures: [43.2]
10-04 10:38:25.089   424   582 I audio_hw_hal_alsamgr: alsa format =0x1 delay frames =1024 total frames=2132736000
10-04 10:38:26.042   426  1494 D rtk_heartbeat: heartbeat_timed_out: heartbeatCmdCount = 44410, expected nextSeqNum = 44410
10-04 10:38:26.043   426  1381 D rtk_heartbeat: rtkbt_heartbeat_cmpl_cback: Current SeqNum = 44410,should SeqNum=44410, status = 0
10-04 10:38:26.463 11760 11760 D MonkeyStub: translateCommand: press DPAD_RIGHT
10-04 10:38:26.466   459   459 I lights-tch: flashMode 0 id 2 onMs 0 offMs 0 brightness 0
10-04 10:38:26.473   459   459 I lights-tch: flashMode 0 id 2 onMs 0 offMs 0 brightness 225
--------- beginning of main
10-04 10:38:27.042   426  1494 D rtk_heartbeat: heartbeat_timed_out: heartbeatCmdCount = 44411, expected nextSeqNum = 44411
10-04 10:38:27.043   426  1381 D rtk_heartbeat: rtkbt_heartbeat_cmpl_cback: Current SeqNum = 44411,should SeqNum=44411, status = 0
10-04 10:38:27.060  1154  1154 I ThermalService: CPU temperatures: [42.800003]
--------- beginning of kernel
10-04 10:38:27.252     0     0 W [2 T1289  ..] RTW: rtw_get_sta_tx_stat() not support
10-04 10:38:27.252     0     0 W [2 T1289  ..] RTW: cfg80211_rtw_get_txpower
10-04 10:38:27.414   424   424 D audio_hw_hal_primary: [out_standby_new:5414] io 13: out:0xf2d00740 usecase:PCM_NORMAL
10-04 10:38:27.414   424   424 I audio_hw_hal_primary: [do_output_standby_l:5310] io 13: out:0xf2d00740, stream usecase:PCM_NORMAL, continuous:1
10-04 10:38:27.414   424   424 I audio_hw_hal_primary: [usecase_change_validate_l:7065] ++ io 13: out:0xf2d00740 dev masks:0x1 is_standby:1 out usecase:PCM_NORMAL
10-04 10:38:27.414   424   424 I audio_hw_hal_primary: [usecase_change_validate_l:7102] -- dev masks:0 is_standby:1 out usecase PCM_NORMAL
10-04 10:38:27.414   424   424 D audio_hw_hal_primary: [out_standby_new:5437] io 13: out:0xf2d00740 usecase:PCM_NORMAL exit
10-04 10:38:27.500   424   582 D libdolbyms12: continuous underrun 2
10-04 10:38:28.042   426  1494 D rtk_heartbeat: heartbeat_timed_out: heartbeatCmdCount = 44412, expected nextSeqNum = 44412
10-04 10:38:28.043   426  1381 D rtk_heartbeat: rtkbt_heartbeat_cmpl_cback: Current SeqNum = 44412,should SeqNum=44412, status = 0
10-04 10:38:29.043   426  1494 D rtk_heartbeat: heartbeat_timed_out: heartbeatCmdCount = 44413, expected nextSeqNum = 44413
10-04 10:38:29.044   426  1381 D rtk_heartbeat: rtkbt_heartbeat_cmpl_cback: Current SeqNum = 44413,should SeqNum=44413, status = 0
10-04 10:38:29.064  1154  1154 I ThermalService: CPU temperatures: [42.500004]
10-04 10:38:29.983  1826  1826 D BoundBrokerSvc: onUnbind: Intent { act=com.google.android.gms.measurement.START pkg=com.google.android.gms }
10-04 10:38:30.043   426  1494 D rtk_heartbeat: heartbeat_timed_out: heartbeatCmdCount = 44414, expected nextSeqNum = 44414
10-04 10:38:30.044   426  1381 D rtk_heartbeat: rtkbt_heartbeat_cmpl_cback: Current SeqNum = 44414,should SeqNum=44414, status = 0
10-04 10:38:30.258     0     0 W [0 T1289  ..] RTW: rtw_get_sta_tx_stat() not support
10-04 10:38:30.258     0     0 W [0 T1289  ..] RTW: cfg80211_rtw_get_txpower
10-04 10:38:30.423   424   582 I audio_hw_hal_alsamgr: alsa format =0x1 delay frames =1024 total frames=2132992000
10-04 10:38:30.649 11760 11760 D MonkeyStub: translateCommand: press DPAD_CENTER
10-04 10:38:30.652   459   459 I lights-tch: flashMode 0 id 2 onMs 0 offMs 0 brightness 0
10-04 10:38:30.656   459   459 I lights-tch: flashMode 0 id 2 onMs 0 offMs 0 brightness 225
10-04 10:38:30.665  8084  8084 D ANALYTICS_IPTV: AnalyticsEventTracker ***Event***Event{ts=1728018510662, meta={"box_type":"iptv","source_of_stream":"5 | Home.screen_visible.none.none.none.none.none.none.none | none.screen_visible.none.none.none.none.none.none.none | settings_L1.click.settings_click.none.none.none.Content Language.none.none","asset_name":"Content Language","app_version":"1.0.0019:237","box_model":"bx:1.2.3","action":"settings_click","customer_id":"3026341863","firmware":"fw:1.2.3","source_name":"settings_L1"}, uid=5ye_gfsYCZe-PoQ4A0, did=8fb17cc052aef526, os=Android, ov=34, bn=237, nq=-1, nt=2, nct=0, lc=en|hi|ta|kn, av=1.0.0019, dt=STB, type=click, adid=95acddf7-5a94-4681-bf0a-0a767be9f2c3, brand=Airtel-Xstream, model=XstreamIPTV1-VT, dname=Vantiva XstreamIPTV1-VT, appId=IPTV, sId=8fb17cc052aef526, profileId=, ab_test=86079:0|108429:0|42374:0|78244:0|95458:0|75817:0|60412:1|117812:1|120676:1|113632:1|116206:0|66480:0|100390:2|76965:1|110385:0|129832:2, city=Delhi, state=National Capital Territory of Delhi, country=India, firebase_id=687ecd54b0fd95386e529fbf62179576} Critical: false
10-04 10:38:30.672   696  1088 E CellBroadcastUtils: getDefaultCellBroadcastReceiverPackageName: no package found
--------- beginning of system
10-04 10:38:30.678   696  1088 E Transition: Trying to add a ready-group twice: Display{#0 state=ON size=1920x1080 ROTATION_0}
10-04 10:38:30.680   696  1088 I ActivityTaskManager: START u0 {cmp=com.airtel.tv/tv.airtel.xstream.ui.settings.NewSettingsFullscreenActivity (has extras)} with LAUNCH_SINGLE_TASK from uid 10043 (BAL_ALLOW_ALLOWLISTED_COMPONENT) result code=0
10-04 10:38:30.680   982  1072 V WindowManagerShell: Transition requested: android.os.BinderProxy@390f3ec TransitionRequestInfo { type = OPEN, triggerTask = TaskInfo{userId=0 taskId=218 displayId=0 isRunning=true baseIntent=Intent { flg=0x10000000 cmp=com.airtel.tv/tv.airtel.xstream.ui.home.MainActivity } baseActivity=ComponentInfo{com.airtel.tv/tv.airtel.xstream.ui.home.MainActivity} topActivity=ComponentInfo{com.airtel.tv/tv.airtel.xstream.ui.settings.NewSettingsFullscreenActivity} origActivity=null realActivity=ComponentInfo{com.airtel.tv/tv.airtel.xstream.ui.home.MainActivity} numActivities=2 lastActiveTime=44450262 supportsMultiWindow=false resizeMode=1 isResizeable=true minWidth=-1 minHeight=-1 defaultMinSize=220 token=WCT{android.window.IWindowContainerToken$Stub$Proxy@391f3b5} topActivityType=1 pictureInPictureParams=null shouldDockBigOverlays=true launchIntoPipHostTaskId=-1 lastParentTaskIdBeforePip=-1 displayCutoutSafeInsets=null topActivityInfo=ActivityInfo{641a4a tv.airtel.xstream.ui.settings.NewSettingsFullscreenActivity} launchCookies=[] positionInParent=Point(0, 0) parentTaskId=-1 isFocused=true isVisible=true isVisibleRequested=true isSleeping=false topActivityInSizeCompat=false topActivityEligibleForLetterboxEducation= false topActivityLetterboxed= false isFromDoubleTap= false topActivityLetterboxVerticalPosition= -1 topActivityLetterboxHorizontalPosition= -1 topActivityLetterboxWidth=-1 topActivityLetterboxHeight=-1 locusId=null displayAreaFeatureId=1 cameraCompatControlState=hidden}, remoteTransition = null, displayChange = null }
10-04 10:38:30.687   696  1088 I MediaFocusControl: abandonAudioFocus() from uid/pid 10043/8084 clientId=android.media.AudioManager@f804f00helper.PlayerHelper$$ExternalSyntheticLambda0@6fc3f3d
10-04 10:38:30.689  8084  8084 D PLAYER_LOGGER : : HEART: stopping heart beat
10-04 10:38:30.690   696   850 I MediaFocusControl: abandonAudioFocus() from uid/pid 10043/8084 clientId=android.media.AudioManager@f804f00helper.PlayerHelper$$ExternalSyntheticLambda0@bb3d339
10-04 10:38:30.691  8084  8084 D PLAYER_LOGGER : : HEART: stopping heart beat
10-04 10:38:30.696   424  8826 I audio_hw_hal_primary: [register_audio_patch:7826] Patch 3:id:3 mix(io:13)->dev_0[OUT_HDMI(id:18)] found, register the same patch, do nothing.
10-04 10:38:30.696   424  8826 I audio_hw_hal_primary: [adev_create_audio_patch:7927] Patch 3: MIX->DEVICE, num_src:1 num_sink:1 patch_src:INVAL
10-04 10:38:30.696   424  8826 I audio_hw_hal_primary: [adev_create_audio_patch:7931] sink[0]: OUT_HDMI(id:18)
10-04 10:38:30.696   424  8826 I audio_hw_hal_primary: [adev_create_audio_patch:7988] Patch 3: mix(io:13) -> dev[OUT_HDMI(id:18)]
10-04 10:38:30.696   424  8826 I audio_hw_hal_primary: [adev_create_audio_patch:8056] dev=0xf3782930 cur_out_device=0x400
10-04 10:38:30.698  1154  1349 D UEventObserver: change@/devices/platform/auge_sound/sound/card0/controlC0��ACTION=change��DEVPATH=/devices/platform/auge_sound/sound/card0/controlC0��SUBSYSTEM=sound��AUDIO_FORMAT=0��MAJOR=116��MINOR=11��DEVNAME=snd/controlC0��SEQNUM=3365��
10-04 10:38:30.699  1154  1349 W ContextImpl: Calling a method in the system process without a qualified user: android.app.ContextImpl.sendBroadcast:1220 android.content.ContextWrapper.sendBroadcast:504 com.droidlogic.audioservice.services.AudioSystemCmdService$1.onUEvent:177 com.droidlogic.UEventObserver$UEventThread.sendEvent:213 com.droidlogic.UEventObserver$UEventThread.run:190 
10-04 10:38:30.700   487   487 I BpBinder: onLastStrongRef automatically unlinking death recipients: 
10-04 10:38:30.705   472  1302 D audioserver: FGS Logger Transaction failed
10-04 10:38:30.705   472  1302 D audioserver: -129
10-04 10:38:30.707   424  8590 I audio_hw_hal_primary: [mixer_aux_buffer_write:6665] io 13: out:0xf2d00740 usecase:PCM_NORMAL standby to unstandby
10-04 10:38:30.707   424  8590 E audio_hw_hal_virtualbuf: ms12 system input underrun happens read=6367309169 write=3199999950 diff=3167309219
10-04 10:38:30.725  1154  1348 I AudioSystemCmdService: onAudioPatchListUpdate
10-04 10:38:30.728  1154  1348 I AudioSystemCmdService: mAudioSink:[{{mHandle: 18, mRole: SINK}, mType: hdmi, mAddress: }], previousSink:[{{mHandle: 18, mRole: SINK}, mType: hdmi, mAddress: }]
10-04 10:38:30.728  1154  1348 I AudioSystemCmdService: updateAudioPatch cur sink does not change.
10-04 10:38:30.729   424  8590 I audio_hw_hal_stream: aml_stream_out_info_print: out:0xf2d00740, stream_type:pcm, sync_mode:non tunnel, input_size:90808320 bytes
10-04 10:38:30.729   424  8590 I audio_hw_hal_stream: aml_stream_out_info_print: last_time:44446996 ms (sec:44446, nsec:996353610), last_position:472775 ms (22693200), cur_time:44450313 ms (sec:44450, nsec:313038986), cur_position:472881 ms (22698320)
10-04 10:38:30.729   424  8590 I audio_hw_hal_stream: aml_stream_out_info_print: time_gap:3317 ms (thr:100 ms), position_gap:106 ms, delay:78 ms, jitter: Position gap is behind system time gap by 3211 ms (thr:100 ms)
10-04 10:38:30.752  8084 11270 D PlayApplication: chip id: 1001B07B4222FA8B
10-04 10:38:30.752  8084 11270 D PlayApplication: bsn : B0HSTBYT501439100008
--------- beginning of main
10-04 10:38:30.871   424  8590 I audio_hw_hal_primary: [audiohal_get_latency:1258] io 13: out:0xf2d00740 frames:3072 rate:48000 whole_latency:64 alsa_latency:64
10-04 10:38:30.872   696  1088 D ConnectivityService: requestNetwork for uid/pid:10043/8084 activeRequest: null callbackRequest: 1403 [NetworkRequest [ REQUEST id=1404, [ Capabilities: INTERNET&NOT_RESTRICTED&TRUSTED&NOT_VCN_MANAGED Uid: 10043 RequestorUid: 10043 RequestorPkg: com.airtel.tv UnderlyingNetworks: Null] ]] callback flags: 0 order: 2147483647
10-04 10:38:30.874   696   910 D WifiNetworkFactory: got request NetworkRequest [ REQUEST id=1404, [ Capabilities: INTERNET&NOT_RESTRICTED&TRUSTED&NOT_VCN_MANAGED Uid: 10043 RequestorUid: 10043 RequestorPkg: com.airtel.tv UnderlyingNetworks: Null] ]
10-04 10:38:30.875   696   918 D ConnectivityService: NetReassign [1404 : null → 100] [c 0] [a 1] [i 1]
10-04 10:38:30.875   696   910 D UntrustedWifiNetworkFactory: got request NetworkRequest [ REQUEST id=1404, [ Capabilities: INTERNET&NOT_RESTRICTED&TRUSTED&NOT_VCN_MANAGED Uid: 10043 RequestorUid: 10043 RequestorPkg: com.airtel.tv UnderlyingNetworks: Null] ]
10-04 10:38:30.876   696   910 D OemPaidWifiNetworkFactory: got request NetworkRequest [ REQUEST id=1404, [ Capabilities: INTERNET&NOT_RESTRICTED&TRUSTED&NOT_VCN_MANAGED Uid: 10043 RequestorUid: 10043 RequestorPkg: com.airtel.tv UnderlyingNetworks: Null] ]
10-04 10:38:30.876   696   910 D MultiInternetWifiNetworkFactory: got request NetworkRequest [ REQUEST id=1404, [ Capabilities: INTERNET&NOT_RESTRICTED&TRUSTED&NOT_VCN_MANAGED Uid: 10043 RequestorUid: 10043 RequestorPkg: com.airtel.tv UnderlyingNetworks: Null] ]
10-04 10:38:30.890   424  8590 I audio_hw_hal_primary: [audiohal_get_latency:1258] io 13: out:0xf2d00740 frames:3072 rate:48000 whole_latency:64 alsa_latency:64
10-04 10:38:30.911   424  8590 I audio_hw_hal_primary: [audiohal_get_latency:1258] io 13: out:0xf2d00740 frames:3072 rate:48000 whole_latency:64 alsa_latency:64
10-04 10:38:30.912   472   662 D audioserver: FGS Logger Transaction failed
10-04 10:38:30.912   472   662 D audioserver: -129
--------- beginning of system
10-04 10:38:30.917   696   800 D CoreBackPreview: Window{7863b13 u0 com.airtel.tv/tv.airtel.xstream.ui.settings.NewSettingsFullscreenActivity}: Setting back callback OnBackInvokedCallbackInfo{mCallback=android.window.IOnBackInvokedCallback$Stub$Proxy@494e04e, mPriority=0, mIsAnimationCallback=false}
10-04 10:38:30.936  8084  8174 E OpenGLRenderer: Unable to match the desired swap behavior.
10-04 10:38:30.948  8084  8084 E ThemeUtils: View class androidx.appcompat.widget.AppCompatTextView is an AppCompat widget that can only be used with a Theme.AppCompat theme (or descendant).
10-04 10:38:30.953  8084  8084 E ThemeUtils: View class androidx.appcompat.widget.AppCompatTextView is an AppCompat widget that can only be used with a Theme.AppCompat theme (or descendant).
10-04 10:38:30.956  8084  8084 E ThemeUtils: View class androidx.appcompat.widget.AppCompatImageView is an AppCompat widget that can only be used with a Theme.AppCompat theme (or descendant).
10-04 10:38:30.967  8084  8084 E ThemeUtils: View class androidx.appcompat.widget.AppCompatTextView is an AppCompat widget that can only be used with a Theme.AppCompat theme (or descendant).
10-04 10:38:30.971  8084  8084 E ThemeUtils: View class androidx.appcompat.widget.AppCompatTextView is an AppCompat widget that can only be used with a Theme.AppCompat theme (or descendant).
10-04 10:38:30.973  8084  8084 E ThemeUtils: View class androidx.appcompat.widget.AppCompatImageView is an AppCompat widget that can only be used with a Theme.AppCompat theme (or descendant).
10-04 10:38:30.982  8084  8084 E ThemeUtils: View class androidx.appcompat.widget.AppCompatTextView is an AppCompat widget that can only be used with a Theme.AppCompat theme (or descendant).
10-04 10:38:30.985  8084  8084 E ThemeUtils: View class androidx.appcompat.widget.AppCompatTextView is an AppCompat widget that can only be used with a Theme.AppCompat theme (or descendant).
10-04 10:38:30.987  8084  8084 E ThemeUtils: View class androidx.appcompat.widget.AppCompatImageView is an AppCompat widget that can only be used with a Theme.AppCompat theme (or descendant).
10-04 10:38:30.995  8084  8084 E ThemeUtils: View class androidx.appcompat.widget.AppCompatTextView is an AppCompat widget that can only be used with a Theme.AppCompat theme (or descendant).
10-04 10:38:30.998  8084  8084 E ThemeUtils: View class androidx.appcompat.widget.AppCompatTextView is an AppCompat widget that can only be used with a Theme.AppCompat theme (or descendant).
10-04 10:38:31.000  8084  8084 E ThemeUtils: View class androidx.appcompat.widget.AppCompatImageView is an AppCompat widget that can only be used with a Theme.AppCompat theme (or descendant).
10-04 10:38:31.008  8084  8084 E ThemeUtils: View class androidx.appcompat.widget.AppCompatTextView is an AppCompat widget that can only be used with a Theme.AppCompat theme (or descendant).
10-04 10:38:31.011  8084  8084 E ThemeUtils: View class androidx.appcompat.widget.AppCompatTextView is an AppCompat widget that can only be used with a Theme.AppCompat theme (or descendant).
10-04 10:38:31.013  8084  8084 E ThemeUtils: View class androidx.appcompat.widget.AppCompatImageView is an AppCompat widget that can only be used with a Theme.AppCompat theme (or descendant).
10-04 10:38:31.021  8084  8084 E ThemeUtils: View class androidx.appcompat.widget.AppCompatTextView is an AppCompat widget that can only be used with a Theme.AppCompat theme (or descendant).
10-04 10:38:31.024  8084  8084 E ThemeUtils: View class androidx.appcompat.widget.AppCompatTextView is an AppCompat widget that can only be used with a Theme.AppCompat theme (or descendant).
10-04 10:38:31.026  8084  8084 E ThemeUtils: View class androidx.appcompat.widget.AppCompatImageView is an AppCompat widget that can only be used with a Theme.AppCompat theme (or descendant).
10-04 10:38:31.039  8084  8084 E ThemeUtils: View class androidx.appcompat.widget.AppCompatTextView is an AppCompat widget that can only be used with a Theme.AppCompat theme (or descendant).
10-04 10:38:31.042  8084  8084 E ThemeUtils: View class androidx.appcompat.widget.AppCompatTextView is an AppCompat widget that can only be used with a Theme.AppCompat theme (or descendant).
10-04 10:38:31.043   426  1494 D rtk_heartbeat: heartbeat_timed_out: heartbeatCmdCount = 44415, expected nextSeqNum = 44415
10-04 10:38:31.044   426  1381 D rtk_heartbeat: rtkbt_heartbeat_cmpl_cback: Current SeqNum = 44415,should SeqNum=44415, status = 0
10-04 10:38:31.045  8084  8084 E ThemeUtils: View class androidx.appcompat.widget.AppCompatImageView is an AppCompat widget that can only be used with a Theme.AppCompat theme (or descendant).
10-04 10:38:31.053  8084  8084 E ThemeUtils: View class androidx.appcompat.widget.AppCompatTextView is an AppCompat widget that can only be used with a Theme.AppCompat theme (or descendant).
10-04 10:38:31.056  8084  8084 E ThemeUtils: View class androidx.appcompat.widget.AppCompatTextView is an AppCompat widget that can only be used with a Theme.AppCompat theme (or descendant).
10-04 10:38:31.058  8084  8084 E ThemeUtils: View class androidx.appcompat.widget.AppCompatImageView is an AppCompat widget that can only be used with a Theme.AppCompat theme (or descendant).
10-04 10:38:31.066  8084  8084 E ThemeUtils: View class androidx.appcompat.widget.AppCompatTextView is an AppCompat widget that can only be used with a Theme.AppCompat theme (or descendant).
10-04 10:38:31.067  1154  1154 I ThermalService: CPU temperatures: [44.000004]
10-04 10:38:31.069  8084  8084 E ThemeUtils: View class androidx.appcompat.widget.AppCompatTextView is an AppCompat widget that can only be used with a Theme.AppCompat theme (or descendant).
10-04 10:38:31.071  8084  8084 E ThemeUtils: View class androidx.appcompat.widget.AppCompatImageView is an AppCompat widget that can only be used with a Theme.AppCompat theme (or descendant).
10-04 10:38:31.079  8084  8084 E ThemeUtils: View class androidx.appcompat.widget.AppCompatTextView is an AppCompat widget that can only be used with a Theme.AppCompat theme (or descendant).
10-04 10:38:31.082  8084  8084 E ThemeUtils: View class androidx.appcompat.widget.AppCompatTextView is an AppCompat widget that can only be used with a Theme.AppCompat theme (or descendant).
10-04 10:38:31.084  8084  8084 E ThemeUtils: View class androidx.appcompat.widget.AppCompatImageView is an AppCompat widget that can only be used with a Theme.AppCompat theme (or descendant).
10-04 10:38:31.092  8084  8084 E ThemeUtils: View class androidx.appcompat.widget.AppCompatTextView is an AppCompat widget that can only be used with a Theme.AppCompat theme (or descendant).
10-04 10:38:31.095  8084  8084 E ThemeUtils: View class androidx.appcompat.widget.AppCompatTextView is an AppCompat widget that can only be used with a Theme.AppCompat theme (or descendant).
10-04 10:38:31.096  8084  8084 E ThemeUtils: View class androidx.appcompat.widget.AppCompatImageView is an AppCompat widget that can only be used with a Theme.AppCompat theme (or descendant).
10-04 10:38:31.104  8084  8084 E ThemeUtils: View class androidx.appcompat.widget.AppCompatTextView is an AppCompat widget that can only be used with a Theme.AppCompat theme (or descendant).
10-04 10:38:31.107  8084  8084 E ThemeUtils: View class androidx.appcompat.widget.AppCompatTextView is an AppCompat widget that can only be used with a Theme.AppCompat theme (or descendant).
10-04 10:38:31.109  8084  8084 E ThemeUtils: View class androidx.appcompat.widget.AppCompatImageView is an AppCompat widget that can only be used with a Theme.AppCompat theme (or descendant).
10-04 10:38:31.118  8084  8084 E ThemeUtils: View class androidx.appcompat.widget.AppCompatTextView is an AppCompat widget that can only be used with a Theme.AppCompat theme (or descendant).
10-04 10:38:31.120  8084  8084 E ThemeUtils: View class androidx.appcompat.widget.AppCompatTextView is an AppCompat widget that can only be used with a Theme.AppCompat theme (or descendant).
10-04 10:38:31.122  8084  8084 E ThemeUtils: View class androidx.appcompat.widget.AppCompatImageView is an AppCompat widget that can only be used with a Theme.AppCompat theme (or descendant).
10-04 10:38:31.131  8084  8084 E ThemeUtils: View class androidx.appcompat.widget.AppCompatTextView is an AppCompat widget that can only be used with a Theme.AppCompat theme (or descendant).
10-04 10:38:31.134  8084  8084 E ThemeUtils: View class androidx.appcompat.widget.AppCompatTextView is an AppCompat widget that can only be used with a Theme.AppCompat theme (or descendant).
10-04 10:38:31.136  8084  8084 E ThemeUtils: View class androidx.appcompat.widget.AppCompatImageView is an AppCompat widget that can only be used with a Theme.AppCompat theme (or descendant).
10-04 10:38:31.143  8084  8084 W View    : requestLayout() improperly called by android.view.View{1b933de V.ED..... ..S..AI. 0,0-0,0 #7f0b01aa app:id/containerView} during layout: running second layout pass
10-04 10:38:31.191   696   808 I ActivityTaskManager: Displayed com.airtel.tv/tv.airtel.xstream.ui.settings.NewSettingsFullscreenActivity for user 0: +515ms
10-04 10:38:31.193   696   808 V WindowManager: Sent Transition #67 createdAt=10-04 10:38:30.671 via request=TransitionRequestInfo { type = OPEN, triggerTask = TaskInfo{userId=0 taskId=218 displayId=0 isRunning=true baseIntent=Intent { flg=0x10000000 cmp=com.airtel.tv/tv.airtel.xstream.ui.home.MainActivity } baseActivity=ComponentInfo{com.airtel.tv/tv.airtel.xstream.ui.home.MainActivity} topActivity=ComponentInfo{com.airtel.tv/tv.airtel.xstream.ui.settings.NewSettingsFullscreenActivity} origActivity=null realActivity=ComponentInfo{com.airtel.tv/tv.airtel.xstream.ui.home.MainActivity} numActivities=2 lastActiveTime=44450262 supportsMultiWindow=false resizeMode=1 isResizeable=true minWidth=-1 minHeight=-1 defaultMinSize=220 token=WCT{RemoteToken{a9b1175 Task{26d47f #218 type=standard A=10043:com.airtel.tv}}} topActivityType=1 pictureInPictureParams=null shouldDockBigOverlays=true launchIntoPipHostTaskId=-1 lastParentTaskIdBeforePip=-1 displayCutoutSafeInsets=null topActivityInfo=ActivityInfo{f160705 tv.airtel.xstream.ui.settings.NewSettingsFullscreenActivity} launchCookies=[] positionInParent=Point(0, 0) parentTaskId=-1 isFocused=true isVisible=true isVisibleRequested=true isSleeping=false topActivityInSizeCompat=false topActivityEligibleForLetterboxEducation= false topActivityLetterboxed= false isFromDoubleTap= false topActivityLetterboxVerticalPosition= -1 topActivityLetterboxHorizontalPosition= -1 topActivityLetterboxWidth=-1 topActivityLetterboxHeight=-1 locusId=null displayAreaFeatureId=1 cameraCompatControlState=hidden}, remoteTransition = null, displayChange = null }
10-04 10:38:31.193   696   808 V WindowManager:     startWCT=WindowContainerTransaction { changes = {} hops = [] errorCallbackToken=null taskFragmentOrganizer=null }
10-04 10:38:31.193   696   808 V WindowManager:     info={id=67 t=OPEN f=0x0 trk=0 r=[0@Point(0, 0)] c=[{null m=OPEN f=FILLS_TASK leash=Surface(name=ActivityRecord{f97020 u0 com.airtel.tv/tv.airtel.xstream.ui.settings.NewSettingsFullscreenActivity)/@0xa0f756f sb=Rect(0, 0 - 0, 0) eb=Rect(0, 0 - 1920, 1080) d=-1->0 r=-1->0:-1},{null m=TO_BACK f=FILLS_TASK leash=Surface(name=ActivityRecord{2a1119e u0 com.airtel.tv/tv.airtel.xstream.ui.home.MainActivity)/@0x747d6a7 sb=Rect(0, 0 - 1920, 1080) eb=Rect(0, 0 - 1920, 1080) d=0}]}
10-04 10:38:31.194   982  1072 V WindowManagerShell: onTransitionReady android.os.BinderProxy@390f3ec: {id=67 t=OPEN f=0x0 trk=0 r=[0@Point(0, 0)] c=[{null m=OPEN f=FILLS_TASK leash=Surface(name=ActivityRecord{f97020 u0 com.airtel.tv/tv.airtel.xstream.ui.settings.NewSettingsFullscreenActivity)/@0x9ddedbb sb=Rect(0, 0 - 0, 0) eb=Rect(0, 0 - 1920, 1080) d=-1->0 r=-1->0:-1},{null m=TO_BACK f=FILLS_TASK leash=Surface(name=ActivityRecord{2a1119e u0 com.airtel.tv/tv.airtel.xstream.ui.home.MainActivity)/@0xb8f62d8 sb=Rect(0, 0 - 1920, 1080) eb=Rect(0, 0 - 1920, 1080) d=0}]}
10-04 10:38:31.194   982  1072 V WindowManagerShell: Playing animation for (#67)android.os.BinderProxy@390f3ec@0
10-04 10:38:31.194   982  1072 V WindowManagerShell:  try handler com.android.wm.shell.keyguard.KeyguardTransitionHandler@5327bca
10-04 10:38:31.194   982  1072 V WindowManagerShell:  try handler com.android.wm.shell.activityembedding.ActivityEmbeddingController@72713b
10-04 10:38:31.195   982  1072 V WindowManagerShell:  try handler com.android.wm.shell.pip.tv.TvPipTransition@ddc6058
10-04 10:38:31.195   982  1072 V WindowManagerShell:  try handler com.android.wm.shell.transition.RemoteTransitionHandler@84005b1
10-04 10:38:31.196   982  1072 V WindowManagerShell: Transition doesn't have explicit remote, search filters for match for {id=67 t=OPEN f=0x0 trk=0 r=[0@Point(0, 0)] c=[{null m=OPEN f=FILLS_TASK leash=Surface(name=ActivityRecord{f97020 u0 com.airtel.tv/tv.airtel.xstream.ui.settings.NewSettingsFullscreenActivity)/@0x9ddedbb sb=Rect(0, 0 - 0, 0) eb=Rect(0, 0 - 1920, 1080) d=-1->0 r=-1->0:-1},{null m=TO_BACK f=FILLS_TASK leash=Surface(name=ActivityRecord{2a1119e u0 com.airtel.tv/tv.airtel.xstream.ui.home.MainActivity)/@0xb8f62d8 sb=Rect(0, 0 - 1920, 1080) eb=Rect(0, 0 - 1920, 1080) d=0}]}
10-04 10:38:31.196   982  1072 V WindowManagerShell:  Delegate animation for #67 to null
10-04 10:38:31.196   982  1072 V WindowManagerShell:  try handler com.android.wm.shell.transition.DefaultTransitionHandler@ce48a96
10-04 10:38:31.196   982  1072 V WindowManagerShell: start default transition animation, info = {id=67 t=OPEN f=0x0 trk=0 r=[0@Point(0, 0)] c=[{null m=OPEN f=FILLS_TASK leash=Surface(name=ActivityRecord{f97020 u0 com.airtel.tv/tv.airtel.xstream.ui.settings.NewSettingsFullscreenActivity)/@0x9ddedbb sb=Rect(0, 0 - 0, 0) eb=Rect(0, 0 - 1920, 1080) d=-1->0 r=-1->0:-1},{null m=TO_BACK f=FILLS_TASK leash=Surface(name=ActivityRecord{2a1119e u0 com.airtel.tv/tv.airtel.xstream.ui.home.MainActivity)/@0xb8f62d8 sb=Rect(0, 0 - 1920, 1080) eb=Rect(0, 0 - 1920, 1080) d=0}]}
10-04 10:38:31.197   982  1072 V WindowManagerShell: loadAnimation: anim=android.view.animation.AlphaAnimation@e03d484 animAttr=0x5 type=OPEN isEntrance=false
10-04 10:38:31.198   982  1072 V WindowManagerShell: loadAnimation: anim=android.view.animation.AlphaAnimation@4cda8a2 animAttr=0x4 type=OPEN isEntrance=true
10-04 10:38:31.200   982  1072 V WindowManagerShell:  animated by com.android.wm.shell.transition.DefaultTransitionHandler@ce48a96
10-04 10:38:31.250  1826 11810 D AdvertisingIdClient: AdvertisingIdClient already created.
10-04 10:38:31.257  1826 11810 I AdvertisingIdClient: shouldSendLog 44014695
10-04 10:38:31.257  1826 11810 I AdvertisingIdClient: GetInfoInternal elapse 7ms
10-04 10:38:31.257   696   850 I ImeTracker: com.airtel.tv:eac298de: onRequestHide at ORIGIN_SERVER_HIDE_INPUT reason HIDE_UNSPECIFIED_WINDOW
10-04 10:38:31.258   696   850 I ImeTracker: com.airtel.tv:eac298de: onCancelled at PHASE_SERVER_SHOULD_HIDE
10-04 10:38:31.262  7788  7788 I GoogleInputMethodService: GoogleInputMethodService.onFinishInput():3184 
10-04 10:38:31.264  7788  7788 I GoogleInputMethodService: GoogleInputMethodService.updateDeviceLockedStatus():2246 repeatCheckTimes = 0, locked = false
10-04 10:38:31.264  7788  7788 I GoogleInputMethodService: GoogleInputMethodService.onStartInput():1982 onStartInput(EditorInfo{EditorInfo{packageName=com.airtel.tv, inputType=0, inputTypeString=NULL, enableLearning=false, autoCorrection=false, autoComplete=false, imeOptions=0, privateImeOptions=null, actionName=UNSPECIFIED, actionLabel=null, initialSelStart=-1, initialSelEnd=-1, initialCapsMode=0, label=null, fieldId=0, fieldName=null, extras=null, hintText=null, hintLocales=[]}}, false)
10-04 10:38:31.265  7788  7788 I GoogleInputMethodService: GoogleInputMethodService.updateDeviceLockedStatus():2246 repeatCheckTimes = 1, locked = false
10-04 10:38:31.269  7788  7788 I AndroidIME: InputBundleManager.loadActiveInputBundleId():450 loadActiveInputBundleId: und-Latn-x-password, password
10-04 10:38:31.270  7788  7788 I EmojiCompatManager: EmojiCompatManager.getEmojiCompatIfLoaded():342 EmojiCompat.init() was never called.
10-04 10:38:31.270  7788  7788 I EmojiCompatManager: java.lang.IllegalStateException: EmojiCompat is not initialized. Please call EmojiCompat.init() first
10-04 10:38:31.270  7788  7788 I EmojiCompatManager: 	at so.g(PG:3)
10-04 10:38:31.270  7788  7788 I EmojiCompatManager: 	at abd.a(PG:6)
10-04 10:38:31.270  7788  7788 I EmojiCompatManager: 	at edb.d(PG:1)
10-04 10:38:31.270  7788  7788 I EmojiCompatManager: 	at edb.b(PG:6)
10-04 10:38:31.270  7788  7788 I EmojiCompatManager: 	at com.android.inputmethod.latin.LatinIME.f(PG:286)
10-04 10:38:31.270  7788  7788 I EmojiCompatManager: 	at epp.onStartInput(PG:170)
10-04 10:38:31.270  7788  7788 I EmojiCompatManager: 	at android.inputmethodservice.InputMethodService.doStartInput(InputMethodService.java:3115)
10-04 10:38:31.270  7788  7788 I EmojiCompatManager: 	at android.inputmethodservice.InputMethodService$InputMethodImpl.startInput(InputMethodService.java:824)
10-04 10:38:31.270  7788  7788 I EmojiCompatManager: 	at android.inputmethodservice.InputMethodService$InputMethodImpl.dispatchStartInput(InputMethodService.java:853)
10-04 10:38:31.270  7788  7788 I EmojiCompatManager: 	at android.inputmethodservice.IInputMethodWrapper.executeMessage(IInputMethodWrapper.java:197)
10-04 10:38:31.270  7788  7788 I EmojiCompatManager: 	at com.android.internal.os.HandlerCaller$MyHandler.handleMessage(HandlerCaller.java:44)
10-04 10:38:31.270  7788  7788 I EmojiCompatManager: 	at android.os.Handler.dispatchMessage(Handler.java:106)
10-04 10:38:31.270  7788  7788 I EmojiCompatManager: 	at android.os.Looper.loopOnce(Looper.java:205)
10-04 10:38:31.270  7788  7788 I EmojiCompatManager: 	at android.os.Looper.loop(Looper.java:294)
10-04 10:38:31.270  7788  7788 I EmojiCompatManager: 	at android.app.ActivityThread.main(ActivityThread.java:8177)
10-04 10:38:31.270  7788  7788 I EmojiCompatManager: 	at java.lang.reflect.Method.invoke(Native Method)
10-04 10:38:31.270  7788  7788 I EmojiCompatManager: 	at com.android.internal.os.RuntimeInit$MethodAndArgsCaller.run(RuntimeInit.java:552)
10-04 10:38:31.270  7788  7788 I EmojiCompatManager: 	at com.android.internal.os.ZygoteInit.main(ZygoteInit.java:971)
10-04 10:38:31.280   982   992 W System  : A resource failed to call release. 
10-04 10:38:31.280   982   992 W System  : A resource failed to call release. 
10-04 10:38:31.281   982   992 W System  : A resource failed to call release. 
10-04 10:38:31.281   982   992 W System  : A resource failed to call release. 
10-04 10:38:31.281   982   992 W System  : A resource failed to call release. 
10-04 10:38:31.281   982   992 W System  : A resource failed to call release. 
10-04 10:38:31.281   982   992 W System  : A resource failed to call release. 
10-04 10:38:31.281   982   992 W System  : A resource failed to call release. 
10-04 10:38:31.281   982   992 W System  : A resource failed to call release. 
10-04 10:38:31.281   982   992 W System  : A resource failed to call release. 
10-04 10:38:31.281   982   992 W System  : A resource failed to call release. 
10-04 10:38:31.281   982   992 W System  : A resource failed to call release. 
10-04 10:38:31.281   982   992 W System  : A resource failed to call release. 
10-04 10:38:31.281   982   992 W System  : A resource failed to call release. 
10-04 10:38:31.281   982   992 W System  : A resource failed to call release. 
10-04 10:38:31.281   982   992 W System  : A resource failed to call release. 
10-04 10:38:31.282   982   992 W System  : A resource failed to call release. 
10-04 10:38:31.290   982   992 W System  : A resource failed to call release. 
10-04 10:38:31.290   982   992 W System  : A resource failed to call release. 
10-04 10:38:31.290   982   992 W System  : A resource failed to call release. 
10-04 10:38:31.290   982   992 W System  : A resource failed to call release. 
10-04 10:38:31.290   982   992 W System  : A resource failed to call release. 
10-04 10:38:31.290   982   992 W System  : A resource failed to call release. 
10-04 10:38:31.290   982   992 W System  : A resource failed to call release. 
10-04 10:38:31.290   982   992 W System  : A resource failed to call release. 
10-04 10:38:31.290   982   992 W System  : A resource failed to call release. 
10-04 10:38:31.290   982   992 W System  : A resource failed to call release. 
10-04 10:38:31.290   982   992 W System  : A resource failed to call release. 
10-04 10:38:31.290   982   992 W System  : A resource failed to call release. 
10-04 10:38:31.290   982   992 W System  : A resource failed to call release. 
10-04 10:38:31.290   982   992 W System  : A resource failed to call release. 
10-04 10:38:31.290   982   992 W System  : A resource failed to call release. 
10-04 10:38:31.290   982   992 W System  : A resource failed to call release. 
10-04 10:38:31.290   982   992 W System  : A resource failed to call release. 
10-04 10:38:31.290   982   992 W System  : A resource failed to call release. 
10-04 10:38:31.290   982   992 W System  : A resource failed to call release. 
10-04 10:38:31.290   982   992 W System  : A resource failed to call release. 
10-04 10:38:31.290   982   992 W System  : A resource failed to call release. 
10-04 10:38:31.290   982   992 W System  : A resource failed to call release. 
10-04 10:38:31.290   982   992 W System  : A resource failed to call release. 
10-04 10:38:31.290   982   992 W System  : A resource failed to call release. 
10-04 10:38:31.295  8084  8195 I WM-WorkerWrapper: Worker result SUCCESS for Work [ id=7f934908-a882-4e79-8649-b9f715cd4eab, tags={ tv.airtel.wynk.analytics.sync.service.AnalyticsSyncService, com.airtel.analyticsSyncService } ]
10-04 10:38:31.412  8084  8195 I WM-WorkerWrapper: Worker result SUCCESS for Work [ id=842ce045-bd20-46e6-ab20-599b3f71d0ae, tags={ tv.airtel.wynk.analytics.sync.service.AnalyticsSyncService, com.airtel.analyticsSyncService } ]
10-04 10:38:31.472   696  1088 W JobScheduler: Job didn't exist in JobStore: 96311bd #u0a43/3253 com.airtel.tv/androidx.work.impl.background.systemjob.SystemJobService
10-04 10:38:31.533  1154  1154 D NetflixService: handleMessage
10-04 10:38:31.535  1154  1154 D NetflixService: com.airtel.tv is visible.
10-04 10:38:31.535  1154  1154 D NetflixService: com.netflix.ninja is not top activity.
10-04 10:38:31.537  1154  1154 D NetflixService: processName:com.netflix.ninja,importance:400
10-04 10:38:31.539  1154  1154 D NetflixService: com.netflix.ninjais not top activity.
10-04 10:38:31.539  1154  1154 I NetflixService: fg: false  mIsNetflixFg: false
10-04 10:38:31.540  1154  1154 D NetflixService: com.airtel.tv is visible.
10-04 10:38:31.540  1154  1154 D NetflixService: com.google.android.youtube.tv is not top activity.
10-04 10:38:31.619   982  1072 V WindowManagerShell: Transition animation finished (aborted=false), notifying core (#67)android.os.BinderProxy@390f3ec@0
10-04 10:38:31.621   696   808 V WindowManager: Finish Transition #67: created at 10-04 10:38:30.671 collect-started=0.116ms request-sent=7.337ms started=10.218ms ready=59.607ms sent=516.588ms finished=949.525ms
10-04 10:38:31.624   982  1072 V WindowManagerShell: Track 0 became idle
10-04 10:38:31.625   982  1072 V WindowManagerShell: All active transition animations finished
10-04 10:38:31.686  8084  8084 I System.out: xxxxxxxxx::  unregisterReceiver
10-04 10:38:31.687  8084  8084 I System.out: xxxxxxxxx::  mPairingStatusListner unRegisterFromPairingStatus called
10-04 10:38:32.043   426  1494 D rtk_heartbeat: heartbeat_timed_out: heartbeatCmdCount = 44416, expected nextSeqNum = 44416
10-04 10:38:32.044   426  1381 D rtk_heartbeat: rtkbt_heartbeat_cmpl_cback: Current SeqNum = 44416,should SeqNum=44416, status = 0
10-04 10:38:32.883 11760 11760 D MonkeyStub: translateCommand: press KEYCODE_BACK
10-04 10:38:32.886   459   459 I lights-tch: flashMode 0 id 2 onMs 0 offMs 0 brightness 0
10-04 10:38:32.890   459   459 I lights-tch: flashMode 0 id 2 onMs 0 offMs 0 brightness 225
10-04 10:38:32.904 11760 11774 I Monkey  :     // activityResuming(com.airtel.tv)
10-04 10:38:32.906   982  1072 V WindowManagerShell: Transition requested: android.os.BinderProxy@e81acee TransitionRequestInfo { type = CLOSE, triggerTask = null, remoteTransition = null, displayChange = null }
10-04 10:38:32.935   487   487 I BpBinder: onLastStrongRef automatically unlinking death recipients: 
10-04 10:38:32.942   696  1088 D ConnectivityService: requestNetwork for uid/pid:10043/8084 activeRequest: null callbackRequest: 1405 [NetworkRequest [ REQUEST id=1406, [ Capabilities: INTERNET&NOT_RESTRICTED&TRUSTED&NOT_VCN_MANAGED Uid: 10043 RequestorUid: 10043 RequestorPkg: com.airtel.tv UnderlyingNetworks: Null] ]] callback flags: 0 order: 2147483647
10-04 10:38:32.944   696   918 D ConnectivityService: NetReassign [1406 : null → 100] [c 0] [a 0] [i 1]
10-04 10:38:32.945   696   910 D WifiNetworkFactory: got request NetworkRequest [ REQUEST id=1406, [ Capabilities: INTERNET&NOT_RESTRICTED&TRUSTED&NOT_VCN_MANAGED Uid: 10043 RequestorUid: 10043 RequestorPkg: com.airtel.tv UnderlyingNetworks: Null] ]
10-04 10:38:32.945   696   910 D UntrustedWifiNetworkFactory: got request NetworkRequest [ REQUEST id=1406, [ Capabilities: INTERNET&NOT_RESTRICTED&TRUSTED&NOT_VCN_MANAGED Uid: 10043 RequestorUid: 10043 RequestorPkg: com.airtel.tv UnderlyingNetworks: Null] ]
10-04 10:38:32.945   696   910 D OemPaidWifiNetworkFactory: got request NetworkRequest [ REQUEST id=1406, [ Capabilities: INTERNET&NOT_RESTRICTED&TRUSTED&NOT_VCN_MANAGED Uid: 10043 RequestorUid: 10043 RequestorPkg: com.airtel.tv UnderlyingNetworks: Null] ]
10-04 10:38:32.945   696   910 D MultiInternetWifiNetworkFactory: got request NetworkRequest [ REQUEST id=1406, [ Capabilities: INTERNET&NOT_RESTRICTED&TRUSTED&NOT_VCN_MANAGED Uid: 10043 RequestorUid: 10043 RequestorPkg: com.airtel.tv UnderlyingNetworks: Null] ]
10-04 10:38:32.946   696  1088 D ConnectivityService: requestNetwork for uid/pid:10043/8084 activeRequest: null callbackRequest: 1407 [NetworkRequest [ REQUEST id=1408, [ Capabilities: INTERNET&NOT_RESTRICTED&TRUSTED&NOT_VCN_MANAGED Uid: 10043 RequestorUid: 10043 RequestorPkg: com.airtel.tv UnderlyingNetworks: Null] ]] callback flags: 0 order: 2147483647
10-04 10:38:32.948   696   910 D WifiNetworkFactory: got request NetworkRequest [ REQUEST id=1408, [ Capabilities: INTERNET&NOT_RESTRICTED&TRUSTED&NOT_VCN_MANAGED Uid: 10043 RequestorUid: 10043 RequestorPkg: com.airtel.tv UnderlyingNetworks: Null] ]
10-04 10:38:32.948   696   910 D UntrustedWifiNetworkFactory: got request NetworkRequest [ REQUEST id=1408, [ Capabilities: INTERNET&NOT_RESTRICTED&TRUSTED&NOT_VCN_MANAGED Uid: 10043 RequestorUid: 10043 RequestorPkg: com.airtel.tv UnderlyingNetworks: Null] ]
10-04 10:38:32.948   696   910 D OemPaidWifiNetworkFactory: got request NetworkRequest [ REQUEST id=1408, [ Capabilities: INTERNET&NOT_RESTRICTED&TRUSTED&NOT_VCN_MANAGED Uid: 10043 RequestorUid: 10043 RequestorPkg: com.airtel.tv UnderlyingNetworks: Null] ]
10-04 10:38:32.948   696   918 D ConnectivityService: NetReassign [1408 : null → 100] [c 0] [a 1] [i 2]
10-04 10:38:32.949   696   910 D MultiInternetWifiNetworkFactory: got request NetworkRequest [ REQUEST id=1408, [ Capabilities: INTERNET&NOT_RESTRICTED&TRUSTED&NOT_VCN_MANAGED Uid: 10043 RequestorUid: 10043 RequestorPkg: com.airtel.tv UnderlyingNetworks: Null] ]
--------- beginning of kernel
10-04 10:38:32.979     0     0 I [0 T230   ..] logd: logdr: UID=2000 GID=2000 PID=11987 n tail=0 logMask=99 pid=0 start=0ns deadline=0ns
--------- beginning of main
10-04 10:38:33.069  1154  1154 I ThermalService: CPU temperatures: [44.7]
10-04 10:38:33.113  8084  8174 E OpenGLRenderer: Unable to match the desired swap behavior.
10-04 10:38:33.152  8084  8084 D OmniRemote.OmniOTAImpl: device not found
10-04 10:38:33.152  8084  8084 D OTAWorker onResult = 258: 
10-04 10:38:33.153  8084  8084 D OTAWorker remote device not found: 
