10-04 10:26:03.703   459   459 I lights-tch: flashMode 0 id 2 onMs 0 offMs 0 brightness 0
10-04 10:26:03.706   459   459 I lights-tch: flashMode 0 id 2 onMs 0 offMs 0 brightness 225
10-04 10:26:03.731   441   441 D hdmicecd: [CEC]:printCecMessage, [4 -> 0] len: 1, body: 0d, result:no ack
10-04 10:26:03.735   424   673 I audio_hw_hal_primary: [register_audio_patch:7826] Patch 3:id:3 mix(io:13)->dev_0[OUT_HDMI(id:18)] found, register the same patch, do nothing.
10-04 10:26:03.735   424   673 I audio_hw_hal_primary: [adev_create_audio_patch:7927] Patch 3: MIX->DEVICE, num_src:1 num_sink:1 patch_src:INVAL
10-04 10:26:03.735   424   673 I audio_hw_hal_primary: [adev_create_audio_patch:7931] sink[0]: OUT_HDMI(id:18)
10-04 10:26:03.735   424   673 I audio_hw_hal_primary: [adev_create_audio_patch:7988] Patch 3: mix(io:13) -> dev[OUT_HDMI(id:18)]
10-04 10:26:03.736   424   673 I audio_hw_hal_primary: [adev_create_audio_patch:8056] dev=0xf3782930 cur_out_device=0x400
10-04 10:26:03.737  1154  1349 D UEventObserver: change@/devices/platform/auge_sound/sound/card0/controlC0��ACTION=change��DEVPATH=/devices/platform/auge_sound/sound/card0/controlC0��SUBSYSTEM=sound��AUDIO_FORMAT=0��MAJOR=116��MINOR=11��DEVNAME=snd/controlC0��SEQNUM=3298��
10-04 10:26:03.737  1154  1349 W ContextImpl: Calling a method in the system process without a qualified user: android.app.ContextImpl.sendBroadcast:1220 android.content.ContextWrapper.sendBroadcast:504 com.droidlogic.audioservice.services.AudioSystemCmdService$1.onUEvent:177 com.droidlogic.UEventObserver$UEventThread.sendEvent:213 com.droidlogic.UEventObserver$UEventThread.run:190 
10-04 10:26:03.743   472   577 D audioserver: FGS Logger Transaction failed
10-04 10:26:03.743   472   577 D audioserver: -129
10-04 10:26:03.756   424   582 I audio_hw_hal_alsamgr: alsa format =0x1 delay frames =1024 total frames=2097152000
10-04 10:26:03.757  1154  1348 I AudioSystemCmdService: onAudioPatchListUpdate
10-04 10:26:03.760  1154  1348 I AudioSystemCmdService: mAudioSink:[{{mHandle: 18, mRole: SINK}, mType: hdmi, mAddress: }], previousSink:[{{mHandle: 18, mRole: SINK}, mType: hdmi, mAddress: }]
10-04 10:26:03.761  1154  1348 I AudioSystemCmdService: updateAudioPatch cur sink does not change.
10-04 10:26:03.787   441   441 D hdmicecd: [CEC]:printCecMessage, [4 -> 0] len: 1, body: 0d, result:no ack
10-04 10:26:03.787   441   441 E IPCThreadState: binder thread pool (1 threads) starved for 111 ms
--------- beginning of kernel
10-04 10:26:03.818     0     0 I [1 T230   ..] logd: logdr: UID=2000 GID=2000 PID=11037 n tail=0 logMask=99 pid=0 start=0ns deadline=0ns
--------- beginning of main
10-04 10:26:03.899   424  8590 I audio_hw_hal_primary: [audiohal_get_latency:1258] io 13: out:0xf2d00740 frames:3072 rate:48000 whole_latency:64 alsa_latency:64
10-04 10:26:03.903   441   441 D hdmicecd: [CEC]:printCecMessage, [4 -> 0] len: 1, body: 0d, result:no ack
10-04 10:26:03.903   441   441 E IPCThreadState: binder thread pool (1 threads) starved for 115 ms
10-04 10:26:03.906   426  1494 D rtk_heartbeat: heartbeat_timed_out: heartbeatCmdCount = 43668, expected nextSeqNum = 43668
10-04 10:26:03.907   426  1381 D rtk_heartbeat: rtkbt_heartbeat_cmpl_cback: Current SeqNum = 43668,should SeqNum=43668, status = 0
10-04 10:26:03.927   424  8590 I audio_hw_hal_primary: [audiohal_get_latency:1258] io 13: out:0xf2d00740 frames:3072 rate:48000 whole_latency:64 alsa_latency:64
10-04 10:26:03.942   424  8590 I audio_hw_hal_primary: [audiohal_get_latency:1258] io 13: out:0xf2d00740 frames:3072 rate:48000 whole_latency:64 alsa_latency:64
10-04 10:26:03.963   424  8590 I audio_hw_hal_primary: [audiohal_get_latency:1258] io 13: out:0xf2d00740 frames:3072 rate:48000 whole_latency:64 alsa_latency:64
10-04 10:26:03.985   424  8590 I audio_hw_hal_primary: [audiohal_get_latency:1258] io 13: out:0xf2d00740 frames:3072 rate:48000 whole_latency:64 alsa_latency:64
10-04 10:26:04.007   424  8590 I audio_hw_hal_primary: [audiohal_get_latency:1258] io 13: out:0xf2d00740 frames:3072 rate:48000 whole_latency:64 alsa_latency:64
10-04 10:26:04.028   424  8590 I audio_hw_hal_primary: [audiohal_get_latency:1258] io 13: out:0xf2d00740 frames:3072 rate:48000 whole_latency:64 alsa_latency:64
10-04 10:26:04.050   424  8590 I audio_hw_hal_primary: [audiohal_get_latency:1258] io 13: out:0xf2d00740 frames:3072 rate:48000 whole_latency:64 alsa_latency:64
10-04 10:26:04.050   472   662 D audioserver: FGS Logger Transaction failed
10-04 10:26:04.050   472   662 D audioserver: -129
--------- beginning of system
10-04 10:26:04.622   696   696 D HDMI    : one touch play retry:5
10-04 10:26:04.626   696   949 D HDMI    : [S]:<Text View On> 40:0D
10-04 10:26:04.687   441   441 D hdmicecd: [CEC]:printCecMessage, [4 -> 0] len: 1, body: 0d, result:no ack
10-04 10:26:04.713   696   866 D ActivityManager: freezing 10720 com.technicolor.enableUpdates
10-04 10:26:04.732  8084  8093 I com.airtel.tv: Background concurrent copying GC freed 69560(29MB) AllocSpace objects, 8(160KB) LOS objects, 19% free, 101MB/125MB, paused 218us,152us total 1.125s
10-04 10:26:04.743   441   441 D hdmicecd: [CEC]:printCecMessage, [4 -> 0] len: 1, body: 0d, result:no ack
10-04 10:26:04.743   441   441 E IPCThreadState: binder thread pool (1 threads) starved for 117 ms
10-04 10:26:04.804   441   441 D hdmicecd: [CEC]:printCecMessage, [4 -> 0] len: 1, body: 0d, result:no ack
10-04 10:26:04.859   441   441 D hdmicecd: [CEC]:printCecMessage, [4 -> 0] len: 1, body: 0d, result:no ack
10-04 10:26:04.859   441   441 E IPCThreadState: binder thread pool (1 threads) starved for 115 ms
10-04 10:26:04.859   696   949 D HDMI    : [S]:<Give Device Power Status> 40:8F
10-04 10:26:04.859   696   696 D ResendCecCommandAction: ResendCecCommandAction started
10-04 10:26:04.907   426  1494 D rtk_heartbeat: heartbeat_timed_out: heartbeatCmdCount = 43669, expected nextSeqNum = 43669
10-04 10:26:04.908   426  1381 D rtk_heartbeat: rtkbt_heartbeat_cmpl_cback: Current SeqNum = 43669,should SeqNum=43669, status = 0
10-04 10:26:04.909 10962 10962 D MonkeyStub: translateCommand: press DPAD_RIGHT
10-04 10:26:04.913   459   459 I lights-tch: flashMode 0 id 2 onMs 0 offMs 0 brightness 0
10-04 10:26:04.915   441   441 D hdmicecd: [CEC]:printCecMessage, [4 -> 0] len: 1, body: 8f, result:no ack
10-04 10:26:04.920   459   459 I lights-tch: flashMode 0 id 2 onMs 0 offMs 0 brightness 225
10-04 10:26:04.966   424   673 I audio_hw_hal_primary: [register_audio_patch:7826] Patch 3:id:3 mix(io:13)->dev_0[OUT_HDMI(id:18)] found, register the same patch, do nothing.
10-04 10:26:04.966   424   673 I audio_hw_hal_primary: [adev_create_audio_patch:7927] Patch 3: MIX->DEVICE, num_src:1 num_sink:1 patch_src:INVAL
10-04 10:26:04.966   424   673 I audio_hw_hal_primary: [adev_create_audio_patch:7931] sink[0]: OUT_HDMI(id:18)
10-04 10:26:04.966   424   673 I audio_hw_hal_primary: [adev_create_audio_patch:7988] Patch 3: mix(io:13) -> dev[OUT_HDMI(id:18)]
10-04 10:26:04.967  1154  1349 D UEventObserver: change@/devices/platform/auge_sound/sound/card0/controlC0��ACTION=change��DEVPATH=/devices/platform/auge_sound/sound/card0/controlC0��SUBSYSTEM=sound��AUDIO_FORMAT=0��MAJOR=116��MINOR=11��DEVNAME=snd/controlC0��SEQNUM=3299��
10-04 10:26:04.967   424   673 I audio_hw_hal_primary: [adev_create_audio_patch:8056] dev=0xf3782930 cur_out_device=0x400
10-04 10:26:04.967  1154  1349 W ContextImpl: Calling a method in the system process without a qualified user: android.app.ContextImpl.sendBroadcast:1220 android.content.ContextWrapper.sendBroadcast:504 com.droidlogic.audioservice.services.AudioSystemCmdService$1.onUEvent:177 com.droidlogic.UEventObserver$UEventThread.sendEvent:213 com.droidlogic.UEventObserver$UEventThread.run:190 
10-04 10:26:04.970   441   441 D hdmicecd: [CEC]:printCecMessage, [4 -> 0] len: 1, body: 8f, result:no ack
10-04 10:26:04.971   441   441 E IPCThreadState: binder thread pool (1 threads) starved for 110 ms
10-04 10:26:04.971   472  2595 D audioserver: FGS Logger Transaction failed
10-04 10:26:04.972   472  2595 D audioserver: -129
10-04 10:26:04.984  8084  8084 D Glide   : Finished loading BitmapDrawable from DATA_DISK_CACHE for http://tvimg.wynk.in/unsafe/fit-in/64x64/filters:no_upscale():format(webp)/https://image.airtel.tv/grandslam/content/2024_7_18/offer_icon_selected.png with size [-2147483648x-2147483648] in 57.053875 ms
10-04 10:26:04.992  1154  1348 I AudioSystemCmdService: onAudioPatchListUpdate
--------- beginning of main
10-04 10:26:05.116   424  8590 I audio_hw_hal_primary: [audiohal_get_latency:1258] io 13: out:0xf2d00740 frames:3072 rate:48000 whole_latency:64 alsa_latency:64
10-04 10:26:05.137   424  8590 I audio_hw_hal_primary: [audiohal_get_latency:1258] io 13: out:0xf2d00740 frames:3072 rate:48000 whole_latency:64 alsa_latency:64
10-04 10:26:05.159   424  8590 I audio_hw_hal_primary: [audiohal_get_latency:1258] io 13: out:0xf2d00740 frames:3072 rate:48000 whole_latency:64 alsa_latency:64
--------- beginning of system
10-04 10:26:05.161   696   696 D ResendCecCommandAction: sendCommandWithoutRetries failed, retry
10-04 10:26:05.161   696   949 D HDMI    : [S]:<Text View On> 40:0D
10-04 10:26:05.179   424  8590 I audio_hw_hal_primary: [audiohal_get_latency:1258] io 13: out:0xf2d00740 frames:3072 rate:48000 whole_latency:64 alsa_latency:64
10-04 10:26:05.201   424  8590 I audio_hw_hal_primary: [audiohal_get_latency:1258] io 13: out:0xf2d00740 frames:3072 rate:48000 whole_latency:64 alsa_latency:64
10-04 10:26:05.219   441   441 D hdmicecd: [CEC]:printCecMessage, [4 -> 0] len: 1, body: 0d, result:no ack
10-04 10:26:05.222   424  8590 I audio_hw_hal_primary: [audiohal_get_latency:1258] io 13: out:0xf2d00740 frames:3072 rate:48000 whole_latency:64 alsa_latency:64
10-04 10:26:05.244   424  8590 I audio_hw_hal_primary: [audiohal_get_latency:1258] io 13: out:0xf2d00740 frames:3072 rate:48000 whole_latency:64 alsa_latency:64
10-04 10:26:05.244   472   662 D audioserver: FGS Logger Transaction failed
10-04 10:26:05.244   472   662 D audioserver: -129
10-04 10:26:05.276   441   441 D hdmicecd: [CEC]:printCecMessage, [4 -> 0] len: 1, body: 0d, result:no ack
10-04 10:26:05.276   441   441 E IPCThreadState: binder thread pool (1 threads) starved for 114 ms
10-04 10:26:05.335   441   441 D hdmicecd: [CEC]:printCecMessage, [4 -> 0] len: 1, body: 0d, result:no ack
10-04 10:26:05.390   441   441 D hdmicecd: [CEC]:printCecMessage, [4 -> 0] len: 1, body: 0d, result:no ack
10-04 10:26:05.391   441   441 E IPCThreadState: binder thread pool (1 threads) starved for 115 ms
10-04 10:26:05.699   696   696 D ResendCecCommandAction: sendCommandWithoutRetries failed, retry
10-04 10:26:05.700   696   949 D HDMI    : [S]:<Text View On> 40:0D
10-04 10:26:05.716  1826  1826 D BoundBrokerSvc: onUnbind: Intent { act=com.google.android.gms.measurement.START pkg=com.google.android.gms }
10-04 10:26:05.754   441   441 D hdmicecd: [CEC]:printCecMessage, [4 -> 0] len: 1, body: 0d, result:no ack
10-04 10:26:05.810   441   441 D hdmicecd: [CEC]:printCecMessage, [4 -> 0] len: 1, body: 0d, result:no ack
10-04 10:26:05.811   441   441 E IPCThreadState: binder thread pool (1 threads) starved for 111 ms
10-04 10:26:05.822  1154  1154 I ThermalService: CPU temperatures: [47.7]
10-04 10:26:05.867   441   441 D hdmicecd: [CEC]:printCecMessage, [4 -> 0] len: 1, body: 0d, result:no ack
10-04 10:26:05.907   426  1494 D rtk_heartbeat: heartbeat_timed_out: heartbeatCmdCount = 43670, expected nextSeqNum = 43670
10-04 10:26:05.908   426  1381 D rtk_heartbeat: rtkbt_heartbeat_cmpl_cback: Current SeqNum = 43670,should SeqNum=43670, status = 0
10-04 10:26:05.924   441   441 D hdmicecd: [CEC]:printCecMessage, [4 -> 0] len: 1, body: 0d, result:no ack
10-04 10:26:05.926   441   441 E IPCThreadState: binder thread pool (1 threads) starved for 113 ms
10-04 10:26:06.152 10962 10962 D MonkeyStub: translateCommand: press DPAD_RIGHT
10-04 10:26:06.156   459   459 I lights-tch: flashMode 0 id 2 onMs 0 offMs 0 brightness 0
10-04 10:26:06.168  8084  8084 D focus content view android.widget.LinearLayout{3eb0426 VFE...C.. .F...... 758,0-1069,64 aid=10
10-04 10:26:06.168  8084  8084 D focus content direction 66: 
10-04 10:26:06.169  8084  8084 D focus content view android.widget.ImageView{276cd8b VFED..C.. ........ 1532,0-1596,64 #7f0b010
10-04 10:26:06.169  8084  8084 D focus view android.widget.LinearLayout{3eb0426 VFE...C.. .F...... 758,0-1069,64 aid=1073741975
10-04 10:26:06.170  8084  8084 D focus direction 66: 
10-04 10:26:06.170   459   459 I lights-tch: flashMode 0 id 2 onMs 0 offMs 0 brightness 225
10-04 10:26:06.170  8084  8084 D focus Next view android.widget.ImageView{276cd8b VFED..C.. ........ 1532,0-1596,64 #7f0b0109 a
10-04 10:26:06.171  8084  8084 D focus view TAg null: 
10-04 10:26:06.171  8084  8084 D focus next view parent tv.airtel.xstream.widget.FocusableMainFragmentView{16a493c V.E...... ..
10-04 10:26:06.171  8084  8084 D focus view parent androidx.constraintlayout.widget.ConstraintLayout{b19b8d0 V.E...... ........
10-04 10:26:06.177  8084  8084 D Glide   : Finished loading BitmapDrawable from MEMORY_CACHE for http://tvimg.wynk.in/unsafe/fit-in/64x64/filters:no_upscale():format(webp)/https://image.airtel.tv/grandslam/content/2024_7_16/offer_icon.png with size [-2147483648x-2147483648] in 0.469292 ms
10-04 10:26:06.220   424   673 I audio_hw_hal_primary: [register_audio_patch:7826] Patch 3:id:3 mix(io:13)->dev_0[OUT_HDMI(id:18)] found, register the same patch, do nothing.
10-04 10:26:06.220   424   673 I audio_hw_hal_primary: [adev_create_audio_patch:7927] Patch 3: MIX->DEVICE, num_src:1 num_sink:1 patch_src:INVAL
10-04 10:26:06.220   424   673 I audio_hw_hal_primary: [adev_create_audio_patch:7931] sink[0]: OUT_HDMI(id:18)
10-04 10:26:06.220   424   673 I audio_hw_hal_primary: [adev_create_audio_patch:7988] Patch 3: mix(io:13) -> dev[OUT_HDMI(id:18)]
10-04 10:26:06.220  1154  1349 D UEventObserver: change@/devices/platform/auge_sound/sound/card0/controlC0��ACTION=change��DEVPATH=/devices/platform/auge_sound/sound/card0/controlC0��SUBSYSTEM=sound��AUDIO_FORMAT=0��MAJOR=116��MINOR=11��DEVNAME=snd/controlC0��SEQNUM=3300��
10-04 10:26:06.220   424   673 I audio_hw_hal_primary: [adev_create_audio_patch:8056] dev=0xf3782930 cur_out_device=0x400
10-04 10:26:06.221  1154  1349 W ContextImpl: Calling a method in the system process without a qualified user: android.app.ContextImpl.sendBroadcast:1220 android.content.ContextWrapper.sendBroadcast:504 com.droidlogic.audioservice.services.AudioSystemCmdService$1.onUEvent:177 com.droidlogic.UEventObserver$UEventThread.sendEvent:213 com.droidlogic.UEventObserver$UEventThread.run:190 
10-04 10:26:06.226   472  2595 D audioserver: FGS Logger Transaction failed
10-04 10:26:06.226   472  2595 D audioserver: -129
10-04 10:26:06.232  1154  1348 I AudioSystemCmdService: onAudioPatchListUpdate
10-04 10:26:06.235  1154  1348 I AudioSystemCmdService: mAudioSink:[{{mHandle: 18, mRole: SINK}, mType: hdmi, mAddress: }], previousSink:[{{mHandle: 18, mRole: SINK}, mType: hdmi, mAddress: }]
10-04 10:26:06.235  1154  1348 I AudioSystemCmdService: updateAudioPatch cur sink does not change.
--------- beginning of main
10-04 10:26:06.374   424  8590 I audio_hw_hal_primary: [audiohal_get_latency:1258] io 13: out:0xf2d00740 frames:3072 rate:48000 whole_latency:64 alsa_latency:64
10-04 10:26:06.396   424  8590 I audio_hw_hal_primary: [audiohal_get_latency:1258] io 13: out:0xf2d00740 frames:3072 rate:48000 whole_latency:64 alsa_latency:64
10-04 10:26:06.417   424  8590 I audio_hw_hal_primary: [audiohal_get_latency:1258] io 13: out:0xf2d00740 frames:3072 rate:48000 whole_latency:64 alsa_latency:64
10-04 10:26:06.438   424  8590 I audio_hw_hal_primary: [audiohal_get_latency:1258] io 13: out:0xf2d00740 frames:3072 rate:48000 whole_latency:64 alsa_latency:64
10-04 10:26:06.460   424  8590 I audio_hw_hal_primary: [audiohal_get_latency:1258] io 13: out:0xf2d00740 frames:3072 rate:48000 whole_latency:64 alsa_latency:64
10-04 10:26:06.482   424  8590 I audio_hw_hal_primary: [audiohal_get_latency:1258] io 13: out:0xf2d00740 frames:3072 rate:48000 whole_latency:64 alsa_latency:64
10-04 10:26:06.502   424  8590 I audio_hw_hal_primary: [audiohal_get_latency:1258] io 13: out:0xf2d00740 frames:3072 rate:48000 whole_latency:64 alsa_latency:64
10-04 10:26:06.524   424  8590 I audio_hw_hal_primary: [audiohal_get_latency:1258] io 13: out:0xf2d00740 frames:3072 rate:48000 whole_latency:64 alsa_latency:64
10-04 10:26:06.524   472   662 D audioserver: FGS Logger Transaction failed
10-04 10:26:06.524   472   662 D audioserver: -129
10-04 10:26:06.622   696   696 W WindowManager: One touch play failed: 1
10-04 10:26:06.884   424   582 I audio_hw_hal_alsamgr: alsa format =0x9000000 delay frames =1536 total frames=2096640000
10-04 10:26:06.907   426  1494 D rtk_heartbeat: heartbeat_timed_out: heartbeatCmdCount = 43671, expected nextSeqNum = 43671
10-04 10:26:06.908   426  1381 D rtk_heartbeat: rtkbt_heartbeat_cmpl_cback: Current SeqNum = 43671,should SeqNum=43671, status = 0
10-04 10:26:07.195  8084  8084 D Glide   : Finished loading BitmapDrawable from MEMORY_CACHE for http://tvimg.wynk.in/unsafe/fit-in/1920x548/filters:no_upscale():format(webp)/https://s3.ap-south-1.amazonaws.com/discovery-prod-arsenal/tile/artwork/1727811858264_airtel-stb_ind-vs-nz-3-oct-7.30pm_ss1hd_hindi_1920-x-548.jpg with size [-2147483648x-2147483648] in 0.43420899999999996 ms
10-04 10:26:07.373 10962 10962 D MonkeyStub: translateCommand: press DPAD_RIGHT
10-04 10:26:07.380   459   459 I lights-tch: flashMode 0 id 2 onMs 0 offMs 0 brightness 0
10-04 10:26:07.383   459   459 I lights-tch: flashMode 0 id 2 onMs 0 offMs 0 brightness 225
10-04 10:26:07.418  8084  8084 D focus content view android.widget.ImageView{276cd8b VFED..C.. .F...... 1532,0-1596,64 #7f0b010
10-04 10:26:07.418  8084  8084 D focus content direction 66: 
10-04 10:26:07.418  8084  8084 D focus content view android.widget.ImageView{e03067c VFED..C.. ........ 1644,0-1708,64 #7f0b00f
10-04 10:26:07.418  8084  8084 D focus view android.widget.ImageView{276cd8b VFED..C.. .F...... 1532,0-1596,64 #7f0b0109 app:id
10-04 10:26:07.418  8084  8084 D focus direction 66: 
10-04 10:26:07.419  8084  8084 D focus Next view android.widget.ImageView{e03067c VFED..C.. ........ 1644,0-1708,64 #7f0b00f7 a
10-04 10:26:07.419  8084  8084 D focus view TAg null: 
10-04 10:26:07.419  8084  8084 D focus next view parent tv.airtel.xstream.widget.FocusableMainFragmentView{16a493c V.E...... ..
10-04 10:26:07.419  8084  8084 D focus view parent tv.airtel.xstream.widget.FocusableMainFragmentView{16a493c V.E...... ......I
--------- beginning of main
10-04 10:26:07.611   424  8590 I audio_hw_hal_primary: [audiohal_get_latency:1258] io 13: out:0xf2d00740 frames:3072 rate:48000 whole_latency:64 alsa_latency:64
10-04 10:26:07.633   424  8590 I audio_hw_hal_primary: [audiohal_get_latency:1258] io 13: out:0xf2d00740 frames:3072 rate:48000 whole_latency:64 alsa_latency:64
10-04 10:26:07.654   424  8590 I audio_hw_hal_primary: [audiohal_get_latency:1258] io 13: out:0xf2d00740 frames:3072 rate:48000 whole_latency:64 alsa_latency:64
10-04 10:26:07.677   424  8590 I audio_hw_hal_primary: [audiohal_get_latency:1258] io 13: out:0xf2d00740 frames:3072 rate:48000 whole_latency:64 alsa_latency:64
10-04 10:26:07.697   424  8590 I audio_hw_hal_primary: [audiohal_get_latency:1258] io 13: out:0xf2d00740 frames:3072 rate:48000 whole_latency:64 alsa_latency:64
10-04 10:26:07.720   424  8590 I audio_hw_hal_primary: [audiohal_get_latency:1258] io 13: out:0xf2d00740 frames:3072 rate:48000 whole_latency:64 alsa_latency:64
10-04 10:26:07.741   424  8590 I audio_hw_hal_primary: [audiohal_get_latency:1258] io 13: out:0xf2d00740 frames:3072 rate:48000 whole_latency:64 alsa_latency:64
10-04 10:26:07.767   424  8590 I audio_hw_hal_primary: [audiohal_get_latency:1258] io 13: out:0xf2d00740 frames:3072 rate:48000 whole_latency:64 alsa_latency:64
10-04 10:26:07.768   472   662 D audioserver: FGS Logger Transaction failed
10-04 10:26:07.768   472   662 D audioserver: -129
10-04 10:26:07.829  1154  1154 I ThermalService: CPU temperatures: [48.000004]
10-04 10:26:07.907   426  1494 D rtk_heartbeat: heartbeat_timed_out: heartbeatCmdCount = 43672, expected nextSeqNum = 43672
10-04 10:26:07.908   426  1381 D rtk_heartbeat: rtkbt_heartbeat_cmpl_cback: Current SeqNum = 43672,should SeqNum=43672, status = 0
--------- beginning of kernel
10-04 10:26:08.092     0     0 W [1 T1289  ..] RTW: rtw_get_sta_tx_stat() not support
10-04 10:26:08.092     0     0 W [1 T1289  ..] RTW: cfg80211_rtw_get_txpower
10-04 10:26:08.626 10962 10962 D MonkeyStub: translateCommand: press DPAD_RIGHT
10-04 10:26:08.632   459   459 I lights-tch: flashMode 0 id 2 onMs 0 offMs 0 brightness 0
10-04 10:26:08.638  8084  8084 D focus content view android.widget.ImageView{e03067c VFED..C.. .F...... 1644,0-1708,64 #7f0b00f
10-04 10:26:08.638  8084  8084 D focus content direction 66: 
10-04 10:26:08.638  8084  8084 D focus content view android.widget.ImageView{778575a VFED..C.. ........ 1756,0-1820,64 #7f0b010
10-04 10:26:08.639  8084  8084 D focus view android.widget.ImageView{e03067c VFED..C.. .F...... 1644,0-1708,64 #7f0b00f7 app:id
10-04 10:26:08.639  8084  8084 D focus direction 66: 
10-04 10:26:08.639  8084  8084 D focus Next view android.widget.ImageView{778575a VFED..C.. ........ 1756,0-1820,64 #7f0b0101 a
10-04 10:26:08.639  8084  8084 D focus view TAg null: 
10-04 10:26:08.639  8084  8084 D focus next view parent tv.airtel.xstream.widget.FocusableMainFragmentView{16a493c V.E...... ..
10-04 10:26:08.640  8084  8084 D focus view parent tv.airtel.xstream.widget.FocusableMainFragmentView{16a493c V.E...... .......
10-04 10:26:08.640   459   459 I lights-tch: flashMode 0 id 2 onMs 0 offMs 0 brightness 225
10-04 10:26:08.684   424   673 I audio_hw_hal_primary: [register_audio_patch:7826] Patch 3:id:3 mix(io:13)->dev_0[OUT_HDMI(id:18)] found, register the same patch, do nothing.
10-04 10:26:08.684   424   673 I audio_hw_hal_primary: [adev_create_audio_patch:7927] Patch 3: MIX->DEVICE, num_src:1 num_sink:1 patch_src:INVAL
10-04 10:26:08.684   424   673 I audio_hw_hal_primary: [adev_create_audio_patch:7931] sink[0]: OUT_HDMI(id:18)
10-04 10:26:08.684   424   673 I audio_hw_hal_primary: [adev_create_audio_patch:7988] Patch 3: mix(io:13) -> dev[OUT_HDMI(id:18)]
10-04 10:26:08.684   424   673 I audio_hw_hal_primary: [adev_create_audio_patch:8056] dev=0xf3782930 cur_out_device=0x400
10-04 10:26:08.689   472  2595 D audioserver: FGS Logger Transaction failed
10-04 10:26:08.689   472  2595 D audioserver: -129
10-04 10:26:08.690  1154  1349 D UEventObserver: change@/devices/platform/auge_sound/sound/card0/controlC0��ACTION=change��DEVPATH=/devices/platform/auge_sound/sound/card0/controlC0��SUBSYSTEM=sound��AUDIO_FORMAT=0��MAJOR=116��MINOR=11��DEVNAME=snd/controlC0��SEQNUM=3302��
--------- beginning of system
10-04 10:26:08.691  1154  1349 W ContextImpl: Calling a method in the system process without a qualified user: android.app.ContextImpl.sendBroadcast:1220 android.content.ContextWrapper.sendBroadcast:504 com.droidlogic.audioservice.services.AudioSystemCmdService$1.onUEvent:177 com.droidlogic.UEventObserver$UEventThread.sendEvent:213 com.droidlogic.UEventObserver$UEventThread.run:190 
10-04 10:26:08.698  1154  1348 I AudioSystemCmdService: onAudioPatchListUpdate
10-04 10:26:08.703  1154  1348 I AudioSystemCmdService: mAudioSink:[{{mHandle: 18, mRole: SINK}, mType: hdmi, mAddress: }], previousSink:[{{mHandle: 18, mRole: SINK}, mType: hdmi, mAddress: }]
10-04 10:26:08.703  1154  1348 I AudioSystemCmdService: updateAudioPatch cur sink does not change.
--------- beginning of main
10-04 10:26:08.849   424  8590 I audio_hw_hal_primary: [audiohal_get_latency:1258] io 13: out:0xf2d00740 frames:3072 rate:48000 whole_latency:64 alsa_latency:64
10-04 10:26:08.870   424  8590 I audio_hw_hal_primary: [audiohal_get_latency:1258] io 13: out:0xf2d00740 frames:3072 rate:48000 whole_latency:64 alsa_latency:64
10-04 10:26:08.891   424  8590 I audio_hw_hal_primary: [audiohal_get_latency:1258] io 13: out:0xf2d00740 frames:3072 rate:48000 whole_latency:64 alsa_latency:64
10-04 10:26:08.907   426  1494 D rtk_heartbeat: heartbeat_timed_out: heartbeatCmdCount = 43673, expected nextSeqNum = 43673
10-04 10:26:08.908   426  1381 D rtk_heartbeat: rtkbt_heartbeat_cmpl_cback: Current SeqNum = 43673,should SeqNum=43673, status = 0
10-04 10:26:08.913   424  8590 I audio_hw_hal_primary: [audiohal_get_latency:1258] io 13: out:0xf2d00740 frames:3072 rate:48000 whole_latency:64 alsa_latency:64
10-04 10:26:08.934   424  8590 I audio_hw_hal_primary: [audiohal_get_latency:1258] io 13: out:0xf2d00740 frames:3072 rate:48000 whole_latency:64 alsa_latency:64
10-04 10:26:08.956   424  8590 I audio_hw_hal_primary: [audiohal_get_latency:1258] io 13: out:0xf2d00740 frames:3072 rate:48000 whole_latency:64 alsa_latency:64
10-04 10:26:08.977   424  8590 I audio_hw_hal_primary: [audiohal_get_latency:1258] io 13: out:0xf2d00740 frames:3072 rate:48000 whole_latency:64 alsa_latency:64
10-04 10:26:08.998   424  8590 I audio_hw_hal_primary: [audiohal_get_latency:1258] io 13: out:0xf2d00740 frames:3072 rate:48000 whole_latency:64 alsa_latency:64
10-04 10:26:08.998   472   662 D audioserver: FGS Logger Transaction failed
10-04 10:26:08.998   472   662 D audioserver: -129
10-04 10:26:09.090   424   582 I audio_hw_hal_alsamgr: alsa format =0x1 delay frames =1024 total frames=2097408000
10-04 10:26:09.832  1154  1154 I ThermalService: CPU temperatures: [47.300003]
10-04 10:26:09.907   426  1494 D rtk_heartbeat: heartbeat_timed_out: heartbeatCmdCount = 43674, expected nextSeqNum = 43674
10-04 10:26:09.908   426  1381 D rtk_heartbeat: rtkbt_heartbeat_cmpl_cback: Current SeqNum = 43674,should SeqNum=43674, status = 0
10-04 10:26:10.065   424  8590 I audio_hw_hal_stream: aml_stream_out_info_print: out:0xf2d00740, stream_type:pcm, sync_mode:non tunnel, input_size:61464576 bytes
10-04 10:26:10.065   424  8590 I audio_hw_hal_stream: aml_stream_out_info_print: last_time:43709624 ms (sec:43709, nsec:624872633), last_position:319985 ms (15359312), cur_time:43709651 ms (sec:43709, nsec:651480216), cur_position:320012 ms (15360592)
10-04 10:26:10.065   424  8590 I audio_hw_hal_stream: aml_stream_out_info_print: time_gap:27 ms (thr:100 ms), position_gap:26 ms, delay:115 ms, jitter: Position gap is behind system time gap by 1 ms (thr:100 ms)
10-04 10:26:10.908   426  1494 D rtk_heartbeat: heartbeat_timed_out: heartbeatCmdCount = 43675, expected nextSeqNum = 43675
10-04 10:26:10.909   426  1381 D rtk_heartbeat: rtkbt_heartbeat_cmpl_cback: Current SeqNum = 43675,should SeqNum=43675, status = 0
10-04 10:26:10.922  8084 10415 D EPG_UpdateEPGCache: EPG CacheUpdate happening 4976
--------- beginning of kernel
10-04 10:26:11.096     0     0 W [0 T1289  ..] RTW: rtw_get_sta_tx_stat() not support
10-04 10:26:11.096     0     0 W [0 T1289  ..] RTW: cfg80211_rtw_get_txpower
10-04 10:26:11.433  8084  8093 I com.airtel.tv: Background young concurrent copying GC freed 79573(19MB) AllocSpace objects, 0(0B) LOS objects, 0% free, 138MB/138MB, paused 337us,172us total 236.267ms
10-04 10:26:11.816   424   673 D audio_hw_hal_primary: [out_standby_new:5414] io 13: out:0xf2d00740 usecase:PCM_NORMAL
10-04 10:26:11.816   424   673 I audio_hw_hal_primary: [do_output_standby_l:5310] io 13: out:0xf2d00740, stream usecase:PCM_NORMAL, continuous:1
10-04 10:26:11.816   424   673 I audio_hw_hal_primary: [usecase_change_validate_l:7065] ++ io 13: out:0xf2d00740 dev masks:0x1 is_standby:1 out usecase:PCM_NORMAL
10-04 10:26:11.816   424   673 I audio_hw_hal_primary: [usecase_change_validate_l:7102] -- dev masks:0 is_standby:1 out usecase PCM_NORMAL
10-04 10:26:11.816   424   673 D audio_hw_hal_primary: [out_standby_new:5437] io 13: out:0xf2d00740 usecase:PCM_NORMAL exit
10-04 10:26:11.835  1154  1154 I ThermalService: CPU temperatures: [47.500004]
10-04 10:26:11.843 10962 10962 D MonkeyStub: translateCommand: press DPAD_CENTER
10-04 10:26:11.859   459   459 I lights-tch: flashMode 0 id 2 onMs 0 offMs 0 brightness 0
10-04 10:26:11.864   459   459 I lights-tch: flashMode 0 id 2 onMs 0 offMs 0 brightness 225
10-04 10:26:11.867  8084 10416 D ANALYTICS_IPTV: AnalyticsEventTracker ***Event***Event{ts=1728017771865, meta={"box_type":"iptv","source_of_stream":"2 | Home.screen_visible.none.none.none.none.none.none.none | none.screen_visible.none.none.none.none.none.none.none | none.click.none.none.none.none.settings_icon.none.none","asset_name":"settings_icon","app_version":"1.0.0019:237","box_model":"bx:1.2.3","firmware":"fw:1.2.3"}, uid=5ye_gfsYCZe-PoQ4A0, did=8fb17cc052aef526, os=Android, ov=34, bn=237, nq=-1, nt=2, nct=0, lc=en|hi|ta|kn, av=1.0.0019, dt=STB, type=click, adid=95acddf7-5a94-4681-bf0a-0a767be9f2c3, brand=Airtel-Xstream, model=XstreamIPTV1-VT, dname=Vantiva XstreamIPTV1-VT, appId=IPTV, sId=8fb17cc052aef526, profileId=, ab_test=86079:0|108429:0|42374:0|78244:0|95458:0|75817:0|60412:1|117812:1|120676:1|113632:1|116206:0|66480:0|100390:2|76965:1|110385:0|129832:2, city=Delhi, state=National Capital Territory of Delhi, country=India, firebase_id=687ecd54b0fd95386e529fbf62179576} Critical: false
10-04 10:26:11.878   424   582 D libdolbyms12: continuous underrun 2
10-04 10:26:11.897   424   471 I audio_hw_hal_primary: [register_audio_patch:7826] Patch 3:id:3 mix(io:13)->dev_0[OUT_HDMI(id:18)] found, register the same patch, do nothing.
10-04 10:26:11.897   424   471 I audio_hw_hal_primary: [adev_create_audio_patch:7927] Patch 3: MIX->DEVICE, num_src:1 num_sink:1 patch_src:INVAL
10-04 10:26:11.897   424   471 I audio_hw_hal_primary: [adev_create_audio_patch:7931] sink[0]: OUT_HDMI(id:18)
10-04 10:26:11.897   424   471 I audio_hw_hal_primary: [adev_create_audio_patch:7988] Patch 3: mix(io:13) -> dev[OUT_HDMI(id:18)]
10-04 10:26:11.898   424   471 I audio_hw_hal_primary: [adev_create_audio_patch:8056] dev=0xf3782930 cur_out_device=0x400
10-04 10:26:11.898  1154  1349 D UEventObserver: change@/devices/platform/auge_sound/sound/card0/controlC0��ACTION=change��DEVPATH=/devices/platform/auge_sound/sound/card0/controlC0��SUBSYSTEM=sound��AUDIO_FORMAT=0��MAJOR=116��MINOR=11��DEVNAME=snd/controlC0��SEQNUM=3303��
--------- beginning of system
10-04 10:26:11.898  1154  1349 W ContextImpl: Calling a method in the system process without a qualified user: android.app.ContextImpl.sendBroadcast:1220 android.content.ContextWrapper.sendBroadcast:504 com.droidlogic.audioservice.services.AudioSystemCmdService$1.onUEvent:177 com.droidlogic.UEventObserver$UEventThread.sendEvent:213 com.droidlogic.UEventObserver$UEventThread.run:190 
10-04 10:26:11.904   472  1302 D audioserver: FGS Logger Transaction failed
10-04 10:26:11.904   472  1302 D audioserver: -129
10-04 10:26:11.908   426  1494 D rtk_heartbeat: heartbeat_timed_out: heartbeatCmdCount = 43676, expected nextSeqNum = 43676
10-04 10:26:11.909   426  1381 D rtk_heartbeat: rtkbt_heartbeat_cmpl_cback: Current SeqNum = 43676,should SeqNum=43676, status = 0
10-04 10:26:11.913   424  8590 I audio_hw_hal_primary: [mixer_aux_buffer_write:6665] io 13: out:0xf2d00740 usecase:PCM_NORMAL standby to unstandby
10-04 10:26:11.925  1154  1348 I AudioSystemCmdService: onAudioPatchListUpdate
10-04 10:26:11.930  1154  1348 I AudioSystemCmdService: mAudioSink:[{{mHandle: 18, mRole: SINK}, mType: hdmi, mAddress: }], previousSink:[{{mHandle: 18, mRole: SINK}, mType: hdmi, mAddress: }]
10-04 10:26:11.930  1154  1348 I AudioSystemCmdService: updateAudioPatch cur sink does not change.
10-04 10:26:11.961   696  2867 W ProcessStats: Tracking association SourceState{3edf2a9 com.airtel.tv/10043 BTop #12051} whose proc state 2 is better than process ProcessState{514aa4f com.tataelxsi.icx:remote/10066 pkg=com.tataelxsi.icx} proc state 3 (44 skipped)
10-04 10:26:11.967   424  8590 I audio_hw_hal_primary: [audiohal_get_latency:1258] io 13: out:0xf2d00740 frames:3072 rate:48000 whole_latency:64 alsa_latency:64
10-04 10:26:11.989   424  8590 I audio_hw_hal_primary: [audiohal_get_latency:1258] io 13: out:0xf2d00740 frames:3072 rate:48000 whole_latency:64 alsa_latency:64
10-04 10:26:11.995   424  8590 I audio_hw_hal_primary: [audiohal_get_latency:1258] io 13: out:0xf2d00740 frames:3072 rate:48000 whole_latency:64 alsa_latency:64
10-04 10:26:12.017   424  8590 I audio_hw_hal_primary: [audiohal_get_latency:1258] io 13: out:0xf2d00740 frames:3072 rate:48000 whole_latency:64 alsa_latency:64
10-04 10:26:12.021   696  2853 D ConnectivityService: requestNetwork for uid/pid:10043/8084 activeRequest: null callbackRequest: 1177 [NetworkRequest [ REQUEST id=1178, [ Capabilities: INTERNET&NOT_RESTRICTED&TRUSTED&NOT_VCN_MANAGED Uid: 10043 RequestorUid: 10043 RequestorPkg: com.airtel.tv UnderlyingNetworks: Null] ]] callback flags: 0 order: 2147483647
10-04 10:26:12.022   424  8590 I audio_hw_hal_primary: [audiohal_get_latency:1258] io 13: out:0xf2d00740 frames:3072 rate:48000 whole_latency:64 alsa_latency:64
10-04 10:26:12.038   696   918 D ConnectivityService: NetReassign [1178 : null → 100] [c 0] [a 1] [i 14]
10-04 10:26:12.043   696   910 D WifiNetworkFactory: got request NetworkRequest [ REQUEST id=1178, [ Capabilities: INTERNET&NOT_RESTRICTED&TRUSTED&NOT_VCN_MANAGED Uid: 10043 RequestorUid: 10043 RequestorPkg: com.airtel.tv UnderlyingNetworks: Null] ]
10-04 10:26:12.044   696   910 D UntrustedWifiNetworkFactory: got request NetworkRequest [ REQUEST id=1178, [ Capabilities: INTERNET&NOT_RESTRICTED&TRUSTED&NOT_VCN_MANAGED Uid: 10043 RequestorUid: 10043 RequestorPkg: com.airtel.tv UnderlyingNetworks: Null] ]
10-04 10:26:12.044   696   910 D OemPaidWifiNetworkFactory: got request NetworkRequest [ REQUEST id=1178, [ Capabilities: INTERNET&NOT_RESTRICTED&TRUSTED&NOT_VCN_MANAGED Uid: 10043 RequestorUid: 10043 RequestorPkg: com.airtel.tv UnderlyingNetworks: Null] ]
10-04 10:26:12.044   696   910 D MultiInternetWifiNetworkFactory: got request NetworkRequest [ REQUEST id=1178, [ Capabilities: INTERNET&NOT_RESTRICTED&TRUSTED&NOT_VCN_MANAGED Uid: 10043 RequestorUid: 10043 RequestorPkg: com.airtel.tv UnderlyingNetworks: Null] ]
10-04 10:26:12.045   424  8590 I audio_hw_hal_primary: [audiohal_get_latency:1258] io 13: out:0xf2d00740 frames:3072 rate:48000 whole_latency:64 alsa_latency:64
10-04 10:26:12.050   424  8590 I audio_hw_hal_primary: [audiohal_get_latency:1258] io 13: out:0xf2d00740 frames:3072 rate:48000 whole_latency:64 alsa_latency:64
--------- beginning of main
10-04 10:26:12.277  8084  8084 D LeanbackExtensions::initFocusManagement: 
10-04 10:26:12.277  8084  8084 D Successfully fixed focus: 
10-04 10:26:12.315  8084  8511 D TrafficStats: tagSocket(150) with statsTag=0xffffffff, statsUid=-1
10-04 10:26:12.467  8084  8084 D ANALYTICS_IPTV: AnalyticsEventTracker ***Event***Event{ts=1728017772464, meta={"box_type":"iptv","app_version":"1.0.0019:237","box_model":"bx:1.2.3","firmware":"fw:1.2.3","source_name":"account_info"}, uid=5ye_gfsYCZe-PoQ4A0, did=8fb17cc052aef526, os=Android, ov=34, bn=237, nq=-1, nt=2, nct=0, lc=en|hi|ta|kn, av=1.0.0019, dt=STB, type=banner_visible, adid=95acddf7-5a94-4681-bf0a-0a767be9f2c3, brand=Airtel-Xstream, model=XstreamIPTV1-VT, dname=Vantiva XstreamIPTV1-VT, appId=IPTV, sId=8fb17cc052aef526, profileId=, ab_test=86079:0|108429:0|42374:0|78244:0|95458:0|75817:0|60412:1|117812:1|120676:1|113632:1|116206:0|66480:0|100390:2|76965:1|110385:0|129832:2, city=Delhi, state=National Capital Territory of Delhi, country=India, firebase_id=687ecd54b0fd95386e529fbf62179576} Critical: false
10-04 10:26:12.471  8084  8084 D ANALYTICS_IPTV: AnalyticsEventTracker ***Event***Event{ts=1728017772469, meta={"box_type":"iptv","asset_name":"Account Info","app_version":"1.0.0019:237","box_model":"bx:1.2.3","action":"settings_focus","customer_id":"3026341863","firmware":"fw:1.2.3","source_name":"settings_L1"}, uid=5ye_gfsYCZe-PoQ4A0, did=8fb17cc052aef526, os=Android, ov=34, bn=237, nq=-1, nt=2, nct=0, lc=en|hi|ta|kn, av=1.0.0019, dt=STB, type=focus, adid=95acddf7-5a94-4681-bf0a-0a767be9f2c3, brand=Airtel-Xstream, model=XstreamIPTV1-VT, dname=Vantiva XstreamIPTV1-VT, appId=IPTV, sId=8fb17cc052aef526, profileId=, ab_test=86079:0|108429:0|42374:0|78244:0|95458:0|75817:0|60412:1|117812:1|120676:1|113632:1|116206:0|66480:0|100390:2|76965:1|110385:0|129832:2, city=Delhi, state=National Capital Territory of Delhi, country=India, firebase_id=687ecd54b0fd95386e529fbf62179576} Critical: false
10-04 10:26:12.644  8084  8084 W View    : requestLayout() improperly called by android.widget.ImageView{6c8698a V.ED..... ......ID 1264,56-1604,396 #7f0b0427 app:id/iv_setting_image} during layout: running second layout pass
10-04 10:26:12.644  8084  8084 W View    : requestLayout() improperly called by androidx.constraintlayout.widget.ConstraintLayout{3f63b2 V.E...... ......I. 0,0-0,0 #7f0b0040 app:id/accountInfoView} during layout: running second layout pass
10-04 10:26:12.749  8084  8084 E ThemeUtils: View class androidx.appcompat.widget.AppCompatTextView is an AppCompat widget that can only be used with a Theme.AppCompat theme (or descendant).
10-04 10:26:12.754  8084  8084 E ThemeUtils: View class androidx.appcompat.widget.AppCompatTextView is an AppCompat widget that can only be used with a Theme.AppCompat theme (or descendant).
10-04 10:26:12.758  8084  8084 E ThemeUtils: View class androidx.appcompat.widget.AppCompatTextView is an AppCompat widget that can only be used with a Theme.AppCompat theme (or descendant).
10-04 10:26:12.790  3008  5482 D TchAvkoProvider: <<query>> content://com.oem.provider/device/wifi_name, null, null, null, null
10-04 10:26:12.790  3008  5482 D InfoProvider: feedQueryCursor single row table display
10-04 10:26:12.830  3008  5482 D TchAvkoProvider: <<query>> content://com.oem.provider/device/wifi_name, null, null, null, null
10-04 10:26:12.830  3008  5482 D InfoProvider: feedQueryCursor single row table display
10-04 10:26:12.850  8084  8084 I Choreographer: Skipped 30 frames!  The application may be doing too much work on its main thread.
10-04 10:26:12.908   426  1494 D rtk_heartbeat: heartbeat_timed_out: heartbeatCmdCount = 43677, expected nextSeqNum = 43677
10-04 10:26:12.909   426  1381 D rtk_heartbeat: rtkbt_heartbeat_cmpl_cback: Current SeqNum = 43677,should SeqNum=43677, status = 0
--------- beginning of system
10-04 10:26:12.938   696   696 V HotPlugDetectionAction: Poll all devices.
10-04 10:26:12.995   441   441 D hdmicecd: [CEC]:printCecMessage, [4 -> 0] len: 0, body:, result:no ack
10-04 10:26:13.228  8084  8195 I WM-WorkerWrapper: Worker result SUCCESS for Work [ id=a8710854-b5fc-4a76-a418-c0d43236ccd7, tags={ tv.airtel.wynk.analytics.sync.service.AnalyticsSyncService, com.airtel.analyticsSyncService } ]
10-04 10:26:13.235  8084  8093 I com.airtel.tv: Background concurrent copying GC freed 75978(81MB) AllocSpace objects, 1(68KB) LOS objects, 10% free, 204MB/228MB, paused 5.054ms,335us total 1.797s
10-04 10:26:13.330  8084  8193 I WM-WorkerWrapper: Worker result SUCCESS for Work [ id=9bbb594b-5f3b-456d-af79-7c4f093c087c, tags={ tv.airtel.wynk.analytics.sync.service.AnalyticsSyncService, com.airtel.analyticsSyncService } ]
10-04 10:26:13.368  8084  8193 I WM-WorkerWrapper: Worker result SUCCESS for Work [ id=a2572ff9-6ec1-4a5d-b8b6-60703c310fb6, tags={ tv.airtel.wynk.analytics.sync.service.AnalyticsSyncService, com.airtel.analyticsSyncService } ]
10-04 10:26:13.551   441   441 D hdmicecd: [CEC]:printCecMessage, [4 -> 1] len: 0, body:, result:no ack
10-04 10:26:13.608  8084  8143 I WM-WorkerWrapper: Worker result SUCCESS for Work [ id=1952f26f-0b5a-487c-af8f-9b52b69546ab, tags={ tv.airtel.wynk.analytics.sync.service.AnalyticsSyncService, com.airtel.analyticsSyncService } ]
10-04 10:26:13.708   696  2853 W JobScheduler: Job didn't exist in JobStore: aea76fd #u0a43/2946 com.airtel.tv/androidx.work.impl.background.systemjob.SystemJobService
10-04 10:26:13.716   696  2853 W JobScheduler: Job didn't exist in JobStore: e7458cb #u0a43/2944 com.airtel.tv/androidx.work.impl.background.systemjob.SystemJobService
10-04 10:26:13.751   696  2867 W JobScheduler: Job didn't exist in JobStore: b9b0366 #u0a43/2945 com.airtel.tv/androidx.work.impl.background.systemjob.SystemJobService
10-04 10:26:13.773  8084  8093 I com.airtel.tv: Background young concurrent copying GC freed 93501(119MB) AllocSpace objects, 0(0B) LOS objects, 14% free, 138MB/162MB, paused 987us,226us total 344.034ms
10-04 10:26:13.838  1154  1154 I ThermalService: CPU temperatures: [47.800003]
10-04 10:26:13.908   426  1494 D rtk_heartbeat: heartbeat_timed_out: heartbeatCmdCount = 43678, expected nextSeqNum = 43678
10-04 10:26:13.909   426  1381 D rtk_heartbeat: rtkbt_heartbeat_cmpl_cback: Current SeqNum = 43678,should SeqNum=43678, status = 0
--------- beginning of kernel
10-04 10:26:14.098     0     0 W [3 T1289  ..] RTW: rtw_get_sta_tx_stat() not support
10-04 10:26:14.098     0     0 W [3 T1289  ..] RTW: cfg80211_rtw_get_txpower
10-04 10:26:14.106   441   441 D hdmicecd: [CEC]:printCecMessage, [4 -> 3] len: 0, body:, result:no ack
10-04 10:26:14.422   424   582 I audio_hw_hal_alsamgr: alsa format =0x1 delay frames =1024 total frames=2097664000
10-04 10:26:14.662   441   441 D hdmicecd: [CEC]:printCecMessage, [4 -> 5] len: 0, body:, result:no ack
10-04 10:26:14.908   426  1494 D rtk_heartbeat: heartbeat_timed_out: heartbeatCmdCount = 43679, expected nextSeqNum = 43679
10-04 10:26:14.909   426  1381 D rtk_heartbeat: rtkbt_heartbeat_cmpl_cback: Current SeqNum = 43679,should SeqNum=43679, status = 0
10-04 10:26:14.950   424   673 D audio_hw_hal_primary: [out_standby_new:5414] io 13: out:0xf2d00740 usecase:PCM_NORMAL
10-04 10:26:14.950   424   673 I audio_hw_hal_primary: [do_output_standby_l:5310] io 13: out:0xf2d00740, stream usecase:PCM_NORMAL, continuous:1
10-04 10:26:14.950   424   673 I audio_hw_hal_primary: [usecase_change_validate_l:7065] ++ io 13: out:0xf2d00740 dev masks:0x1 is_standby:1 out usecase:PCM_NORMAL
10-04 10:26:14.950   424   673 I audio_hw_hal_primary: [usecase_change_validate_l:7102] -- dev masks:0 is_standby:1 out usecase PCM_NORMAL
10-04 10:26:14.950   424   673 D audio_hw_hal_primary: [out_standby_new:5437] io 13: out:0xf2d00740 usecase:PCM_NORMAL exit
10-04 10:26:15.073   424   582 D libdolbyms12: continuous underrun 2
10-04 10:26:15.218   441   441 D hdmicecd: [CEC]:printCecMessage, [4 -> 8] len: 0, body:, result:no ack
10-04 10:26:15.770   696   866 D ActivityManager: freezing 1826 com.google.android.gms
10-04 10:26:15.774   441   441 D hdmicecd: [CEC]:printCecMessage, [4 -> b] len: 0, body:, result:no ack
10-04 10:26:15.842  1154  1154 I ThermalService: CPU temperatures: [46.9]
10-04 10:26:15.909   426  1494 D rtk_heartbeat: heartbeat_timed_out: heartbeatCmdCount = 43680, expected nextSeqNum = 43680
10-04 10:26:15.910   426  1381 D rtk_heartbeat: rtkbt_heartbeat_cmpl_cback: Current SeqNum = 43680,should SeqNum=43680, status = 0
10-04 10:26:16.331   441   441 D hdmicecd: [CEC]:printCecMessage, [4 -> e] len: 0, body:, result:no ack
10-04 10:26:16.332   696   696 D HdmiCecController: [P]:AllocatedAddress=[]
10-04 10:26:16.332   696   696 V HotPlugDetectionAction: Finish poll all devices.
10-04 10:26:16.668  8084 10415 D EPG_UpdateEPGCache: EPG CacheUpdate happening 3476
10-04 10:26:16.909   426  1494 D rtk_heartbeat: heartbeat_timed_out: heartbeatCmdCount = 43681, expected nextSeqNum = 43681
10-04 10:26:16.910   426  1381 D rtk_heartbeat: rtkbt_heartbeat_cmpl_cback: Current SeqNum = 43681,should SeqNum=43681, status = 0
10-04 10:26:17.051  8084  8093 I com.airtel.tv: Background young concurrent copying GC freed 60756(51MB) AllocSpace objects, 0(0B) LOS objects, 17% free, 113MB/137MB, paused 422us,150us total 195.733ms
10-04 10:26:17.103     0     0 W [1 T1289  ..] RTW: rtw_get_sta_tx_stat() not support
10-04 10:26:17.103     0     0 W [1 T1289  ..] RTW: cfg80211_rtw_get_txpower
10-04 10:26:17.287 10962 10962 D MonkeyStub: translateCommand: press DPAD_DOWN
10-04 10:26:17.289   459   459 I lights-tch: flashMode 0 id 2 onMs 0 offMs 0 brightness 0
10-04 10:26:17.295   459   459 I lights-tch: flashMode 0 id 2 onMs 0 offMs 0 brightness 225
10-04 10:26:17.310  8084  8084 D ANALYTICS_IPTV: AnalyticsEventTracker ***Event***Event{ts=1728017777306, meta={"box_type":"iptv","asset_name":"OTT Grievance","app_version":"1.0.0019:237","box_model":"bx:1.2.3","action":"settings_focus","customer_id":"3026341863","firmware":"fw:1.2.3","source_name":"settings_L1"}, uid=5ye_gfsYCZe-PoQ4A0, did=8fb17cc052aef526, os=Android, ov=34, bn=237, nq=-1, nt=2, nct=0, lc=en|hi|ta|kn, av=1.0.0019, dt=STB, type=focus, adid=95acddf7-5a94-4681-bf0a-0a767be9f2c3, brand=Airtel-Xstream, model=XstreamIPTV1-VT, dname=Vantiva XstreamIPTV1-VT, appId=IPTV, sId=8fb17cc052aef526, profileId=, ab_test=86079:0|108429:0|42374:0|78244:0|95458:0|75817:0|60412:1|117812:1|120676:1|113632:1|116206:0|66480:0|100390:2|76965:1|110385:0|129832:2, city=Delhi, state=National Capital Territory of Delhi, country=India, firebase_id=687ecd54b0fd95386e529fbf62179576} Critical: false
--------- beginning of main
10-04 10:26:17.499   424   582 D libdolbyms12: continuous underrun 2
10-04 10:26:17.503   424  8590 I audio_hw_hal_primary: [audiohal_get_latency:1258] io 13: out:0xf2d00740 frames:3072 rate:48000 whole_latency:64 alsa_latency:64
10-04 10:26:17.513   424  8590 I audio_hw_hal_primary: [audiohal_get_latency:1258] io 13: out:0xf2d00740 frames:3072 rate:48000 whole_latency:64 alsa_latency:64
10-04 10:26:17.534   424  8590 I audio_hw_hal_primary: [audiohal_get_latency:1258] io 13: out:0xf2d00740 frames:3072 rate:48000 whole_latency:64 alsa_latency:64
10-04 10:26:17.553   424  8590 I audio_hw_hal_primary: [audiohal_get_latency:1258] io 13: out:0xf2d00740 frames:3072 rate:48000 whole_latency:64 alsa_latency:64
10-04 10:26:17.563   696  2853 D ConnectivityService: requestNetwork for uid/pid:10043/8084 activeRequest: null callbackRequest: 1179 [NetworkRequest [ REQUEST id=1180, [ Capabilities: INTERNET&NOT_RESTRICTED&TRUSTED&NOT_VCN_MANAGED Uid: 10043 RequestorUid: 10043 RequestorPkg: com.airtel.tv UnderlyingNetworks: Null] ]] callback flags: 0 order: 2147483647
10-04 10:26:17.567   696   910 D WifiNetworkFactory: got request NetworkRequest [ REQUEST id=1180, [ Capabilities: INTERNET&NOT_RESTRICTED&TRUSTED&NOT_VCN_MANAGED Uid: 10043 RequestorUid: 10043 RequestorPkg: com.airtel.tv UnderlyingNetworks: Null] ]
10-04 10:26:17.568   696   910 D UntrustedWifiNetworkFactory: got request NetworkRequest [ REQUEST id=1180, [ Capabilities: INTERNET&NOT_RESTRICTED&TRUSTED&NOT_VCN_MANAGED Uid: 10043 RequestorUid: 10043 RequestorPkg: com.airtel.tv UnderlyingNetworks: Null] ]
10-04 10:26:17.568   696   910 D OemPaidWifiNetworkFactory: got request NetworkRequest [ REQUEST id=1180, [ Capabilities: INTERNET&NOT_RESTRICTED&TRUSTED&NOT_VCN_MANAGED Uid: 10043 RequestorUid: 10043 RequestorPkg: com.airtel.tv UnderlyingNetworks: Null] ]
10-04 10:26:17.568   696   910 D MultiInternetWifiNetworkFactory: got request NetworkRequest [ REQUEST id=1180, [ Capabilities: INTERNET&NOT_RESTRICTED&TRUSTED&NOT_VCN_MANAGED Uid: 10043 RequestorUid: 10043 RequestorPkg: com.airtel.tv UnderlyingNetworks: Null] ]
10-04 10:26:17.568   696   918 D ConnectivityService: NetReassign [1180 : null → 100] [c 0] [a 1] [i 1]
10-04 10:26:17.575   424  8590 I audio_hw_hal_primary: [audiohal_get_latency:1258] io 13: out:0xf2d00740 frames:3072 rate:48000 whole_latency:64 alsa_latency:64
10-04 10:26:17.575   472   662 D audioserver: FGS Logger Transaction failed
10-04 10:26:17.575   472   662 D audioserver: -129
10-04 10:26:17.607  8084  8193 I WM-WorkerWrapper: Worker result SUCCESS for Work [ id=adfe6716-2b7c-47d8-93d0-6fb160e4c789, tags={ tv.airtel.wynk.analytics.sync.service.AnalyticsSyncService, com.airtel.analyticsSyncService } ]
--------- beginning of system
10-04 10:26:17.628   696  2867 W JobScheduler: Job didn't exist in JobStore: d1d193e #u0a43/2947 com.airtel.tv/androidx.work.impl.background.systemjob.SystemJobService
10-04 10:26:17.727   696  2853 D ConnectivityService: requestNetwork for uid/pid:10043/8084 activeRequest: null callbackRequest: 1181 [NetworkRequest [ REQUEST id=1182, [ Capabilities: INTERNET&NOT_RESTRICTED&TRUSTED&NOT_VCN_MANAGED Uid: 10043 RequestorUid: 10043 RequestorPkg: com.airtel.tv UnderlyingNetworks: Null] ]] callback flags: 0 order: 2147483647
10-04 10:26:17.728   696   910 D WifiNetworkFactory: got request NetworkRequest [ REQUEST id=1182, [ Capabilities: INTERNET&NOT_RESTRICTED&TRUSTED&NOT_VCN_MANAGED Uid: 10043 RequestorUid: 10043 RequestorPkg: com.airtel.tv UnderlyingNetworks: Null] ]
10-04 10:26:17.729   696   910 D UntrustedWifiNetworkFactory: got request NetworkRequest [ REQUEST id=1182, [ Capabilities: INTERNET&NOT_RESTRICTED&TRUSTED&NOT_VCN_MANAGED Uid: 10043 RequestorUid: 10043 RequestorPkg: com.airtel.tv UnderlyingNetworks: Null] ]
10-04 10:26:17.729   696   910 D OemPaidWifiNetworkFactory: got request NetworkRequest [ REQUEST id=1182, [ Capabilities: INTERNET&NOT_RESTRICTED&TRUSTED&NOT_VCN_MANAGED Uid: 10043 RequestorUid: 10043 RequestorPkg: com.airtel.tv UnderlyingNetworks: Null] ]
10-04 10:26:17.732   696   910 D MultiInternetWifiNetworkFactory: got request NetworkRequest [ REQUEST id=1182, [ Capabilities: INTERNET&NOT_RESTRICTED&TRUSTED&NOT_VCN_MANAGED Uid: 10043 RequestorUid: 10043 RequestorPkg: com.airtel.tv UnderlyingNetworks: Null] ]
10-04 10:26:17.733   696   918 D ConnectivityService: NetReassign [1182 : null → 100] [c 0] [a 1] [i 1]
10-04 10:26:17.767  8084  8195 I WM-WorkerWrapper: Worker result SUCCESS for Work [ id=002a7c1d-2136-4cd3-88c4-728d7ff15396, tags={ tv.airtel.wynk.analytics.sync.service.AnalyticsSyncService, com.airtel.analyticsSyncService } ]
10-04 10:26:17.845  1154  1154 I ThermalService: CPU temperatures: [47.9]
