10-04 09:59:32.682   424   471 I audio_hw_hal_primary: [do_output_standby_l:5310] io 13: out:0xf2d00740, stream usecase:PCM_NORMAL, continuous:1
10-04 09:59:32.682   424   471 I audio_hw_hal_primary: [usecase_change_validate_l:7065] ++ io 13: out:0xf2d00740 dev masks:0x1 is_standby:1 out usecase:PCM_NORMAL
10-04 09:59:32.682   424   471 I audio_hw_hal_primary: [usecase_change_validate_l:7102] -- dev masks:0 is_standby:1 out usecase PCM_NORMAL
10-04 09:59:32.682   424   471 D audio_hw_hal_primary: [out_standby_new:5437] io 13: out:0xf2d00740 usecase:PCM_NORMAL exit
10-04 09:59:32.747   424   582 D libdolbyms12: continuous underrun 2
10-04 09:59:33.104   696   696 D HDMI    : one touch play retry:3
10-04 09:59:33.105   696   949 D HDMI    : [S]:<Text View On> 40:0D
10-04 09:59:33.150  1154  1154 I ThermalService: CPU temperatures: [42.500004]
10-04 09:59:33.163   441   441 D hdmicecd: [CEC]:printCecMessage, [4 -> 0] len: 1, body: 0d, result:no ack
10-04 09:59:33.218   441   441 D hdmicecd: [CEC]:printCecMessage, [4 -> 0] len: 1, body: 0d, result:no ack
10-04 09:59:33.219   441   441 E IPCThreadState: binder thread pool (1 threads) starved for 113 ms
10-04 09:59:33.275   441   441 D hdmicecd: [CEC]:printCecMessage, [4 -> 0] len: 1, body: 0d, result:no ack
10-04 09:59:33.330   441   441 D hdmicecd: [CEC]:printCecMessage, [4 -> 0] len: 1, body: 0d, result:no ack
10-04 09:59:33.331   441   441 E IPCThreadState: binder thread pool (1 threads) starved for 112 ms
10-04 09:59:33.331   696   949 D HDMI    : [S]:<Give Device Power Status> 40:8F
10-04 09:59:33.331   696   696 D ResendCecCommandAction: ResendCecCommandAction started
10-04 09:59:33.387   441   441 D hdmicecd: [CEC]:printCecMessage, [4 -> 0] len: 1, body: 8f, result:no ack
10-04 09:59:33.443   441   441 D hdmicecd: [CEC]:printCecMessage, [4 -> 0] len: 1, body: 8f, result:no ack
10-04 09:59:33.443   441   441 E IPCThreadState: binder thread pool (1 threads) starved for 111 ms
10-04 09:59:33.499   441   441 D hdmicecd: [CEC]:printCecMessage, [4 -> 0] len: 1, body: 8f, result:no ack
10-04 09:59:33.558   441   441 D hdmicecd: [CEC]:printCecMessage, [4 -> 0] len: 1, body: 8f, result:no ack
10-04 09:59:33.559   441   441 E IPCThreadState: binder thread pool (1 threads) starved for 116 ms
10-04 09:59:33.624   426  1494 D rtk_heartbeat: heartbeat_timed_out: heartbeatCmdCount = 42078, expected nextSeqNum = 42078
10-04 09:59:33.625   426  1381 D rtk_heartbeat: rtkbt_heartbeat_cmpl_cback: Current SeqNum = 42078,should SeqNum=42078, status = 0
10-04 09:59:33.632   696   696 D ResendCecCommandAction: sendCommandWithoutRetries failed, retry
10-04 09:59:33.633   696   949 D HDMI    : [S]:<Text View On> 40:0D
10-04 09:59:33.691   441   441 D hdmicecd: [CEC]:printCecMessage, [4 -> 0] len: 1, body: 0d, result:no ack
10-04 09:59:33.738  8084  8084 D Glide   : Finished loading BitmapDrawable from MEMORY_CACHE for http://tvimg.wynk.in/unsafe/fit-in/1920x548/filters:no_upscale():format(webp)/https://s3.ap-south-1.amazonaws.com/discovery-prod-arsenal/tile/artwork/1727954088147_pl-tournament_xstream-banner_1920-x-548.jpg with size [-2147483648x-2147483648] in 0.736625 ms
10-04 09:59:33.747   441   441 D hdmicecd: [CEC]:printCecMessage, [4 -> 0] len: 1, body: 0d, result:no ack
10-04 09:59:33.747   441   441 E IPCThreadState: binder thread pool (1 threads) starved for 113 ms
10-04 09:59:33.802   441   441 D hdmicecd: [CEC]:printCecMessage, [4 -> 0] len: 1, body: 0d, result:no ack
10-04 09:59:33.859   441   441 D hdmicecd: [CEC]:printCecMessage, [4 -> 0] len: 1, body: 0d, result:no ack
10-04 09:59:33.859   441   441 E IPCThreadState: binder thread pool (1 threads) starved for 112 ms
10-04 09:59:34.161   696   696 D ResendCecCommandAction: sendCommandWithoutRetries failed, retry
10-04 09:59:34.161   696   949 D HDMI    : [S]:<Text View On> 40:0D
10-04 09:59:34.214   441   441 D hdmicecd: [CEC]:printCecMessage, [4 -> 0] len: 1, body: 0d, result:no ack
10-04 09:59:34.274   441   441 D hdmicecd: [CEC]:printCecMessage, [4 -> 0] len: 1, body: 0d, result:no ack
10-04 09:59:34.275   441   441 E IPCThreadState: binder thread pool (1 threads) starved for 114 ms
10-04 09:59:34.331   441   441 D hdmicecd: [CEC]:printCecMessage, [4 -> 0] len: 1, body: 0d, result:no ack
10-04 09:59:34.386   441   441 D hdmicecd: [CEC]:printCecMessage, [4 -> 0] len: 1, body: 0d, result:no ack
10-04 09:59:34.387   441   441 E IPCThreadState: binder thread pool (1 threads) starved for 112 ms
10-04 09:59:34.422   424   582 I audio_hw_hal_alsamgr: alsa format =0x1 delay frames =1024 total frames=2020864000
10-04 09:59:34.624   426  1494 D rtk_heartbeat: heartbeat_timed_out: heartbeatCmdCount = 42079, expected nextSeqNum = 42079
10-04 09:59:34.625   426  1381 D rtk_heartbeat: rtkbt_heartbeat_cmpl_cback: Current SeqNum = 42079,should SeqNum=42079, status = 0
10-04 09:59:35.105   696   696 D HDMI    : one touch play retry:4
10-04 09:59:35.105   696   949 D HDMI    : [S]:<Text View On> 40:0D
10-04 09:59:35.153  1154  1154 I ThermalService: CPU temperatures: [42.600002]
10-04 09:59:35.163   441   441 D hdmicecd: [CEC]:printCecMessage, [4 -> 0] len: 1, body: 0d, result:no ack
10-04 09:59:35.218   441   441 D hdmicecd: [CEC]:printCecMessage, [4 -> 0] len: 1, body: 0d, result:no ack
10-04 09:59:35.219   441   441 E IPCThreadState: binder thread pool (1 threads) starved for 113 ms
10-04 09:59:35.275   441   441 D hdmicecd: [CEC]:printCecMessage, [4 -> 0] len: 1, body: 0d, result:no ack
10-04 09:59:35.331   441   441 D hdmicecd: [CEC]:printCecMessage, [4 -> 0] len: 1, body: 0d, result:no ack
10-04 09:59:35.331   441   441 E IPCThreadState: binder thread pool (1 threads) starved for 112 ms
10-04 09:59:35.332   696   949 D HDMI    : [S]:<Give Device Power Status> 40:8F
10-04 09:59:35.332   696   696 D ResendCecCommandAction: ResendCecCommandAction started
10-04 09:59:35.387   441   441 D hdmicecd: [CEC]:printCecMessage, [4 -> 0] len: 1, body: 8f, result:no ack
10-04 09:59:35.438     0     0 W [2 T1289  ..] RTW: rtw_get_sta_tx_stat() not support
10-04 09:59:35.439     0     0 W [2 T1289  ..] RTW: cfg80211_rtw_get_txpower
10-04 09:59:35.443   441   441 D hdmicecd: [CEC]:printCecMessage, [4 -> 0] len: 1, body: 8f, result:no ack
10-04 09:59:35.443   441   441 E IPCThreadState: binder thread pool (1 threads) starved for 111 ms
10-04 09:59:35.499   441   441 D hdmicecd: [CEC]:printCecMessage, [4 -> 0] len: 1, body: 8f, result:no ack
10-04 09:59:35.555   441   441 D hdmicecd: [CEC]:printCecMessage, [4 -> 0] len: 1, body: 8f, result:no ack
10-04 09:59:35.555   441   441 E IPCThreadState: binder thread pool (1 threads) starved for 112 ms
10-04 09:59:35.625   426  1494 D rtk_heartbeat: heartbeat_timed_out: heartbeatCmdCount = 42080, expected nextSeqNum = 42080
10-04 09:59:35.626   426  1381 D rtk_heartbeat: rtkbt_heartbeat_cmpl_cback: Current SeqNum = 42080,should SeqNum=42080, status = 0
10-04 09:59:35.633   696   696 D ResendCecCommandAction: sendCommandWithoutRetries failed, retry
10-04 09:59:35.633   696   949 D HDMI    : [S]:<Text View On> 40:0D
10-04 09:59:35.687   441   441 D hdmicecd: [CEC]:printCecMessage, [4 -> 0] len: 1, body: 0d, result:no ack
10-04 09:59:35.743   441   441 D hdmicecd: [CEC]:printCecMessage, [4 -> 0] len: 1, body: 0d, result:no ack
10-04 09:59:35.743   441   441 E IPCThreadState: binder thread pool (1 threads) starved for 110 ms
10-04 09:59:35.757 10015 10015 D MonkeyStub: translateCommand: press DPAD_CENTER
10-04 09:59:35.760   459   459 I lights-tch: flashMode 0 id 2 onMs 0 offMs 0 brightness 0
10-04 09:59:35.763   459   459 I lights-tch: flashMode 0 id 2 onMs 0 offMs 0 brightness 225
10-04 09:59:35.772  8084  9034 D ANALYTICS_IPTV: AnalyticsEventTracker ***Event***Event{ts=1728016175770, meta={"box_type":"iptv","source_of_stream":"2 | Home.screen_visible.none.none.none.none.none.none.none | none.screen_visible.none.none.none.none.none.none.none | none.click.none.none.none.none.settings_icon.none.none","asset_name":"settings_icon","app_version":"1.0.0019:237","box_model":"bx:1.2.3","firmware":"fw:1.2.3"}, uid=5ye_gfsYCZe-PoQ4A0, did=8fb17cc052aef526, os=Android, ov=34, bn=237, nq=-1, nt=2, nct=0, lc=en|hi|ta|kn, av=1.0.0019, dt=STB, type=click, adid=95acddf7-5a94-4681-bf0a-0a767be9f2c3, brand=Airtel-Xstream, model=XstreamIPTV1-VT, dname=Vantiva XstreamIPTV1-VT, appId=IPTV, sId=8fb17cc052aef526, profileId=, ab_test=86079:0|108429:0|42374:0|78244:0|95458:0|75817:0|60412:1|117812:1|120676:1|113632:1|116206:0|66480:0|100390:2|76965:1|110385:0|129832:2, city=Delhi, state=National Capital Territory of Delhi, country=India, firebase_id=687ecd54b0fd95386e529fbf62179576} Critical: false
10-04 09:59:35.802   424   471 I audio_hw_hal_primary: [register_audio_patch:7826] Patch 3:id:3 mix(io:13)->dev_0[OUT_HDMI(id:18)] found, register the same patch, do nothing.
10-04 09:59:35.802   424   471 I audio_hw_hal_primary: [adev_create_audio_patch:7927] Patch 3: MIX->DEVICE, num_src:1 num_sink:1 patch_src:INVAL
10-04 09:59:35.802   424   471 I audio_hw_hal_primary: [adev_create_audio_patch:7931] sink[0]: OUT_HDMI(id:18)
10-04 09:59:35.802   424   471 I audio_hw_hal_primary: [adev_create_audio_patch:7988] Patch 3: mix(io:13) -> dev[OUT_HDMI(id:18)]
10-04 09:59:35.802   424   471 I audio_hw_hal_primary: [adev_create_audio_patch:8056] dev=0xf3782930 cur_out_device=0x400
10-04 09:59:35.803   441   441 D hdmicecd: [CEC]:printCecMessage, [4 -> 0] len: 1, body: 0d, result:no ack
10-04 09:59:35.803  1154  1349 D UEventObserver: change@/devices/platform/auge_sound/sound/card0/controlC0��ACTION=change��DEVPATH=/devices/platform/auge_sound/sound/card0/controlC0��SUBSYSTEM=sound��AUDIO_FORMAT=0��MAJOR=116��MINOR=11��DEVNAME=snd/controlC0��SEQNUM=3246��
10-04 09:59:35.803  1154  1349 W ContextImpl: Calling a method in the system process without a qualified user: android.app.ContextImpl.sendBroadcast:1220 android.content.ContextWrapper.sendBroadcast:504 com.droidlogic.audioservice.services.AudioSystemCmdService$1.onUEvent:177 com.droidlogic.UEventObserver$UEventThread.sendEvent:213 com.droidlogic.UEventObserver$UEventThread.run:190 
10-04 09:59:35.813   472  1302 D audioserver: FGS Logger Transaction failed
10-04 09:59:35.813   472  1302 D audioserver: -129
10-04 09:59:35.818   424  8590 I audio_hw_hal_primary: [mixer_aux_buffer_write:6665] io 13: out:0xf2d00740 usecase:PCM_NORMAL standby to unstandby
10-04 09:59:35.818   424  8590 E audio_hw_hal_virtualbuf: ms12 system input underrun happens read=6402453169 write=3370666614 diff=3031786555
10-04 09:59:35.836  1154  1348 I AudioSystemCmdService: onAudioPatchListUpdate
