10-04 09:59:28.236  8084  8084 D Glide   : Finished loading BitmapDrawable from MEMORY_CACHE for http://tvimg.wynk.in/unsafe/fit-in/1920x548/filters:no_upscale():format(webp)/https://s3.ap-south-1.amazonaws.com/discovery-prod-arsenal/tile/artwork/1727811264485_1727723377178_auron_mein_kahan_dum_tha.jpg with size [-2147483648x-2147483648] in 0.404167 ms
10-04 09:59:28.239  8084  8084 I showFeaturedBanner: 
10-04 09:59:28.263   441   455 D hdmicecd: [CEC]:printCecMessage, [4 -> 0] len: 1, body: 0d, result:no ack
10-04 09:59:28.263   441   455 E IPCThreadState: binder thread pool (1 threads) starved for 111 ms
10-04 09:59:28.269  8084  8084 E ConstraintLayout: layout_constraintWidth_default="wrap" is deprecated.
10-04 09:59:28.269  8084  8084 E ConstraintLayout: Use layout_width="WRAP_CONTENT" and layout_constrainedWidth="true" instead.
10-04 09:59:28.311  8084  8093 I com.airtel.tv: Background young concurrent copying GC freed 400960(15MB) AllocSpace objects, 27(3420KB) LOS objects, 15% free, 93MB/110MB, paused 448us,254us total 277.285ms
10-04 09:59:28.319   441   455 D hdmicecd: [CEC]:printCecMessage, [4 -> 0] len: 1, body: 0d, result:no ack
10-04 09:59:28.319  8084  9248 E ThemeUtils: View class com.airbnb.lottie.LottieAnimationView is an AppCompat widget that can only be used with a Theme.AppCompat theme (or descendant).
10-04 09:59:28.320  8084  8095 W System  : A resource failed to call CursorWindow.close. 
10-04 09:59:28.320  8084  8095 W System  : A resource failed to call CursorWrapperInner.close. 
10-04 09:59:28.327  8084  9248 E ThemeUtils: View class androidx.appcompat.widget.AppCompatTextView is an AppCompat widget that can only be used with a Theme.AppCompat theme (or descendant).
10-04 09:59:28.332  8084  9248 E ThemeUtils: View class androidx.appcompat.widget.AppCompatTextView is an AppCompat widget that can only be used with a Theme.AppCompat theme (or descendant).
10-04 09:59:28.338  8084  9248 D SmartAsyncLayoutInflater: The background thread failed to inflate. Inflation falls back to the main thread. Error message=Binary XML file line #2 in com.airtel.tv:layout/custom_header_view: Binary XML file line #2 in com.airtel.tv:layout/custom_header_view: Error inflating class <unknown>
10-04 09:59:28.379   441   455 D hdmicecd: [CEC]:printCecMessage, [4 -> 0] len: 1, body: 0d, result:no ack
10-04 09:59:28.379   441   455 E IPCThreadState: binder thread pool (1 threads) starved for 116 ms
10-04 09:59:28.388  8084  8084 E ConstraintLayout: layout_constraintWidth_default="wrap" is deprecated.
10-04 09:59:28.388  8084  8084 E ConstraintLayout: Use layout_width="WRAP_CONTENT" and layout_constrainedWidth="true" instead.
10-04 09:59:28.396  8084  9248 E ThemeUtils: View class com.airbnb.lottie.LottieAnimationView is an AppCompat widget that can only be used with a Theme.AppCompat theme (or descendant).
10-04 09:59:28.399  8084  9248 E ThemeUtils: View class androidx.appcompat.widget.AppCompatTextView is an AppCompat widget that can only be used with a Theme.AppCompat theme (or descendant).
10-04 09:59:28.403  8084  9248 E ThemeUtils: View class androidx.appcompat.widget.AppCompatTextView is an AppCompat widget that can only be used with a Theme.AppCompat theme (or descendant).
10-04 09:59:28.407  8084  9248 D SmartAsyncLayoutInflater: The background thread failed to inflate. Inflation falls back to the main thread. Error message=Binary XML file line #2 in com.airtel.tv:layout/custom_header_view: Binary XML file line #2 in com.airtel.tv:layout/custom_header_view: Error inflating class <unknown>
10-04 09:59:28.423  8084  8084 D Glide   : Finished loading BitmapDrawable from MEMORY_CACHE for http://tvimg.wynk.in/unsafe/fit-in/300x169/filters:no_upscale():format(webp)/https://xstreamcp-assets-msp.streamready.in/assets/SONYLIV_VOD/MOVIE/6485908c82488153bfe3e82b/images/salute_12aug_landscape_thumb.jpg with size [-2147483648x-2147483648] in 0.385667 ms
10-04 09:59:28.445  8084  8084 D Glide   : Finished loading BitmapDrawable from MEMORY_CACHE for http://tvimg.wynk.in/unsafe/fit-in/300x169/filters:no_upscale():format(webp)/https://xstreamcp-assets-msp.streamready.in/assets/LIONSGATEPLAY/MOVIE/64f9ad835987c22787ba37a4/images/THEBLACKDEMONY2023MHI-airtel-cover-poster-1923X1082.jpg with size [-2147483648x-2147483648] in 0.3555 ms
10-04 09:59:28.467  8084  8084 D Glide   : Finished loading BitmapDrawable from MEMORY_CACHE for http://tvimg.wynk.in/unsafe/fit-in/300x169/filters:no_upscale():format(webp)/https://xstreamcp-assets-msp.streamready.in/assets/SONYLIV_VOD/EPISODE/6485cad482488153bfe4a7f5/images/maharani5_landscape_image.jpg with size [-2147483648x-2147483648] in 0.39308299999999996 ms
10-04 09:59:28.486  8084  8084 D Glide   : Finished loading BitmapDrawable from MEMORY_CACHE for http://tvimg.wynk.in/unsafe/fit-in/300x169/filters:no_upscale():format(webp)/https://xstreamcp-assets-msp.streamready.in/assets/SONYLIV_VOD/EPISODE/668fa79413fc7c3c9b6d8187/images/36_day_1920x1080_clean_airtel_landscape.jpg with size [-2147483648x-2147483648] in 0.354333 ms
10-04 09:59:28.506  8084  8084 D Glide   : Finished loading BitmapDrawable from MEMORY_CACHE for http://tvimg.wynk.in/unsafe/fit-in/300x169/filters:no_upscale():format(webp)/https://xstreamcp-assets-msp.streamready.in/assets/SHEMAROOME/MOVIE/6478338c59fcb666645f6943/images/xl_image_16_9_airtel_1723465577.jpg with size [-2147483648x-2147483648] in 0.41924999999999996 ms
10-04 09:59:28.527  8084  8084 D Glide   : Finished loading BitmapDrawable from MEMORY_CACHE for http://tvimg.wynk.in/unsafe/fit-in/300x169/filters:no_upscale():format(webp)/https://xstreamcp-assets-msp.streamready.in/assets/SHEMAROOME/MOVIE/6478327359fcb666645f5dc1/images/xl_image_16_9_1630335742.jpg with size [-2147483648x-2147483648] in 0.33633399999999997 ms
10-04 09:59:28.540  8084  8084 E ConstraintLayout: layout_constraintWidth_default="wrap" is deprecated.
10-04 09:59:28.540  8084  8084 E ConstraintLayout: Use layout_width="WRAP_CONTENT" and layout_constrainedWidth="true" instead.
10-04 09:59:28.551  8084  8084 E ConstraintLayout: layout_constraintWidth_default="wrap" is deprecated.
10-04 09:59:28.551  8084  8084 E ConstraintLayout: Use layout_width="WRAP_CONTENT" and layout_constrainedWidth="true" instead.
10-04 09:59:28.555  8084  9248 E ThemeUtils: View class com.airbnb.lottie.LottieAnimationView is an AppCompat widget that can only be used with a Theme.AppCompat theme (or descendant).
10-04 09:59:28.558  8084  9248 E ThemeUtils: View class androidx.appcompat.widget.AppCompatTextView is an AppCompat widget that can only be used with a Theme.AppCompat theme (or descendant).
10-04 09:59:28.563  8084  9248 E ThemeUtils: View class androidx.appcompat.widget.AppCompatTextView is an AppCompat widget that can only be used with a Theme.AppCompat theme (or descendant).
10-04 09:59:28.568  8084  9248 D SmartAsyncLayoutInflater: The background thread failed to inflate. Inflation falls back to the main thread. Error message=Binary XML file line #2 in com.airtel.tv:layout/custom_header_view: Binary XML file line #2 in com.airtel.tv:layout/custom_header_view: Error inflating class <unknown>
10-04 09:59:28.568  8084  9231 E ThemeUtils: View class com.airbnb.lottie.LottieAnimationView is an AppCompat widget that can only be used with a Theme.AppCompat theme (or descendant).
10-04 09:59:28.571  8084  9231 E ThemeUtils: View class androidx.appcompat.widget.AppCompatTextView is an AppCompat widget that can only be used with a Theme.AppCompat theme (or descendant).
10-04 09:59:28.574  8084  9231 E ThemeUtils: View class androidx.appcompat.widget.AppCompatTextView is an AppCompat widget that can only be used with a Theme.AppCompat theme (or descendant).
10-04 09:59:28.577  8084  9231 D SmartAsyncLayoutInflater: The background thread failed to inflate. Inflation falls back to the main thread. Error message=Binary XML file line #2 in com.airtel.tv:layout/custom_header_view: Binary XML file line #2 in com.airtel.tv:layout/custom_header_view: Error inflating class <unknown>
10-04 09:59:28.578  8084  8084 E ThemeUtils: View class androidx.appcompat.widget.AppCompatImageView is an AppCompat widget that can only be used with a Theme.AppCompat theme (or descendant).
10-04 09:59:28.581  8084  8084 E ThemeUtils: View class androidx.appcompat.widget.AppCompatImageView is an AppCompat widget that can only be used with a Theme.AppCompat theme (or descendant).
10-04 09:59:28.587  8084  8084 E ThemeUtils: View class androidx.appcompat.widget.AppCompatImageView is an AppCompat widget that can only be used with a Theme.AppCompat theme (or descendant).
10-04 09:59:28.591  8084  8084 E ThemeUtils: View class androidx.appcompat.widget.AppCompatImageView is an AppCompat widget that can only be used with a Theme.AppCompat theme (or descendant).
10-04 09:59:28.596  8084  8084 E ThemeUtils: View class androidx.appcompat.widget.AppCompatImageView is an AppCompat widget that can only be used with a Theme.AppCompat theme (or descendant).
10-04 09:59:28.599  8084  8084 E ThemeUtils: View class androidx.appcompat.widget.AppCompatImageView is an AppCompat widget that can only be used with a Theme.AppCompat theme (or descendant).
10-04 09:59:28.603  8084  8084 E ThemeUtils: View class androidx.appcompat.widget.AppCompatImageView is an AppCompat widget that can only be used with a Theme.AppCompat theme (or descendant).
10-04 09:59:28.607  8084  8084 E ThemeUtils: View class androidx.appcompat.widget.AppCompatImageView is an AppCompat widget that can only be used with a Theme.AppCompat theme (or descendant).
10-04 09:59:28.612  8084  8084 E ThemeUtils: View class androidx.appcompat.widget.AppCompatImageView is an AppCompat widget that can only be used with a Theme.AppCompat theme (or descendant).
10-04 09:59:28.615  8084  8084 E ThemeUtils: View class androidx.appcompat.widget.AppCompatImageView is an AppCompat widget that can only be used with a Theme.AppCompat theme (or descendant).
10-04 09:59:28.620  8084  8084 E ThemeUtils: View class androidx.appcompat.widget.AppCompatImageView is an AppCompat widget that can only be used with a Theme.AppCompat theme (or descendant).
10-04 09:59:28.623   426  1494 D rtk_heartbeat: heartbeat_timed_out: heartbeatCmdCount = 42073, expected nextSeqNum = 42073
10-04 09:59:28.624  8084  8084 E ThemeUtils: View class androidx.appcompat.widget.AppCompatImageView is an AppCompat widget that can only be used with a Theme.AppCompat theme (or descendant).
10-04 09:59:28.624   426  1381 D rtk_heartbeat: rtkbt_heartbeat_cmpl_cback: Current SeqNum = 42073,should SeqNum=42073, status = 0
10-04 09:59:28.630  8084  8084 E ThemeUtils: View class androidx.appcompat.widget.AppCompatImageView is an AppCompat widget that can only be used with a Theme.AppCompat theme (or descendant).
10-04 09:59:28.633  8084  8084 E ThemeUtils: View class androidx.appcompat.widget.AppCompatImageView is an AppCompat widget that can only be used with a Theme.AppCompat theme (or descendant).
10-04 09:59:28.638  8084  8084 E ThemeUtils: View class androidx.appcompat.widget.AppCompatImageView is an AppCompat widget that can only be used with a Theme.AppCompat theme (or descendant).
10-04 09:59:28.641  8084  8084 E ThemeUtils: View class androidx.appcompat.widget.AppCompatImageView is an AppCompat widget that can only be used with a Theme.AppCompat theme (or descendant).
10-04 09:59:28.655  8084  8084 D Glide   : Finished loading BitmapDrawable from MEMORY_CACHE for http://tvimg.wynk.in/unsafe/filters:format(webp)/https://s3.ap-south-1.amazonaws.com/discovery-pre-prod-zion/tile/artwork/1713871301945_thumbnail_ratios.png with size [208x117] in 336.22612499999997 ms
10-04 09:59:28.656  8084  8084 D Glide   : Finished loading BitmapDrawable from MEMORY_CACHE for http://tvimg.wynk.in/unsafe/filters:format(webp)/https://s3.ap-south-1.amazonaws.com/discovery-pre-prod-zion/tile/artwork/1713871346716_card_style.png with size [208x117] in 315.838167 ms
10-04 09:59:28.656  8084  8084 D Glide   : Finished loading BitmapDrawable from MEMORY_CACHE for http://tvimg.wynk.in/unsafe/filters:format(webp)/https://s3.ap-south-1.amazonaws.com/discovery-prod-arsenal/tile/artwork/1724389860533_app-icon-1920_x_1080.jpg with size [208x117] in 309.815292 ms
10-04 09:59:28.680   696   696 D ResendCecCommandAction: sendCommandWithoutRetries failed, retry
10-04 09:59:28.681   696   949 D HDMI    : [S]:<Text View On> 40:0D
10-04 09:59:28.689  7788  7788 I GoogleInputMethodService: GoogleInputMethodService.onFinishInput():3184 
10-04 09:59:28.690  7788  7788 I GoogleInputMethodService: GoogleInputMethodService.updateDeviceLockedStatus():2246 repeatCheckTimes = 0, locked = false
10-04 09:59:28.690  7788  7788 I GoogleInputMethodService: GoogleInputMethodService.onStartInput():1982 onStartInput(EditorInfo{EditorInfo{packageName=com.airtel.tv, inputType=0, inputTypeString=NULL, enableLearning=false, autoCorrection=false, autoComplete=false, imeOptions=0, privateImeOptions=null, actionName=UNSPECIFIED, actionLabel=null, initialSelStart=-1, initialSelEnd=-1, initialCapsMode=0, label=null, fieldId=0, fieldName=null, extras=null, hintText=null, hintLocales=[]}}, false)
10-04 09:59:28.691  7788  7788 I GoogleInputMethodService: GoogleInputMethodService.updateDeviceLockedStatus():2246 repeatCheckTimes = 1, locked = false
10-04 09:59:28.691  7788  7788 I AndroidIME: InputBundleManager.loadActiveInputBundleId():450 loadActiveInputBundleId: und-Latn-x-password, password
10-04 09:59:28.692  7788  7788 I EmojiCompatManager: EmojiCompatManager.getEmojiCompatIfLoaded():342 EmojiCompat.init() was never called.
10-04 09:59:28.692  7788  7788 I EmojiCompatManager: java.lang.IllegalStateException: EmojiCompat is not initialized. Please call EmojiCompat.init() first
10-04 09:59:28.692  7788  7788 I EmojiCompatManager: 	at so.g(PG:3)
10-04 09:59:28.692  7788  7788 I EmojiCompatManager: 	at abd.a(PG:6)
10-04 09:59:28.692  7788  7788 I EmojiCompatManager: 	at edb.d(PG:1)
10-04 09:59:28.692  7788  7788 I EmojiCompatManager: 	at edb.b(PG:6)
10-04 09:59:28.692  7788  7788 I EmojiCompatManager: 	at com.android.inputmethod.latin.LatinIME.f(PG:286)
10-04 09:59:28.692  7788  7788 I EmojiCompatManager: 	at epp.onStartInput(PG:170)
10-04 09:59:28.692  7788  7788 I EmojiCompatManager: 	at android.inputmethodservice.InputMethodService.doStartInput(InputMethodService.java:3115)
10-04 09:59:28.692  7788  7788 I EmojiCompatManager: 	at android.inputmethodservice.InputMethodService$InputMethodImpl.startInput(InputMethodService.java:824)
10-04 09:59:28.692  7788  7788 I EmojiCompatManager: 	at android.inputmethodservice.InputMethodService$InputMethodImpl.dispatchStartInput(InputMethodService.java:853)
10-04 09:59:28.692  7788  7788 I EmojiCompatManager: 	at android.inputmethodservice.IInputMethodWrapper.executeMessage(IInputMethodWrapper.java:197)
10-04 09:59:28.692  7788  7788 I EmojiCompatManager: 	at com.android.internal.os.HandlerCaller$MyHandler.handleMessage(HandlerCaller.java:44)
10-04 09:59:28.692  7788  7788 I EmojiCompatManager: 	at android.os.Handler.dispatchMessage(Handler.java:106)
10-04 09:59:28.692  7788  7788 I EmojiCompatManager: 	at android.os.Looper.loopOnce(Looper.java:205)
10-04 09:59:28.692  7788  7788 I EmojiCompatManager: 	at android.os.Looper.loop(Looper.java:294)
10-04 09:59:28.692  7788  7788 I EmojiCompatManager: 	at android.app.ActivityThread.main(ActivityThread.java:8177)
10-04 09:59:28.692  7788  7788 I EmojiCompatManager: 	at java.lang.reflect.Method.invoke(Native Method)
10-04 09:59:28.692  7788  7788 I EmojiCompatManager: 	at com.android.internal.os.RuntimeInit$MethodAndArgsCaller.run(RuntimeInit.java:552)
10-04 09:59:28.692  7788  7788 I EmojiCompatManager: 	at com.android.internal.os.ZygoteInit.main(ZygoteInit.java:971)
10-04 09:59:28.718  8084  9692 I OpenGLRenderer: Davey! duration=753ms; Flags=0, FrameTimelineVsyncId=597378, IntendedVsync=42107532335666, Vsync=42107832635660, InputEventId=0, HandleInputStart=42107833285411, AnimationStart=42107833290786, PerformTraversalsStart=42107834541286, DrawStart=42108243252703, FrameDeadline=42107601068998, FrameInterval=42107832793869, FrameStartTime=16683333, SyncQueued=42108261732495, SyncStart=42108261983911, IssueDrawCommandsStart=42108263593620, SwapBuffers=42108275530578, FrameCompleted=42108286225995, DequeueBufferDuration=29292, QueueBufferDuration=450166, GpuCompleted=42108286225995, SwapBuffersCompleted=42108277189578, DisplayPresentTime=42092398588093, CommandSubmissionCompleted=42108275530578, 
10-04 09:59:28.735   441   455 D hdmicecd: [CEC]:printCecMessage, [4 -> 0] len: 1, body: 0d, result:no ack
10-04 09:59:28.755  8084  8084 E ThemeUtils: View class com.airbnb.lottie.LottieAnimationView is an AppCompat widget that can only be used with a Theme.AppCompat theme (or descendant).
10-04 09:59:28.757  8084  8084 E ThemeUtils: View class androidx.appcompat.widget.AppCompatTextView is an AppCompat widget that can only be used with a Theme.AppCompat theme (or descendant).
10-04 09:59:28.761  8084  8084 E ThemeUtils: View class androidx.appcompat.widget.AppCompatTextView is an AppCompat widget that can only be used with a Theme.AppCompat theme (or descendant).
10-04 09:59:28.768  8084  8084 E ThemeUtils: View class com.airbnb.lottie.LottieAnimationView is an AppCompat widget that can only be used with a Theme.AppCompat theme (or descendant).
10-04 09:59:28.771  8084  8084 E ThemeUtils: View class androidx.appcompat.widget.AppCompatTextView is an AppCompat widget that can only be used with a Theme.AppCompat theme (or descendant).
10-04 09:59:28.774  8084  8084 E ThemeUtils: View class androidx.appcompat.widget.AppCompatTextView is an AppCompat widget that can only be used with a Theme.AppCompat theme (or descendant).
10-04 09:59:28.781  8084  8084 E ThemeUtils: View class com.airbnb.lottie.LottieAnimationView is an AppCompat widget that can only be used with a Theme.AppCompat theme (or descendant).
10-04 09:59:28.786  8084  8084 E ThemeUtils: View class androidx.appcompat.widget.AppCompatTextView is an AppCompat widget that can only be used with a Theme.AppCompat theme (or descendant).
10-04 09:59:28.790  8084  8084 E ThemeUtils: View class androidx.appcompat.widget.AppCompatTextView is an AppCompat widget that can only be used with a Theme.AppCompat theme (or descendant).
10-04 09:59:28.791   441   455 D hdmicecd: [CEC]:printCecMessage, [4 -> 0] len: 1, body: 0d, result:no ack
10-04 09:59:28.797  8084  8084 E ThemeUtils: View class com.airbnb.lottie.LottieAnimationView is an AppCompat widget that can only be used with a Theme.AppCompat theme (or descendant).
10-04 09:59:28.800  8084  8084 E ThemeUtils: View class androidx.appcompat.widget.AppCompatTextView is an AppCompat widget that can only be used with a Theme.AppCompat theme (or descendant).
10-04 09:59:28.803  8084  8084 E ThemeUtils: View class androidx.appcompat.widget.AppCompatTextView is an AppCompat widget that can only be used with a Theme.AppCompat theme (or descendant).
10-04 09:59:28.824  8084  8195 I WM-WorkerWrapper: Worker result SUCCESS for Work [ id=ed341b36-4b67-4f68-acbd-aea9b409b85e, tags={ tv.airtel.wynk.analytics.sync.service.AnalyticsSyncService, com.airtel.analyticsSyncService } ]
10-04 09:59:28.826  8084  8084 D Glide   : Finished loading BitmapDrawable from MEMORY_CACHE for http://tvimg.wynk.in/unsafe/fit-in/228x335/filters:no_upscale():format(webp)/https://image.airtel.tv/FANCODE/FANCODE_MATCH_LIVE_108721/PORTRAIT/Deafult_2_x_3_2.jpg with size [-2147483648x-2147483648] in 0.44570899999999997 ms
10-04 09:59:28.826  8084  8084 D Glide Image loaded for url DeferredCoroutine{Completed}@ca51f53: 
10-04 09:59:28.829  8084  8084 D Glide   : Finished loading BitmapDrawable from MEMORY_CACHE for http://tvimg.wynk.in/unsafe/fit-in/228x335/filters:no_upscale():format(webp)/https://image.airtel.tv/MWTV/MWTV_LIVETVCHANNEL_717/PORTRAIT/4ZNf4dH3.png with size [-2147483648x-2147483648] in 0.788542 ms
10-04 09:59:28.829  8084  8084 D Glide Image loaded for url DeferredCoroutine{Completed}@64b418e: 
10-04 09:59:28.831  8084  8084 D Glide   : Finished loading BitmapDrawable from MEMORY_CACHE for http://tvimg.wynk.in/unsafe/fit-in/228x335/filters:no_upscale():format(webp)/https://image.airtel.tv/MWTV/MWTV_LIVETVCHANNEL_254/PORTRAIT/LKNgfzia.png with size [-2147483648x-2147483648] in 0.35520799999999997 ms
10-04 09:59:28.831  8084  8084 D Glide Image loaded for url DeferredCoroutine{Completed}@b3c945: 
10-04 09:59:28.833  8084  8084 D Glide   : Finished loading BitmapDrawable from MEMORY_CACHE for http://tvimg.wynk.in/unsafe/fit-in/228x335/filters:no_upscale():format(webp)/https://image.airtel.tv/MWTV/MWTV_LIVETVCHANNEL_834/LANDSCAPE_43/Js98rDkv.png with size [-2147483648x-2147483648] in 0.459542 ms
10-04 09:59:28.833  8084  8084 D Glide Image loaded for url DeferredCoroutine{Completed}@4a121a8: 
10-04 09:59:28.835  8084  8084 D Glide   : Finished loading BitmapDrawable from MEMORY_CACHE for http://tvimg.wynk.in/unsafe/fit-in/228x335/filters:no_upscale():format(webp)/https://xstreamcp-assets-msp.streamready.in/assets/EPICON/MOVIE/64d331750bd0ce0136846151/images/1614598480-agnivayu-vertical-500x750.jpg with size [-2147483648x-2147483648] in 0.554125 ms
10-04 09:59:28.836  8084  8084 D Glide Image loaded for url DeferredCoroutine{Completed}@b053a7: 
10-04 09:59:28.837  8084  8084 D Glide   : Finished loading BitmapDrawable from MEMORY_CACHE for http://tvimg.wynk.in/unsafe/fit-in/228x335/filters:no_upscale():format(webp)/https://xstreamcp-assets-msp.streamready.in/assets/EPICON/MOVIE/65fa0b28a23caa4f374b2ddc/images/1721902759-45322247-500x750.jpg with size [-2147483648x-2147483648] in 0.349583 ms
10-04 09:59:28.838  8084  8084 D Glide Image loaded for url DeferredCoroutine{Completed}@9a8f0f2: 
10-04 09:59:28.850   441   441 D hdmicecd: [CEC]:printCecMessage, [4 -> 0] len: 1, body: 0d, result:no ack
10-04 09:59:28.853  8084  8195 I WM-WorkerWrapper: Worker result SUCCESS for Work [ id=13c39e7f-60c8-405d-9fbb-0280d26517da, tags={ tv.airtel.wynk.analytics.sync.service.AnalyticsSyncService, com.airtel.analyticsSyncService } ]
10-04 09:59:28.877  8084  8195 I WM-WorkerWrapper: Worker result SUCCESS for Work [ id=4cda7bb9-fe4d-42b7-9276-d324ccd086e0, tags={ tv.airtel.wynk.analytics.sync.service.AnalyticsSyncService, com.airtel.analyticsSyncService } ]
10-04 09:59:28.896   696  1097 W JobScheduler: Job didn't exist in JobStore: 4738d6 #u0a43/2148 com.airtel.tv/androidx.work.impl.background.systemjob.SystemJobService
10-04 09:59:28.901  8084  8084 D Glide   : Finished loading BitmapDrawable from MEMORY_CACHE for http://tvimg.wynk.in/unsafe/fit-in/300x169/filters:no_upscale():format(webp)/https://xstreamcp-assets-msp.streamready.in/assets/SONYLIV_VOD/MOVIE/6485908c82488153bfe3e82b/images/salute_12aug_landscape_thumb.jpg with size [-2147483648x-2147483648] in 0.164625 ms
10-04 09:59:28.905  8084  8084 D Glide   : Finished loading BitmapDrawable from MEMORY_CACHE for http://tvimg.wynk.in/unsafe/fit-in/300x169/filters:no_upscale():format(webp)/https://xstreamcp-assets-msp.streamready.in/assets/LIONSGATEPLAY/MOVIE/64f9ad835987c22787ba37a4/images/THEBLACKDEMONY2023MHI-airtel-cover-poster-1923X1082.jpg with size [-2147483648x-2147483648] in 0.16433299999999998 ms
10-04 09:59:28.906  8084  8195 I WM-WorkerWrapper: Worker result SUCCESS for Work [ id=17d4b8c6-8ff9-4dda-9696-38d3dc59e5e7, tags={ tv.airtel.wynk.analytics.sync.service.AnalyticsSyncService, com.airtel.analyticsSyncService } ]
10-04 09:59:28.907   441   441 D hdmicecd: [CEC]:printCecMessage, [4 -> 0] len: 1, body: 0d, result:no ack
10-04 09:59:28.907   441   441 E IPCThreadState: binder thread pool (1 threads) starved for 226 ms
10-04 09:59:28.909  8084  8084 D Glide   : Finished loading BitmapDrawable from MEMORY_CACHE for http://tvimg.wynk.in/unsafe/fit-in/300x169/filters:no_upscale():format(webp)/https://xstreamcp-assets-msp.streamready.in/assets/SONYLIV_VOD/EPISODE/6485cad482488153bfe4a7f5/images/maharani5_landscape_image.jpg with size [-2147483648x-2147483648] in 0.157125 ms
10-04 09:59:28.912  8084  8084 D Glide   : Finished loading BitmapDrawable from MEMORY_CACHE for http://tvimg.wynk.in/unsafe/fit-in/300x169/filters:no_upscale():format(webp)/https://xstreamcp-assets-msp.streamready.in/assets/SONYLIV_VOD/EPISODE/668fa79413fc7c3c9b6d8187/images/36_day_1920x1080_clean_airtel_landscape.jpg with size [-2147483648x-2147483648] in 0.208583 ms
10-04 09:59:28.917  8084  8084 D Glide   : Finished loading BitmapDrawable from MEMORY_CACHE for http://tvimg.wynk.in/unsafe/fit-in/300x169/filters:no_upscale():format(webp)/https://xstreamcp-assets-msp.streamready.in/assets/SHEMAROOME/MOVIE/6478338c59fcb666645f6943/images/xl_image_16_9_airtel_1723465577.jpg with size [-2147483648x-2147483648] in 0.228875 ms
10-04 09:59:28.922  8084  8084 D Glide   : Finished loading BitmapDrawable from MEMORY_CACHE for http://tvimg.wynk.in/unsafe/fit-in/300x169/filters:no_upscale():format(webp)/https://xstreamcp-assets-msp.streamready.in/assets/SHEMAROOME/MOVIE/6478327359fcb666645f5dc1/images/xl_image_16_9_1630335742.jpg with size [-2147483648x-2147483648] in 0.153916 ms
10-04 09:59:28.931  8084  8195 I WM-WorkerWrapper: Worker result SUCCESS for Work [ id=26e3ac57-0a72-460e-a7a0-107e7f1b2f08, tags={ tv.airtel.wynk.analytics.sync.service.AnalyticsSyncService, com.airtel.analyticsSyncService } ]
10-04 09:59:28.938   696  1097 W JobScheduler: Job didn't exist in JobStore: dcce129 #u0a43/2149 com.airtel.tv/androidx.work.impl.background.systemjob.SystemJobService
10-04 09:59:28.943   696  1097 W JobScheduler: Job didn't exist in JobStore: f3e75dc #u0a43/2150 com.airtel.tv/androidx.work.impl.background.systemjob.SystemJobService
10-04 09:59:28.954   696  2853 W JobScheduler: Job didn't exist in JobStore: 40e8c61 #u0a43/2151 com.airtel.tv/androidx.work.impl.background.systemjob.SystemJobService
10-04 09:59:28.958   696  2853 W JobScheduler: Job didn't exist in JobStore: 8a5580 #u0a43/2147 com.airtel.tv/androidx.work.impl.background.systemjob.SystemJobService
10-04 09:59:28.968  8084  8195 I WM-WorkerWrapper: Worker result SUCCESS for Work [ id=a0eab16e-84b0-4640-8f9b-6ea44063d809, tags={ tv.airtel.wynk.analytics.sync.service.AnalyticsSyncService, com.airtel.analyticsSyncService } ]
10-04 09:59:28.989  8084  8195 I WM-WorkerWrapper: Worker result SUCCESS for Work [ id=c94e83e2-0aca-4803-83c1-d093f138594e, tags={ tv.airtel.wynk.analytics.sync.service.AnalyticsSyncService, com.airtel.analyticsSyncService } ]
10-04 09:59:29.009  8084  8195 I WM-WorkerWrapper: Worker result SUCCESS for Work [ id=f2d62235-5b31-4365-94d5-312815aeb274, tags={ tv.airtel.wynk.analytics.sync.service.AnalyticsSyncService, com.airtel.analyticsSyncService } ]
10-04 09:59:29.029  8084  8195 I WM-WorkerWrapper: Worker result SUCCESS for Work [ id=7271ff86-589f-465d-af2d-236070d08db5, tags={ tv.airtel.wynk.analytics.sync.service.AnalyticsSyncService, com.airtel.analyticsSyncService } ]
10-04 09:59:29.089   424   582 I audio_hw_hal_alsamgr: alsa format =0x1 delay frames =1024 total frames=2020608000
10-04 09:59:29.099   696  1097 D ConnectivityService: requestNetwork for uid/pid:10043/8084 activeRequest: null callbackRequest: 538 [NetworkRequest [ REQUEST id=539, [ Capabilities: INTERNET&NOT_RESTRICTED&TRUSTED&NOT_VCN_MANAGED Uid: 10043 RequestorUid: 10043 RequestorPkg: com.airtel.tv UnderlyingNetworks: Null] ]] callback flags: 0 order: 2147483647
10-04 09:59:29.102   696   910 D WifiNetworkFactory: got request NetworkRequest [ REQUEST id=539, [ Capabilities: INTERNET&NOT_RESTRICTED&TRUSTED&NOT_VCN_MANAGED Uid: 10043 RequestorUid: 10043 RequestorPkg: com.airtel.tv UnderlyingNetworks: Null] ]
10-04 09:59:29.102   696   910 D UntrustedWifiNetworkFactory: got request NetworkRequest [ REQUEST id=539, [ Capabilities: INTERNET&NOT_RESTRICTED&TRUSTED&NOT_VCN_MANAGED Uid: 10043 RequestorUid: 10043 RequestorPkg: com.airtel.tv UnderlyingNetworks: Null] ]
10-04 09:59:29.102   696   910 D OemPaidWifiNetworkFactory: got request NetworkRequest [ REQUEST id=539, [ Capabilities: INTERNET&NOT_RESTRICTED&TRUSTED&NOT_VCN_MANAGED Uid: 10043 RequestorUid: 10043 RequestorPkg: com.airtel.tv UnderlyingNetworks: Null] ]
10-04 09:59:29.102   696   910 D MultiInternetWifiNetworkFactory: got request NetworkRequest [ REQUEST id=539, [ Capabilities: INTERNET&NOT_RESTRICTED&TRUSTED&NOT_VCN_MANAGED Uid: 10043 RequestorUid: 10043 RequestorPkg: com.airtel.tv UnderlyingNetworks: Null] ]
10-04 09:59:29.102   696   918 D ConnectivityService: NetReassign [539 : null → 100] [c 0] [a 1] [i 1]
10-04 09:59:29.103   696   696 D HDMI    : one touch play retry:1
10-04 09:59:29.104   696   949 D HDMI    : [S]:<Text View On> 40:0D
10-04 09:59:29.144  1154  1154 I ThermalService: CPU temperatures: [44.2]
10-04 09:59:29.159   441   441 D hdmicecd: [CEC]:printCecMessage, [4 -> 0] len: 1, body: 0d, result:no ack
10-04 09:59:29.215   441   441 D hdmicecd: [CEC]:printCecMessage, [4 -> 0] len: 1, body: 0d, result:no ack
10-04 09:59:29.215   441   441 E IPCThreadState: binder thread pool (1 threads) starved for 111 ms
10-04 09:59:29.271   441   441 D hdmicecd: [CEC]:printCecMessage, [4 -> 0] len: 1, body: 0d, result:no ack
10-04 09:59:29.326   441   441 D hdmicecd: [CEC]:printCecMessage, [4 -> 0] len: 1, body: 0d, result:no ack
10-04 09:59:29.327   441   441 E IPCThreadState: binder thread pool (1 threads) starved for 112 ms
10-04 09:59:29.327   696   949 D HDMI    : [S]:<Give Device Power Status> 40:8F
10-04 09:59:29.327   696   696 D ResendCecCommandAction: ResendCecCommandAction started
10-04 09:59:29.357 10015 10015 D MonkeyStub: translateCommand: press DPAD_RIGHT
10-04 09:59:29.359   459   459 I lights-tch: flashMode 0 id 2 onMs 0 offMs 0 brightness 0
10-04 09:59:29.363   459   459 I lights-tch: flashMode 0 id 2 onMs 0 offMs 0 brightness 225
10-04 09:59:29.372 10015 10015 D MonkeyStub: translateCommand: press DPAD_RIGHT
10-04 09:59:29.375   459   459 I lights-tch: flashMode 0 id 2 onMs 0 offMs 0 brightness 0
10-04 09:59:29.383   441   441 D hdmicecd: [CEC]:printCecMessage, [4 -> 0] len: 1, body: 8f, result:no ack
10-04 09:59:29.384   459   459 I lights-tch: flashMode 0 id 2 onMs 0 offMs 0 brightness 225
10-04 09:59:29.391 10015 10015 D MonkeyStub: translateCommand: press DPAD_RIGHT
10-04 09:59:29.394   459   459 I lights-tch: flashMode 0 id 2 onMs 0 offMs 0 brightness 0
10-04 09:59:29.403   459   459 I lights-tch: flashMode 0 id 2 onMs 0 offMs 0 brightness 225
10-04 09:59:29.405   424   471 I audio_hw_hal_primary: [register_audio_patch:7826] Patch 3:id:3 mix(io:13)->dev_0[OUT_HDMI(id:18)] found, register the same patch, do nothing.
10-04 09:59:29.405   424   471 I audio_hw_hal_primary: [adev_create_audio_patch:7927] Patch 3: MIX->DEVICE, num_src:1 num_sink:1 patch_src:INVAL
10-04 09:59:29.405   424   471 I audio_hw_hal_primary: [adev_create_audio_patch:7931] sink[0]: OUT_HDMI(id:18)
10-04 09:59:29.405   424   471 I audio_hw_hal_primary: [adev_create_audio_patch:7988] Patch 3: mix(io:13) -> dev[OUT_HDMI(id:18)]
10-04 09:59:29.405   424   471 I audio_hw_hal_primary: [adev_create_audio_patch:8056] dev=0xf3782930 cur_out_device=0x400
--------- beginning of kernel
10-04 09:59:29.431     0     0 W [0 T1289  ..] RTW: rtw_get_sta_tx_stat() not support
10-04 09:59:29.431     0     0 W [0 T1289  ..] RTW: cfg80211_rtw_get_txpower
10-04 09:59:29.412   472  1848 D audioserver: FGS Logger Transaction failed
10-04 09:59:29.412   472  1848 D audioserver: -129
10-04 09:59:29.415   424  8590 I audio_hw_hal_primary: [mixer_aux_buffer_write:6665] io 13: out:0xf2d00740 usecase:PCM_NORMAL standby to unstandby
10-04 09:59:29.416   424  8590 E audio_hw_hal_virtualbuf: ms12 system input underrun happens read=9447934463 write=3199999950 diff=6247934513
10-04 09:59:29.420 10015 10015 D MonkeyStub: translateCommand: press DPAD_RIGHT
10-04 09:59:29.413  1154  1349 D UEventObserver: change@/devices/platform/auge_sound/sound/card0/controlC0��ACTION=change��DEVPATH=/devices/platform/auge_sound/sound/card0/controlC0��SUBSYSTEM=sound��AUDIO_FORMAT=0��MAJOR=116��MINOR=11��DEVNAME=snd/controlC0��SEQNUM=3245��
10-04 09:59:29.429  1154  1349 W ContextImpl: Calling a method in the system process without a qualified user: android.app.ContextImpl.sendBroadcast:1220 android.content.ContextWrapper.sendBroadcast:504 com.droidlogic.audioservice.services.AudioSystemCmdService$1.onUEvent:177 com.droidlogic.UEventObserver$UEventThread.sendEvent:213 com.droidlogic.UEventObserver$UEventThread.run:190 
10-04 09:59:29.432   472  1848 D audioserver: FGS Logger Transaction failed
10-04 09:59:29.432   472  1848 D audioserver: -129
10-04 09:59:29.433   459   459 I lights-tch: flashMode 0 id 2 onMs 0 offMs 0 brightness 0
10-04 09:59:29.434   472  1848 D audioserver: FGS Logger Transaction failed
10-04 09:59:29.434   472  1848 D audioserver: -129
10-04 09:59:29.435  1154  1348 I AudioSystemCmdService: onAudioPatchListUpdate
10-04 09:59:29.438   424  8590 I audio_hw_hal_stream: aml_stream_out_info_print: out:0xf2d00740, stream_type:pcm, sync_mode:non tunnel, input_size:38445056 bytes
10-04 09:59:29.438   424  8590 I audio_hw_hal_stream: aml_stream_out_info_print: last_time:42102627 ms (sec:42102, nsec:627556409), last_position:200055 ms (9602640), cur_time:42109022 ms (sec:42109, nsec:22217620), cur_position:200156 ms (9607504)
10-04 09:59:29.438   424  8590 I audio_hw_hal_stream: aml_stream_out_info_print: time_gap:6395 ms (thr:100 ms), position_gap:101 ms, delay:78 ms, jitter: Position gap is behind system time gap by 6294 ms (thr:100 ms)
10-04 09:59:29.439   441   441 D hdmicecd: [CEC]:printCecMessage, [4 -> 0] len: 1, body: 8f, result:no ack
10-04 09:59:29.439   441   441 E IPCThreadState: binder thread pool (1 threads) starved for 111 ms
10-04 09:59:29.445 10015 10015 D MonkeyStub: translateCommand: press DPAD_RIGHT
10-04 09:59:29.446   459   459 I lights-tch: flashMode 0 id 2 onMs 0 offMs 0 brightness 225
10-04 09:59:29.449   472  1302 D audioserver: FGS Logger Transaction failed
10-04 09:59:29.449   472  1302 D audioserver: -129
10-04 09:59:29.453   459   459 I lights-tch: flashMode 0 id 2 onMs 0 offMs 0 brightness 0
10-04 09:59:29.454  1154  1348 I AudioSystemCmdService: mAudioSink:[{{mHandle: 18, mRole: SINK}, mType: hdmi, mAddress: }], previousSink:[{{mHandle: 18, mRole: SINK}, mType: hdmi, mAddress: }]
10-04 09:59:29.454  1154  1348 I AudioSystemCmdService: updateAudioPatch cur sink does not change.
10-04 09:59:29.455   459   459 I lights-tch: flashMode 0 id 2 onMs 0 offMs 0 brightness 225
10-04 09:59:29.461 10015 10015 D MonkeyStub: translateCommand: press DPAD_RIGHT
10-04 09:59:29.465   459   459 I lights-tch: flashMode 0 id 2 onMs 0 offMs 0 brightness 0
10-04 09:59:29.469   459   459 I lights-tch: flashMode 0 id 2 onMs 0 offMs 0 brightness 225
10-04 09:59:29.479   472   662 E PersistableBundle: Failed at frameworks/native/libs/binder/PersistableBundle.cpp:160 (erase)
10-04 09:59:29.490  8084  8084 D focus content view android.widget.LinearLayout{5708cec VFE...C.. .F...... 758,0-1069,64 aid=10
10-04 09:59:29.490  8084  8084 D focus content direction 66: 
10-04 09:59:29.490  8084  8084 D focus content view android.widget.ImageView{76accf9 VFED..C.. ........ 1532,0-1596,64 #7f0b010
10-04 09:59:29.490  8084  8084 D focus view android.widget.LinearLayout{5708cec VFE...C.. .F...... 758,0-1069,64 aid=1073741942
10-04 09:59:29.490  8084  8084 D focus direction 66: 
10-04 09:59:29.490  8084  8084 D focus Next view android.widget.ImageView{76accf9 VFED..C.. ........ 1532,0-1596,64 #7f0b0109 a
10-04 09:59:29.490  8084  8084 D focus view TAg null: 
10-04 09:59:29.490  8084  8084 D focus next view parent tv.airtel.xstream.widget.FocusableMainFragmentView{ac0042d V.E...... ..
10-04 09:59:29.491  8084  8084 D focus view parent androidx.constraintlayout.widget.ConstraintLayout{2c99b3b V.E...... ........
10-04 09:59:29.494  8084  8084 D Glide   : Finished loading BitmapDrawable from MEMORY_CACHE for http://tvimg.wynk.in/unsafe/fit-in/64x64/filters:no_upscale():format(webp)/https://image.airtel.tv/grandslam/content/2024_7_16/offer_icon.png with size [-2147483648x-2147483648] in 0.395167 ms
10-04 09:59:29.503 10015 10015 D MonkeyStub: translateCommand: press DPAD_RIGHT
10-04 09:59:29.505   459   459 I lights-tch: flashMode 0 id 2 onMs 0 offMs 0 brightness 0
10-04 09:59:29.505   441   441 D hdmicecd: [CEC]:printCecMessage, [4 -> 0] len: 1, body: 8f, result:no ack
10-04 09:59:29.511   459   459 I lights-tch: flashMode 0 id 2 onMs 0 offMs 0 brightness 225
10-04 09:59:29.519   472   662 E PersistableBundle: Failed at frameworks/native/libs/binder/PersistableBundle.cpp:160 (erase)
10-04 09:59:29.519   472   662 D AudioMixer: previous float ramp hasn't finished, prev:0.078544  set_to:0.000000
10-04 09:59:29.519   472   662 D AudioMixer: previous int ramp hasn't finished, prev:21083922  set_to:0
10-04 09:59:29.519   472   662 D AudioMixer: previous float ramp hasn't finished, prev:0.078544  set_to:0.000000
10-04 09:59:29.519   472   662 D AudioMixer: previous int ramp hasn't finished, prev:21083922  set_to:0
10-04 09:59:29.519   472   662 E PersistableBundle: Failed at frameworks/native/libs/binder/PersistableBundle.cpp:160 (erase)
10-04 09:59:29.533  8084  8084 D focus content view android.widget.ImageView{76accf9 VFED..C.. .F...... 1532,0-1596,64 #7f0b010
10-04 09:59:29.533  8084  8084 D focus content direction 66: 
10-04 09:59:29.533  8084  8084 D focus content view android.widget.ImageView{4ac7af2 VFED..C.. ........ 1644,0-1708,64 #7f0b00f
10-04 09:59:29.534  8084  8084 D focus view android.widget.ImageView{76accf9 VFED..C.. .F...... 1532,0-1596,64 #7f0b0109 app:id
10-04 09:59:29.534  8084  8084 D focus direction 66: 
10-04 09:59:29.534  8084  8084 D focus Next view android.widget.ImageView{4ac7af2 VFED..C.. ........ 1644,0-1708,64 #7f0b00f7 a
10-04 09:59:29.534  8084  8084 D focus view TAg null: 
10-04 09:59:29.534  8084  8084 D focus next view parent tv.airtel.xstream.widget.FocusableMainFragmentView{ac0042d V.E...... ..
10-04 09:59:29.534  8084  8084 D focus view parent tv.airtel.xstream.widget.FocusableMainFragmentView{ac0042d V.E...... .......
10-04 09:59:29.541 10015 10015 D MonkeyStub: translateCommand: press DPAD_RIGHT
10-04 09:59:29.544   459   459 I lights-tch: flashMode 0 id 2 onMs 0 offMs 0 brightness 0
10-04 09:59:29.546   459   459 I lights-tch: flashMode 0 id 2 onMs 0 offMs 0 brightness 225
10-04 09:59:29.551  8084  8084 D focus content view android.widget.ImageView{4ac7af2 VFED..C.. .F...... 1644,0-1708,64 #7f0b00f
10-04 09:59:29.551  8084  8084 D focus content direction 66: 
10-04 09:59:29.552  8084  8084 D focus content view android.widget.ImageView{1b417c0 VFED..C.. ........ 1756,0-1820,64 #7f0b010
10-04 09:59:29.552  8084  8084 D focus view android.widget.ImageView{4ac7af2 VFED..C.. .F...... 1644,0-1708,64 #7f0b00f7 app:id
10-04 09:59:29.552  8084  8084 D focus direction 66: 
10-04 09:59:29.553  8084  8084 D focus Next view android.widget.ImageView{1b417c0 VFED..C.. ........ 1756,0-1820,64 #7f0b0101 a
10-04 09:59:29.553  8084  8084 D focus view TAg null: 
10-04 09:59:29.553  8084  8084 D focus next view parent tv.airtel.xstream.widget.FocusableMainFragmentView{ac0042d V.E...... ..
10-04 09:59:29.553  8084  8084 D focus view parent tv.airtel.xstream.widget.FocusableMainFragmentView{ac0042d V.E...... .......
10-04 09:59:29.559   441   441 D hdmicecd: [CEC]:printCecMessage, [4 -> 0] len: 1, body: 8f, result:no ack
10-04 09:59:29.559   441   441 E IPCThreadState: binder thread pool (1 threads) starved for 113 ms
10-04 09:59:29.559   472   662 E PersistableBundle: Failed at frameworks/native/libs/binder/PersistableBundle.cpp:160 (erase)
10-04 09:59:29.559   472   662 D AudioMixer: previous float ramp hasn't finished, prev:0.078544  set_to:0.000000
10-04 09:59:29.559   472   662 D AudioMixer: previous int ramp hasn't finished, prev:21083922  set_to:0
10-04 09:59:29.560   472   662 D AudioMixer: previous float ramp hasn't finished, prev:0.078544  set_to:0.000000
10-04 09:59:29.560   472   662 D AudioMixer: previous int ramp hasn't finished, prev:21083922  set_to:0
10-04 09:59:29.599   472   662 E PersistableBundle: Failed at frameworks/native/libs/binder/PersistableBundle.cpp:160 (erase)
10-04 09:59:29.599   472   662 D AudioMixer: previous float ramp hasn't finished, prev:0.078544  set_to:0.000000
10-04 09:59:29.599   472   662 D AudioMixer: previous int ramp hasn't finished, prev:21083922  set_to:0
10-04 09:59:29.599   472   662 D AudioMixer: previous float ramp hasn't finished, prev:0.078544  set_to:0.000000
10-04 09:59:29.599   472   662 D AudioMixer: previous int ramp hasn't finished, prev:21083922  set_to:0
10-04 09:59:29.637     0     0 I [1 T230   ..] logd: logdr: UID=2000 GID=2000 PID=10126 n tail=0 logMask=99 pid=0 start=0ns deadline=0ns
10-04 09:59:29.624   426  1494 D rtk_heartbeat: heartbeat_timed_out: heartbeatCmdCount = 42074, expected nextSeqNum = 42074
--------- beginning of main
10-04 09:59:29.719   424  8590 I audio_hw_hal_primary: [audiohal_get_latency:1258] io 13: out:0xf2d00740 frames:3072 rate:48000 whole_latency:64 alsa_latency:64
10-04 09:59:29.720   424  8590 I audio_hw_hal_primary: [audiohal_get_latency:1258] io 13: out:0xf2d00740 frames:3072 rate:48000 whole_latency:64 alsa_latency:64
10-04 09:59:29.720   424  8590 I audio_hw_hal_primary: [audiohal_get_latency:1258] io 13: out:0xf2d00740 frames:3072 rate:48000 whole_latency:64 alsa_latency:64
10-04 09:59:29.720   424  8590 I audio_hw_hal_primary: [audiohal_get_latency:1258] io 13: out:0xf2d00740 frames:3072 rate:48000 whole_latency:64 alsa_latency:64
10-04 09:59:29.737  8084  8193 I WM-WorkerWrapper: Worker result SUCCESS for Work [ id=25bdc450-aebe-4dbb-9102-566319204cf4, tags={ tv.airtel.wynk.analytics.sync.service.AnalyticsSyncService, com.airtel.analyticsSyncService } ]
10-04 09:59:29.741   424  8590 I audio_hw_hal_primary: [audiohal_get_latency:1258] io 13: out:0xf2d00740 frames:3072 rate:48000 whole_latency:64 alsa_latency:64
10-04 09:59:29.742   424  8590 I audio_hw_hal_primary: [audiohal_get_latency:1258] io 13: out:0xf2d00740 frames:3072 rate:48000 whole_latency:64 alsa_latency:64
10-04 09:59:29.742   424  8590 I audio_hw_hal_primary: [audiohal_get_latency:1258] io 13: out:0xf2d00740 frames:3072 rate:48000 whole_latency:64 alsa_latency:64
10-04 09:59:29.742   424  8590 I audio_hw_hal_primary: [audiohal_get_latency:1258] io 13: out:0xf2d00740 frames:3072 rate:48000 whole_latency:64 alsa_latency:64
10-04 09:59:29.742   472   662 D audioserver: FGS Logger Transaction failed
10-04 09:59:29.742   472   662 D audioserver: -129
10-04 09:59:29.742   441   441 D hdmicecd: [CEC]:printCecMessage, [4 -> 0] len: 1, body: 0d, result:no ack
10-04 09:59:29.743   441   441 E IPCThreadState: binder thread pool (1 threads) starved for 115 ms
10-04 09:59:29.758   424  8590 I audio_hw_hal_primary: [audiohal_get_latency:1258] io 13: out:0xf2d00740 frames:3072 rate:48000 whole_latency:64 alsa_latency:64
10-04 09:59:29.758   424  8590 I audio_hw_hal_primary: [audiohal_get_latency:1258] io 13: out:0xf2d00740 frames:3072 rate:48000 whole_latency:64 alsa_latency:64
10-04 09:59:29.758   424  8590 I audio_hw_hal_primary: [audiohal_get_latency:1258] io 13: out:0xf2d00740 frames:3072 rate:48000 whole_latency:64 alsa_latency:64
10-04 09:59:29.780   424  8590 I audio_hw_hal_primary: [audiohal_get_latency:1258] io 13: out:0xf2d00740 frames:3072 rate:48000 whole_latency:64 alsa_latency:64
10-04 09:59:29.780   424  8590 I audio_hw_hal_primary: [audiohal_get_latency:1258] io 13: out:0xf2d00740 frames:3072 rate:48000 whole_latency:64 alsa_latency:64
10-04 09:59:29.780   424  8590 I audio_hw_hal_primary: [audiohal_get_latency:1258] io 13: out:0xf2d00740 frames:3072 rate:48000 whole_latency:64 alsa_latency:64
10-04 09:59:29.781   472   662 D audioserver: FGS Logger Transaction failed
10-04 09:59:29.781   472   662 D audioserver: -129
10-04 09:59:29.782   472   662 D audioserver: FGS Logger Transaction failed
10-04 09:59:29.782   472   662 D audioserver: -129
10-04 09:59:29.798   424  8590 I audio_hw_hal_primary: [audiohal_get_latency:1258] io 13: out:0xf2d00740 frames:3072 rate:48000 whole_latency:64 alsa_latency:64
10-04 09:59:29.799   441   441 D hdmicecd: [CEC]:printCecMessage, [4 -> 0] len: 1, body: 0d, result:no ack
10-04 09:59:29.820   424  8590 I audio_hw_hal_primary: [audiohal_get_latency:1258] io 13: out:0xf2d00740 frames:3072 rate:48000 whole_latency:64 alsa_latency:64
10-04 09:59:29.820   472   662 D audioserver: FGS Logger Transaction failed
10-04 09:59:29.820   472   662 D audioserver: -129
10-04 09:59:29.855   441   441 D hdmicecd: [CEC]:printCecMessage, [4 -> 0] len: 1, body: 0d, result:no ack
10-04 09:59:29.855   441   441 E IPCThreadState: binder thread pool (1 threads) starved for 112 ms
--------- beginning of system
10-04 09:59:30.156   696   696 D ResendCecCommandAction: sendCommandWithoutRetries failed, retry
10-04 09:59:30.156   696   949 D HDMI    : [S]:<Text View On> 40:0D
10-04 09:59:30.211   441   441 D hdmicecd: [CEC]:printCecMessage, [4 -> 0] len: 1, body: 0d, result:no ack
10-04 09:59:30.267   441   441 D hdmicecd: [CEC]:printCecMessage, [4 -> 0] len: 1, body: 0d, result:no ack
10-04 09:59:30.267   441   441 E IPCThreadState: binder thread pool (1 threads) starved for 110 ms
10-04 09:59:30.307   696  1553 E TaskPersister: File error accessing recents directory (directory doesn't exist?).
10-04 09:59:30.323   441   441 D hdmicecd: [CEC]:printCecMessage, [4 -> 0] len: 1, body: 0d, result:no ack
10-04 09:59:30.379   441   441 D hdmicecd: [CEC]:printCecMessage, [4 -> 0] len: 1, body: 0d, result:no ack
10-04 09:59:30.379   441   441 E IPCThreadState: binder thread pool (1 threads) starved for 111 ms
10-04 09:59:30.624   426  1494 D rtk_heartbeat: heartbeat_timed_out: heartbeatCmdCount = 42075, expected nextSeqNum = 42075
10-04 09:59:30.625   426  1381 D rtk_heartbeat: rtkbt_heartbeat_cmpl_cback: Current SeqNum = 42075,should SeqNum=42075, status = 0
10-04 09:59:31.104   696   696 D HDMI    : one touch play retry:2
10-04 09:59:31.104   696   949 D HDMI    : [S]:<Text View On> 40:0D
10-04 09:59:31.148  1154  1154 I ThermalService: CPU temperatures: [42.9]
10-04 09:59:31.159   441   441 D hdmicecd: [CEC]:printCecMessage, [4 -> 0] len: 1, body: 0d, result:no ack
10-04 09:59:31.215   441   441 D hdmicecd: [CEC]:printCecMessage, [4 -> 0] len: 1, body: 0d, result:no ack
10-04 09:59:31.215   441   441 E IPCThreadState: binder thread pool (1 threads) starved for 110 ms
10-04 09:59:31.271   441   441 D hdmicecd: [CEC]:printCecMessage, [4 -> 0] len: 1, body: 0d, result:no ack
10-04 09:59:31.327   441   441 D hdmicecd: [CEC]:printCecMessage, [4 -> 0] len: 1, body: 0d, result:no ack
10-04 09:59:31.327   441   441 E IPCThreadState: binder thread pool (1 threads) starved for 112 ms
10-04 09:59:31.328   696   949 D HDMI    : [S]:<Give Device Power Status> 40:8F
10-04 09:59:31.328   696   696 D ResendCecCommandAction: ResendCecCommandAction started
10-04 09:59:31.383   441   441 D hdmicecd: [CEC]:printCecMessage, [4 -> 0] len: 1, body: 8f, result:no ack
10-04 09:59:31.439   441   441 D hdmicecd: [CEC]:printCecMessage, [4 -> 0] len: 1, body: 8f, result:no ack
10-04 09:59:31.439   441   441 E IPCThreadState: binder thread pool (1 threads) starved for 111 ms
10-04 09:59:31.499   441   441 D hdmicecd: [CEC]:printCecMessage, [4 -> 0] len: 1, body: 8f, result:no ack
10-04 09:59:31.555   441   441 D hdmicecd: [CEC]:printCecMessage, [4 -> 0] len: 1, body: 8f, result:no ack
10-04 09:59:31.555   441   441 E IPCThreadState: binder thread pool (1 threads) starved for 116 ms
10-04 09:59:31.624   426  1494 D rtk_heartbeat: heartbeat_timed_out: heartbeatCmdCount = 42076, expected nextSeqNum = 42076
10-04 09:59:31.625   426  1381 D rtk_heartbeat: rtkbt_heartbeat_cmpl_cback: Current SeqNum = 42076,should SeqNum=42076, status = 0
10-04 09:59:31.628   696   696 D ResendCecCommandAction: sendCommandWithoutRetries failed, retry
10-04 09:59:31.628   696   949 D HDMI    : [S]:<Text View On> 40:0D
10-04 09:59:31.683   441   441 D hdmicecd: [CEC]:printCecMessage, [4 -> 0] len: 1, body: 0d, result:no ack
10-04 09:59:31.739   441   441 D hdmicecd: [CEC]:printCecMessage, [4 -> 0] len: 1, body: 0d, result:no ack
10-04 09:59:31.739   441   441 E IPCThreadState: binder thread pool (1 threads) starved for 110 ms
10-04 09:59:31.794   441   441 D hdmicecd: [CEC]:printCecMessage, [4 -> 0] len: 1, body: 0d, result:no ack
10-04 09:59:31.851   441   441 D hdmicecd: [CEC]:printCecMessage, [4 -> 0] len: 1, body: 0d, result:no ack
10-04 09:59:31.851   441   441 E IPCThreadState: binder thread pool (1 threads) starved for 112 ms
10-04 09:59:32.152   696   696 D ResendCecCommandAction: sendCommandWithoutRetries failed, retry
10-04 09:59:32.153   696   949 D HDMI    : [S]:<Text View On> 40:0D
10-04 09:59:32.207   441   441 D hdmicecd: [CEC]:printCecMessage, [4 -> 0] len: 1, body: 0d, result:no ack
10-04 09:59:32.263   441   441 D hdmicecd: [CEC]:printCecMessage, [4 -> 0] len: 1, body: 0d, result:no ack
10-04 09:59:32.263   441   441 E IPCThreadState: binder thread pool (1 threads) starved for 110 ms
10-04 09:59:32.319   441   441 D hdmicecd: [CEC]:printCecMessage, [4 -> 0] len: 1, body: 0d, result:no ack
10-04 09:59:32.375   441   441 D hdmicecd: [CEC]:printCecMessage, [4 -> 0] len: 1, body: 0d, result:no ack
10-04 09:59:32.375   441   441 E IPCThreadState: binder thread pool (1 threads) starved for 112 ms
--------- beginning of kernel
10-04 09:59:32.435     0     0 W [2 T1289  ..] RTW: rtw_get_sta_tx_stat() not support
10-04 09:59:32.435     0     0 W [2 T1289  ..] RTW: cfg80211_rtw_get_txpower
10-04 09:59:32.624   426  1494 D rtk_heartbeat: heartbeat_timed_out: heartbeatCmdCount = 42077, expected nextSeqNum = 42077
10-04 09:59:32.625   426  1381 D rtk_heartbeat: rtkbt_heartbeat_cmpl_cback: Current SeqNum = 42077,should SeqNum=42077, status = 0
10-04 09:59:32.682   424   471 D audio_hw_hal_primary: [out_standby_new:5414] io 13: out:0xf2d00740 usecase:PCM_NORMAL
