--------- beginning of system
10-04 10:25:54.561   696   799 I ActivityTaskManager: START u0 {flg=0x10000000 cmp=com.airtel.tv/.MainActivity} with LAUNCH_MULTIPLE from uid 2000 result code=-92
--------- beginning of main
10-04 10:25:54.598 10962 10962 D MonkeyStub: translateCommand: press KEYCODE_HOME
10-04 10:25:54.608   459   459 I lights-tch: flashMode 0 id 2 onMs 0 offMs 0 brightness 0
10-04 10:25:54.611   459   459 I lights-tch: flashMode 0 id 2 onMs 0 offMs 0 brightness 225
10-04 10:25:54.611   696   809 D HdmiControlService: Process pid: 696 is calling oneTouchPlay.
10-04 10:25:54.612   696   696 D HDMI    : oneTouchPlay com.android.server.hdmi.OneTouchPlayAction@be91e5e
10-04 10:25:54.612   696   696 I OneTouchPlayAction: Start action.
10-04 10:25:54.612   696   696 D HDMI    : setActiveSource logical:0x04 physical:0x1000 OneTouchPlayAction#broadcastActiveSource()
10-04 10:25:54.613   696   949 D HDMI    : [S]:<Text View On> 40:0D
10-04 10:25:54.613   441   454 D hdmicecd: [HdmiCecControl]:getPhysicalAddress, physical addr: 1000, last pa: 1000, ret = 0
10-04 10:25:54.614   982  1072 D WindowManagerShell: TvPipMenuController: closeMenu()
10-04 10:25:54.614   982  1072 D WindowManagerShell: TvPipMenuController: switchToMenuMode: from=MODE_NO_MENU, to=MODE_NO_MENU
10-04 10:25:54.614   441   455 D hdmicecd: [HdmiCecControl]:getPhysicalAddress, physical addr: 1000, last pa: 1000, ret = 0
10-04 10:25:54.615   696   696 D HDMI    : ActiveSourceHistoryRecord active source=(0x04, 0x1000) isActiveSource=true from=OneTouchPlayAction#broadcastActiveSource()
10-04 10:25:54.615   982   982 I vol.VolumeDialogImpl: mDialog.dismiss() reason: volume_controller from: com.android.systemui.volume.VolumeDialogImpl$7.onDismissRequested:3
10-04 10:25:54.615   696   696 D HDMI    : setActiveSource logical:0x04 physical:0x1000 ActiveSourceAction
10-04 10:25:54.616   441   455 D hdmicecd: [HdmiCecControl]:getPhysicalAddress, physical addr: 1000, last pa: 1000, ret = 0
10-04 10:25:54.616   441   454 D hdmicecd: [HdmiCecControl]:getPhysicalAddress, physical addr: 1000, last pa: 1000, ret = 0
10-04 10:25:54.617   696   696 D HDMI    : ActiveSourceHistoryRecord active source=(0x04, 0x1000) isActiveSource=true from=ActiveSourceAction
10-04 10:25:54.618   696   696 D HdmiControlService: Switching to full volume behavior
10-04 10:25:54.621   696   696 D HdmiControlService: Switching to full volume behavior
10-04 10:25:54.638   696   809 E CellBroadcastUtils: getDefaultCellBroadcastReceiverPackageName: no package found
10-04 10:25:54.658   696   809 I ActivityTaskManager: START u0 {act=android.intent.action.MAIN cat=[android.intent.category.HOME] flg=0x10000100 cmp=com.airtel.tv/tv.airtel.xstream.login.LoginActivity (has extras)} with LAUNCH_MULTIPLE from uid 0 (BAL_ALLOW_ALLOWLISTED_UID) result code=0
10-04 10:25:54.661   982  1072 V WindowManagerShell: Transition requested: android.os.BinderProxy@61923c1 TransitionRequestInfo { type = OPEN, triggerTask = TaskInfo{userId=0 taskId=254 displayId=0 isRunning=true baseIntent=Intent { act=android.intent.action.MAIN cat=[android.intent.category.HOME] flg=0x10000100 cmp=com.airtel.tv/tv.airtel.xstream.login.LoginActivity } baseActivity=ComponentInfo{com.airtel.tv/tv.airtel.xstream.login.LoginActivity} topActivity=ComponentInfo{com.airtel.tv/tv.airtel.xstream.login.LoginActivity} origActivity=null realActivity=ComponentInfo{com.airtel.tv/tv.airtel.xstream.login.LoginActivity} numActivities=1 lastActiveTime=43694239 supportsMultiWindow=false resizeMode=0 isResizeable=false minWidth=-1 minHeight=-1 defaultMinSize=220 token=WCT{android.window.IWindowContainerToken$Stub$Proxy@9df3766} topActivityType=2 pictureInPictureParams=null shouldDockBigOverlays=true launchIntoPipHostTaskId=-1 lastParentTaskIdBeforePip=-1 displayCutoutSafeInsets=null topActivityInfo=ActivityInfo{5cfdaa7 tv.airtel.xstream.login.LoginActivity} launchCookies=[] positionInParent=Point(0, 0) parentTaskId=-1 isFocused=true isVisible=false isVisibleRequested=true isSleeping=false topActivityInSizeCompat=false topActivityEligibleForLetterboxEducation= false topActivityLetterboxed= false isFromDoubleTap= false topActivityLetterboxVerticalPosition= -1 topActivityLetterboxHorizontalPosition= -1 topActivityLetterboxWidth=-1 topActivityLetterboxHeight=-1 locusId=null displayAreaFeatureId=1 cameraCompatControlState=hidden}, remoteTransition = null, displayChange = null }
10-04 10:25:54.664   696   811 W ProcessStats: Tracking association SourceState{3edf2a9 com.airtel.tv/10043 BTop #11990} whose proc state 2 is better than process ProcessState{514aa4f com.tataelxsi.icx:remote/10066 pkg=com.tataelxsi.icx} proc state 3 (24 skipped)
10-04 10:25:54.670   696   799 I MediaFocusControl: abandonAudioFocus() from uid/pid 10043/8084 clientId=android.media.AudioManager@f804f00helper.PlayerHelper$$ExternalSyntheticLambda0@6fc3f3d
10-04 10:25:54.672  8084  8084 D PLAYER_LOGGER : : HEART: stopping heart beat
10-04 10:25:54.675   441   441 D hdmicecd: [CEC]:printCecMessage, [4 -> 0] len: 1, body: 0d, result:no ack
10-04 10:25:54.675   696   799 I MediaFocusControl: abandonAudioFocus() from uid/pid 10043/8084 clientId=android.media.AudioManager@f804f00helper.PlayerHelper$$ExternalSyntheticLambda0@bb3d339
10-04 10:25:54.676  8084  8084 D PLAYER_LOGGER : : HEART: stopping heart beat
10-04 10:25:54.680   487   487 I BpBinder: onLastStrongRef automatically unlinking death recipients: 
--------- beginning of kernel
10-04 10:25:54.704     0     0 I [1 T230   ..] logd: logdr: UID=2000 GID=2000 PID=10988 n tail=0 logMask=99 pid=0 start=0ns deadline=0ns
--------- beginning of main
10-04 10:25:54.891  8084  8084 D ANALYTICS_IPTV: AnalyticsEventTracker ***Event***Event{ts=1728017754889, meta={"page_id":"dthNewMovies","box_type":"iptv","source_of_stream":"1 | Movies.screen_visible.none.none.none.none.none.none.none","app_version":"1.0.0019:237","box_model":"bx:1.2.3","firmware":"fw:1.2.3","source_name":"Movies"}, uid=5ye_gfsYCZe-PoQ4A0, did=8fb17cc052aef526, os=Android, ov=34, bn=237, nq=-1, nt=2, nct=0, lc=en|hi|ta|kn, av=1.0.0019, dt=STB, type=screen_visible, adid=95acddf7-5a94-4681-bf0a-0a767be9f2c3, brand=Airtel-Xstream, model=XstreamIPTV1-VT, dname=Vantiva XstreamIPTV1-VT, appId=IPTV, sId=8fb17cc052aef526, profileId=, ab_test=86079:0|108429:0|42374:0|78244:0|95458:0|75817:0|60412:1|117812:1|120676:1|113632:1|116206:0|66480:0|100390:2|76965:1|110385:0|129832:2, city=Delhi, state=National Capital Territory of Delhi, country=India, firebase_id=687ecd54b0fd95386e529fbf62179576} Critical: false
10-04 10:25:54.900  8084  8084 D ANALYTICS_IPTV: AnalyticsEventTracker ***Event***Event{ts=1728017754898, meta={"box_type":"iptv","source_of_stream":"1 | Movies.screen_visible.none.none.none.none.none.none.none | none.screen_visible.none.none.none.none.none.none.none","app_version":"1.0.0019:237","box_model":"bx:1.2.3","source":"Movies","firmware":"fw:1.2.3"}, uid=5ye_gfsYCZe-PoQ4A0, did=8fb17cc052aef526, os=Android, ov=34, bn=237, nq=-1, nt=2, nct=0, lc=en|hi|ta|kn, av=1.0.0019, dt=STB, type=screen_visible, adid=95acddf7-5a94-4681-bf0a-0a767be9f2c3, brand=Airtel-Xstream, model=XstreamIPTV1-VT, dname=Vantiva XstreamIPTV1-VT, appId=IPTV, sId=8fb17cc052aef526, profileId=, ab_test=86079:0|108429:0|42374:0|78244:0|95458:0|75817:0|60412:1|117812:1|120676:1|113632:1|116206:0|66480:0|100390:2|76965:1|110385:0|129832:2, city=Delhi, state=National Capital Territory of Delhi, country=India, firebase_id=687ecd54b0fd95386e529fbf62179576} Critical: false
10-04 10:25:54.905   426  1494 D rtk_heartbeat: heartbeat_timed_out: heartbeatCmdCount = 43659, expected nextSeqNum = 43659
10-04 10:25:54.906   426  1381 D rtk_heartbeat: rtkbt_heartbeat_cmpl_cback: Current SeqNum = 43659,should SeqNum=43659, status = 0
10-04 10:25:54.912  8084 10416 D ANALYTICS_IPTV: AnalyticsEventTracker ***Event***Event{ts=1728017754910, meta={"UID":"5ye_gfsYCZe-PoQ4A0","subscriber_id":"3026341863-001","box_type":"iptv","asset_name":"rendering_complete","device_id":"8fb17cc052aef526","app_version":"1.0.0019:237","box_model":"bx:1.2.3","customer_id":"3026341863","firmware":"fw:1.2.3"}, uid=5ye_gfsYCZe-PoQ4A0, did=8fb17cc052aef526, os=Android, ov=34, bn=237, nq=-1, nt=2, nct=0, lc=en|hi|ta|kn, av=1.0.0019, dt=STB, type=layout_render_complete, adid=95acddf7-5a94-4681-bf0a-0a767be9f2c3, brand=Airtel-Xstream, model=XstreamIPTV1-VT, dname=Vantiva XstreamIPTV1-VT, appId=IPTV, sId=8fb17cc052aef526, profileId=, ab_test=86079:0|108429:0|42374:0|78244:0|95458:0|75817:0|60412:1|117812:1|120676:1|113632:1|116206:0|66480:0|100390:2|76965:1|110385:0|129832:2, city=Delhi, state=National Capital Territory of Delhi, country=India, firebase_id=687ecd54b0fd95386e529fbf62179576} Critical: false
10-04 10:25:54.926  3008  5482 D TchAvkoProvider: <<query>> content://com.oem.provider/device/wifi_name, null, null, null, null
10-04 10:25:54.926  3008  5482 D InfoProvider: feedQueryCursor single row table display
10-04 10:25:54.941  1154  1173 I NetflixService: onTaskStackChanged
--------- beginning of system
10-04 10:25:54.942   982  1072 D WindowManagerShell: TvPipController: onTaskStackChanged()
10-04 10:25:54.975  8084  8084 D MainFragment::onCreateView MainFragment{cfbe5f8} (70fc5214-76e7-43f2-a2cc-2d0b692d2c23 id=0x7f
10-04 10:25:54.988   441   441 D hdmicecd: [CEC]:printCecMessage, [4 -> f] len: 3, body: 82 10 00, result:success
10-04 10:25:54.988   441   441 E IPCThreadState: binder thread pool (1 threads) starved for 129 ms
10-04 10:25:54.988   696   949 D HDMI    : [S]:<Menu Status> 40:8E:00
10-04 10:25:54.999  8084  8084 D MainFragment::onViewCreated: 
10-04 10:25:55.000  8084  8084 I single Fragment pageId dthNewHome: 
10-04 10:25:55.000  8084  8084 I single Fragment pageId dthNewTvChannels: 
10-04 10:25:55.000  8084  8084 I single Fragment pageId dthNewMovies: 
10-04 10:25:55.001  8084  8084 I single Fragment pageId dthNewSports: 
10-04 10:25:55.001  8084  8084 I single Fragment pageId dthNewApps: 
10-04 10:25:55.001  8084  8084 I single Fragment pageId dthNewPlansOffers: 
10-04 10:25:55.001  8084  8084 I single Fragment pageId searchPage: 
10-04 10:25:55.002  8084  8084 D MainFragment::initUi: 
10-04 10:25:55.003  8084 10416 D MainFragment:: Load time 3797197: 
10-04 10:25:55.008  8084 10416 D ANALYTICS_IPTV: AnalyticsEventTracker ***Event***Event{ts=1728017755005, meta={"box_type":"iptv","app_version":"1.0.0019:237","box_model":"bx:1.2.3","load_time":"3797197","firmware":"fw:1.2.3"}, uid=5ye_gfsYCZe-PoQ4A0, did=8fb17cc052aef526, os=Android, ov=34, bn=237, nq=-1, nt=2, nct=0, lc=en|hi|ta|kn, av=1.0.0019, dt=STB, type=app_load_time, adid=95acddf7-5a94-4681-bf0a-0a767be9f2c3, brand=Airtel-Xstream, model=XstreamIPTV1-VT, dname=Vantiva XstreamIPTV1-VT, appId=IPTV, sId=8fb17cc052aef526, profileId=, ab_test=86079:0|108429:0|42374:0|78244:0|95458:0|75817:0|60412:1|117812:1|120676:1|113632:1|116206:0|66480:0|100390:2|76965:1|110385:0|129832:2, city=Delhi, state=National Capital Territory of Delhi, country=India, firebase_id=687ecd54b0fd95386e529fbf62179576} Critical: true
10-04 10:25:55.016  8084 10415 D EPG_ChannelUtils: getAllChannels called
10-04 10:25:55.017  8084  8084 D ContentTabFragment::onCreate: 
10-04 10:25:55.020  8084  8084 D ContentTabFragment::onCreateView: 
10-04 10:25:55.043   441   441 D hdmicecd: [CEC]:printCecMessage, [4 -> 0] len: 2, body: 8e 00, result:no ack
10-04 10:25:55.066  8084  8084 D ContentTabFragment::onViewCreated: 
10-04 10:25:55.066  8084  8084 D ContentTabFragment::initViewModel: 
10-04 10:25:55.070  8084  8084 D ContentTabFragment::initUi start: 
10-04 10:25:55.072  8084  8084 D ContentTabFragment::initUi finish: 
10-04 10:25:55.080   696  1088 D AudioService: Volume controller visible: false
10-04 10:25:55.081  8084  8084 D ANALYTICS_IPTV: AnalyticsEventTracker ***Event***Event{ts=1728017755078, meta={"box_type":"iptv","source_of_stream":"1 | Movies.screen_visible.none.none.none.none.none.none.none | none.screen_visible.none.none.none.none.none.none.none | Home.screen_visible.none.none.none.none.none.none.none","app_version":"1.0.0019:237","box_model":"bx:1.2.3","firmware":"fw:1.2.3","source_name":"Home"}, uid=5ye_gfsYCZe-PoQ4A0, did=8fb17cc052aef526, os=Android, ov=34, bn=237, nq=-1, nt=2, nct=0, lc=en|hi|ta|kn, av=1.0.0019, dt=STB, type=screen_visible, adid=95acddf7-5a94-4681-bf0a-0a767be9f2c3, brand=Airtel-Xstream, model=XstreamIPTV1-VT, dname=Vantiva XstreamIPTV1-VT, appId=IPTV, sId=8fb17cc052aef526, profileId=, ab_test=86079:0|108429:0|42374:0|78244:0|95458:0|75817:0|60412:1|117812:1|120676:1|113632:1|116206:0|66480:0|100390:2|76965:1|110385:0|129832:2, city=Delhi, state=National Capital Territory of Delhi, country=India, firebase_id=687ecd54b0fd95386e529fbf62179576} Critical: false
10-04 10:25:55.089  8084  8084 E ThemeUtils: View class androidx.appcompat.widget.AppCompatImageView is an AppCompat widget that can only be used with a Theme.AppCompat theme (or descendant).
10-04 10:25:55.090  8084 10415 D EPG_ChannelUtils: getAllChannels fetched size = 598
10-04 10:25:55.090  8084 10416 D ANALYTICS_IPTV: AnalyticsEventTracker ***Event***Event{ts=1728017755088, meta={"UID":"5ye_gfsYCZe-PoQ4A0","subscriber_id":"3026341863-001","box_type":"iptv","asset_name":"rendering_start","device_id":"8fb17cc052aef526","app_version":"1.0.0019:237","box_model":"bx:1.2.3","customer_id":"3026341863","firmware":"fw:1.2.3"}, uid=5ye_gfsYCZe-PoQ4A0, did=8fb17cc052aef526, os=Android, ov=34, bn=237, nq=-1, nt=2, nct=0, lc=en|hi|ta|kn, av=1.0.0019, dt=STB, type=layout_render_start, adid=95acddf7-5a94-4681-bf0a-0a767be9f2c3, brand=Airtel-Xstream, model=XstreamIPTV1-VT, dname=Vantiva XstreamIPTV1-VT, appId=IPTV, sId=8fb17cc052aef526, profileId=, ab_test=86079:0|108429:0|42374:0|78244:0|95458:0|75817:0|60412:1|117812:1|120676:1|113632:1|116206:0|66480:0|100390:2|76965:1|110385:0|129832:2, city=Delhi, state=National Capital Territory of Delhi, country=India, firebase_id=687ecd54b0fd95386e529fbf62179576} Critical: false
10-04 10:25:55.099   441   441 D hdmicecd: [CEC]:printCecMessage, [4 -> 0] len: 2, body: 8e 00, result:no ack
10-04 10:25:55.099   441   441 E IPCThreadState: binder thread pool (1 threads) starved for 110 ms
10-04 10:25:55.104  8084  8451 D TrafficStats: tagSocket(147) with statsTag=0xffffffff, statsUid=-1
10-04 10:25:55.127  8084 10415 D EPG_UpdateEPGCache: channels = 598
10-04 10:25:55.128  8084 10415 D EPG_CacheRepositoryImpl: insertEPGChannelsData channels = 598
10-04 10:25:55.153   696  2867 D ConnectivityService: requestNetwork for uid/pid:10043/8084 activeRequest: null callbackRequest: 1171 [NetworkRequest [ REQUEST id=1172, [ Capabilities: INTERNET&NOT_RESTRICTED&TRUSTED&NOT_VCN_MANAGED Uid: 10043 RequestorUid: 10043 RequestorPkg: com.airtel.tv UnderlyingNetworks: Null] ]] callback flags: 0 order: 2147483647
10-04 10:25:55.158   696   696 D ResendCecCommandAction: sendCommandWithoutRetries failed, retry
10-04 10:25:55.159   441   441 D hdmicecd: [CEC]:printCecMessage, [4 -> 0] len: 2, body: 8e 00, result:no ack
10-04 10:25:55.159   696   910 D WifiNetworkFactory: got request NetworkRequest [ REQUEST id=1172, [ Capabilities: INTERNET&NOT_RESTRICTED&TRUSTED&NOT_VCN_MANAGED Uid: 10043 RequestorUid: 10043 RequestorPkg: com.airtel.tv UnderlyingNetworks: Null] ]
10-04 10:25:55.159   696   910 D UntrustedWifiNetworkFactory: got request NetworkRequest [ REQUEST id=1172, [ Capabilities: INTERNET&NOT_RESTRICTED&TRUSTED&NOT_VCN_MANAGED Uid: 10043 RequestorUid: 10043 RequestorPkg: com.airtel.tv UnderlyingNetworks: Null] ]
10-04 10:25:55.160   696   918 D ConnectivityService: NetReassign [1172 : null → 100] [c 0] [a 1] [i 5]
10-04 10:25:55.160   696  2867 D ConnectivityService: requestNetwork for uid/pid:10043/8084 activeRequest: null callbackRequest: 1173 [NetworkRequest [ REQUEST id=1174, [ Capabilities: INTERNET&NOT_RESTRICTED&TRUSTED&NOT_VCN_MANAGED Uid: 10043 RequestorUid: 10043 RequestorPkg: com.airtel.tv UnderlyingNetworks: Null] ]] callback flags: 0 order: 2147483647
10-04 10:25:55.160   696   910 D OemPaidWifiNetworkFactory: got request NetworkRequest [ REQUEST id=1172, [ Capabilities: INTERNET&NOT_RESTRICTED&TRUSTED&NOT_VCN_MANAGED Uid: 10043 RequestorUid: 10043 RequestorPkg: com.airtel.tv UnderlyingNetworks: Null] ]
10-04 10:25:55.161   696   910 D MultiInternetWifiNetworkFactory: got request NetworkRequest [ REQUEST id=1172, [ Capabilities: INTERNET&NOT_RESTRICTED&TRUSTED&NOT_VCN_MANAGED Uid: 10043 RequestorUid: 10043 RequestorPkg: com.airtel.tv UnderlyingNetworks: Null] ]
10-04 10:25:55.173   696   910 D WifiNetworkFactory: got request NetworkRequest [ REQUEST id=1174, [ Capabilities: INTERNET&NOT_RESTRICTED&TRUSTED&NOT_VCN_MANAGED Uid: 10043 RequestorUid: 10043 RequestorPkg: com.airtel.tv UnderlyingNetworks: Null] ]
10-04 10:25:55.177   696   910 D UntrustedWifiNetworkFactory: got request NetworkRequest [ REQUEST id=1174, [ Capabilities: INTERNET&NOT_RESTRICTED&TRUSTED&NOT_VCN_MANAGED Uid: 10043 RequestorUid: 10043 RequestorPkg: com.airtel.tv UnderlyingNetworks: Null] ]
10-04 10:25:55.180   696   910 D OemPaidWifiNetworkFactory: got request NetworkRequest [ REQUEST id=1174, [ Capabilities: INTERNET&NOT_RESTRICTED&TRUSTED&NOT_VCN_MANAGED Uid: 10043 RequestorUid: 10043 RequestorPkg: com.airtel.tv UnderlyingNetworks: Null] ]
10-04 10:25:55.180   696   918 D ConnectivityService: NetReassign [1174 : null → 100] [c 0] [a 7] [i 8]
10-04 10:25:55.186   696   910 D MultiInternetWifiNetworkFactory: got request NetworkRequest [ REQUEST id=1174, [ Capabilities: INTERNET&NOT_RESTRICTED&TRUSTED&NOT_VCN_MANAGED Uid: 10043 RequestorUid: 10043 RequestorPkg: com.airtel.tv UnderlyingNetworks: Null] ]
10-04 10:25:55.215   441   441 D hdmicecd: [CEC]:printCecMessage, [4 -> 0] len: 2, body: 8e 00, result:no ack
10-04 10:25:55.215   441   441 E IPCThreadState: binder thread pool (1 threads) starved for 112 ms
10-04 10:25:55.215   696   949 E HDMI    : [1]:Failed to send <Menu Status> 40:8E:00 with errorCode=1
10-04 10:25:55.216   696   949 D HDMI    : [S]:<System Audio Mode Request> 45:70:10:00
10-04 10:25:55.236  8084  8084 D OTAWorker: MainActivity permission check
10-04 10:25:55.236  8084  8084 D OTAWorker: MainActivity CheckForUpdate started
10-04 10:25:55.236  8084  8084 D OTAWorker Started: 
10-04 10:25:55.244  8084  8084 D OmniRemote.OTA_JNI: open file name:/data/user/0/com.airtel.tv/files/ota/Airtel-TL135-20240919-006-OTA.bin
10-04 10:25:55.244  8084  8084 D OmniRemote.OTA_JNI: 35,51,0,6
10-04 10:25:55.245  8084  8084 D OmniRemote.OmniBle: add services filter
10-04 10:25:55.245  8084  8084 D OmniRemote.OmniBle: insert image ids
10-04 10:25:55.249  8084  8084 D OmniRemote.OmniBle: device list size:0
10-04 10:25:55.249  8084  8084 E OmniRemote.OmniBle: report device not found
10-04 10:25:55.249  8084  8084 D MainFragment::onResume: 
10-04 10:25:55.254  8084  8084 D ANALYTICS_IPTV: AnalyticsEventTracker ***Event***Event{ts=1728017755252, meta={"page_id":"dthNewHome","box_type":"iptv","source_of_stream":"2 | Home.screen_visible.none.none.none.none.none.none.none","app_version":"1.0.0019:237","box_model":"bx:1.2.3","firmware":"fw:1.2.3","source_name":"Home"}, uid=5ye_gfsYCZe-PoQ4A0, did=8fb17cc052aef526, os=Android, ov=34, bn=237, nq=-1, nt=2, nct=0, lc=en|hi|ta|kn, av=1.0.0019, dt=STB, type=screen_visible, adid=95acddf7-5a94-4681-bf0a-0a767be9f2c3, brand=Airtel-Xstream, model=XstreamIPTV1-VT, dname=Vantiva XstreamIPTV1-VT, appId=IPTV, sId=8fb17cc052aef526, profileId=, ab_test=86079:0|108429:0|42374:0|78244:0|95458:0|75817:0|60412:1|117812:1|120676:1|113632:1|116206:0|66480:0|100390:2|76965:1|110385:0|129832:2, city=Delhi, state=National Capital Territory of Delhi, country=India, firebase_id=687ecd54b0fd95386e529fbf62179576} Critical: false
10-04 10:25:55.261  8084  8084 D ANALYTICS_IPTV: AnalyticsEventTracker ***Event***Event{ts=1728017755258, meta={"box_type":"iptv","source_of_stream":"2 | Home.screen_visible.none.none.none.none.none.none.none | none.screen_visible.none.none.none.none.none.none.none","app_version":"1.0.0019:237","box_model":"bx:1.2.3","source":"Home","firmware":"fw:1.2.3"}, uid=5ye_gfsYCZe-PoQ4A0, did=8fb17cc052aef526, os=Android, ov=34, bn=237, nq=-1, nt=2, nct=0, lc=en|hi|ta|kn, av=1.0.0019, dt=STB, type=screen_visible, adid=95acddf7-5a94-4681-bf0a-0a767be9f2c3, brand=Airtel-Xstream, model=XstreamIPTV1-VT, dname=Vantiva XstreamIPTV1-VT, appId=IPTV, sId=8fb17cc052aef526, profileId=, ab_test=86079:0|108429:0|42374:0|78244:0|95458:0|75817:0|60412:1|117812:1|120676:1|113632:1|116206:0|66480:0|100390:2|76965:1|110385:0|129832:2, city=Delhi, state=National Capital Territory of Delhi, country=India, firebase_id=687ecd54b0fd95386e529fbf62179576} Critical: false
10-04 10:25:55.262  8084 10416 D ANALYTICS_IPTV: AnalyticsEventTracker ***Event***Event{ts=1728017755260, meta={"UID":"5ye_gfsYCZe-PoQ4A0","subscriber_id":"3026341863-001","box_type":"iptv","asset_name":"rendering_complete","device_id":"8fb17cc052aef526","app_version":"1.0.0019:237","box_model":"bx:1.2.3","customer_id":"3026341863","firmware":"fw:1.2.3"}, uid=5ye_gfsYCZe-PoQ4A0, did=8fb17cc052aef526, os=Android, ov=34, bn=237, nq=-1, nt=2, nct=0, lc=en|hi|ta|kn, av=1.0.0019, dt=STB, type=layout_render_complete, adid=95acddf7-5a94-4681-bf0a-0a767be9f2c3, brand=Airtel-Xstream, model=XstreamIPTV1-VT, dname=Vantiva XstreamIPTV1-VT, appId=IPTV, sId=8fb17cc052aef526, profileId=, ab_test=86079:0|108429:0|42374:0|78244:0|95458:0|75817:0|60412:1|117812:1|120676:1|113632:1|116206:0|66480:0|100390:2|76965:1|110385:0|129832:2, city=Delhi, state=National Capital Territory of Delhi, country=India, firebase_id=687ecd54b0fd95386e529fbf62179576} Critical: false
10-04 10:25:55.262  8084 11004 D TrafficStats: tagSocket(175) with statsTag=0xffffffff, statsUid=-1
10-04 10:25:55.271   441   441 D hdmicecd: [CEC]:printCecMessage, [4 -> 5] len: 3, body: 70 10 00, result:no ack
10-04 10:25:55.301  8084  8084 D OmniRemote.OmniOTAImpl: device not found
10-04 10:25:55.302  8084  8084 D OTAWorker onResult = 258: 
10-04 10:25:55.302  8084  8084 D OTAWorker remote device not found: 
10-04 10:25:55.303  8084  8084 D OTAWorker: MainActivity OTAWorker event received tv.airtel.xstream.util.RxEvent$RCUOtaEvents$DeviceNotFound@e68f7a1
10-04 10:25:55.327   441   441 D hdmicecd: [CEC]:printCecMessage, [4 -> 5] len: 3, body: 70 10 00, result:no ack
10-04 10:25:55.327   441   441 E IPCThreadState: binder thread pool (1 threads) starved for 111 ms
10-04 10:25:55.372  8084  8084 D Glide   : Finished loading BitmapDrawable from MEMORY_CACHE for http://tvimg.wynk.in/unsafe/fit-in/64x64/filters:no_upscale():format(webp)/https://image.airtel.tv/grandslam/content/2024_7_16/offer_icon.png with size [-2147483648x-2147483648] in 1.244 ms
10-04 10:25:55.387   441   441 D hdmicecd: [CEC]:printCecMessage, [4 -> 5] len: 3, body: 70 10 00, result:no ack
10-04 10:25:55.443   441   441 D hdmicecd: [CEC]:printCecMessage, [4 -> 5] len: 3, body: 70 10 00, result:no ack
10-04 10:25:55.443   441   441 E IPCThreadState: binder thread pool (1 threads) starved for 111 ms
10-04 10:25:55.443   696   949 E HDMI    : [1]:Failed to send <System Audio Mode Request> 45:70:10:00 with errorCode=1
10-04 10:25:55.446   696   949 D HDMI    : [S]:<Give Device Power Status> 40:8F
10-04 10:25:55.450  1154  1154 D NetflixService: handleMessage
10-04 10:25:55.453  1154  1154 D NetflixService: com.airtel.tv is visible.
10-04 10:25:55.453  1154  1154 D NetflixService: com.netflix.ninja is not top activity.
10-04 10:25:55.454  1154  1154 D NetflixService: processName:com.netflix.ninja,importance:400
10-04 10:25:55.457  1154  1154 D NetflixService: com.netflix.ninjais not top activity.
10-04 10:25:55.457  1154  1154 I NetflixService: fg: false  mIsNetflixFg: false
10-04 10:25:55.459  1154  1154 D NetflixService: com.airtel.tv is visible.
10-04 10:25:55.459  1154  1154 D NetflixService: com.google.android.youtube.tv is not top activity.
10-04 10:25:55.503   441   441 D hdmicecd: [CEC]:printCecMessage, [4 -> 0] len: 1, body: 8f, result:no ack
10-04 10:25:55.506  8084  8084 I ImeTracker: com.airtel.tv:607d0bdb: onRequestHide at ORIGIN_CLIENT_HIDE_SOFT_INPUT reason HIDE_SOFT_INPUT
10-04 10:25:55.508   696  1088 I ImeTracker: com.airtel.tv:607d0bdb: onCancelled at PHASE_SERVER_SHOULD_HIDE
10-04 10:25:55.512  8084  8084 D OmniRemote.OmniOTAImpl: device not found
10-04 10:25:55.513  8084  8084 D OTAWorker onResult = 258: 
10-04 10:25:55.513  8084  8084 D OTAWorker remote device not found: 
10-04 10:25:55.513  8084  8084 D OTAWorker: MainActivity OTAWorker event received tv.airtel.xstream.util.RxEvent$RCUOtaEvents$DeviceNotFound@e68f7a1
10-04 10:25:55.519   696  1088 I ImeTracker: com.airtel.tv:37f016e5: onRequestHide at ORIGIN_SERVER_HIDE_INPUT reason HIDE_SAME_WINDOW_FOCUSED_WITHOUT_EDITOR
10-04 10:25:55.519   696  1088 I ImeTracker: com.airtel.tv:37f016e5: onCancelled at PHASE_SERVER_SHOULD_HIDE
10-04 10:25:55.522  7788  7788 I GoogleInputMethodService: GoogleInputMethodService.onFinishInput():3184 
10-04 10:25:55.523  7788  7788 I GoogleInputMethodService: GoogleInputMethodService.updateDeviceLockedStatus():2246 repeatCheckTimes = 0, locked = false
10-04 10:25:55.524  7788  7788 I GoogleInputMethodService: GoogleInputMethodService.onStartInput():1982 onStartInput(EditorInfo{EditorInfo{packageName=com.airtel.tv, inputType=0, inputTypeString=NULL, enableLearning=false, autoCorrection=false, autoComplete=false, imeOptions=0, privateImeOptions=null, actionName=UNSPECIFIED, actionLabel=null, initialSelStart=-1, initialSelEnd=-1, initialCapsMode=0, label=null, fieldId=0, fieldName=null, extras=null, hintText=null, hintLocales=[]}}, false)
10-04 10:25:55.525  7788  7788 I GoogleInputMethodService: GoogleInputMethodService.updateDeviceLockedStatus():2246 repeatCheckTimes = 1, locked = false
10-04 10:25:55.526  7788  7788 I AndroidIME: InputBundleManager.loadActiveInputBundleId():450 loadActiveInputBundleId: und-Latn-x-password, password
10-04 10:25:55.527  7788  7788 I EmojiCompatManager: EmojiCompatManager.getEmojiCompatIfLoaded():342 EmojiCompat.init() was never called.
10-04 10:25:55.527  7788  7788 I EmojiCompatManager: java.lang.IllegalStateException: EmojiCompat is not initialized. Please call EmojiCompat.init() first
10-04 10:25:55.527  7788  7788 I EmojiCompatManager: 	at so.g(PG:3)
10-04 10:25:55.527  7788  7788 I EmojiCompatManager: 	at abd.a(PG:6)
10-04 10:25:55.527  7788  7788 I EmojiCompatManager: 	at edb.d(PG:1)
10-04 10:25:55.527  7788  7788 I EmojiCompatManager: 	at edb.b(PG:6)
10-04 10:25:55.527  7788  7788 I EmojiCompatManager: 	at com.android.inputmethod.latin.LatinIME.f(PG:286)
10-04 10:25:55.527  7788  7788 I EmojiCompatManager: 	at epp.onStartInput(PG:170)
10-04 10:25:55.527  7788  7788 I EmojiCompatManager: 	at android.inputmethodservice.InputMethodService.doStartInput(InputMethodService.java:3115)
10-04 10:25:55.527  7788  7788 I EmojiCompatManager: 	at android.inputmethodservice.InputMethodService$InputMethodImpl.startInput(InputMethodService.java:824)
10-04 10:25:55.527  7788  7788 I EmojiCompatManager: 	at android.inputmethodservice.InputMethodService$InputMethodImpl.dispatchStartInput(InputMethodService.java:853)
10-04 10:25:55.527  7788  7788 I EmojiCompatManager: 	at android.inputmethodservice.IInputMethodWrapper.executeMessage(IInputMethodWrapper.java:197)
10-04 10:25:55.527  7788  7788 I EmojiCompatManager: 	at com.android.internal.os.HandlerCaller$MyHandler.handleMessage(HandlerCaller.java:44)
10-04 10:25:55.527  7788  7788 I EmojiCompatManager: 	at android.os.Handler.dispatchMessage(Handler.java:106)
10-04 10:25:55.527  7788  7788 I EmojiCompatManager: 	at android.os.Looper.loopOnce(Looper.java:205)
10-04 10:25:55.527  7788  7788 I EmojiCompatManager: 	at android.os.Looper.loop(Looper.java:294)
10-04 10:25:55.527  7788  7788 I EmojiCompatManager: 	at android.app.ActivityThread.main(ActivityThread.java:8177)
10-04 10:25:55.527  7788  7788 I EmojiCompatManager: 	at java.lang.reflect.Method.invoke(Native Method)
10-04 10:25:55.527  7788  7788 I EmojiCompatManager: 	at com.android.internal.os.RuntimeInit$MethodAndArgsCaller.run(RuntimeInit.java:552)
10-04 10:25:55.527  7788  7788 I EmojiCompatManager: 	at com.android.internal.os.ZygoteInit.main(ZygoteInit.java:971)
10-04 10:25:55.559   441   441 D hdmicecd: [CEC]:printCecMessage, [4 -> 0] len: 1, body: 8f, result:no ack
10-04 10:25:55.559   441   441 E IPCThreadState: binder thread pool (1 threads) starved for 113 ms
10-04 10:25:55.602   696  2867 D ConnectivityService: requestNetwork for uid/pid:10043/8084 activeRequest: null callbackRequest: 1175 [NetworkRequest [ REQUEST id=1176, [ Capabilities: INTERNET&NOT_RESTRICTED&TRUSTED&NOT_VCN_MANAGED Uid: 10043 RequestorUid: 10043 RequestorPkg: com.airtel.tv UnderlyingNetworks: Null] ]] callback flags: 0 order: 2147483647
10-04 10:25:55.605   696   910 D WifiNetworkFactory: got request NetworkRequest [ REQUEST id=1176, [ Capabilities: INTERNET&NOT_RESTRICTED&TRUSTED&NOT_VCN_MANAGED Uid: 10043 RequestorUid: 10043 RequestorPkg: com.airtel.tv UnderlyingNetworks: Null] ]
10-04 10:25:55.605   696   910 D UntrustedWifiNetworkFactory: got request NetworkRequest [ REQUEST id=1176, [ Capabilities: INTERNET&NOT_RESTRICTED&TRUSTED&NOT_VCN_MANAGED Uid: 10043 RequestorUid: 10043 RequestorPkg: com.airtel.tv UnderlyingNetworks: Null] ]
10-04 10:25:55.605   696   918 D ConnectivityService: NetReassign [1176 : null → 100] [c 0] [a 1] [i 1]
10-04 10:25:55.605   696   910 D OemPaidWifiNetworkFactory: got request NetworkRequest [ REQUEST id=1176, [ Capabilities: INTERNET&NOT_RESTRICTED&TRUSTED&NOT_VCN_MANAGED Uid: 10043 RequestorUid: 10043 RequestorPkg: com.airtel.tv UnderlyingNetworks: Null] ]
10-04 10:25:55.605   696   910 D MultiInternetWifiNetworkFactory: got request NetworkRequest [ REQUEST id=1176, [ Capabilities: INTERNET&NOT_RESTRICTED&TRUSTED&NOT_VCN_MANAGED Uid: 10043 RequestorUid: 10043 RequestorPkg: com.airtel.tv UnderlyingNetworks: Null] ]
10-04 10:25:55.615   441   441 D hdmicecd: [CEC]:printCecMessage, [4 -> 0] len: 1, body: 8f, result:no ack
10-04 10:25:55.641  1154  1154 D NetflixService: handleMessage
10-04 10:25:55.643  1154  1154 D NetflixService: com.airtel.tv is visible.
10-04 10:25:55.643  1154  1154 D NetflixService: com.netflix.ninja is not top activity.
10-04 10:25:55.671   441   441 D hdmicecd: [CEC]:printCecMessage, [4 -> 0] len: 1, body: 8f, result:no ack
10-04 10:25:55.671   441   441 E IPCThreadState: binder thread pool (1 threads) starved for 110 ms
10-04 10:25:55.671   696   949 E HDMI    : [6]:Failed to send <Give Device Power Status> 40:8F with errorCode=1
10-04 10:25:55.672   696   949 D HDMI    : [S]:<Text View On> 40:0D
10-04 10:25:55.674  1154  1154 D NetflixService: processName:com.netflix.ninja,importance:400
10-04 10:25:55.677  1154  1154 D NetflixService: com.netflix.ninjais not top activity.
10-04 10:25:55.677  1154  1154 I NetflixService: fg: false  mIsNetflixFg: false
10-04 10:25:55.679  1154  1154 D NetflixService: com.airtel.tv is visible.
10-04 10:25:55.679  1154  1154 D NetflixService: com.google.android.youtube.tv is not top activity.
10-04 10:25:55.727   441   441 D hdmicecd: [CEC]:printCecMessage, [4 -> 0] len: 1, body: 0d, result:no ack
10-04 10:25:55.758  8084 10416 E homepage: data received in RequestRetrofitRepo : tv.accedo.airtel.wynk.data.entity.LayoutBaseEntity@d0b1e24f
10-04 10:25:55.783   441   441 D hdmicecd: [CEC]:printCecMessage, [4 -> 0] len: 1, body: 0d, result:no ack
10-04 10:25:55.783   441   441 E IPCThreadState: binder thread pool (1 threads) starved for 111 ms
10-04 10:25:55.792  1826 11015 D AdvertisingIdClient: AdvertisingIdClient already created.
10-04 10:25:55.793  1826 11015 D AdvertisingIdClient: AdvertisingIdClient is not bounded. Starting to bind it...
10-04 10:25:55.805  8084 10416 E homepage: post processing done
10-04 10:25:55.805  1154  1154 I ThermalService: CPU temperatures: [47.600002]
10-04 10:25:55.828  1826 11015 D AdvertisingIdClient: AdvertisingIdClient is bounded
10-04 10:25:55.841   441   441 D hdmicecd: [CEC]:printCecMessage, [4 -> 0] len: 1, body: 0d, result:no ack
10-04 10:25:55.864  1826 11015 I AdvertisingIdClient: shouldSendLog 42065312
10-04 10:25:55.864  1826 11015 I AdvertisingIdClient: GetInfoInternal elapse 71ms
10-04 10:25:55.899   441   441 D hdmicecd: [CEC]:printCecMessage, [4 -> 0] len: 1, body: 0d, result:no ack
10-04 10:25:55.899   441   441 E IPCThreadState: binder thread pool (1 threads) starved for 116 ms
10-04 10:25:55.905   426  1494 D rtk_heartbeat: heartbeat_timed_out: heartbeatCmdCount = 43660, expected nextSeqNum = 43660
10-04 10:25:55.906   426  1381 D rtk_heartbeat: rtkbt_heartbeat_cmpl_cback: Current SeqNum = 43660,should SeqNum=43660, status = 0
--------- beginning of kernel
10-04 10:25:56.070     0     0 W [0 T1289  ..] RTW: rtw_get_sta_tx_stat() not support
10-04 10:25:56.071     0     0 W [0 T1289  ..] RTW: cfg80211_rtw_get_txpower
10-04 10:25:56.170  2100  4548 D CompatibilityChangeReporter: Compat change id reported: 150939131; UID 10039; state: ENABLED
10-04 10:25:56.176  8084  8097 D CompatibilityChangeReporter: Compat change id reported: 150939131; UID 10043; state: ENABLED
10-04 10:25:56.202   696   696 D ResendCecCommandAction: sendCommandWithoutRetries failed, retry
10-04 10:25:56.206   696   949 D HDMI    : [S]:<Text View On> 40:0D
10-04 10:25:56.263   441   441 D hdmicecd: [CEC]:printCecMessage, [4 -> 0] len: 1, body: 0d, result:no ack
10-04 10:25:56.269  8084  8084 D IPTV_KPI: COLD_BOOT : 1502 ms
10-04 10:25:56.270  8084  8084 D IPTV_KPI: TAB_LOAD : 1004356 ms
10-04 10:25:56.282  8084  8084 E ConstraintLayout: layout_constraintWidth_default="wrap" is deprecated.
10-04 10:25:56.282  8084  8084 E ConstraintLayout: Use layout_width="WRAP_CONTENT" and layout_constrainedWidth="true" instead.
10-04 10:25:56.297  8084  9584 E ThemeUtils: View class com.airbnb.lottie.LottieAnimationView is an AppCompat widget that can only be used with a Theme.AppCompat theme (or descendant).
10-04 10:25:56.302  8084  9584 E ThemeUtils: View class androidx.appcompat.widget.AppCompatTextView is an AppCompat widget that can only be used with a Theme.AppCompat theme (or descendant).
10-04 10:25:56.307  8084  9584 E ThemeUtils: View class androidx.appcompat.widget.AppCompatTextView is an AppCompat widget that can only be used with a Theme.AppCompat theme (or descendant).
10-04 10:25:56.311  8084  9584 D SmartAsyncLayoutInflater: The background thread failed to inflate. Inflation falls back to the main thread. Error message=Binary XML file line #2 in com.airtel.tv:layout/custom_header_view: Binary XML file line #2 in com.airtel.tv:layout/custom_header_view: Error inflating class <unknown>
10-04 10:25:56.319   441   441 D hdmicecd: [CEC]:printCecMessage, [4 -> 0] len: 1, body: 0d, result:no ack
10-04 10:25:56.319   441   441 E IPCThreadState: binder thread pool (1 threads) starved for 112 ms
10-04 10:25:56.377  8084  8084 D ANALYTICS_IPTV: AnalyticsEventTracker ***Event***Event{ts=1728017756374, meta={"box_type":"iptv","asset_position":"0","app_version":"1.0.0019:237","box_model":"bx:1.2.3","content_id":"Netflix","action":"card_visible","firmware":"fw:1.2.3","source_name":"Home","rail_position":"null"}, uid=5ye_gfsYCZe-PoQ4A0, did=8fb17cc052aef526, os=Android, ov=34, bn=237, nq=-1, nt=2, nct=0, lc=en|hi|ta|kn, av=1.0.0019, dt=STB, type=content_visible, adid=95acddf7-5a94-4681-bf0a-0a767be9f2c3, brand=Airtel-Xstream, model=XstreamIPTV1-VT, dname=Vantiva XstreamIPTV1-VT, appId=IPTV, sId=8fb17cc052aef526, profileId=, ab_test=86079:0|108429:0|42374:0|78244:0|95458:0|75817:0|60412:1|117812:1|120676:1|113632:1|116206:0|66480:0|100390:2|76965:1|110385:0|129832:2, city=Delhi, state=National Capital Territory of Delhi, country=India, firebase_id=687ecd54b0fd95386e529fbf62179576} Critical: false
10-04 10:25:56.379   441   441 D hdmicecd: [CEC]:printCecMessage, [4 -> 0] len: 1, body: 0d, result:no ack
10-04 10:25:56.382  8084  8084 D ANALYTICS_IPTV: AnalyticsEventTracker ***Event***Event{ts=1728017756379, meta={"box_type":"iptv","asset_position":"0","app_version":"1.0.0019:237","box_model":"bx:1.2.3","content_id":"Netflix","action":"rail_scroll","firmware":"fw:1.2.3","source_name":"Home","rail_position":"null"}, uid=5ye_gfsYCZe-PoQ4A0, did=8fb17cc052aef526, os=Android, ov=34, bn=237, nq=-1, nt=2, nct=0, lc=en|hi|ta|kn, av=1.0.0019, dt=STB, type=rail_scroll, adid=95acddf7-5a94-4681-bf0a-0a767be9f2c3, brand=Airtel-Xstream, model=XstreamIPTV1-VT, dname=Vantiva XstreamIPTV1-VT, appId=IPTV, sId=8fb17cc052aef526, profileId=, ab_test=86079:0|108429:0|42374:0|78244:0|95458:0|75817:0|60412:1|117812:1|120676:1|113632:1|116206:0|66480:0|100390:2|76965:1|110385:0|129832:2, city=Delhi, state=National Capital Territory of Delhi, country=India, firebase_id=687ecd54b0fd95386e529fbf62179576} Critical: false
10-04 10:25:56.387  8084  8084 E ConstraintLayout: layout_constraintWidth_default="wrap" is deprecated.
10-04 10:25:56.387  8084  8084 E ConstraintLayout: Use layout_width="WRAP_CONTENT" and layout_constrainedWidth="true" instead.
10-04 10:25:56.391  8084  9584 D ANALYTICS_IPTV: AnalyticsEventTracker ***Event***Event{ts=1728017756387, meta={"box_type":"iptv","asset_position":"0","app_version":"1.0.0019:237","box_model":"bx:1.2.3","action":"rail_scroll","firmware":"fw:1.2.3","source_name":"Home","rail_position":"0"}, uid=5ye_gfsYCZe-PoQ4A0, did=8fb17cc052aef526, os=Android, ov=34, bn=237, nq=-1, nt=2, nct=0, lc=en|hi|ta|kn, av=1.0.0019, dt=STB, type=rail_scroll, adid=95acddf7-5a94-4681-bf0a-0a767be9f2c3, brand=Airtel-Xstream, model=XstreamIPTV1-VT, dname=Vantiva XstreamIPTV1-VT, appId=IPTV, sId=8fb17cc052aef526, profileId=, ab_test=86079:0|108429:0|42374:0|78244:0|95458:0|75817:0|60412:1|117812:1|120676:1|113632:1|116206:0|66480:0|100390:2|76965:1|110385:0|129832:2, city=Delhi, state=National Capital Territory of Delhi, country=India, firebase_id=687ecd54b0fd95386e529fbf62179576} Critical: false
10-04 10:25:56.397  8084  9584 E ThemeUtils: View class com.airbnb.lottie.LottieAnimationView is an AppCompat widget that can only be used with a Theme.AppCompat theme (or descendant).
10-04 10:25:56.400  8084  9584 E ThemeUtils: View class androidx.appcompat.widget.AppCompatTextView is an AppCompat widget that can only be used with a Theme.AppCompat theme (or descendant).
10-04 10:25:56.404  8084  9584 E ThemeUtils: View class androidx.appcompat.widget.AppCompatTextView is an AppCompat widget that can only be used with a Theme.AppCompat theme (or descendant).
10-04 10:25:56.408  8084  9584 D SmartAsyncLayoutInflater: The background thread failed to inflate. Inflation falls back to the main thread. Error message=Binary XML file line #2 in com.airtel.tv:layout/custom_header_view: Binary XML file line #2 in com.airtel.tv:layout/custom_header_view: Error inflating class <unknown>
10-04 10:25:56.435   441   441 D hdmicecd: [CEC]:printCecMessage, [4 -> 0] len: 1, body: 0d, result:no ack
10-04 10:25:56.435   441   441 E IPCThreadState: binder thread pool (1 threads) starved for 116 ms
10-04 10:25:56.586  8084  8084 E ConstraintLayout: layout_constraintWidth_default="wrap" is deprecated.
10-04 10:25:56.586  8084  8084 E ConstraintLayout: Use layout_width="WRAP_CONTENT" and layout_constrainedWidth="true" instead.
10-04 10:25:56.595  8084  9584 E ThemeUtils: View class com.airbnb.lottie.LottieAnimationView is an AppCompat widget that can only be used with a Theme.AppCompat theme (or descendant).
10-04 10:25:56.599  8084  9584 E ThemeUtils: View class androidx.appcompat.widget.AppCompatTextView is an AppCompat widget that can only be used with a Theme.AppCompat theme (or descendant).
10-04 10:25:56.605  8084  9584 E ThemeUtils: View class androidx.appcompat.widget.AppCompatTextView is an AppCompat widget that can only be used with a Theme.AppCompat theme (or descendant).
10-04 10:25:56.611  8084  9584 D SmartAsyncLayoutInflater: The background thread failed to inflate. Inflation falls back to the main thread. Error message=Binary XML file line #2 in com.airtel.tv:layout/custom_header_view: Binary XML file line #2 in com.airtel.tv:layout/custom_header_view: Error inflating class <unknown>
10-04 10:25:56.613  8084  8084 E ConstraintLayout: layout_constraintWidth_default="wrap" is deprecated.
10-04 10:25:56.613  8084  8084 E ConstraintLayout: Use layout_width="WRAP_CONTENT" and layout_constrainedWidth="true" instead.
10-04 10:25:56.617   696   696 D HDMI    : one touch play retry:1
10-04 10:25:56.620   696   949 D HDMI    : [S]:<Text View On> 40:0D
10-04 10:25:56.621  8084  9584 E ThemeUtils: View class com.airbnb.lottie.LottieAnimationView is an AppCompat widget that can only be used with a Theme.AppCompat theme (or descendant).
10-04 10:25:56.624  8084  9584 E ThemeUtils: View class androidx.appcompat.widget.AppCompatTextView is an AppCompat widget that can only be used with a Theme.AppCompat theme (or descendant).
10-04 10:25:56.627  8084  9584 E ThemeUtils: View class androidx.appcompat.widget.AppCompatTextView is an AppCompat widget that can only be used with a Theme.AppCompat theme (or descendant).
10-04 10:25:56.631  8084  9584 D SmartAsyncLayoutInflater: The background thread failed to inflate. Inflation falls back to the main thread. Error message=Binary XML file line #2 in com.airtel.tv:layout/custom_header_view: Binary XML file line #2 in com.airtel.tv:layout/custom_header_view: Error inflating class <unknown>
10-04 10:25:56.631  8084  8084 E ThemeUtils: View class androidx.appcompat.widget.AppCompatImageView is an AppCompat widget that can only be used with a Theme.AppCompat theme (or descendant).
10-04 10:25:56.635  8084  8084 E ThemeUtils: View class androidx.appcompat.widget.AppCompatImageView is an AppCompat widget that can only be used with a Theme.AppCompat theme (or descendant).
10-04 10:25:56.643  8084  8084 E ThemeUtils: View class androidx.appcompat.widget.AppCompatImageView is an AppCompat widget that can only be used with a Theme.AppCompat theme (or descendant).
10-04 10:25:56.649  8084  8084 E ThemeUtils: View class androidx.appcompat.widget.AppCompatImageView is an AppCompat widget that can only be used with a Theme.AppCompat theme (or descendant).
10-04 10:25:56.655  8084  8084 E ThemeUtils: View class androidx.appcompat.widget.AppCompatImageView is an AppCompat widget that can only be used with a Theme.AppCompat theme (or descendant).
10-04 10:25:56.659  8084  8084 E ThemeUtils: View class androidx.appcompat.widget.AppCompatImageView is an AppCompat widget that can only be used with a Theme.AppCompat theme (or descendant).
10-04 10:25:56.665  8084  8084 E ThemeUtils: View class androidx.appcompat.widget.AppCompatImageView is an AppCompat widget that can only be used with a Theme.AppCompat theme (or descendant).
10-04 10:25:56.669  8084  8084 E ThemeUtils: View class androidx.appcompat.widget.AppCompatImageView is an AppCompat widget that can only be used with a Theme.AppCompat theme (or descendant).
10-04 10:25:56.674  8084  8084 E ThemeUtils: View class androidx.appcompat.widget.AppCompatImageView is an AppCompat widget that can only be used with a Theme.AppCompat theme (or descendant).
10-04 10:25:56.678  8084  8084 E ThemeUtils: View class androidx.appcompat.widget.AppCompatImageView is an AppCompat widget that can only be used with a Theme.AppCompat theme (or descendant).
10-04 10:25:56.683  8084  8084 E ThemeUtils: View class androidx.appcompat.widget.AppCompatImageView is an AppCompat widget that can only be used with a Theme.AppCompat theme (or descendant).
10-04 10:25:56.687  8084  8084 E ThemeUtils: View class androidx.appcompat.widget.AppCompatImageView is an AppCompat widget that can only be used with a Theme.AppCompat theme (or descendant).
10-04 10:25:56.691   441   441 D hdmicecd: [CEC]:printCecMessage, [4 -> 0] len: 1, body: 0d, result:no ack
10-04 10:25:56.692  8084  8084 E ThemeUtils: View class androidx.appcompat.widget.AppCompatImageView is an AppCompat widget that can only be used with a Theme.AppCompat theme (or descendant).
10-04 10:25:56.695  8084  8084 E ThemeUtils: View class androidx.appcompat.widget.AppCompatImageView is an AppCompat widget that can only be used with a Theme.AppCompat theme (or descendant).
10-04 10:25:56.701  8084  8084 E ThemeUtils: View class androidx.appcompat.widget.AppCompatImageView is an AppCompat widget that can only be used with a Theme.AppCompat theme (or descendant).
10-04 10:25:56.705  8084  8084 E ThemeUtils: View class androidx.appcompat.widget.AppCompatImageView is an AppCompat widget that can only be used with a Theme.AppCompat theme (or descendant).
10-04 10:25:56.717  8084  8084 E ConstraintLayout: layout_constraintWidth_default="wrap" is deprecated.
10-04 10:25:56.717  8084  8084 E ConstraintLayout: Use layout_width="WRAP_CONTENT" and layout_constrainedWidth="true" instead.
10-04 10:25:56.724  8084  9584 E ThemeUtils: View class com.airbnb.lottie.LottieAnimationView is an AppCompat widget that can only be used with a Theme.AppCompat theme (or descendant).
10-04 10:25:56.727  8084  9584 E ThemeUtils: View class androidx.appcompat.widget.AppCompatTextView is an AppCompat widget that can only be used with a Theme.AppCompat theme (or descendant).
10-04 10:25:56.731  8084  9584 E ThemeUtils: View class androidx.appcompat.widget.AppCompatTextView is an AppCompat widget that can only be used with a Theme.AppCompat theme (or descendant).
10-04 10:25:56.735  8084  9584 D SmartAsyncLayoutInflater: The background thread failed to inflate. Inflation falls back to the main thread. Error message=Binary XML file line #2 in com.airtel.tv:layout/custom_header_view: Binary XML file line #2 in com.airtel.tv:layout/custom_header_view: Error inflating class <unknown>
10-04 10:25:56.735  8084  8084 E ThemeUtils: View class androidx.appcompat.widget.AppCompatImageView is an AppCompat widget that can only be used with a Theme.AppCompat theme (or descendant).
10-04 10:25:56.739  8084  8084 E ThemeUtils: View class androidx.appcompat.widget.AppCompatImageView is an AppCompat widget that can only be used with a Theme.AppCompat theme (or descendant).
10-04 10:25:56.745  8084  8084 E ThemeUtils: View class androidx.appcompat.widget.AppCompatImageView is an AppCompat widget that can only be used with a Theme.AppCompat theme (or descendant).
10-04 10:25:56.746   441   441 D hdmicecd: [CEC]:printCecMessage, [4 -> 0] len: 1, body: 0d, result:no ack
10-04 10:25:56.747   441   441 E IPCThreadState: binder thread pool (1 threads) starved for 117 ms
10-04 10:25:56.749  8084  8084 E ThemeUtils: View class androidx.appcompat.widget.AppCompatImageView is an AppCompat widget that can only be used with a Theme.AppCompat theme (or descendant).
10-04 10:25:56.754  8084  8084 E ThemeUtils: View class androidx.appcompat.widget.AppCompatImageView is an AppCompat widget that can only be used with a Theme.AppCompat theme (or descendant).
10-04 10:25:56.758  8084  8084 E ThemeUtils: View class androidx.appcompat.widget.AppCompatImageView is an AppCompat widget that can only be used with a Theme.AppCompat theme (or descendant).
10-04 10:25:56.764  8084  8084 E ThemeUtils: View class androidx.appcompat.widget.AppCompatImageView is an AppCompat widget that can only be used with a Theme.AppCompat theme (or descendant).
10-04 10:25:56.767  8084  8084 E ThemeUtils: View class androidx.appcompat.widget.AppCompatImageView is an AppCompat widget that can only be used with a Theme.AppCompat theme (or descendant).
10-04 10:25:56.772  8084  8084 E ThemeUtils: View class androidx.appcompat.widget.AppCompatImageView is an AppCompat widget that can only be used with a Theme.AppCompat theme (or descendant).
10-04 10:25:56.776  8084  8084 E ThemeUtils: View class androidx.appcompat.widget.AppCompatImageView is an AppCompat widget that can only be used with a Theme.AppCompat theme (or descendant).
10-04 10:25:56.781  8084  8084 E ThemeUtils: View class androidx.appcompat.widget.AppCompatImageView is an AppCompat widget that can only be used with a Theme.AppCompat theme (or descendant).
10-04 10:25:56.784  8084  8084 E ThemeUtils: View class androidx.appcompat.widget.AppCompatImageView is an AppCompat widget that can only be used with a Theme.AppCompat theme (or descendant).
10-04 10:25:56.797  8084  8084 W View    : requestLayout() improperly called by android.widget.FrameLayout{d7f80e1 VFE...C.. .F....ID 96,16-304,133 #7f0b0562 app:id/parent} during layout: running second layout pass
10-04 10:25:56.804   441   441 D hdmicecd: [CEC]:printCecMessage, [4 -> 0] len: 1, body: 0d, result:no ack
10-04 10:25:56.816  8084  8084 D Glide   : Finished loading BitmapDrawable from MEMORY_CACHE for http://tvimg.wynk.in/unsafe/filters:format(webp)/https://s3.ap-south-1.amazonaws.com/discovery-pre-prod-zion/tile/artwork/1713871301945_thumbnail_ratios.png with size [196x105] in 518.718208 ms
10-04 10:25:56.817  8084  8084 D Glide   : Finished loading BitmapDrawable from MEMORY_CACHE for http://tvimg.wynk.in/unsafe/filters:format(webp)/https://s3.ap-south-1.amazonaws.com/discovery-pre-prod-zion/tile/artwork/1713871346716_card_style.png with size [208x117] in 503.112042 ms
10-04 10:25:56.818  8084  8084 D Glide   : Finished loading BitmapDrawable from MEMORY_CACHE for http://tvimg.wynk.in/unsafe/filters:format(webp)/https://s3.ap-south-1.amazonaws.com/discovery-prod-arsenal/tile/artwork/1724389860533_app-icon-1920_x_1080.jpg with size [208x117] in 496.31616699999995 ms
10-04 10:25:56.859   441   441 D hdmicecd: [CEC]:printCecMessage, [4 -> 0] len: 1, body: 0d, result:no ack
10-04 10:25:56.859   441   441 E IPCThreadState: binder thread pool (1 threads) starved for 111 ms
10-04 10:25:56.862   696   949 D HDMI    : [S]:<Give Device Power Status> 40:8F
10-04 10:25:56.863   696   696 D ResendCecCommandAction: ResendCecCommandAction started
