--------- beginning of main
10-04 10:31:13.962   426  1494 D rtk_heartbeat: heartbeat_timed_out: heartbeatCmdCount = 43978, expected nextSeqNum = 43978
10-04 10:31:13.963   426  1381 D rtk_heartbeat: rtkbt_heartbeat_cmpl_cback: Current SeqNum = 43978,should SeqNum=43978, status = 0
--------- beginning of system
10-04 10:31:14.072   696  2853 I ActivityTaskManager: START u0 {flg=0x10000000 cmp=com.airtel.tv/.MainActivity} with LAUNCH_MULTIPLE from uid 2000 result code=-92
10-04 10:31:14.093 11208 11208 D MonkeyStub: translateCommand: press KEYCODE_HOME
10-04 10:31:14.103   459   459 I lights-tch: flashMode 0 id 2 onMs 0 offMs 0 brightness 0
10-04 10:31:14.106   459   459 I lights-tch: flashMode 0 id 2 onMs 0 offMs 0 brightness 225
10-04 10:31:14.106   696   809 D HdmiControlService: Process pid: 696 is calling oneTouchPlay.
10-04 10:31:14.106   696   696 D HDMI    : oneTouchPlay com.android.server.hdmi.OneTouchPlayAction@fa951f4
10-04 10:31:14.106   696   696 I OneTouchPlayAction: Start action.
10-04 10:31:14.107   441   441 D hdmicecd: [CEC]:printCecMessage, [4 -> 3] len: 0, body:, result:no ack
10-04 10:31:14.107   696   696 D HDMI    : setActiveSource logical:0x04 physical:0x1000 OneTouchPlayAction#broadcastActiveSource()
10-04 10:31:14.107   696   949 D HDMI    : [S]:<Text View On> 40:0D
10-04 10:31:14.107   441   441 D hdmicecd: [HdmiCecControl]:getPhysicalAddress, physical addr: 1000, last pa: 1000, ret = 0
10-04 10:31:14.108   441   455 D hdmicecd: [HdmiCecControl]:getPhysicalAddress, physical addr: 1000, last pa: 1000, ret = 0
10-04 10:31:14.108   696   696 D HDMI    : ActiveSourceHistoryRecord active source=(0x04, 0x1000) isActiveSource=true from=OneTouchPlayAction#broadcastActiveSource()
10-04 10:31:14.109   696   696 D HDMI    : setActiveSource logical:0x04 physical:0x1000 ActiveSourceAction
10-04 10:31:14.109   441   455 D hdmicecd: [HdmiCecControl]:getPhysicalAddress, physical addr: 1000, last pa: 1000, ret = 0
10-04 10:31:14.110   441   455 D hdmicecd: [HdmiCecControl]:getPhysicalAddress, physical addr: 1000, last pa: 1000, ret = 0
10-04 10:31:14.110   982  1072 D WindowManagerShell: TvPipMenuController: closeMenu()
10-04 10:31:14.110   982  1072 D WindowManagerShell: TvPipMenuController: switchToMenuMode: from=MODE_NO_MENU, to=MODE_NO_MENU
10-04 10:31:14.110   696   696 D HDMI    : ActiveSourceHistoryRecord active source=(0x04, 0x1000) isActiveSource=true from=ActiveSourceAction
10-04 10:31:14.111   982   982 I vol.VolumeDialogImpl: mDialog.dismiss() reason: volume_controller from: com.android.systemui.volume.VolumeDialogImpl$7.onDismissRequested:3
10-04 10:31:14.112   696   696 D HdmiControlService: Switching to full volume behavior
10-04 10:31:14.113   696   696 D HdmiControlService: Switching to full volume behavior
10-04 10:31:14.119   696   809 E CellBroadcastUtils: getDefaultCellBroadcastReceiverPackageName: no package found
10-04 10:31:14.133   982  1072 V WindowManagerShell: Transition requested: android.os.BinderProxy@91d89f9 TransitionRequestInfo { type = OPEN, triggerTask = TaskInfo{userId=0 taskId=256 displayId=0 isRunning=true baseIntent=Intent { act=android.intent.action.MAIN cat=[android.intent.category.HOME] flg=0x10000100 cmp=com.airtel.tv/tv.airtel.xstream.login.LoginActivity } baseActivity=ComponentInfo{com.airtel.tv/tv.airtel.xstream.login.LoginActivity} topActivity=ComponentInfo{com.airtel.tv/tv.airtel.xstream.login.LoginActivity} origActivity=null realActivity=ComponentInfo{com.airtel.tv/tv.airtel.xstream.login.LoginActivity} numActivities=1 lastActiveTime=44013716 supportsMultiWindow=false resizeMode=0 isResizeable=false minWidth=-1 minHeight=-1 defaultMinSize=220 token=WCT{android.window.IWindowContainerToken$Stub$Proxy@133cd3e} topActivityType=2 pictureInPictureParams=null shouldDockBigOverlays=true launchIntoPipHostTaskId=-1 lastParentTaskIdBeforePip=-1 displayCutoutSafeInsets=null topActivityInfo=ActivityInfo{78b779f tv.airtel.xstream.login.LoginActivity} launchCookies=[] positionInParent=Point(0, 0) parentTaskId=-1 isFocused=true isVisible=false isVisibleRequested=true isSleeping=false topActivityInSizeCompat=false topActivityEligibleForLetterboxEducation= false topActivityLetterboxed= false isFromDoubleTap= false topActivityLetterboxVerticalPosition= -1 topActivityLetterboxHorizontalPosition= -1 topActivityLetterboxWidth=-1 topActivityLetterboxHeight=-1 locusId=null displayAreaFeatureId=1 cameraCompatControlState=hidden}, remoteTransition = null, displayChange = null }
10-04 10:31:14.134   696   809 I ActivityTaskManager: START u0 {act=android.intent.action.MAIN cat=[android.intent.category.HOME] flg=0x10000100 cmp=com.airtel.tv/tv.airtel.xstream.login.LoginActivity (has extras)} with LAUNCH_MULTIPLE from uid 0 (BAL_ALLOW_ALLOWLISTED_UID) result code=0
10-04 10:31:14.140   696  2853 I MediaFocusControl: abandonAudioFocus() from uid/pid 10043/8084 clientId=android.media.AudioManager@f804f00helper.PlayerHelper$$ExternalSyntheticLambda0@6fc3f3d
10-04 10:31:14.142  8084  8084 D PLAYER_LOGGER : : HEART: stopping heart beat
10-04 10:31:14.142   696   811 W ProcessStats: Tracking association SourceState{3edf2a9 com.airtel.tv/10043 BTop #12169} whose proc state 2 is better than process ProcessState{514aa4f com.tataelxsi.icx:remote/10066 pkg=com.tataelxsi.icx} proc state 3 (1 skipped)
10-04 10:31:14.144   696   799 I MediaFocusControl: abandonAudioFocus() from uid/pid 10043/8084 clientId=android.media.AudioManager@f804f00helper.PlayerHelper$$ExternalSyntheticLambda0@bb3d339
10-04 10:31:14.148   487   487 I BpBinder: onLastStrongRef automatically unlinking death recipients: 
10-04 10:31:14.149  8084  8084 D PLAYER_LOGGER : : HEART: stopping heart beat
10-04 10:31:14.163   441   454 D hdmicecd: [CEC]:printCecMessage, [4 -> 0] len: 1, body: 0d, result:no ack
10-04 10:31:14.185  8084 10416 D PlayApplication: chip id: 1001B07B4222FA8B
10-04 10:31:14.185  8084 10416 D PlayApplication: bsn : B0HSTBYT501439100008
--------- beginning of main
10-04 10:31:14.408  8084  8084 D ContentTabFragment::onCreate: 
10-04 10:31:14.409  8084  8084 D ContentTabFragment::onCreateView: 
10-04 10:31:14.414  8084 10415 D ANALYTICS_IPTV: AnalyticsEventTracker ***Event***Event{ts=1728018074403, meta={"box_type":"iptv","app_version":"1.0.0019:237","box_model":"bx:1.2.3","load_time":"4116578","firmware":"fw:1.2.3"}, uid=5ye_gfsYCZe-PoQ4A0, did=8fb17cc052aef526, os=Android, ov=34, bn=237, nq=-1, nt=2, nct=0, lc=en|hi|ta|kn, av=1.0.0019, dt=STB, type=app_load_time, adid=95acddf7-5a94-4681-bf0a-0a767be9f2c3, brand=Airtel-Xstream, model=XstreamIPTV1-VT, dname=Vantiva XstreamIPTV1-VT, appId=IPTV, sId=8fb17cc052aef526, profileId=, ab_test=86079:0|108429:0|42374:0|78244:0|95458:0|75817:0|60412:1|117812:1|120676:1|113632:1|116206:0|66480:0|100390:2|76965:1|110385:0|129832:2, city=Delhi, state=National Capital Territory of Delhi, country=India, firebase_id=687ecd54b0fd95386e529fbf62179576} Critical: true
10-04 10:31:14.445  8084  8084 D ContentTabFragment::onViewCreated: 
10-04 10:31:14.447  8084  8084 D ContentTabFragment::initViewModel: 
10-04 10:31:14.449  8084  8084 D ContentTabFragment::initUi start: 
10-04 10:31:14.451  8084  8084 D ContentTabFragment::initUi finish: 
10-04 10:31:14.455  8084  8084 D ANALYTICS_IPTV: AnalyticsEventTracker ***Event***Event{ts=1728018074453, meta={"box_type":"iptv","source_of_stream":"1 | TV Channels.screen_visible.none.none.none.none.none.none.none | none.screen_visible.none.none.none.none.none.none.none | Home.screen_visible.none.none.none.none.none.none.none","app_version":"1.0.0019:237","box_model":"bx:1.2.3","firmware":"fw:1.2.3","source_name":"Home"}, uid=5ye_gfsYCZe-PoQ4A0, did=8fb17cc052aef526, os=Android, ov=34, bn=237, nq=-1, nt=2, nct=0, lc=en|hi|ta|kn, av=1.0.0019, dt=STB, type=screen_visible, adid=95acddf7-5a94-4681-bf0a-0a767be9f2c3, brand=Airtel-Xstream, model=XstreamIPTV1-VT, dname=Vantiva XstreamIPTV1-VT, appId=IPTV, sId=8fb17cc052aef526, profileId=, ab_test=86079:0|108429:0|42374:0|78244:0|95458:0|75817:0|60412:1|117812:1|120676:1|113632:1|116206:0|66480:0|100390:2|76965:1|110385:0|129832:2, city=Delhi, state=National Capital Territory of Delhi, country=India, firebase_id=687ecd54b0fd95386e529fbf62179576} Critical: false
10-04 10:31:14.461  8084  8084 E ThemeUtils: View class androidx.appcompat.widget.AppCompatImageView is an AppCompat widget that can only be used with a Theme.AppCompat theme (or descendant).
10-04 10:31:14.463  8084 10416 D ANALYTICS_IPTV: AnalyticsEventTracker ***Event***Event{ts=1728018074461, meta={"UID":"5ye_gfsYCZe-PoQ4A0","subscriber_id":"3026341863-001","box_type":"iptv","asset_name":"rendering_start","device_id":"8fb17cc052aef526","app_version":"1.0.0019:237","box_model":"bx:1.2.3","customer_id":"3026341863","firmware":"fw:1.2.3"}, uid=5ye_gfsYCZe-PoQ4A0, did=8fb17cc052aef526, os=Android, ov=34, bn=237, nq=-1, nt=2, nct=0, lc=en|hi|ta|kn, av=1.0.0019, dt=STB, type=layout_render_start, adid=95acddf7-5a94-4681-bf0a-0a767be9f2c3, brand=Airtel-Xstream, model=XstreamIPTV1-VT, dname=Vantiva XstreamIPTV1-VT, appId=IPTV, sId=8fb17cc052aef526, profileId=, ab_test=86079:0|108429:0|42374:0|78244:0|95458:0|75817:0|60412:1|117812:1|120676:1|113632:1|116206:0|66480:0|100390:2|76965:1|110385:0|129832:2, city=Delhi, state=National Capital Territory of Delhi, country=India, firebase_id=687ecd54b0fd95386e529fbf62179576} Critical: false
10-04 10:31:14.468   441   454 D hdmicecd: [CEC]:printCecMessage, [4 -> f] len: 3, body: 82 10 00, result:success
10-04 10:31:14.468   441   454 E IPCThreadState: binder thread pool (1 threads) starved for 130 ms
--------- beginning of system
10-04 10:31:14.474   696   949 D HDMI    : [S]:<Menu Status> 40:8E:00
10-04 10:31:14.514   696   799 D ConnectivityService: requestNetwork for uid/pid:10043/8084 activeRequest: null callbackRequest: 1197 [NetworkRequest [ REQUEST id=1198, [ Capabilities: INTERNET&NOT_RESTRICTED&TRUSTED&NOT_VCN_MANAGED Uid: 10043 RequestorUid: 10043 RequestorPkg: com.airtel.tv UnderlyingNetworks: Null] ]] callback flags: 0 order: 2147483647
10-04 10:31:14.526   696   799 D ConnectivityService: requestNetwork for uid/pid:10043/8084 activeRequest: null callbackRequest: 1199 [NetworkRequest [ REQUEST id=1200, [ Capabilities: INTERNET&NOT_RESTRICTED&TRUSTED&NOT_VCN_MANAGED Uid: 10043 RequestorUid: 10043 RequestorPkg: com.airtel.tv UnderlyingNetworks: Null] ]] callback flags: 0 order: 2147483647
10-04 10:31:14.535   441   454 D hdmicecd: [CEC]:printCecMessage, [4 -> 0] len: 2, body: 8e 00, result:no ack
10-04 10:31:14.535   696   910 D WifiNetworkFactory: got request NetworkRequest [ REQUEST id=1198, [ Capabilities: INTERNET&NOT_RESTRICTED&TRUSTED&NOT_VCN_MANAGED Uid: 10043 RequestorUid: 10043 RequestorPkg: com.airtel.tv UnderlyingNetworks: Null] ]
10-04 10:31:14.535   696   910 D UntrustedWifiNetworkFactory: got request NetworkRequest [ REQUEST id=1198, [ Capabilities: INTERNET&NOT_RESTRICTED&TRUSTED&NOT_VCN_MANAGED Uid: 10043 RequestorUid: 10043 RequestorPkg: com.airtel.tv UnderlyingNetworks: Null] ]
10-04 10:31:14.535   696   910 D OemPaidWifiNetworkFactory: got request NetworkRequest [ REQUEST id=1198, [ Capabilities: INTERNET&NOT_RESTRICTED&TRUSTED&NOT_VCN_MANAGED Uid: 10043 RequestorUid: 10043 RequestorPkg: com.airtel.tv UnderlyingNetworks: Null] ]
10-04 10:31:14.538   696   910 D MultiInternetWifiNetworkFactory: got request NetworkRequest [ REQUEST id=1198, [ Capabilities: INTERNET&NOT_RESTRICTED&TRUSTED&NOT_VCN_MANAGED Uid: 10043 RequestorUid: 10043 RequestorPkg: com.airtel.tv UnderlyingNetworks: Null] ]
10-04 10:31:14.538   696   918 D ConnectivityService: NetReassign [1198 : null → 100] [c 0] [a 19] [i 4]
--------- beginning of kernel
10-04 10:31:14.567     0     0 W [0 T1289  ..] RTW: rtw_get_sta_tx_stat() not support
10-04 10:31:14.567     0     0 W [0 T1289  ..] RTW: cfg80211_rtw_get_txpower
10-04 10:31:14.549   696   910 D WifiNetworkFactory: got request NetworkRequest [ REQUEST id=1200, [ Capabilities: INTERNET&NOT_RESTRICTED&TRUSTED&NOT_VCN_MANAGED Uid: 10043 RequestorUid: 10043 RequestorPkg: com.airtel.tv UnderlyingNetworks: Null] ]
10-04 10:31:14.550   696   910 D UntrustedWifiNetworkFactory: got request NetworkRequest [ REQUEST id=1200, [ Capabilities: INTERNET&NOT_RESTRICTED&TRUSTED&NOT_VCN_MANAGED Uid: 10043 RequestorUid: 10043 RequestorPkg: com.airtel.tv UnderlyingNetworks: Null] ]
10-04 10:31:14.550   696   910 D OemPaidWifiNetworkFactory: got request NetworkRequest [ REQUEST id=1200, [ Capabilities: INTERNET&NOT_RESTRICTED&TRUSTED&NOT_VCN_MANAGED Uid: 10043 RequestorUid: 10043 RequestorPkg: com.airtel.tv UnderlyingNetworks: Null] ]
10-04 10:31:14.551   696   910 D MultiInternetWifiNetworkFactory: got request NetworkRequest [ REQUEST id=1200, [ Capabilities: INTERNET&NOT_RESTRICTED&TRUSTED&NOT_VCN_MANAGED Uid: 10043 RequestorUid: 10043 RequestorPkg: com.airtel.tv UnderlyingNetworks: Null] ]
10-04 10:31:14.551   696   918 D ConnectivityService: NetReassign [1200 : null → 100] [c 0] [a 10] [i 1]
10-04 10:31:14.578  8084  8084 D OTAWorker: MainActivity permission check
10-04 10:31:14.578  8084  8084 D OTAWorker: MainActivity CheckForUpdate started
10-04 10:31:14.579  8084  8084 D OTAWorker Started: 
10-04 10:31:14.581   696  1088 D AudioService: Volume controller visible: false
10-04 10:31:14.585  8084  8084 D OmniRemote.OTA_JNI: open file name:/data/user/0/com.airtel.tv/files/ota/Airtel-TL135-20240919-006-OTA.bin
10-04 10:31:14.585  8084  8084 D OmniRemote.OTA_JNI: 35,51,0,6
10-04 10:31:14.585  8084  8084 D OmniRemote.OmniBle: add services filter
10-04 10:31:14.586  8084  8084 D OmniRemote.OmniBle: insert image ids
10-04 10:31:14.589  8084  8084 D OmniRemote.OmniBle: device list size:0
10-04 10:31:14.589  8084  8084 E OmniRemote.OmniBle: report device not found
10-04 10:31:14.590  8084  8084 D MainFragment::onResume: 
10-04 10:31:14.591   441   454 D hdmicecd: [CEC]:printCecMessage, [4 -> 0] len: 2, body: 8e 00, result:no ack
10-04 10:31:14.591   441   454 E IPCThreadState: binder thread pool (1 threads) starved for 116 ms
10-04 10:31:14.596  8084  8451 D TrafficStats: tagSocket(150) with statsTag=0xffffffff, statsUid=-1
10-04 10:31:14.600  8084  8084 D ANALYTICS_IPTV: AnalyticsEventTracker ***Event***Event{ts=1728018074592, meta={"page_id":"dthNewHome","box_type":"iptv","source_of_stream":"2 | Home.screen_visible.none.none.none.none.none.none.none","app_version":"1.0.0019:237","box_model":"bx:1.2.3","firmware":"fw:1.2.3","source_name":"Home"}, uid=5ye_gfsYCZe-PoQ4A0, did=8fb17cc052aef526, os=Android, ov=34, bn=237, nq=-1, nt=2, nct=0, lc=en|hi|ta|kn, av=1.0.0019, dt=STB, type=screen_visible, adid=95acddf7-5a94-4681-bf0a-0a767be9f2c3, brand=Airtel-Xstream, model=XstreamIPTV1-VT, dname=Vantiva XstreamIPTV1-VT, appId=IPTV, sId=8fb17cc052aef526, profileId=, ab_test=86079:0|108429:0|42374:0|78244:0|95458:0|75817:0|60412:1|117812:1|120676:1|113632:1|116206:0|66480:0|100390:2|76965:1|110385:0|129832:2, city=Delhi, state=National Capital Territory of Delhi, country=India, firebase_id=687ecd54b0fd95386e529fbf62179576} Critical: false
10-04 10:31:14.606  8084  8084 D ANALYTICS_IPTV: AnalyticsEventTracker ***Event***Event{ts=1728018074603, meta={"box_type":"iptv","source_of_stream":"2 | Home.screen_visible.none.none.none.none.none.none.none | none.screen_visible.none.none.none.none.none.none.none","app_version":"1.0.0019:237","box_model":"bx:1.2.3","source":"Home","firmware":"fw:1.2.3"}, uid=5ye_gfsYCZe-PoQ4A0, did=8fb17cc052aef526, os=Android, ov=34, bn=237, nq=-1, nt=2, nct=0, lc=en|hi|ta|kn, av=1.0.0019, dt=STB, type=screen_visible, adid=95acddf7-5a94-4681-bf0a-0a767be9f2c3, brand=Airtel-Xstream, model=XstreamIPTV1-VT, dname=Vantiva XstreamIPTV1-VT, appId=IPTV, sId=8fb17cc052aef526, profileId=, ab_test=86079:0|108429:0|42374:0|78244:0|95458:0|75817:0|60412:1|117812:1|120676:1|113632:1|116206:0|66480:0|100390:2|76965:1|110385:0|129832:2, city=Delhi, state=National Capital Territory of Delhi, country=India, firebase_id=687ecd54b0fd95386e529fbf62179576} Critical: false
10-04 10:31:14.608  8084 11270 D ANALYTICS_IPTV: AnalyticsEventTracker ***Event***Event{ts=1728018074606, meta={"UID":"5ye_gfsYCZe-PoQ4A0","subscriber_id":"3026341863-001","box_type":"iptv","asset_name":"rendering_complete","device_id":"8fb17cc052aef526","app_version":"1.0.0019:237","box_model":"bx:1.2.3","customer_id":"3026341863","firmware":"fw:1.2.3"}, uid=5ye_gfsYCZe-PoQ4A0, did=8fb17cc052aef526, os=Android, ov=34, bn=237, nq=-1, nt=2, nct=0, lc=en|hi|ta|kn, av=1.0.0019, dt=STB, type=layout_render_complete, adid=95acddf7-5a94-4681-bf0a-0a767be9f2c3, brand=Airtel-Xstream, model=XstreamIPTV1-VT, dname=Vantiva XstreamIPTV1-VT, appId=IPTV, sId=8fb17cc052aef526, profileId=, ab_test=86079:0|108429:0|42374:0|78244:0|95458:0|75817:0|60412:1|117812:1|120676:1|113632:1|116206:0|66480:0|100390:2|76965:1|110385:0|129832:2, city=Delhi, state=National Capital Territory of Delhi, country=India, firebase_id=687ecd54b0fd95386e529fbf62179576} Critical: false
10-04 10:31:14.617  8084  8084 D OmniRemote.OmniOTAImpl: device not found
10-04 10:31:14.617  8084  8084 D OTAWorker onResult = 258: 
10-04 10:31:14.618  8084  8084 D OTAWorker remote device not found: 
10-04 10:31:14.618  8084  8084 D OTAWorker: MainActivity OTAWorker event received tv.airtel.xstream.util.RxEvent$RCUOtaEvents$DeviceNotFound@e68f7a1
10-04 10:31:14.629  8084 11273 D TrafficStats: tagSocket(157) with statsTag=0xffffffff, statsUid=-1
10-04 10:31:14.638   696   696 D ResendCecCommandAction: sendCommandWithoutRetries failed, retry
10-04 10:31:14.651   441   454 D hdmicecd: [CEC]:printCecMessage, [4 -> 0] len: 2, body: 8e 00, result:no ack
10-04 10:31:14.657  8084  8084 D Glide   : Finished loading BitmapDrawable from MEMORY_CACHE for http://tvimg.wynk.in/unsafe/fit-in/64x64/filters:no_upscale():format(webp)/https://image.airtel.tv/grandslam/content/2024_7_16/offer_icon.png with size [-2147483648x-2147483648] in 0.33949999999999997 ms
10-04 10:31:14.707   441   454 D hdmicecd: [CEC]:printCecMessage, [4 -> 0] len: 2, body: 8e 00, result:no ack
10-04 10:31:14.707   441   454 E IPCThreadState: binder thread pool (1 threads) starved for 110 ms
10-04 10:31:14.708   696   949 E HDMI    : [1]:Failed to send <Menu Status> 40:8E:00 with errorCode=1
10-04 10:31:14.708   696   949 D HDMI    : [S]:<System Audio Mode Request> 45:70:10:00
10-04 10:31:14.737   696  1088 D ConnectivityService: requestNetwork for uid/pid:10043/8084 activeRequest: null callbackRequest: 1201 [NetworkRequest [ REQUEST id=1202, [ Capabilities: INTERNET&NOT_RESTRICTED&TRUSTED&NOT_VCN_MANAGED Uid: 10043 RequestorUid: 10043 RequestorPkg: com.airtel.tv UnderlyingNetworks: Null] ]] callback flags: 0 order: 2147483647
10-04 10:31:14.745   696   918 D ConnectivityService: NetReassign [1202 : null → 100] [c 3] [a 1] [i 2]
10-04 10:31:14.745   696   910 D WifiNetworkFactory: got request NetworkRequest [ REQUEST id=1202, [ Capabilities: INTERNET&NOT_RESTRICTED&TRUSTED&NOT_VCN_MANAGED Uid: 10043 RequestorUid: 10043 RequestorPkg: com.airtel.tv UnderlyingNetworks: Null] ]
10-04 10:31:14.745   696   910 D UntrustedWifiNetworkFactory: got request NetworkRequest [ REQUEST id=1202, [ Capabilities: INTERNET&NOT_RESTRICTED&TRUSTED&NOT_VCN_MANAGED Uid: 10043 RequestorUid: 10043 RequestorPkg: com.airtel.tv UnderlyingNetworks: Null] ]
10-04 10:31:14.745   696   910 D OemPaidWifiNetworkFactory: got request NetworkRequest [ REQUEST id=1202, [ Capabilities: INTERNET&NOT_RESTRICTED&TRUSTED&NOT_VCN_MANAGED Uid: 10043 RequestorUid: 10043 RequestorPkg: com.airtel.tv UnderlyingNetworks: Null] ]
10-04 10:31:14.745   696   910 D MultiInternetWifiNetworkFactory: got request NetworkRequest [ REQUEST id=1202, [ Capabilities: INTERNET&NOT_RESTRICTED&TRUSTED&NOT_VCN_MANAGED Uid: 10043 RequestorUid: 10043 RequestorPkg: com.airtel.tv UnderlyingNetworks: Null] ]
10-04 10:31:14.763   441   454 D hdmicecd: [CEC]:printCecMessage, [4 -> 5] len: 3, body: 70 10 00, result:no ack
10-04 10:31:14.775   696   808 V WindowManager: Sent Transition #45 createdAt=10-04 10:31:14.118 via request=TransitionRequestInfo { type = OPEN, triggerTask = TaskInfo{userId=0 taskId=256 displayId=0 isRunning=true baseIntent=Intent { act=android.intent.action.MAIN cat=[android.intent.category.HOME] flg=0x10000100 cmp=com.airtel.tv/tv.airtel.xstream.login.LoginActivity } baseActivity=ComponentInfo{com.airtel.tv/tv.airtel.xstream.login.LoginActivity} topActivity=ComponentInfo{com.airtel.tv/tv.airtel.xstream.login.LoginActivity} origActivity=null realActivity=ComponentInfo{com.airtel.tv/tv.airtel.xstream.login.LoginActivity} numActivities=1 lastActiveTime=44013716 supportsMultiWindow=false resizeMode=0 isResizeable=false minWidth=-1 minHeight=-1 defaultMinSize=220 token=WCT{RemoteToken{a18e5a7 Task{e83be19 #256 type=home A=10043:com.airtel.tv}}} topActivityType=2 pictureInPictureParams=null shouldDockBigOverlays=true launchIntoPipHostTaskId=-1 lastParentTaskIdBeforePip=-1 displayCutoutSafeInsets=null topActivityInfo=ActivityInfo{8bcda54 tv.airtel.xstream.login.LoginActivity} launchCookies=[] positionInParent=Point(0, 0) parentTaskId=-1 isFocused=true isVisible=false isVisibleRequested=true isSleeping=false topActivityInSizeCompat=false topActivityEligibleForLetterboxEducation= false topActivityLetterboxed= false isFromDoubleTap= false topActivityLetterboxVerticalPosition= -1 topActivityLetterboxHorizontalPosition= -1 topActivityLetterboxWidth=-1 topActivityLetterboxHeight=-1 locusId=null displayAreaFeatureId=1 cameraCompatControlState=hidden}, remoteTransition = null, displayChange = null }
10-04 10:31:14.775   696   808 V WindowManager:     startWCT=WindowContainerTransaction { changes = {} hops = [] errorCallbackToken=null taskFragmentOrganizer=null }
10-04 10:31:14.777   982  1072 V WindowManagerShell: onTransitionReady android.os.BinderProxy@91d89f9: {id=45 t=OPEN f=0x0 trk=0 r=[0@Point(0, 0)] c=[{WCT{android.window.IWindowContainerToken$Stub$Proxy@11b7f4a} m=CHANGE f=MOVE_TO_TOP leash=Surface(name=Task=218)/@0x8ce90ec sb=Rect(0, 0 - 1920, 1080) eb=Rect(0, 0 - 1920, 1080) d=0}]}
10-04 10:31:14.778   982  1072 V WindowManagerShell: Playing animation for (#45)android.os.BinderProxy@91d89f9@0
10-04 10:31:14.778   982  1072 V WindowManagerShell:  try handler com.android.wm.shell.keyguard.KeyguardTransitionHandler@5327bca
10-04 10:31:14.778   982  1072 V WindowManagerShell:  try handler com.android.wm.shell.activityembedding.ActivityEmbeddingController@72713b
10-04 10:31:14.778   982  1072 V WindowManagerShell:  try handler com.android.wm.shell.pip.tv.TvPipTransition@ddc6058
10-04 10:31:14.778   982  1072 V WindowManagerShell:  try handler com.android.wm.shell.transition.RemoteTransitionHandler@84005b1
10-04 10:31:14.778   982  1072 V WindowManagerShell: Transition doesn't have explicit remote, search filters for match for {id=45 t=OPEN f=0x0 trk=0 r=[0@Point(0, 0)] c=[{WCT{android.window.IWindowContainerToken$Stub$Proxy@11b7f4a} m=CHANGE f=MOVE_TO_TOP leash=Surface(name=Task=218)/@0x8ce90ec sb=Rect(0, 0 - 1920, 1080) eb=Rect(0, 0 - 1920, 1080) d=0}]}
10-04 10:31:14.778   982  1072 V WindowManagerShell:  Delegate animation for #45 to null
10-04 10:31:14.778   982  1072 V WindowManagerShell:  try handler com.android.wm.shell.transition.DefaultTransitionHandler@ce48a96
10-04 10:31:14.778   982  1072 V WindowManagerShell: start default transition animation, info = {id=45 t=OPEN f=0x0 trk=0 r=[0@Point(0, 0)] c=[{WCT{android.window.IWindowContainerToken$Stub$Proxy@11b7f4a} m=CHANGE f=MOVE_TO_TOP leash=Surface(name=Task=218)/@0x8ce90ec sb=Rect(0, 0 - 1920, 1080) eb=Rect(0, 0 - 1920, 1080) d=0}]}
10-04 10:31:14.780   982  1072 V WindowManagerShell: Transition animation finished (aborted=false), notifying core (#45)android.os.BinderProxy@91d89f9@0
10-04 10:31:14.781   696   808 V WindowManager:     info={id=45 t=OPEN f=0x0 trk=0 r=[0@Point(0, 0)] c=[{WCT{RemoteToken{a9b1175 Task{26d47f #218 type=standard A=10043:com.airtel.tv}}} m=CHANGE f=MOVE_TO_TOP leash=Surface(name=Task=218)/@0x4287e5f sb=Rect(0, 0 - 1920, 1080) eb=Rect(0, 0 - 1920, 1080) d=0}]}
10-04 10:31:14.782   696   808 V WindowManager: Finish Transition #45: created at 10-04 10:31:14.118 collect-started=0.072ms request-sent=13.455ms started=24.493ms ready=138.398ms sent=651.831ms finished=662.903ms
10-04 10:31:14.785  8084  8084 I ImeTracker: com.airtel.tv:1e529fc0: onRequestHide at ORIGIN_CLIENT_HIDE_SOFT_INPUT reason HIDE_SOFT_INPUT
10-04 10:31:14.786   982  1072 V WindowManagerShell: Track 0 became idle
10-04 10:31:14.786   982  1072 V WindowManagerShell: All active transition animations finished
10-04 10:31:14.786   982  1072 V WindowManagerShell:  animated by com.android.wm.shell.transition.DefaultTransitionHandler@ce48a96
10-04 10:31:14.786   982  1072 V WindowManagerShell: Track 0 became idle
10-04 10:31:14.786   982  1072 V WindowManagerShell: All active transition animations finished
10-04 10:31:14.787   696  2853 I ImeTracker: com.airtel.tv:1e529fc0: onCancelled at PHASE_SERVER_SHOULD_HIDE
10-04 10:31:14.790  8084  8084 D OmniRemote.OmniOTAImpl: device not found
10-04 10:31:14.790  8084  8084 D OTAWorker onResult = 258: 
10-04 10:31:14.791  8084  8084 D OTAWorker remote device not found: 
10-04 10:31:14.791  8084  8084 D OTAWorker: MainActivity OTAWorker event received tv.airtel.xstream.util.RxEvent$RCUOtaEvents$DeviceNotFound@e68f7a1
10-04 10:31:14.796   696  1088 I ImeTracker: com.airtel.tv:1c453f55: onRequestHide at ORIGIN_SERVER_HIDE_INPUT reason HIDE_SAME_WINDOW_FOCUSED_WITHOUT_EDITOR
10-04 10:31:14.796   696  1088 I ImeTracker: com.airtel.tv:1c453f55: onCancelled at PHASE_SERVER_SHOULD_HIDE
10-04 10:31:14.801  7788  7788 I GoogleInputMethodService: GoogleInputMethodService.onFinishInput():3184 
10-04 10:31:14.803  7788  7788 I GoogleInputMethodService: GoogleInputMethodService.updateDeviceLockedStatus():2246 repeatCheckTimes = 0, locked = false
10-04 10:31:14.803  7788  7788 I GoogleInputMethodService: GoogleInputMethodService.onStartInput():1982 onStartInput(EditorInfo{EditorInfo{packageName=com.airtel.tv, inputType=0, inputTypeString=NULL, enableLearning=false, autoCorrection=false, autoComplete=false, imeOptions=0, privateImeOptions=null, actionName=UNSPECIFIED, actionLabel=null, initialSelStart=-1, initialSelEnd=-1, initialCapsMode=0, label=null, fieldId=0, fieldName=null, extras=null, hintText=null, hintLocales=[]}}, false)
10-04 10:31:14.804  7788  7788 I GoogleInputMethodService: GoogleInputMethodService.updateDeviceLockedStatus():2246 repeatCheckTimes = 1, locked = false
10-04 10:31:14.805  7788  7788 I AndroidIME: InputBundleManager.loadActiveInputBundleId():450 loadActiveInputBundleId: und-Latn-x-password, password
10-04 10:31:14.805  7788  7788 I EmojiCompatManager: EmojiCompatManager.getEmojiCompatIfLoaded():342 EmojiCompat.init() was never called.
10-04 10:31:14.805  7788  7788 I EmojiCompatManager: java.lang.IllegalStateException: EmojiCompat is not initialized. Please call EmojiCompat.init() first
10-04 10:31:14.805  7788  7788 I EmojiCompatManager: 	at so.g(PG:3)
10-04 10:31:14.805  7788  7788 I EmojiCompatManager: 	at abd.a(PG:6)
10-04 10:31:14.805  7788  7788 I EmojiCompatManager: 	at edb.d(PG:1)
10-04 10:31:14.805  7788  7788 I EmojiCompatManager: 	at edb.b(PG:6)
10-04 10:31:14.805  7788  7788 I EmojiCompatManager: 	at com.android.inputmethod.latin.LatinIME.f(PG:286)
10-04 10:31:14.805  7788  7788 I EmojiCompatManager: 	at epp.onStartInput(PG:170)
10-04 10:31:14.805  7788  7788 I EmojiCompatManager: 	at android.inputmethodservice.InputMethodService.doStartInput(InputMethodService.java:3115)
10-04 10:31:14.805  7788  7788 I EmojiCompatManager: 	at android.inputmethodservice.InputMethodService$InputMethodImpl.startInput(InputMethodService.java:824)
10-04 10:31:14.805  7788  7788 I EmojiCompatManager: 	at android.inputmethodservice.InputMethodService$InputMethodImpl.dispatchStartInput(InputMethodService.java:853)
10-04 10:31:14.805  7788  7788 I EmojiCompatManager: 	at android.inputmethodservice.IInputMethodWrapper.executeMessage(IInputMethodWrapper.java:197)
10-04 10:31:14.805  7788  7788 I EmojiCompatManager: 	at com.android.internal.os.HandlerCaller$MyHandler.handleMessage(HandlerCaller.java:44)
10-04 10:31:14.805  7788  7788 I EmojiCompatManager: 	at android.os.Handler.dispatchMessage(Handler.java:106)
10-04 10:31:14.805  7788  7788 I EmojiCompatManager: 	at android.os.Looper.loopOnce(Looper.java:205)
10-04 10:31:14.805  7788  7788 I EmojiCompatManager: 	at android.os.Looper.loop(Looper.java:294)
10-04 10:31:14.805  7788  7788 I EmojiCompatManager: 	at android.app.ActivityThread.main(ActivityThread.java:8177)
10-04 10:31:14.805  7788  7788 I EmojiCompatManager: 	at java.lang.reflect.Method.invoke(Native Method)
10-04 10:31:14.805  7788  7788 I EmojiCompatManager: 	at com.android.internal.os.RuntimeInit$MethodAndArgsCaller.run(RuntimeInit.java:552)
10-04 10:31:14.805  7788  7788 I EmojiCompatManager: 	at com.android.internal.os.ZygoteInit.main(ZygoteInit.java:971)
10-04 10:31:14.819   441   454 D hdmicecd: [CEC]:printCecMessage, [4 -> 5] len: 3, body: 70 10 00, result:no ack
10-04 10:31:14.819   441   454 E IPCThreadState: binder thread pool (1 threads) starved for 110 ms
10-04 10:31:14.881   441   454 D hdmicecd: [CEC]:printCecMessage, [4 -> 5] len: 3, body: 70 10 00, result:no ack
10-04 10:31:14.927  1154  1154 D NetflixService: handleMessage
10-04 10:31:14.934  1154  1154 D NetflixService: com.airtel.tv is visible.
10-04 10:31:14.934  1154  1154 D NetflixService: com.netflix.ninja is not top activity.
10-04 10:31:14.937  1154  1154 D NetflixService: processName:com.netflix.ninja,importance:400
10-04 10:31:14.939   441   454 D hdmicecd: [CEC]:printCecMessage, [4 -> 5] len: 3, body: 70 10 00, result:no ack
10-04 10:31:14.939   441   454 E IPCThreadState: binder thread pool (1 threads) starved for 117 ms
10-04 10:31:14.939   696   949 E HDMI    : [1]:Failed to send <System Audio Mode Request> 45:70:10:00 with errorCode=1
10-04 10:31:14.939  1154  1154 D NetflixService: com.netflix.ninjais not top activity.
10-04 10:31:14.939  1154  1154 I NetflixService: fg: false  mIsNetflixFg: false
10-04 10:31:14.940   696   949 D HDMI    : [S]:<Give Device Power Status> 40:8F
10-04 10:31:14.941  1154  1154 D NetflixService: com.airtel.tv is visible.
10-04 10:31:14.941  1154  1154 D NetflixService: com.google.android.youtube.tv is not top activity.
10-04 10:31:14.962   426  1494 D rtk_heartbeat: heartbeat_timed_out: heartbeatCmdCount = 43979, expected nextSeqNum = 43979
10-04 10:31:14.963   426  1381 D rtk_heartbeat: rtkbt_heartbeat_cmpl_cback: Current SeqNum = 43979,should SeqNum=43979, status = 0
10-04 10:31:14.997   441   454 D hdmicecd: [CEC]:printCecMessage, [4 -> 0] len: 1, body: 8f, result:no ack
10-04 10:31:15.055   441   454 D hdmicecd: [CEC]:printCecMessage, [4 -> 0] len: 1, body: 8f, result:no ack
10-04 10:31:15.055   441   454 E IPCThreadState: binder thread pool (1 threads) starved for 114 ms
10-04 10:31:15.059  1826 11283 D AdvertisingIdClient: AdvertisingIdClient already created.
10-04 10:31:15.059  1826 11283 D AdvertisingIdClient: AdvertisingIdClient is not bounded. Starting to bind it...
10-04 10:31:15.065  1154  1154 D NetflixService: handleMessage
10-04 10:31:15.069  1154  1154 D NetflixService: com.airtel.tv is visible.
10-04 10:31:15.069  1154  1154 D NetflixService: com.netflix.ninja is not top activity.
10-04 10:31:15.090  1154  1154 D NetflixService: processName:com.netflix.ninja,importance:400
10-04 10:31:15.091  1154  1154 D NetflixService: com.netflix.ninjais not top activity.
10-04 10:31:15.091  1154  1154 I NetflixService: fg: false  mIsNetflixFg: false
10-04 10:31:15.092  1826 11283 D AdvertisingIdClient: AdvertisingIdClient is bounded
10-04 10:31:15.093  1154  1154 D NetflixService: com.airtel.tv is visible.
10-04 10:31:15.093  1154  1154 D NetflixService: com.google.android.youtube.tv is not top activity.
10-04 10:31:15.107  8084 11272 E homepage: data received in RequestRetrofitRepo : tv.accedo.airtel.wynk.data.entity.LayoutBaseEntity@7689f470
10-04 10:31:15.109  1826 11283 I AdvertisingIdClient: shouldSendLog 42065312
10-04 10:31:15.110  1826 11283 I AdvertisingIdClient: GetInfoInternal elapse 50ms
10-04 10:31:15.122   441   454 D hdmicecd: [CEC]:printCecMessage, [4 -> 0] len: 1, body: 8f, result:no ack
10-04 10:31:15.131  8084 11272 E homepage: post processing done
10-04 10:31:15.144  1826  1826 I AdvertisingIdClient: getting error as 17: API: ClientTelemetry.API is not available on this device. Connection failed with: ConnectionResult{statusCode=API_DISABLED_FOR_CONNECTION, resolution=null, message=null}
10-04 10:31:15.179   441   454 D hdmicecd: [CEC]:printCecMessage, [4 -> 0] len: 1, body: 8f, result:no ack
10-04 10:31:15.179   441   454 E IPCThreadState: binder thread pool (1 threads) starved for 110 ms
10-04 10:31:15.180   696   949 E HDMI    : [6]:Failed to send <Give Device Power Status> 40:8F with errorCode=1
10-04 10:31:15.241   441   454 D hdmicecd: [CEC]:printCecMessage, [4 -> 5] len: 0, body:, result:no ack
10-04 10:31:15.242   696   949 D HDMI    : [S]:<Text View On> 40:0D
10-04 10:31:15.299   441   454 D hdmicecd: [CEC]:printCecMessage, [4 -> 0] len: 1, body: 0d, result:no ack
10-04 10:31:15.358   441   454 D hdmicecd: [CEC]:printCecMessage, [4 -> 0] len: 1, body: 0d, result:no ack
10-04 10:31:15.358   441   454 E IPCThreadState: binder thread pool (1 threads) starved for 115 ms
10-04 10:31:15.415   441   454 D hdmicecd: [CEC]:printCecMessage, [4 -> 0] len: 1, body: 0d, result:no ack
10-04 10:31:15.475   441   454 D hdmicecd: [CEC]:printCecMessage, [4 -> 0] len: 1, body: 0d, result:no ack
10-04 10:31:15.475   441   454 E IPCThreadState: binder thread pool (1 threads) starved for 116 ms
10-04 10:31:15.491  8084  8084 D IPTV_KPI: COLD_BOOT : 1272 ms
10-04 10:31:15.492  8084  8084 D IPTV_KPI: TAB_LOAD : 284291 ms
10-04 10:31:15.504  8084  8084 D Glide   : Finished loading BitmapDrawable from MEMORY_CACHE for http://tvimg.wynk.in/unsafe/fit-in/1920x548/filters:no_upscale():format(webp)/https://s3.ap-south-1.amazonaws.com/discovery-prod-arsenal/tile/artwork/1727983622442_ind_vs_nz-4-oct-7.30-pm_4k_1920-x-548.jpg with size [-2147483648x-2147483648] in 0.36116699999999996 ms
10-04 10:31:15.514  8084  8084 D Glide   : Finished loading BitmapDrawable from MEMORY_CACHE for http://tvimg.wynk.in/unsafe/fit-in/1920x548/filters:no_upscale():format(webp)/https://s3.ap-south-1.amazonaws.com/discovery-prod-arsenal/tile/artwork/1727954088147_pl-tournament_xstream-banner_1920-x-548.jpg with size [-2147483648x-2147483648] in 0.338916 ms
10-04 10:31:15.516  8084  8084 I showFeaturedBanner: 
10-04 10:31:15.540  8084  8084 E ConstraintLayout: layout_constraintWidth_default="wrap" is deprecated.
10-04 10:31:15.540  8084  8084 E ConstraintLayout: Use layout_width="WRAP_CONTENT" and layout_constrainedWidth="true" instead.
10-04 10:31:15.548  8084 11270 E ThemeUtils: View class com.airbnb.lottie.LottieAnimationView is an AppCompat widget that can only be used with a Theme.AppCompat theme (or descendant).
10-04 10:31:15.551  8084 11270 E ThemeUtils: View class androidx.appcompat.widget.AppCompatTextView is an AppCompat widget that can only be used with a Theme.AppCompat theme (or descendant).
10-04 10:31:15.561  8084 11270 E ThemeUtils: View class androidx.appcompat.widget.AppCompatTextView is an AppCompat widget that can only be used with a Theme.AppCompat theme (or descendant).
10-04 10:31:15.564  8084 11270 D SmartAsyncLayoutInflater: The background thread failed to inflate. Inflation falls back to the main thread. Error message=Binary XML file line #2 in com.airtel.tv:layout/custom_header_view: Binary XML file line #2 in com.airtel.tv:layout/custom_header_view: Error inflating class <unknown>
10-04 10:31:15.620  8084  8084 E ConstraintLayout: layout_constraintWidth_default="wrap" is deprecated.
10-04 10:31:15.620  8084  8084 E ConstraintLayout: Use layout_width="WRAP_CONTENT" and layout_constrainedWidth="true" instead.
10-04 10:31:15.627  8084 11270 E ThemeUtils: View class com.airbnb.lottie.LottieAnimationView is an AppCompat widget that can only be used with a Theme.AppCompat theme (or descendant).
10-04 10:31:15.630  8084 11270 E ThemeUtils: View class androidx.appcompat.widget.AppCompatTextView is an AppCompat widget that can only be used with a Theme.AppCompat theme (or descendant).
10-04 10:31:15.633  8084 11270 E ThemeUtils: View class androidx.appcompat.widget.AppCompatTextView is an AppCompat widget that can only be used with a Theme.AppCompat theme (or descendant).
10-04 10:31:15.635  8084 11270 D SmartAsyncLayoutInflater: The background thread failed to inflate. Inflation falls back to the main thread. Error message=Binary XML file line #2 in com.airtel.tv:layout/custom_header_view: Binary XML file line #2 in com.airtel.tv:layout/custom_header_view: Error inflating class <unknown>
10-04 10:31:15.651  8084  8084 D Glide   : Finished loading BitmapDrawable from MEMORY_CACHE for http://tvimg.wynk.in/unsafe/fit-in/300x169/filters:no_upscale():format(webp)/https://xstreamcp-assets-msp.streamready.in/assets/SONYLIV_VOD/MOVIE/6485908c82488153bfe3e82b/images/salute_12aug_landscape_thumb.jpg with size [-2147483648x-2147483648] in 0.37845799999999996 ms
10-04 10:31:15.676  8084  8084 D Glide   : Finished loading BitmapDrawable from MEMORY_CACHE for http://tvimg.wynk.in/unsafe/fit-in/300x169/filters:no_upscale():format(webp)/https://xstreamcp-assets-msp.streamready.in/assets/LIONSGATEPLAY/MOVIE/64f9ad835987c22787ba37a4/images/THEBLACKDEMONY2023MHI-airtel-cover-poster-1923X1082.jpg with size [-2147483648x-2147483648] in 0.349916 ms
10-04 10:31:15.697  8084  8084 D Glide   : Finished loading BitmapDrawable from MEMORY_CACHE for http://tvimg.wynk.in/unsafe/fit-in/300x169/filters:no_upscale():format(webp)/https://xstreamcp-assets-msp.streamready.in/assets/SONYLIV_VOD/EPISODE/6485cad482488153bfe4a7f5/images/maharani5_landscape_image.jpg with size [-2147483648x-2147483648] in 0.323708 ms
10-04 10:31:15.719  8084  8084 D Glide   : Finished loading BitmapDrawable from MEMORY_CACHE for http://tvimg.wynk.in/unsafe/fit-in/300x169/filters:no_upscale():format(webp)/https://xstreamcp-assets-msp.streamready.in/assets/SONYLIV_VOD/EPISODE/668fa79413fc7c3c9b6d8187/images/36_day_1920x1080_clean_airtel_landscape.jpg with size [-2147483648x-2147483648] in 0.354917 ms
10-04 10:31:15.742  8084  8084 D Glide   : Finished loading BitmapDrawable from MEMORY_CACHE for http://tvimg.wynk.in/unsafe/fit-in/300x169/filters:no_upscale():format(webp)/https://xstreamcp-assets-msp.streamready.in/assets/SHEMAROOME/MOVIE/6478338c59fcb666645f6943/images/xl_image_16_9_airtel_1723465577.jpg with size [-2147483648x-2147483648] in 0.35275 ms
10-04 10:31:15.763  8084  8084 D Glide   : Finished loading BitmapDrawable from MEMORY_CACHE for http://tvimg.wynk.in/unsafe/fit-in/300x169/filters:no_upscale():format(webp)/https://xstreamcp-assets-msp.streamready.in/assets/SHEMAROOME/MOVIE/6478327359fcb666645f5dc1/images/xl_image_16_9_1630335742.jpg with size [-2147483648x-2147483648] in 0.302958 ms
10-04 10:31:15.776  8084  8084 E ConstraintLayout: layout_constraintWidth_default="wrap" is deprecated.
10-04 10:31:15.776  8084  8084 E ConstraintLayout: Use layout_width="WRAP_CONTENT" and layout_constrainedWidth="true" instead.
10-04 10:31:15.777   696   696 D ResendCecCommandAction: sendCommandWithoutRetries failed, retry
10-04 10:31:15.786  8084 11270 E ThemeUtils: View class com.airbnb.lottie.LottieAnimationView is an AppCompat widget that can only be used with a Theme.AppCompat theme (or descendant).
10-04 10:31:15.791  8084 11270 E ThemeUtils: View class androidx.appcompat.widget.AppCompatTextView is an AppCompat widget that can only be used with a Theme.AppCompat theme (or descendant).
10-04 10:31:15.796  8084 11270 E ThemeUtils: View class androidx.appcompat.widget.AppCompatTextView is an AppCompat widget that can only be used with a Theme.AppCompat theme (or descendant).
10-04 10:31:15.803   441   454 D hdmicecd: [CEC]:printCecMessage, [4 -> 8] len: 0, body:, result:no ack
10-04 10:31:15.803  8084  8084 E ConstraintLayout: layout_constraintWidth_default="wrap" is deprecated.
10-04 10:31:15.803  8084  8084 E ConstraintLayout: Use layout_width="WRAP_CONTENT" and layout_constrainedWidth="true" instead.
10-04 10:31:15.803   696   949 D HDMI    : [S]:<Text View On> 40:0D
10-04 10:31:15.807  8084 11270 D SmartAsyncLayoutInflater: The background thread failed to inflate. Inflation falls back to the main thread. Error message=Binary XML file line #2 in com.airtel.tv:layout/custom_header_view: Binary XML file line #2 in com.airtel.tv:layout/custom_header_view: Error inflating class <unknown>
10-04 10:31:15.810  8084 10416 E ThemeUtils: View class com.airbnb.lottie.LottieAnimationView is an AppCompat widget that can only be used with a Theme.AppCompat theme (or descendant).
10-04 10:31:15.813  8084 10416 E ThemeUtils: View class androidx.appcompat.widget.AppCompatTextView is an AppCompat widget that can only be used with a Theme.AppCompat theme (or descendant).
10-04 10:31:15.817  8084 10416 E ThemeUtils: View class androidx.appcompat.widget.AppCompatTextView is an AppCompat widget that can only be used with a Theme.AppCompat theme (or descendant).
10-04 10:31:15.821  8084  8084 E ThemeUtils: View class androidx.appcompat.widget.AppCompatImageView is an AppCompat widget that can only be used with a Theme.AppCompat theme (or descendant).
10-04 10:31:15.821  8084 10416 D SmartAsyncLayoutInflater: The background thread failed to inflate. Inflation falls back to the main thread. Error message=Binary XML file line #2 in com.airtel.tv:layout/custom_header_view: Binary XML file line #2 in com.airtel.tv:layout/custom_header_view: Error inflating class <unknown>
10-04 10:31:15.826  8084  8084 E ThemeUtils: View class androidx.appcompat.widget.AppCompatImageView is an AppCompat widget that can only be used with a Theme.AppCompat theme (or descendant).
10-04 10:31:15.833  8084  8084 E ThemeUtils: View class androidx.appcompat.widget.AppCompatImageView is an AppCompat widget that can only be used with a Theme.AppCompat theme (or descendant).
10-04 10:31:15.838  8084  8084 E ThemeUtils: View class androidx.appcompat.widget.AppCompatImageView is an AppCompat widget that can only be used with a Theme.AppCompat theme (or descendant).
10-04 10:31:15.844  8084  8084 E ThemeUtils: View class androidx.appcompat.widget.AppCompatImageView is an AppCompat widget that can only be used with a Theme.AppCompat theme (or descendant).
10-04 10:31:15.848  8084  8084 E ThemeUtils: View class androidx.appcompat.widget.AppCompatImageView is an AppCompat widget that can only be used with a Theme.AppCompat theme (or descendant).
10-04 10:31:15.854  8084  8084 E ThemeUtils: View class androidx.appcompat.widget.AppCompatImageView is an AppCompat widget that can only be used with a Theme.AppCompat theme (or descendant).
10-04 10:31:15.857  8084  8084 E ThemeUtils: View class androidx.appcompat.widget.AppCompatImageView is an AppCompat widget that can only be used with a Theme.AppCompat theme (or descendant).
10-04 10:31:15.858   441   454 D hdmicecd: [CEC]:printCecMessage, [4 -> 0] len: 1, body: 0d, result:no ack
10-04 10:31:15.863  8084  8084 E ThemeUtils: View class androidx.appcompat.widget.AppCompatImageView is an AppCompat widget that can only be used with a Theme.AppCompat theme (or descendant).
10-04 10:31:15.868  8084  8084 E ThemeUtils: View class androidx.appcompat.widget.AppCompatImageView is an AppCompat widget that can only be used with a Theme.AppCompat theme (or descendant).
10-04 10:31:15.874  8084  8084 E ThemeUtils: View class androidx.appcompat.widget.AppCompatImageView is an AppCompat widget that can only be used with a Theme.AppCompat theme (or descendant).
10-04 10:31:15.878  8084  8084 E ThemeUtils: View class androidx.appcompat.widget.AppCompatImageView is an AppCompat widget that can only be used with a Theme.AppCompat theme (or descendant).
10-04 10:31:15.884  8084  8084 E ThemeUtils: View class androidx.appcompat.widget.AppCompatImageView is an AppCompat widget that can only be used with a Theme.AppCompat theme (or descendant).
10-04 10:31:15.888  8084  8084 E ThemeUtils: View class androidx.appcompat.widget.AppCompatImageView is an AppCompat widget that can only be used with a Theme.AppCompat theme (or descendant).
10-04 10:31:15.894  8084  8084 E ThemeUtils: View class androidx.appcompat.widget.AppCompatImageView is an AppCompat widget that can only be used with a Theme.AppCompat theme (or descendant).
10-04 10:31:15.898  8084  8084 E ThemeUtils: View class androidx.appcompat.widget.AppCompatImageView is an AppCompat widget that can only be used with a Theme.AppCompat theme (or descendant).
10-04 10:31:15.915   441   454 D hdmicecd: [CEC]:printCecMessage, [4 -> 0] len: 1, body: 0d, result:no ack
10-04 10:31:15.915  8084  8084 D Glide   : Finished loading BitmapDrawable from MEMORY_CACHE for http://tvimg.wynk.in/unsafe/filters:format(webp)/https://s3.ap-south-1.amazonaws.com/discovery-pre-prod-zion/tile/artwork/1713871346716_card_style.png with size [208x117] in 340.994083 ms
10-04 10:31:15.915   441   454 E IPCThreadState: binder thread pool (1 threads) starved for 111 ms
10-04 10:31:15.916  8084  8084 D Glide   : Finished loading BitmapDrawable from MEMORY_CACHE for http://tvimg.wynk.in/unsafe/filters:format(webp)/https://s3.ap-south-1.amazonaws.com/discovery-prod-arsenal/tile/artwork/1724389860533_app-icon-1920_x_1080.jpg with size [208x117] in 336.212042 ms
10-04 10:31:15.962  8084  8093 I com.airtel.tv: Background young concurrent copying GC freed 371034(14MB) AllocSpace objects, 27(3420KB) LOS objects, 11% free, 134MB/151MB, paused 301us,206us total 186.844ms
10-04 10:31:15.962   426  1494 D rtk_heartbeat: heartbeat_timed_out: heartbeatCmdCount = 43980, expected nextSeqNum = 43980
10-04 10:31:15.963   426  1381 D rtk_heartbeat: rtkbt_heartbeat_cmpl_cback: Current SeqNum = 43980,should SeqNum=43980, status = 0
10-04 10:31:15.975   441   454 D hdmicecd: [CEC]:printCecMessage, [4 -> 0] len: 1, body: 0d, result:no ack
10-04 10:31:15.996  8084  8095 W System  : A resource failed to call CursorWindow.close. 
10-04 10:31:15.996  8084  8095 W System  : A resource failed to call CursorWrapperInner.close. 
10-04 10:31:16.004  7788  7788 I GoogleInputMethodService: GoogleInputMethodService.onFinishInput():3184 
10-04 10:31:16.005  7788  7788 I GoogleInputMethodService: GoogleInputMethodService.updateDeviceLockedStatus():2246 repeatCheckTimes = 0, locked = false
10-04 10:31:16.005  7788  7788 I GoogleInputMethodService: GoogleInputMethodService.onStartInput():1982 onStartInput(EditorInfo{EditorInfo{packageName=com.airtel.tv, inputType=0, inputTypeString=NULL, enableLearning=false, autoCorrection=false, autoComplete=false, imeOptions=0, privateImeOptions=null, actionName=UNSPECIFIED, actionLabel=null, initialSelStart=-1, initialSelEnd=-1, initialCapsMode=0, label=null, fieldId=0, fieldName=null, extras=null, hintText=null, hintLocales=[]}}, false)
10-04 10:31:16.006  7788  7788 I GoogleInputMethodService: GoogleInputMethodService.updateDeviceLockedStatus():2246 repeatCheckTimes = 1, locked = false
10-04 10:31:16.007  7788  7788 I AndroidIME: InputBundleManager.loadActiveInputBundleId():450 loadActiveInputBundleId: und-Latn-x-password, password
10-04 10:31:16.007  7788  7788 I EmojiCompatManager: EmojiCompatManager.getEmojiCompatIfLoaded():342 EmojiCompat.init() was never called.
10-04 10:31:16.007  7788  7788 I EmojiCompatManager: java.lang.IllegalStateException: EmojiCompat is not initialized. Please call EmojiCompat.init() first
10-04 10:31:16.007  7788  7788 I EmojiCompatManager: 	at so.g(PG:3)
10-04 10:31:16.007  7788  7788 I EmojiCompatManager: 	at abd.a(PG:6)
10-04 10:31:16.007  7788  7788 I EmojiCompatManager: 	at edb.d(PG:1)
10-04 10:31:16.007  7788  7788 I EmojiCompatManager: 	at edb.b(PG:6)
10-04 10:31:16.007  7788  7788 I EmojiCompatManager: 	at com.android.inputmethod.latin.LatinIME.f(PG:286)
10-04 10:31:16.007  7788  7788 I EmojiCompatManager: 	at epp.onStartInput(PG:170)
10-04 10:31:16.007  7788  7788 I EmojiCompatManager: 	at android.inputmethodservice.InputMethodService.doStartInput(InputMethodService.java:3115)
10-04 10:31:16.007  7788  7788 I EmojiCompatManager: 	at android.inputmethodservice.InputMethodService$InputMethodImpl.startInput(InputMethodService.java:824)
10-04 10:31:16.007  7788  7788 I EmojiCompatManager: 	at android.inputmethodservice.InputMethodService$InputMethodImpl.dispatchStartInput(InputMethodService.java:853)
10-04 10:31:16.007  7788  7788 I EmojiCompatManager: 	at android.inputmethodservice.IInputMethodWrapper.executeMessage(IInputMethodWrapper.java:197)
10-04 10:31:16.007  7788  7788 I EmojiCompatManager: 	at com.android.internal.os.HandlerCaller$MyHandler.handleMessage(HandlerCaller.java:44)
10-04 10:31:16.007  7788  7788 I EmojiCompatManager: 	at android.os.Handler.dispatchMessage(Handler.java:106)
10-04 10:31:16.007  7788  7788 I EmojiCompatManager: 	at android.os.Looper.loopOnce(Looper.java:205)
10-04 10:31:16.007  7788  7788 I EmojiCompatManager: 	at android.os.Looper.loop(Looper.java:294)
10-04 10:31:16.007  7788  7788 I EmojiCompatManager: 	at android.app.ActivityThread.main(ActivityThread.java:8177)
10-04 10:31:16.007  7788  7788 I EmojiCompatManager: 	at java.lang.reflect.Method.invoke(Native Method)
10-04 10:31:16.007  7788  7788 I EmojiCompatManager: 	at com.android.internal.os.RuntimeInit$MethodAndArgsCaller.run(RuntimeInit.java:552)
10-04 10:31:16.007  7788  7788 I EmojiCompatManager: 	at com.android.internal.os.ZygoteInit.main(ZygoteInit.java:971)
10-04 10:31:16.032   441   454 D hdmicecd: [CEC]:printCecMessage, [4 -> 0] len: 1, body: 0d, result:no ack
10-04 10:31:16.032   441   454 E IPCThreadState: binder thread pool (1 threads) starved for 117 ms
10-04 10:31:16.040  8084  8084 I Choreographer: Skipped 30 frames!  The application may be doing too much work on its main thread.
