10-04 10:26:32.656   424  8590 I audio_hw_hal_stream: aml_stream_out_info_print: time_gap:22 ms (thr:100 ms), position_gap:21 ms, delay:142 ms, jitter: Position gap is behind system time gap by 1 ms (thr:100 ms)
10-04 10:26:32.735  8084  8143 I WM-WorkerWrapper: Worker result SUCCESS for Work [ id=57606400-eff3-4862-a8eb-e99b79ddef81, tags={ tv.airtel.wynk.analytics.sync.service.AnalyticsSyncService, com.airtel.analyticsSyncService } ]
10-04 10:26:32.770  8084  8084 E image load: onResourceReady null: 
10-04 10:26:32.774  8084  8143 I WM-WorkerWrapper: Worker result SUCCESS for Work [ id=37d08ab6-bd5e-44ba-b781-1f8ef048bb15, tags={ tv.airtel.wynk.analytics.sync.service.AnalyticsSyncService, com.airtel.analyticsSyncService } ]
10-04 10:26:32.787  8084  8084 D ANALYTICS_IPTV: AnalyticsEventTracker ***Event***Event{ts=1728017792784, meta={"content_name":"India TV - Hindi","tile_type":"LOCAL_TILE","box_type":"iptv","app_version":"1.0.0019:237","box_model":"bx:1.2.3","content_id":"66ba0b0b97b513229479d756","action":"card_focus","rail_name":"Trending News In Hindi","firmware":"fw:1.2.3","source_name":"TV Channels"}, uid=5ye_gfsYCZe-PoQ4A0, did=8fb17cc052aef526, os=Android, ov=34, bn=237, nq=-1, nt=2, nct=0, lc=en|hi|ta|kn, av=1.0.0019, dt=STB, type=focus, adid=95acddf7-5a94-4681-bf0a-0a767be9f2c3, brand=Airtel-Xstream, model=XstreamIPTV1-VT, dname=Vantiva XstreamIPTV1-VT, appId=IPTV, sId=8fb17cc052aef526, profileId=, ab_test=86079:0|108429:0|42374:0|78244:0|95458:0|75817:0|60412:1|117812:1|120676:1|113632:1|116206:0|66480:0|100390:2|76965:1|110385:0|129832:2, city=Delhi, state=National Capital Territory of Delhi, country=India, firebase_id=687ecd54b0fd95386e529fbf62179576} Critical: false
10-04 10:26:32.789  8084  8084 D Glide   : Finished loading BitmapDrawable from REMOTE for http://tvimg.wynk.in/unsafe/fit-in/300x169/filters:no_upscale():format(webp)/https://s3.ap-south-1.amazonaws.com/discovery-prod-arsenal/tile/artwork/1726042847073_288-sony-ten-2-hd.png with size [-2147483648x-2147483648] in 392.510376 ms
10-04 10:26:32.790  8084  8084 D Glide Image loaded for url DeferredCoroutine{Completed}@93a2ca6: 
10-04 10:26:32.808  8084  8143 I WM-WorkerWrapper: Worker result SUCCESS for Work [ id=9ff8ba5b-a50c-468a-b8c7-483b83b028be, tags={ tv.airtel.wynk.analytics.sync.service.AnalyticsSyncService, com.airtel.analyticsSyncService } ]
10-04 10:26:32.834  8084  8084 D Glide   : Finished loading BitmapDrawable from REMOTE for http://tvimg.wynk.in/unsafe/fit-in/300x169/filters:no_upscale():format(webp)/https://s3.ap-south-1.amazonaws.com/discovery-prod-arsenal/tile/artwork/1726042784528_281-star-sports-1-hindi.png with size [-2147483648x-2147483648] in 441.69075 ms
10-04 10:26:32.835  8084  8084 D Glide Image loaded for url DeferredCoroutine{Completed}@9a8d6b0: 
10-04 10:26:32.840  8084  8084 D Glide   : Finished loading BitmapDrawable from REMOTE for http://tvimg.wynk.in/unsafe/fit-in/300x169/filters:no_upscale():format(webp)/https://s3.ap-south-1.amazonaws.com/discovery-prod-arsenal/tile/artwork/1726043016282_289-sony-ten-3.png with size [-2147483648x-2147483648] in 440.319667 ms
10-04 10:26:32.841  8084  8084 D Glide Image loaded for url DeferredCoroutine{Completed}@6a204ae: 
10-04 10:26:32.842  8084  8143 I WM-WorkerWrapper: Worker result SUCCESS for Work [ id=4ff76b8a-f663-4fb8-8acf-09174cb4e9e5, tags={ tv.airtel.wynk.analytics.sync.service.AnalyticsSyncService, com.airtel.analyticsSyncService } ]
10-04 10:26:32.843  8084  8084 D Glide   : Finished loading BitmapDrawable from REMOTE for http://tvimg.wynk.in/unsafe/fit-in/300x169/filters:no_upscale():format(webp)/https://s3.ap-south-1.amazonaws.com/discovery-prod-arsenal/tile/artwork/1726042817926_282-star-sports-1-hindi-hd.png with size [-2147483648x-2147483648] in 404.801209 ms
10-04 10:26:32.843  8084  8084 D Glide Image loaded for url DeferredCoroutine{Completed}@cfd324f: 
10-04 10:26:32.847   696  1326 W JobScheduler: Job didn't exist in JobStore: 66d8180 #u0a43/2959 com.airtel.tv/androidx.work.impl.background.systemjob.SystemJobService
10-04 10:26:32.848  8084  8084 D Glide   : Finished loading BitmapDrawable from REMOTE for http://tvimg.wynk.in/unsafe/fit-in/300x169/filters:no_upscale():format(webp)/https://s3.ap-south-1.amazonaws.com/discovery-prod-arsenal/tile/artwork/1726042883129_290-sony-ten-3-hd.png with size [-2147483648x-2147483648] in 409.353667 ms
10-04 10:26:32.848  8084  8084 D Glide Image loaded for url DeferredCoroutine{Completed}@bf73ee5: 
10-04 10:26:32.850  8084  8084 D Glide   : Finished loading BitmapDrawable from REMOTE for http://tvimg.wynk.in/unsafe/fit-in/300x169/filters:no_upscale():format(webp)/https://s3.ap-south-1.amazonaws.com/discovery-prod-arsenal/tile/artwork/1726042686609_278-star-sports-1-hd.png with size [-2147483648x-2147483648] in 413.84358399999996 ms
10-04 10:26:32.851  8084  8084 D Glide Image loaded for url DeferredCoroutine{Completed}@78dbdba: 
10-04 10:26:32.857   696  1326 W JobScheduler: Job didn't exist in JobStore: 90ab75f #u0a43/2960 com.airtel.tv/androidx.work.impl.background.systemjob.SystemJobService
10-04 10:26:32.876  8084  8143 I WM-WorkerWrapper: Worker result SUCCESS for Work [ id=f9c28344-45c5-43f0-bbf8-abec99022bf2, tags={ tv.airtel.wynk.analytics.sync.service.AnalyticsSyncService, com.airtel.analyticsSyncService } ]
10-04 10:26:32.883   696  1326 W JobScheduler: Job didn't exist in JobStore: 3a4920a #u0a43/2961 com.airtel.tv/androidx.work.impl.background.systemjob.SystemJobService
10-04 10:26:32.892   696  2867 W JobScheduler: Job didn't exist in JobStore: 480c0f1 #u0a43/2962 com.airtel.tv/androidx.work.impl.background.systemjob.SystemJobService
10-04 10:26:32.907   696  2867 W JobScheduler: Job didn't exist in JobStore: 96a8e44 #u0a43/2963 com.airtel.tv/androidx.work.impl.background.systemjob.SystemJobService
10-04 10:26:32.912   426  1494 D rtk_heartbeat: heartbeat_timed_out: heartbeatCmdCount = 43697, expected nextSeqNum = 43697
10-04 10:26:32.913   426  1381 D rtk_heartbeat: rtkbt_heartbeat_cmpl_cback: Current SeqNum = 43697,should SeqNum=43697, status = 0
10-04 10:26:33.072  8084  8084 D Glide   : Finished loading BitmapDrawable from REMOTE for http://tvimg.wynk.in/unsafe/filters:format(webp)/https://s3.ap-south-1.amazonaws.com/discovery-prod-arsenal/tile/artwork/1723468545300_india_tv.png with size [-2147483648x-2147483648] in 183.30575 ms
10-04 10:26:33.072  8084  8084 D Glide Image loaded for url DeferredCoroutine{Completed}@f69be99: 
10-04 10:26:33.410  8084  8143 I WM-WorkerWrapper: Worker result SUCCESS for Work [ id=d07b9a8c-a01d-451e-a268-5c50815d62c6, tags={ tv.airtel.wynk.analytics.sync.service.AnalyticsSyncService, com.airtel.analyticsSyncService } ]
10-04 10:26:33.525  8084  8143 I WM-WorkerWrapper: Worker result SUCCESS for Work [ id=33821c04-be1b-4ff5-a43f-4b57b9ca2ec8, tags={ tv.airtel.wynk.analytics.sync.service.AnalyticsSyncService, com.airtel.analyticsSyncService } ]
10-04 10:26:33.572 10962 10962 D MonkeyStub: translateCommand: press KEYCODE_BACK
10-04 10:26:33.579   459   459 I lights-tch: flashMode 0 id 2 onMs 0 offMs 0 brightness 0
10-04 10:26:33.582   459   459 I lights-tch: flashMode 0 id 2 onMs 0 offMs 0 brightness 225
10-04 10:26:33.610  8084  8143 I WM-WorkerWrapper: Worker result SUCCESS for Work [ id=01b96fef-1182-4245-b915-1353a39da731, tags={ tv.airtel.wynk.analytics.sync.service.AnalyticsSyncService, com.airtel.analyticsSyncService } ]
10-04 10:26:33.645   696  1326 W JobScheduler: Job didn't exist in JobStore: 281e2e5 #u0a43/2966 com.airtel.tv/androidx.work.impl.background.systemjob.SystemJobService
--------- beginning of main
10-04 10:26:33.784  8084  8143 I WM-WorkerWrapper: Worker result SUCCESS for Work [ id=48a7fb8b-4ddd-4928-b209-b27550e5d41a, tags={ tv.airtel.wynk.analytics.sync.service.AnalyticsSyncService, com.airtel.analyticsSyncService } ]
10-04 10:26:33.868  1154  1154 I ThermalService: CPU temperatures: [47.9]
10-04 10:26:33.887  8084  8143 I WM-WorkerWrapper: Worker result SUCCESS for Work [ id=d0e40d86-7538-496f-b514-160f9c1f2c36, tags={ tv.airtel.wynk.analytics.sync.service.AnalyticsSyncService, com.airtel.analyticsSyncService } ]
10-04 10:26:33.912   426  1494 D rtk_heartbeat: heartbeat_timed_out: heartbeatCmdCount = 43698, expected nextSeqNum = 43698
10-04 10:26:33.913   426  1381 D rtk_heartbeat: rtkbt_heartbeat_cmpl_cback: Current SeqNum = 43698,should SeqNum=43698, status = 0
--------- beginning of system
10-04 10:26:33.957   696  1326 W JobScheduler: Job didn't exist in JobStore: 684d8d4 #u0a43/2979 com.airtel.tv/androidx.work.impl.background.systemjob.SystemJobService
10-04 10:26:33.965   696   799 W JobScheduler: Job didn't exist in JobStore: 86ae110 #u0a43/2975 com.airtel.tv/androidx.work.impl.background.systemjob.SystemJobService
10-04 10:26:33.991   696  1326 W JobScheduler: Job didn't exist in JobStore: cad082f #u0a43/2976 com.airtel.tv/androidx.work.impl.background.systemjob.SystemJobService
10-04 10:26:34.009   696  1326 W JobScheduler: Job didn't exist in JobStore: e50751a #u0a43/2977 com.airtel.tv/androidx.work.impl.background.systemjob.SystemJobService
10-04 10:26:34.022   696  1326 W JobScheduler: Job didn't exist in JobStore: 8ee140d #u0a43/2974 com.airtel.tv/androidx.work.impl.background.systemjob.SystemJobService
10-04 10:26:34.050   696  1326 W JobScheduler: Job didn't exist in JobStore: 9980b41 #u0a43/2978 com.airtel.tv/androidx.work.impl.background.systemjob.SystemJobService
10-04 10:26:34.320   424   471 D audio_hw_hal_primary: [out_standby_new:5414] io 13: out:0xf2d00740 usecase:PCM_NORMAL
10-04 10:26:34.320   424   471 I audio_hw_hal_primary: [do_output_standby_l:5310] io 13: out:0xf2d00740, stream usecase:PCM_NORMAL, continuous:1
10-04 10:26:34.320   424   471 I audio_hw_hal_primary: [usecase_change_validate_l:7065] ++ io 13: out:0xf2d00740 dev masks:0x1 is_standby:1 out usecase:PCM_NORMAL
10-04 10:26:34.320   424   471 I audio_hw_hal_primary: [usecase_change_validate_l:7102] -- dev masks:0 is_standby:1 out usecase PCM_NORMAL
10-04 10:26:34.320   424   471 D audio_hw_hal_primary: [out_standby_new:5437] io 13: out:0xf2d00740 usecase:PCM_NORMAL exit
10-04 10:26:34.406   424   582 D libdolbyms12: continuous underrun 2
10-04 10:26:34.912   426  1494 D rtk_heartbeat: heartbeat_timed_out: heartbeatCmdCount = 43699, expected nextSeqNum = 43699
10-04 10:26:34.913   426  1381 D rtk_heartbeat: rtkbt_heartbeat_cmpl_cback: Current SeqNum = 43699,should SeqNum=43699, status = 0
--------- beginning of kernel
10-04 10:26:35.126     0     0 W [0 T1289  ..] RTW: rtw_get_sta_tx_stat() not support
10-04 10:26:35.127     0     0 W [0 T1289  ..] RTW: cfg80211_rtw_get_txpower
10-04 10:26:35.756   424   582 I audio_hw_hal_alsamgr: alsa format =0x1 delay frames =1024 total frames=2098688000
10-04 10:26:35.786 10962 10962 D MonkeyStub: translateCommand: press DPAD_RIGHT
10-04 10:26:35.790   459   459 I lights-tch: flashMode 0 id 2 onMs 0 offMs 0 brightness 0
10-04 10:26:35.794   459   459 I lights-tch: flashMode 0 id 2 onMs 0 offMs 0 brightness 225
10-04 10:26:35.831   424   471 I audio_hw_hal_primary: [register_audio_patch:7826] Patch 3:id:3 mix(io:13)->dev_0[OUT_HDMI(id:18)] found, register the same patch, do nothing.
10-04 10:26:35.831   424   471 I audio_hw_hal_primary: [adev_create_audio_patch:7927] Patch 3: MIX->DEVICE, num_src:1 num_sink:1 patch_src:INVAL
10-04 10:26:35.832   424   471 I audio_hw_hal_primary: [adev_create_audio_patch:7931] sink[0]: OUT_HDMI(id:18)
10-04 10:26:35.832   424   471 I audio_hw_hal_primary: [adev_create_audio_patch:7988] Patch 3: mix(io:13) -> dev[OUT_HDMI(id:18)]
10-04 10:26:35.832   424   471 I audio_hw_hal_primary: [adev_create_audio_patch:8056] dev=0xf3782930 cur_out_device=0x400
10-04 10:26:35.832  1154  1349 D UEventObserver: change@/devices/platform/auge_sound/sound/card0/controlC0��ACTION=change��DEVPATH=/devices/platform/auge_sound/sound/card0/controlC0��SUBSYSTEM=sound��AUDIO_FORMAT=0��MAJOR=116��MINOR=11��DEVNAME=snd/controlC0��SEQNUM=3308��
10-04 10:26:35.833  1154  1349 W ContextImpl: Calling a method in the system process without a qualified user: android.app.ContextImpl.sendBroadcast:1220 android.content.ContextWrapper.sendBroadcast:504 com.droidlogic.audioservice.services.AudioSystemCmdService$1.onUEvent:177 com.droidlogic.UEventObserver$UEventThread.sendEvent:213 com.droidlogic.UEventObserver$UEventThread.run:190 
10-04 10:26:35.838   472  2595 D audioserver: FGS Logger Transaction failed
10-04 10:26:35.838   472  2595 D audioserver: -129
10-04 10:26:35.840   424  8590 I audio_hw_hal_primary: [mixer_aux_buffer_write:6665] io 13: out:0xf2d00740 usecase:PCM_NORMAL standby to unstandby
10-04 10:26:35.841   424  8590 E audio_hw_hal_virtualbuf: ms12 system input underrun happens read=4594250293 write=3199999950 diff=1394250343
10-04 10:26:35.874     0     0 I [0 T230   ..] logd: logdr: UID=2000 GID=2000 PID=11107 n tail=0 logMask=99 pid=0 start=0ns deadline=0ns
--------- beginning of main
10-04 10:26:35.944   424  8590 I audio_hw_hal_primary: [audiohal_get_latency:1258] io 13: out:0xf2d00740 frames:3072 rate:48000 whole_latency:64 alsa_latency:64
10-04 10:26:35.965   424  8590 I audio_hw_hal_primary: [audiohal_get_latency:1258] io 13: out:0xf2d00740 frames:3072 rate:48000 whole_latency:64 alsa_latency:64
10-04 10:26:35.982   424  8590 I audio_hw_hal_primary: [audiohal_get_latency:1258] io 13: out:0xf2d00740 frames:3072 rate:48000 whole_latency:64 alsa_latency:64
10-04 10:26:36.004   424  8590 I audio_hw_hal_primary: [audiohal_get_latency:1258] io 13: out:0xf2d00740 frames:3072 rate:48000 whole_latency:64 alsa_latency:64
10-04 10:26:36.023   424  8590 I audio_hw_hal_primary: [audiohal_get_latency:1258] io 13: out:0xf2d00740 frames:3072 rate:48000 whole_latency:64 alsa_latency:64
10-04 10:26:36.044   424  8590 I audio_hw_hal_primary: [audiohal_get_latency:1258] io 13: out:0xf2d00740 frames:3072 rate:48000 whole_latency:64 alsa_latency:64
10-04 10:26:36.045   472   662 D audioserver: FGS Logger Transaction failed
10-04 10:26:36.045   472   662 D audioserver: -129
10-04 10:26:36.913   426  1494 D rtk_heartbeat: heartbeat_timed_out: heartbeatCmdCount = 43701, expected nextSeqNum = 43701
10-04 10:26:36.914   426  1381 D rtk_heartbeat: rtkbt_heartbeat_cmpl_cback: Current SeqNum = 43701,should SeqNum=43701, status = 0
10-04 10:26:37.656   424  8590 I audio_hw_hal_stream: aml_stream_out_info_print: out:0xf2d00740, stream_type:pcm, sync_mode:non tunnel, input_size:65191936 bytes
10-04 10:26:37.656   424  8590 I audio_hw_hal_stream: aml_stream_out_info_print: last_time:43737219 ms (sec:43737, nsec:219621480), last_position:339404 ms (16291408), cur_time:43737241 ms (sec:43737, nsec:241404105), cur_position:339425 ms (16292432)
10-04 10:26:37.656   424  8590 I audio_hw_hal_stream: aml_stream_out_info_print: time_gap:22 ms (thr:100 ms), position_gap:21 ms, delay:115 ms, jitter: Position gap is behind system time gap by 1 ms (thr:100 ms)
10-04 10:26:37.872  1154  1154 I ThermalService: CPU temperatures: [46.000004]
10-04 10:26:37.913   426  1494 D rtk_heartbeat: heartbeat_timed_out: heartbeatCmdCount = 43702, expected nextSeqNum = 43702
10-04 10:26:37.914   426  1381 D rtk_heartbeat: rtkbt_heartbeat_cmpl_cback: Current SeqNum = 43702,should SeqNum=43702, status = 0
10-04 10:26:37.951 10962 10962 D MonkeyStub: translateCommand: press DPAD_DOWN
10-04 10:26:37.956   459   459 I lights-tch: flashMode 0 id 2 onMs 0 offMs 0 brightness 0
10-04 10:26:37.960   459   459 I lights-tch: flashMode 0 id 2 onMs 0 offMs 0 brightness 225
