10-04 09:59:16.647   441   455 D hdmicecd: [CEC]:printCecMessage, [4 -> 0] len: 1, body: 0d, result:no ack
10-04 09:59:16.647   441   455 E IPCThreadState: binder thread pool (1 threads) starved for 118 ms
10-04 09:59:16.703   441   455 D hdmicecd: [CEC]:printCecMessage, [4 -> 0] len: 1, body: 0d, result:no ack
10-04 09:59:16.759   441   455 D hdmicecd: [CEC]:printCecMessage, [4 -> 0] len: 1, body: 0d, result:no ack
10-04 09:59:16.759   441   455 E IPCThreadState: binder thread pool (1 threads) starved for 112 ms
10-04 09:59:16.888  1826  1826 D BoundBrokerSvc: onUnbind: Intent { act=com.google.android.gms.measurement.START pkg=com.google.android.gms }
10-04 09:59:17.060   696   696 D ResendCecCommandAction: sendCommandWithoutRetries failed, retry
10-04 09:59:17.071   441   455 D hdmicecd: [CEC]:printCecMessage, [4 -> e] len: 0, body:, result:no ack
10-04 09:59:17.071   696   696 D HdmiCecController: [P]:AllocatedAddress=[]
10-04 09:59:17.071   696   949 D HDMI    : [S]:<Text View On> 40:0D
10-04 09:59:17.071   696   696 V HotPlugDetectionAction: Finish poll all devices.
10-04 09:59:17.111  1154  1154 I ThermalService: CPU temperatures: [42.600002]
10-04 09:59:17.127   441   455 D hdmicecd: [CEC]:printCecMessage, [4 -> 0] len: 1, body: 0d, result:no ack
10-04 09:59:17.182   441   455 D hdmicecd: [CEC]:printCecMessage, [4 -> 0] len: 1, body: 0d, result:no ack
10-04 09:59:17.183   441   455 E IPCThreadState: binder thread pool (1 threads) starved for 111 ms
10-04 09:59:17.239   441   455 D hdmicecd: [CEC]:printCecMessage, [4 -> 0] len: 1, body: 0d, result:no ack
10-04 09:59:17.298   441   455 D hdmicecd: [CEC]:printCecMessage, [4 -> 0] len: 1, body: 0d, result:no ack
10-04 09:59:17.299   441   455 E IPCThreadState: binder thread pool (1 threads) starved for 116 ms
--------- beginning of kernel
10-04 09:59:17.411     0     0 W [3 T1289  ..] RTW: rtw_get_sta_tx_stat() not support
10-04 09:59:17.411     0     0 W [3 T1289  ..] RTW: cfg80211_rtw_get_txpower
10-04 09:59:17.621   426  1494 D rtk_heartbeat: heartbeat_timed_out: heartbeatCmdCount = 42062, expected nextSeqNum = 42062
10-04 09:59:17.622   426  1381 D rtk_heartbeat: rtkbt_heartbeat_cmpl_cback: Current SeqNum = 42062,should SeqNum=42062, status = 0
10-04 09:59:17.802   424   471 D audio_hw_hal_primary: [out_standby_new:5414] io 13: out:0xf2d00740 usecase:PCM_NORMAL
10-04 09:59:17.802   424   471 I audio_hw_hal_primary: [do_output_standby_l:5310] io 13: out:0xf2d00740, stream usecase:PCM_NORMAL, continuous:1
10-04 09:59:17.802   424   471 I audio_hw_hal_primary: [usecase_change_validate_l:7065] ++ io 13: out:0xf2d00740 dev masks:0x1 is_standby:1 out usecase:PCM_NORMAL
10-04 09:59:17.802   424   471 I audio_hw_hal_primary: [usecase_change_validate_l:7102] -- dev masks:0 is_standby:1 out usecase PCM_NORMAL
10-04 09:59:17.802   424   471 D audio_hw_hal_primary: [out_standby_new:5437] io 13: out:0xf2d00740 usecase:PCM_NORMAL exit
10-04 09:59:17.889   424   582 D libdolbyms12: continuous underrun 2
10-04 09:59:17.999   696   696 W WindowManager: One touch play failed: 1
10-04 09:59:18.422   424   582 I audio_hw_hal_alsamgr: alsa format =0x1 delay frames =1024 total frames=2020096000
10-04 09:59:18.622   426  1494 D rtk_heartbeat: heartbeat_timed_out: heartbeatCmdCount = 42063, expected nextSeqNum = 42063
10-04 09:59:18.623   426  1381 D rtk_heartbeat: rtkbt_heartbeat_cmpl_cback: Current SeqNum = 42063,should SeqNum=42063, status = 0
10-04 09:59:19.115  1154  1154 I ThermalService: CPU temperatures: [42.100002]
10-04 09:59:19.622   426  1494 D rtk_heartbeat: heartbeat_timed_out: heartbeatCmdCount = 42064, expected nextSeqNum = 42064
10-04 09:59:19.623   426  1381 D rtk_heartbeat: rtkbt_heartbeat_cmpl_cback: Current SeqNum = 42064,should SeqNum=42064, status = 0
10-04 09:59:19.875 10015 10015 D MonkeyStub: translateCommand: press DPAD_DOWN
10-04 09:59:19.878   459   459 I lights-tch: flashMode 0 id 2 onMs 0 offMs 0 brightness 0
10-04 09:59:19.882   459   459 I lights-tch: flashMode 0 id 2 onMs 0 offMs 0 brightness 225
10-04 09:59:19.902  8084  8084 D ANALYTICS_IPTV: AnalyticsEventTracker ***Event***Event{ts=1728016159898, meta={"box_type":"iptv","asset_name":"OTT Grievance","app_version":"1.0.0019:237","box_model":"bx:1.2.3","action":"settings_focus","customer_id":"3026341863","firmware":"fw:1.2.3","source_name":"settings_L1"}, uid=5ye_gfsYCZe-PoQ4A0, did=8fb17cc052aef526, os=Android, ov=34, bn=237, nq=-1, nt=2, nct=0, lc=en|hi|ta|kn, av=1.0.0019, dt=STB, type=focus, adid=95acddf7-5a94-4681-bf0a-0a767be9f2c3, brand=Airtel-Xstream, model=XstreamIPTV1-VT, dname=Vantiva XstreamIPTV1-VT, appId=IPTV, sId=8fb17cc052aef526, profileId=, ab_test=86079:0|108429:0|42374:0|78244:0|95458:0|75817:0|60412:1|117812:1|120676:1|113632:1|116206:0|66480:0|100390:2|76965:1|110385:0|129832:2, city=Delhi, state=National Capital Territory of Delhi, country=India, firebase_id=687ecd54b0fd95386e529fbf62179576} Critical: false
--------- beginning of main
10-04 09:59:20.054   696  1097 D ConnectivityService: requestNetwork for uid/pid:10043/8084 activeRequest: null callbackRequest: 528 [NetworkRequest [ REQUEST id=529, [ Capabilities: INTERNET&NOT_RESTRICTED&TRUSTED&NOT_VCN_MANAGED Uid: 10043 RequestorUid: 10043 RequestorPkg: com.airtel.tv UnderlyingNetworks: Null] ]] callback flags: 0 order: 2147483647
10-04 09:59:20.057   696   910 D WifiNetworkFactory: got request NetworkRequest [ REQUEST id=529, [ Capabilities: INTERNET&NOT_RESTRICTED&TRUSTED&NOT_VCN_MANAGED Uid: 10043 RequestorUid: 10043 RequestorPkg: com.airtel.tv UnderlyingNetworks: Null] ]
10-04 09:59:20.057   696   910 D UntrustedWifiNetworkFactory: got request NetworkRequest [ REQUEST id=529, [ Capabilities: INTERNET&NOT_RESTRICTED&TRUSTED&NOT_VCN_MANAGED Uid: 10043 RequestorUid: 10043 RequestorPkg: com.airtel.tv UnderlyingNetworks: Null] ]
10-04 09:59:20.058   696   910 D OemPaidWifiNetworkFactory: got request NetworkRequest [ REQUEST id=529, [ Capabilities: INTERNET&NOT_RESTRICTED&TRUSTED&NOT_VCN_MANAGED Uid: 10043 RequestorUid: 10043 RequestorPkg: com.airtel.tv UnderlyingNetworks: Null] ]
10-04 09:59:20.058   696   910 D MultiInternetWifiNetworkFactory: got request NetworkRequest [ REQUEST id=529, [ Capabilities: INTERNET&NOT_RESTRICTED&TRUSTED&NOT_VCN_MANAGED Uid: 10043 RequestorUid: 10043 RequestorPkg: com.airtel.tv UnderlyingNetworks: Null] ]
10-04 09:59:20.059   696   918 D ConnectivityService: NetReassign [529 : null → 100] [c 0] [a 1] [i 3]
10-04 09:59:20.071   424  8590 I audio_hw_hal_primary: [audiohal_get_latency:1258] io 13: out:0xf2d00740 frames:3072 rate:48000 whole_latency:64 alsa_latency:64
10-04 09:59:20.093   424  8590 I audio_hw_hal_primary: [audiohal_get_latency:1258] io 13: out:0xf2d00740 frames:3072 rate:48000 whole_latency:64 alsa_latency:64
10-04 09:59:20.110   424  8590 I audio_hw_hal_primary: [audiohal_get_latency:1258] io 13: out:0xf2d00740 frames:3072 rate:48000 whole_latency:64 alsa_latency:64
10-04 09:59:20.110  8084  8193 I WM-WorkerWrapper: Worker result SUCCESS for Work [ id=a8ac0376-6677-4bc8-af9b-3287a06ed01d, tags={ tv.airtel.wynk.analytics.sync.service.AnalyticsSyncService, com.airtel.analyticsSyncService } ]
10-04 09:59:20.131   424  8590 I audio_hw_hal_primary: [audiohal_get_latency:1258] io 13: out:0xf2d00740 frames:3072 rate:48000 whole_latency:64 alsa_latency:64
10-04 09:59:20.150   424  8590 I audio_hw_hal_primary: [audiohal_get_latency:1258] io 13: out:0xf2d00740 frames:3072 rate:48000 whole_latency:64 alsa_latency:64
10-04 09:59:20.171   424  8590 I audio_hw_hal_primary: [audiohal_get_latency:1258] io 13: out:0xf2d00740 frames:3072 rate:48000 whole_latency:64 alsa_latency:64
10-04 09:59:20.172   472   662 D audioserver: FGS Logger Transaction failed
10-04 09:59:20.172   472   662 D audioserver: -129
10-04 09:59:20.185   696  1097 D ConnectivityService: requestNetwork for uid/pid:10043/8084 activeRequest: null callbackRequest: 530 [NetworkRequest [ REQUEST id=531, [ Capabilities: INTERNET&NOT_RESTRICTED&TRUSTED&NOT_VCN_MANAGED Uid: 10043 RequestorUid: 10043 RequestorPkg: com.airtel.tv UnderlyingNetworks: Null] ]] callback flags: 0 order: 2147483647
10-04 09:59:20.189   696   910 D WifiNetworkFactory: got request NetworkRequest [ REQUEST id=531, [ Capabilities: INTERNET&NOT_RESTRICTED&TRUSTED&NOT_VCN_MANAGED Uid: 10043 RequestorUid: 10043 RequestorPkg: com.airtel.tv UnderlyingNetworks: Null] ]
10-04 09:59:20.189   696   910 D UntrustedWifiNetworkFactory: got request NetworkRequest [ REQUEST id=531, [ Capabilities: INTERNET&NOT_RESTRICTED&TRUSTED&NOT_VCN_MANAGED Uid: 10043 RequestorUid: 10043 RequestorPkg: com.airtel.tv UnderlyingNetworks: Null] ]
10-04 09:59:20.189   696   910 D OemPaidWifiNetworkFactory: got request NetworkRequest [ REQUEST id=531, [ Capabilities: INTERNET&NOT_RESTRICTED&TRUSTED&NOT_VCN_MANAGED Uid: 10043 RequestorUid: 10043 RequestorPkg: com.airtel.tv UnderlyingNetworks: Null] ]
10-04 09:59:20.190   696   910 D MultiInternetWifiNetworkFactory: got request NetworkRequest [ REQUEST id=531, [ Capabilities: INTERNET&NOT_RESTRICTED&TRUSTED&NOT_VCN_MANAGED Uid: 10043 RequestorUid: 10043 RequestorPkg: com.airtel.tv UnderlyingNetworks: Null] ]
10-04 09:59:20.191   696   918 D ConnectivityService: NetReassign [531 : null → 100] [c 0] [a 1] [i 4]
10-04 09:59:20.239  8084  8143 I WM-WorkerWrapper: Worker result SUCCESS for Work [ id=3f279d83-830c-4145-ad86-8875b6921171, tags={ tv.airtel.wynk.analytics.sync.service.AnalyticsSyncService, com.airtel.analyticsSyncService } ]
--------- beginning of system
10-04 09:59:20.253   696   849 W JobScheduler: Job didn't exist in JobStore: 408717f #u0a43/2146 com.airtel.tv/androidx.work.impl.background.systemjob.SystemJobService
--------- beginning of kernel
10-04 09:59:20.415     0     0 W [2 T1289  ..] RTW: rtw_get_sta_tx_stat() not support
10-04 09:59:20.415     0     0 W [2 T1289  ..] RTW: cfg80211_rtw_get_txpower
10-04 09:59:20.451  8084  8084 D Glide   : Finished loading BitmapDrawable from MEMORY_CACHE for http://tvimg.wynk.in/unsafe/fit-in/1920x548/filters:no_upscale():format(webp)/https://s3.ap-south-1.amazonaws.com/discovery-prod-arsenal/tile/artwork/1727811858264_airtel-stb_ind-vs-nz-3-oct-7.30pm_ss1hd_hindi_1920-x-548.jpg with size [-2147483648x-2147483648] in 0.6613749999999999 ms
10-04 09:59:20.622   426  1494 D rtk_heartbeat: heartbeat_timed_out: heartbeatCmdCount = 42065, expected nextSeqNum = 42065
10-04 09:59:20.623   426  1381 D rtk_heartbeat: rtkbt_heartbeat_cmpl_cback: Current SeqNum = 42065,should SeqNum=42065, status = 0
10-04 09:59:21.119  1154  1154 I ThermalService: CPU temperatures: [42.300003]
10-04 09:59:21.622   426  1494 D rtk_heartbeat: heartbeat_timed_out: heartbeatCmdCount = 42066, expected nextSeqNum = 42066
10-04 09:59:21.623   426  1381 D rtk_heartbeat: rtkbt_heartbeat_cmpl_cback: Current SeqNum = 42066,should SeqNum=42066, status = 0
10-04 09:59:22.622   426  1494 D rtk_heartbeat: heartbeat_timed_out: heartbeatCmdCount = 42067, expected nextSeqNum = 42067
10-04 09:59:22.623   426  1381 D rtk_heartbeat: rtkbt_heartbeat_cmpl_cback: Current SeqNum = 42067,should SeqNum=42067, status = 0
10-04 09:59:23.042   424   471 D audio_hw_hal_primary: [out_standby_new:5414] io 13: out:0xf2d00740 usecase:PCM_NORMAL
10-04 09:59:23.042   424   471 I audio_hw_hal_primary: [do_output_standby_l:5310] io 13: out:0xf2d00740, stream usecase:PCM_NORMAL, continuous:1
10-04 09:59:23.042   424   471 I audio_hw_hal_primary: [usecase_change_validate_l:7065] ++ io 13: out:0xf2d00740 dev masks:0x1 is_standby:1 out usecase:PCM_NORMAL
10-04 09:59:23.042   424   471 I audio_hw_hal_primary: [usecase_change_validate_l:7102] -- dev masks:0 is_standby:1 out usecase PCM_NORMAL
10-04 09:59:23.042   424   471 D audio_hw_hal_primary: [out_standby_new:5437] io 13: out:0xf2d00740 usecase:PCM_NORMAL exit
10-04 09:59:23.122  1154  1154 I ThermalService: CPU temperatures: [42.100002]
10-04 09:59:23.126   424   582 D libdolbyms12: continuous underrun 2
10-04 09:59:23.421     0     0 W [2 T1289  ..] RTW: rtw_get_sta_tx_stat() not support
10-04 09:59:23.421     0     0 W [2 T1289  ..] RTW: cfg80211_rtw_get_txpower
10-04 09:59:23.622   426  1494 D rtk_heartbeat: heartbeat_timed_out: heartbeatCmdCount = 42068, expected nextSeqNum = 42068
10-04 09:59:23.624   426  1381 D rtk_heartbeat: rtkbt_heartbeat_cmpl_cback: Current SeqNum = 42068,should SeqNum=42068, status = 0
10-04 09:59:23.755   424   582 I audio_hw_hal_alsamgr: alsa format =0x1 delay frames =1024 total frames=2020352000
10-04 09:59:24.623   426  1494 D rtk_heartbeat: heartbeat_timed_out: heartbeatCmdCount = 42069, expected nextSeqNum = 42069
10-04 09:59:24.624   426  1381 D rtk_heartbeat: rtkbt_heartbeat_cmpl_cback: Current SeqNum = 42069,should SeqNum=42069, status = 0
10-04 09:59:25.126  1154  1154 I ThermalService: CPU temperatures: [41.9]
10-04 09:59:25.478  8084  8084 D Glide   : Finished loading BitmapDrawable from MEMORY_CACHE for http://tvimg.wynk.in/unsafe/fit-in/1920x548/filters:no_upscale():format(webp)/https://s3.ap-south-1.amazonaws.com/discovery-prod-arsenal/tile/artwork/1727949256048_action-adda_1920x548.jpg with size [-2147483648x-2147483648] in 0.582375 ms
10-04 09:59:25.623   426  1494 D rtk_heartbeat: heartbeat_timed_out: heartbeatCmdCount = 42070, expected nextSeqNum = 42070
10-04 09:59:25.624   426  1381 D rtk_heartbeat: rtkbt_heartbeat_cmpl_cback: Current SeqNum = 42070,should SeqNum=42070, status = 0
10-04 09:59:26.428     0     0 W [1 T1289  ..] RTW: rtw_get_sta_tx_stat() not support
10-04 09:59:26.428     0     0 W [1 T1289  ..] RTW: cfg80211_rtw_get_txpower
10-04 09:59:26.623   426  1494 D rtk_heartbeat: heartbeat_timed_out: heartbeatCmdCount = 42071, expected nextSeqNum = 42071
10-04 09:59:26.624   426  1381 D rtk_heartbeat: rtkbt_heartbeat_cmpl_cback: Current SeqNum = 42071,should SeqNum=42071, status = 0
10-04 09:59:26.885   424   582 I audio_hw_hal_alsamgr: alsa format =0x9000000 delay frames =1408 total frames=2019840000
10-04 09:59:26.896   696   866 D ActivityManager: freezing 1826 com.google.android.gms
10-04 09:59:27.090 10015 10015 D MonkeyStub: translateCommand: press KEYCODE_HOME
10-04 09:59:27.093   459   459 I lights-tch: flashMode 0 id 2 onMs 0 offMs 0 brightness 0
10-04 09:59:27.095   459   459 I lights-tch: flashMode 0 id 2 onMs 0 offMs 0 brightness 225
10-04 09:59:27.096   696   809 D HdmiControlService: Process pid: 696 is calling oneTouchPlay.
10-04 09:59:27.096   696   696 D HDMI    : oneTouchPlay com.android.server.hdmi.OneTouchPlayAction@9785a38
10-04 09:59:27.096   696   696 I OneTouchPlayAction: Start action.
10-04 09:59:27.097   696   949 D HDMI    : [S]:<Text View On> 40:0D
10-04 09:59:27.097   696   696 D HDMI    : setActiveSource logical:0x04 physical:0x1000 OneTouchPlayAction#broadcastActiveSource()
10-04 09:59:27.097   441   441 D hdmicecd: [HdmiCecControl]:getPhysicalAddress, physical addr: 1000, last pa: 1000, ret = 0
10-04 09:59:27.098   441   441 D hdmicecd: [HdmiCecControl]:getPhysicalAddress, physical addr: 1000, last pa: 1000, ret = 0
10-04 09:59:27.098   696   696 D HDMI    : ActiveSourceHistoryRecord active source=(0x04, 0x1000) isActiveSource=true from=OneTouchPlayAction#broadcastActiveSource()
10-04 09:59:27.100   696   696 D HDMI    : setActiveSource logical:0x04 physical:0x1000 ActiveSourceAction
10-04 09:59:27.100   441   441 D hdmicecd: [HdmiCecControl]:getPhysicalAddress, physical addr: 1000, last pa: 1000, ret = 0
10-04 09:59:27.100   982  1072 D WindowManagerShell: TvPipMenuController: closeMenu()
10-04 09:59:27.100   982  1072 D WindowManagerShell: TvPipMenuController: switchToMenuMode: from=MODE_NO_MENU, to=MODE_NO_MENU
10-04 09:59:27.101   441   441 D hdmicecd: [HdmiCecControl]:getPhysicalAddress, physical addr: 1000, last pa: 1000, ret = 0
10-04 09:59:27.102   982   982 I vol.VolumeDialogImpl: mDialog.dismiss() reason: volume_controller from: com.android.systemui.volume.VolumeDialogImpl$7.onDismissRequested:3
10-04 09:59:27.102   696   696 D HDMI    : ActiveSourceHistoryRecord active source=(0x04, 0x1000) isActiveSource=true from=ActiveSourceAction
10-04 09:59:27.104   696   696 D HdmiControlService: Switching to full volume behavior
10-04 09:59:27.109   696   809 E CellBroadcastUtils: getDefaultCellBroadcastReceiverPackageName: no package found
10-04 09:59:27.112   696   696 D HdmiControlService: Switching to full volume behavior
10-04 09:59:27.126   982  1072 V WindowManagerShell: Transition requested: android.os.BinderProxy@b6d209a TransitionRequestInfo { type = OPEN, triggerTask = TaskInfo{userId=0 taskId=249 displayId=0 isRunning=true baseIntent=Intent { act=android.intent.action.MAIN cat=[android.intent.category.HOME] flg=0x10000100 cmp=com.airtel.tv/tv.airtel.xstream.login.LoginActivity } baseActivity=ComponentInfo{com.airtel.tv/tv.airtel.xstream.login.LoginActivity} topActivity=ComponentInfo{com.airtel.tv/tv.airtel.xstream.login.LoginActivity} origActivity=null realActivity=ComponentInfo{com.airtel.tv/tv.airtel.xstream.login.LoginActivity} numActivities=1 lastActiveTime=42106708 supportsMultiWindow=false resizeMode=0 isResizeable=false minWidth=-1 minHeight=-1 defaultMinSize=220 token=WCT{android.window.IWindowContainerToken$Stub$Proxy@e81fdcb} topActivityType=2 pictureInPictureParams=null shouldDockBigOverlays=true launchIntoPipHostTaskId=-1 lastParentTaskIdBeforePip=-1 displayCutoutSafeInsets=null topActivityInfo=ActivityInfo{eaf19a8 tv.airtel.xstream.login.LoginActivity} launchCookies=[] positionInParent=Point(0, 0) parentTaskId=-1 isFocused=true isVisible=false isVisibleRequested=true isSleeping=false topActivityInSizeCompat=false topActivityEligibleForLetterboxEducation= false topActivityLetterboxed= false isFromDoubleTap= false topActivityLetterboxVerticalPosition= -1 topActivityLetterboxHorizontalPosition= -1 topActivityLetterboxWidth=-1 topActivityLetterboxHeight=-1 locusId=null displayAreaFeatureId=1 cameraCompatControlState=hidden}, remoteTransition = null, displayChange = null }
10-04 09:59:27.127   696   809 I ActivityTaskManager: START u0 {act=android.intent.action.MAIN cat=[android.intent.category.HOME] flg=0x10000100 cmp=com.airtel.tv/tv.airtel.xstream.login.LoginActivity (has extras)} with LAUNCH_MULTIPLE from uid 0 (BAL_ALLOW_ALLOWLISTED_UID) result code=0
10-04 09:59:27.135   696  1097 I MediaFocusControl: abandonAudioFocus() from uid/pid 10043/8084 clientId=android.media.AudioManager@f804f00helper.PlayerHelper$$ExternalSyntheticLambda0@6fc3f3d
10-04 09:59:27.139   696   811 W ProcessStats: Tracking association SourceState{3edf2a9 com.airtel.tv/10043 BTop #8641} whose proc state 2 is better than process ProcessState{514aa4f com.tataelxsi.icx:remote/10066 pkg=com.tataelxsi.icx} proc state 3 (4 skipped)
10-04 09:59:27.139  8084  8084 D PLAYER_LOGGER : : HEART: stopping heart beat
10-04 09:59:27.142  1154  1154 I ThermalService: CPU temperatures: [42.4]
10-04 09:59:27.143   696  2853 I MediaFocusControl: abandonAudioFocus() from uid/pid 10043/8084 clientId=android.media.AudioManager@f804f00helper.PlayerHelper$$ExternalSyntheticLambda0@bb3d339
10-04 09:59:27.145  8084  8084 D PLAYER_LOGGER : : HEART: stopping heart beat
10-04 09:59:27.148   487   487 I BpBinder: onLastStrongRef automatically unlinking death recipients: 
10-04 09:59:27.151   441   455 D hdmicecd: [CEC]:printCecMessage, [4 -> 0] len: 1, body: 0d, result:no ack
10-04 09:59:27.201  8084  9231 D PlayApplication: chip id: 1001B07B4222FA8B
10-04 09:59:27.201  8084  9231 D PlayApplication: bsn : B0HSTBYT501439100008
10-04 09:59:27.207   441   455 D hdmicecd: [CEC]:printCecMessage, [4 -> 0] len: 1, body: 0d, result:no ack
10-04 09:59:27.207   441   455 E IPCThreadState: binder thread pool (1 threads) starved for 110 ms
--------- beginning of main
10-04 09:59:27.337  8084  8084 D ANALYTICS_IPTV: AnalyticsEventTracker ***Event***Event{ts=1728016167335, meta={"page_id":"dthNewHome","box_type":"iptv","source_of_stream":"1 | Home.screen_visible.none.none.none.none.none.none.none","app_version":"1.0.0019:237","box_model":"bx:1.2.3","firmware":"fw:1.2.3","source_name":"Home"}, uid=5ye_gfsYCZe-PoQ4A0, did=8fb17cc052aef526, os=Android, ov=34, bn=237, nq=-1, nt=2, nct=0, lc=en|hi|ta|kn, av=1.0.0019, dt=STB, type=screen_visible, adid=95acddf7-5a94-4681-bf0a-0a767be9f2c3, brand=Airtel-Xstream, model=XstreamIPTV1-VT, dname=Vantiva XstreamIPTV1-VT, appId=IPTV, sId=8fb17cc052aef526, profileId=, ab_test=86079:0|108429:0|42374:0|78244:0|95458:0|75817:0|60412:1|117812:1|120676:1|113632:1|116206:0|66480:0|100390:2|76965:1|110385:0|129832:2, city=Delhi, state=National Capital Territory of Delhi, country=India, firebase_id=687ecd54b0fd95386e529fbf62179576} Critical: false
10-04 09:59:27.344  8084  8084 D ANALYTICS_IPTV: AnalyticsEventTracker ***Event***Event{ts=1728016167342, meta={"box_type":"iptv","source_of_stream":"1 | Home.screen_visible.none.none.none.none.none.none.none | none.screen_visible.none.none.none.none.none.none.none","app_version":"1.0.0019:237","box_model":"bx:1.2.3","source":"Home","firmware":"fw:1.2.3"}, uid=5ye_gfsYCZe-PoQ4A0, did=8fb17cc052aef526, os=Android, ov=34, bn=237, nq=-1, nt=2, nct=0, lc=en|hi|ta|kn, av=1.0.0019, dt=STB, type=screen_visible, adid=95acddf7-5a94-4681-bf0a-0a767be9f2c3, brand=Airtel-Xstream, model=XstreamIPTV1-VT, dname=Vantiva XstreamIPTV1-VT, appId=IPTV, sId=8fb17cc052aef526, profileId=, ab_test=86079:0|108429:0|42374:0|78244:0|95458:0|75817:0|60412:1|117812:1|120676:1|113632:1|116206:0|66480:0|100390:2|76965:1|110385:0|129832:2, city=Delhi, state=National Capital Territory of Delhi, country=India, firebase_id=687ecd54b0fd95386e529fbf62179576} Critical: false
10-04 09:59:27.345  8084  9231 D ANALYTICS_IPTV: AnalyticsEventTracker ***Event***Event{ts=1728016167342, meta={"UID":"5ye_gfsYCZe-PoQ4A0","subscriber_id":"3026341863-001","box_type":"iptv","asset_name":"rendering_complete","device_id":"8fb17cc052aef526","app_version":"1.0.0019:237","box_model":"bx:1.2.3","customer_id":"3026341863","firmware":"fw:1.2.3"}, uid=5ye_gfsYCZe-PoQ4A0, did=8fb17cc052aef526, os=Android, ov=34, bn=237, nq=-1, nt=2, nct=0, lc=en|hi|ta|kn, av=1.0.0019, dt=STB, type=layout_render_complete, adid=95acddf7-5a94-4681-bf0a-0a767be9f2c3, brand=Airtel-Xstream, model=XstreamIPTV1-VT, dname=Vantiva XstreamIPTV1-VT, appId=IPTV, sId=8fb17cc052aef526, profileId=, ab_test=86079:0|108429:0|42374:0|78244:0|95458:0|75817:0|60412:1|117812:1|120676:1|113632:1|116206:0|66480:0|100390:2|76965:1|110385:0|129832:2, city=Delhi, state=National Capital Territory of Delhi, country=India, firebase_id=687ecd54b0fd95386e529fbf62179576} Critical: false
10-04 09:59:27.394  1154 10042 I NetflixService: onTaskStackChanged
--------- beginning of system
10-04 09:59:27.394   982  1072 D WindowManagerShell: TvPipController: onTaskStackChanged()
10-04 09:59:27.400  8084  8084 D MainFragment::onCreateView MainFragment{6f91e80} (4125a0c0-58da-4c97-87ec-e40dd1e3ced9 id=0x7f
10-04 09:59:27.419  8084  8084 D MainFragment::onViewCreated: 
10-04 09:59:27.420  8084  8084 I single Fragment pageId dthNewHome: 
10-04 09:59:27.420  8084  8084 I single Fragment pageId dthNewTvChannels: 
10-04 09:59:27.420  8084  8084 I single Fragment pageId dthNewMovies: 
10-04 09:59:27.420  8084  8084 I single Fragment pageId dthNewSports: 
10-04 09:59:27.420  8084  8084 I single Fragment pageId dthNewApps: 
10-04 09:59:27.421  8084  8084 I single Fragment pageId dthNewPlansOffers: 
10-04 09:59:27.421  8084  8084 I single Fragment pageId searchPage: 
10-04 09:59:27.421  8084  8084 D MainFragment::initUi: 
10-04 09:59:27.422  8084 10099 D MainFragment:: Load time 2209616: 
10-04 09:59:27.426  8084 10099 D ANALYTICS_IPTV: AnalyticsEventTracker ***Event***Event{ts=1728016167424, meta={"box_type":"iptv","app_version":"1.0.0019:237","box_model":"bx:1.2.3","load_time":"2209616","firmware":"fw:1.2.3"}, uid=5ye_gfsYCZe-PoQ4A0, did=8fb17cc052aef526, os=Android, ov=34, bn=237, nq=-1, nt=2, nct=0, lc=en|hi|ta|kn, av=1.0.0019, dt=STB, type=app_load_time, adid=95acddf7-5a94-4681-bf0a-0a767be9f2c3, brand=Airtel-Xstream, model=XstreamIPTV1-VT, dname=Vantiva XstreamIPTV1-VT, appId=IPTV, sId=8fb17cc052aef526, profileId=, ab_test=86079:0|108429:0|42374:0|78244:0|95458:0|75817:0|60412:1|117812:1|120676:1|113632:1|116206:0|66480:0|100390:2|76965:1|110385:0|129832:2, city=Delhi, state=National Capital Territory of Delhi, country=India, firebase_id=687ecd54b0fd95386e529fbf62179576} Critical: true
10-04 09:59:27.436  8084  8084 D ContentTabFragment::onCreate: 
10-04 09:59:27.437  8084  8084 D ContentTabFragment::onCreateView: 
10-04 09:59:27.456   441   441 D hdmicecd: [CEC]:printCecMessage, [4 -> f] len: 3, body: 82 10 00, result:success
10-04 09:59:27.457   696   949 D HDMI    : [S]:<Menu Status> 40:8E:00
10-04 09:59:27.478  8084  8084 D ContentTabFragment::onViewCreated: 
10-04 09:59:27.478  8084  8084 D ContentTabFragment::initViewModel: 
10-04 09:59:27.482  8084  8084 D ContentTabFragment::initUi start: 
10-04 09:59:27.483  8084  8084 D ContentTabFragment::initUi finish: 
10-04 09:59:27.487  8084  8084 D ANALYTICS_IPTV: AnalyticsEventTracker ***Event***Event{ts=1728016167485, meta={"box_type":"iptv","source_of_stream":"1 | Home.screen_visible.none.none.none.none.none.none.none | none.screen_visible.none.none.none.none.none.none.none | Home.screen_visible.none.none.none.none.none.none.none","app_version":"1.0.0019:237","box_model":"bx:1.2.3","firmware":"fw:1.2.3","source_name":"Home"}, uid=5ye_gfsYCZe-PoQ4A0, did=8fb17cc052aef526, os=Android, ov=34, bn=237, nq=-1, nt=2, nct=0, lc=en|hi|ta|kn, av=1.0.0019, dt=STB, type=screen_visible, adid=95acddf7-5a94-4681-bf0a-0a767be9f2c3, brand=Airtel-Xstream, model=XstreamIPTV1-VT, dname=Vantiva XstreamIPTV1-VT, appId=IPTV, sId=8fb17cc052aef526, profileId=, ab_test=86079:0|108429:0|42374:0|78244:0|95458:0|75817:0|60412:1|117812:1|120676:1|113632:1|116206:0|66480:0|100390:2|76965:1|110385:0|129832:2, city=Delhi, state=National Capital Territory of Delhi, country=India, firebase_id=687ecd54b0fd95386e529fbf62179576} Critical: false
10-04 09:59:27.495  8084  8084 E ThemeUtils: View class androidx.appcompat.widget.AppCompatImageView is an AppCompat widget that can only be used with a Theme.AppCompat theme (or descendant).
10-04 09:59:27.497  8084  9231 D ANALYTICS_IPTV: AnalyticsEventTracker ***Event***Event{ts=1728016167494, meta={"UID":"5ye_gfsYCZe-PoQ4A0","subscriber_id":"3026341863-001","box_type":"iptv","asset_name":"rendering_start","device_id":"8fb17cc052aef526","app_version":"1.0.0019:237","box_model":"bx:1.2.3","customer_id":"3026341863","firmware":"fw:1.2.3"}, uid=5ye_gfsYCZe-PoQ4A0, did=8fb17cc052aef526, os=Android, ov=34, bn=237, nq=-1, nt=2, nct=0, lc=en|hi|ta|kn, av=1.0.0019, dt=STB, type=layout_render_start, adid=95acddf7-5a94-4681-bf0a-0a767be9f2c3, brand=Airtel-Xstream, model=XstreamIPTV1-VT, dname=Vantiva XstreamIPTV1-VT, appId=IPTV, sId=8fb17cc052aef526, profileId=, ab_test=86079:0|108429:0|42374:0|78244:0|95458:0|75817:0|60412:1|117812:1|120676:1|113632:1|116206:0|66480:0|100390:2|76965:1|110385:0|129832:2, city=Delhi, state=National Capital Territory of Delhi, country=India, firebase_id=687ecd54b0fd95386e529fbf62179576} Critical: false
10-04 09:59:27.511   441   455 D hdmicecd: [CEC]:printCecMessage, [4 -> 0] len: 2, body: 8e 00, result:no ack
10-04 09:59:27.537   696   849 D ConnectivityService: requestNetwork for uid/pid:10043/8084 activeRequest: null callbackRequest: 532 [NetworkRequest [ REQUEST id=533, [ Capabilities: INTERNET&NOT_RESTRICTED&TRUSTED&NOT_VCN_MANAGED Uid: 10043 RequestorUid: 10043 RequestorPkg: com.airtel.tv UnderlyingNetworks: Null] ]] callback flags: 0 order: 2147483647
10-04 09:59:27.539   696   910 D WifiNetworkFactory: got request NetworkRequest [ REQUEST id=533, [ Capabilities: INTERNET&NOT_RESTRICTED&TRUSTED&NOT_VCN_MANAGED Uid: 10043 RequestorUid: 10043 RequestorPkg: com.airtel.tv UnderlyingNetworks: Null] ]
10-04 09:59:27.539   696   910 D UntrustedWifiNetworkFactory: got request NetworkRequest [ REQUEST id=533, [ Capabilities: INTERNET&NOT_RESTRICTED&TRUSTED&NOT_VCN_MANAGED Uid: 10043 RequestorUid: 10043 RequestorPkg: com.airtel.tv UnderlyingNetworks: Null] ]
10-04 09:59:27.539   696   910 D OemPaidWifiNetworkFactory: got request NetworkRequest [ REQUEST id=533, [ Capabilities: INTERNET&NOT_RESTRICTED&TRUSTED&NOT_VCN_MANAGED Uid: 10043 RequestorUid: 10043 RequestorPkg: com.airtel.tv UnderlyingNetworks: Null] ]
10-04 09:59:27.540   696   910 D MultiInternetWifiNetworkFactory: got request NetworkRequest [ REQUEST id=533, [ Capabilities: INTERNET&NOT_RESTRICTED&TRUSTED&NOT_VCN_MANAGED Uid: 10043 RequestorUid: 10043 RequestorPkg: com.airtel.tv UnderlyingNetworks: Null] ]
10-04 09:59:27.540   696   918 D ConnectivityService: NetReassign [533 : null → 100] [c 0] [a 1] [i 1]
10-04 09:59:27.546   696   849 D ConnectivityService: requestNetwork for uid/pid:10043/8084 activeRequest: null callbackRequest: 534 [NetworkRequest [ REQUEST id=535, [ Capabilities: INTERNET&NOT_RESTRICTED&TRUSTED&NOT_VCN_MANAGED Uid: 10043 RequestorUid: 10043 RequestorPkg: com.airtel.tv UnderlyingNetworks: Null] ]] callback flags: 0 order: 2147483647
10-04 09:59:27.548   696   910 D WifiNetworkFactory: got request NetworkRequest [ REQUEST id=535, [ Capabilities: INTERNET&NOT_RESTRICTED&TRUSTED&NOT_VCN_MANAGED Uid: 10043 RequestorUid: 10043 RequestorPkg: com.airtel.tv UnderlyingNetworks: Null] ]
10-04 09:59:27.549   696   910 D UntrustedWifiNetworkFactory: got request NetworkRequest [ REQUEST id=535, [ Capabilities: INTERNET&NOT_RESTRICTED&TRUSTED&NOT_VCN_MANAGED Uid: 10043 RequestorUid: 10043 RequestorPkg: com.airtel.tv UnderlyingNetworks: Null] ]
10-04 09:59:27.549   696   910 D OemPaidWifiNetworkFactory: got request NetworkRequest [ REQUEST id=535, [ Capabilities: INTERNET&NOT_RESTRICTED&TRUSTED&NOT_VCN_MANAGED Uid: 10043 RequestorUid: 10043 RequestorPkg: com.airtel.tv UnderlyingNetworks: Null] ]
10-04 09:59:27.549   696   910 D MultiInternetWifiNetworkFactory: got request NetworkRequest [ REQUEST id=535, [ Capabilities: INTERNET&NOT_RESTRICTED&TRUSTED&NOT_VCN_MANAGED Uid: 10043 RequestorUid: 10043 RequestorPkg: com.airtel.tv UnderlyingNetworks: Null] ]
10-04 09:59:27.549   696   918 D ConnectivityService: NetReassign [535 : null → 100] [c 0] [a 1] [i 1]
10-04 09:59:27.564   696   849 D AudioService: Volume controller visible: false
10-04 09:59:27.569   441   455 D hdmicecd: [CEC]:printCecMessage, [4 -> 0] len: 2, body: 8e 00, result:no ack
10-04 09:59:27.570   441   455 E IPCThreadState: binder thread pool (1 threads) starved for 246 ms
10-04 09:59:27.619  8084  8084 D OTAWorker: MainActivity permission check
10-04 09:59:27.619  8084  8084 D OTAWorker: MainActivity CheckForUpdate started
10-04 09:59:27.619  8084  8084 D OTAWorker Started: 
10-04 09:59:27.623   426  1494 D rtk_heartbeat: heartbeat_timed_out: heartbeatCmdCount = 42072, expected nextSeqNum = 42072
10-04 09:59:27.624   696   696 D ResendCecCommandAction: sendCommandWithoutRetries failed, retry
10-04 09:59:27.625   426  1381 D rtk_heartbeat: rtkbt_heartbeat_cmpl_cback: Current SeqNum = 42072,should SeqNum=42072, status = 0
10-04 09:59:27.626  8084  8084 D OmniRemote.OTA_JNI: open file name:/data/user/0/com.airtel.tv/files/ota/Airtel-TL135-20240919-006-OTA.bin
10-04 09:59:27.626  8084  8084 D OmniRemote.OTA_JNI: 35,51,0,6
10-04 09:59:27.627  8084  8084 D OmniRemote.OmniBle: add services filter
10-04 09:59:27.627  8084  8084 D OmniRemote.OmniBle: insert image ids
10-04 09:59:27.630  8084  8084 D OmniRemote.OmniBle: device list size:0
10-04 09:59:27.631  8084  8084 E OmniRemote.OmniBle: report device not found
10-04 09:59:27.631   441   455 D hdmicecd: [CEC]:printCecMessage, [4 -> 0] len: 2, body: 8e 00, result:no ack
10-04 09:59:27.631  8084  8084 D MainFragment::onResume: 
10-04 09:59:27.635  8084  8084 D ANALYTICS_IPTV: AnalyticsEventTracker ***Event***Event{ts=1728016167633, meta={"page_id":"dthNewHome","box_type":"iptv","source_of_stream":"2 | Home.screen_visible.none.none.none.none.none.none.none","app_version":"1.0.0019:237","box_model":"bx:1.2.3","firmware":"fw:1.2.3","source_name":"Home"}, uid=5ye_gfsYCZe-PoQ4A0, did=8fb17cc052aef526, os=Android, ov=34, bn=237, nq=-1, nt=2, nct=0, lc=en|hi|ta|kn, av=1.0.0019, dt=STB, type=screen_visible, adid=95acddf7-5a94-4681-bf0a-0a767be9f2c3, brand=Airtel-Xstream, model=XstreamIPTV1-VT, dname=Vantiva XstreamIPTV1-VT, appId=IPTV, sId=8fb17cc052aef526, profileId=, ab_test=86079:0|108429:0|42374:0|78244:0|95458:0|75817:0|60412:1|117812:1|120676:1|113632:1|116206:0|66480:0|100390:2|76965:1|110385:0|129832:2, city=Delhi, state=National Capital Territory of Delhi, country=India, firebase_id=687ecd54b0fd95386e529fbf62179576} Critical: false
10-04 09:59:27.640  8084  8084 D ANALYTICS_IPTV: AnalyticsEventTracker ***Event***Event{ts=1728016167639, meta={"box_type":"iptv","source_of_stream":"2 | Home.screen_visible.none.none.none.none.none.none.none | none.screen_visible.none.none.none.none.none.none.none","app_version":"1.0.0019:237","box_model":"bx:1.2.3","source":"Home","firmware":"fw:1.2.3"}, uid=5ye_gfsYCZe-PoQ4A0, did=8fb17cc052aef526, os=Android, ov=34, bn=237, nq=-1, nt=2, nct=0, lc=en|hi|ta|kn, av=1.0.0019, dt=STB, type=screen_visible, adid=95acddf7-5a94-4681-bf0a-0a767be9f2c3, brand=Airtel-Xstream, model=XstreamIPTV1-VT, dname=Vantiva XstreamIPTV1-VT, appId=IPTV, sId=8fb17cc052aef526, profileId=, ab_test=86079:0|108429:0|42374:0|78244:0|95458:0|75817:0|60412:1|117812:1|120676:1|113632:1|116206:0|66480:0|100390:2|76965:1|110385:0|129832:2, city=Delhi, state=National Capital Territory of Delhi, country=India, firebase_id=687ecd54b0fd95386e529fbf62179576} Critical: false
10-04 09:59:27.644  8084  9231 D ANALYTICS_IPTV: AnalyticsEventTracker ***Event***Event{ts=1728016167640, meta={"UID":"5ye_gfsYCZe-PoQ4A0","subscriber_id":"3026341863-001","box_type":"iptv","asset_name":"rendering_complete","device_id":"8fb17cc052aef526","app_version":"1.0.0019:237","box_model":"bx:1.2.3","customer_id":"3026341863","firmware":"fw:1.2.3"}, uid=5ye_gfsYCZe-PoQ4A0, did=8fb17cc052aef526, os=Android, ov=34, bn=237, nq=-1, nt=2, nct=0, lc=en|hi|ta|kn, av=1.0.0019, dt=STB, type=layout_render_complete, adid=95acddf7-5a94-4681-bf0a-0a767be9f2c3, brand=Airtel-Xstream, model=XstreamIPTV1-VT, dname=Vantiva XstreamIPTV1-VT, appId=IPTV, sId=8fb17cc052aef526, profileId=, ab_test=86079:0|108429:0|42374:0|78244:0|95458:0|75817:0|60412:1|117812:1|120676:1|113632:1|116206:0|66480:0|100390:2|76965:1|110385:0|129832:2, city=Delhi, state=National Capital Territory of Delhi, country=India, firebase_id=687ecd54b0fd95386e529fbf62179576} Critical: false
10-04 09:59:27.661  8084  8084 D OmniRemote.OmniOTAImpl: device not found
10-04 09:59:27.662  8084  8084 D OTAWorker onResult = 258: 
10-04 09:59:27.662  8084  8084 D OTAWorker remote device not found: 
10-04 09:59:27.662  8084  8084 D OTAWorker: MainActivity OTAWorker event received tv.airtel.xstream.util.RxEvent$RCUOtaEvents$DeviceNotFound@e68f7a1
10-04 09:59:27.687   441   455 D hdmicecd: [CEC]:printCecMessage, [4 -> 0] len: 2, body: 8e 00, result:no ack
10-04 09:59:27.687   441   455 E IPCThreadState: binder thread pool (1 threads) starved for 117 ms
10-04 09:59:27.687   696   949 E HDMI    : [1]:Failed to send <Menu Status> 40:8E:00 with errorCode=1
10-04 09:59:27.688   696   949 D HDMI    : [S]:<System Audio Mode Request> 45:70:10:00
10-04 09:59:27.698  8084  8084 D Glide   : Finished loading BitmapDrawable from MEMORY_CACHE for http://tvimg.wynk.in/unsafe/fit-in/64x64/filters:no_upscale():format(webp)/https://image.airtel.tv/grandslam/content/2024_7_16/offer_icon.png with size [-2147483648x-2147483648] in 0.462209 ms
10-04 09:59:27.743   441   455 D hdmicecd: [CEC]:printCecMessage, [4 -> 5] len: 3, body: 70 10 00, result:no ack
10-04 09:59:27.750   696   849 D ConnectivityService: requestNetwork for uid/pid:10043/8084 activeRequest: null callbackRequest: 536 [NetworkRequest [ REQUEST id=537, [ Capabilities: INTERNET&NOT_RESTRICTED&TRUSTED&NOT_VCN_MANAGED Uid: 10043 RequestorUid: 10043 RequestorPkg: com.airtel.tv UnderlyingNetworks: Null] ]] callback flags: 0 order: 2147483647
10-04 09:59:27.753   696   910 D WifiNetworkFactory: got request NetworkRequest [ REQUEST id=537, [ Capabilities: INTERNET&NOT_RESTRICTED&TRUSTED&NOT_VCN_MANAGED Uid: 10043 RequestorUid: 10043 RequestorPkg: com.airtel.tv UnderlyingNetworks: Null] ]
10-04 09:59:27.753   696   910 D UntrustedWifiNetworkFactory: got request NetworkRequest [ REQUEST id=537, [ Capabilities: INTERNET&NOT_RESTRICTED&TRUSTED&NOT_VCN_MANAGED Uid: 10043 RequestorUid: 10043 RequestorPkg: com.airtel.tv UnderlyingNetworks: Null] ]
10-04 09:59:27.753   696   910 D OemPaidWifiNetworkFactory: got request NetworkRequest [ REQUEST id=537, [ Capabilities: INTERNET&NOT_RESTRICTED&TRUSTED&NOT_VCN_MANAGED Uid: 10043 RequestorUid: 10043 RequestorPkg: com.airtel.tv UnderlyingNetworks: Null] ]
10-04 09:59:27.753   696   910 D MultiInternetWifiNetworkFactory: got request NetworkRequest [ REQUEST id=537, [ Capabilities: INTERNET&NOT_RESTRICTED&TRUSTED&NOT_VCN_MANAGED Uid: 10043 RequestorUid: 10043 RequestorPkg: com.airtel.tv UnderlyingNetworks: Null] ]
10-04 09:59:27.753   696   918 D ConnectivityService: NetReassign [537 : null → 100] [c 0] [a 1] [i 1]
10-04 09:59:27.804   696   808 V WindowManager: Sent Transition #28 createdAt=10-04 09:59:27.108 via request=TransitionRequestInfo { type = OPEN, triggerTask = TaskInfo{userId=0 taskId=249 displayId=0 isRunning=true baseIntent=Intent { act=android.intent.action.MAIN cat=[android.intent.category.HOME] flg=0x10000100 cmp=com.airtel.tv/tv.airtel.xstream.login.LoginActivity } baseActivity=ComponentInfo{com.airtel.tv/tv.airtel.xstream.login.LoginActivity} topActivity=ComponentInfo{com.airtel.tv/tv.airtel.xstream.login.LoginActivity} origActivity=null realActivity=ComponentInfo{com.airtel.tv/tv.airtel.xstream.login.LoginActivity} numActivities=1 lastActiveTime=42106708 supportsMultiWindow=false resizeMode=0 isResizeable=false minWidth=-1 minHeight=-1 defaultMinSize=220 token=WCT{RemoteToken{5bac60a Task{defd64d #249 type=home A=10043:com.airtel.tv}}} topActivityType=2 pictureInPictureParams=null shouldDockBigOverlays=true launchIntoPipHostTaskId=-1 lastParentTaskIdBeforePip=-1 displayCutoutSafeInsets=null topActivityInfo=ActivityInfo{e998e7b tv.airtel.xstream.login.LoginActivity} launchCookies=[] positionInParent=Point(0, 0) parentTaskId=-1 isFocused=true isVisible=false isVisibleRequested=true isSleeping=false topActivityInSizeCompat=false topActivityEligibleForLetterboxEducation= false topActivityLetterboxed= false isFromDoubleTap= false topActivityLetterboxVerticalPosition= -1 topActivityLetterboxHorizontalPosition= -1 topActivityLetterboxWidth=-1 topActivityLetterboxHeight=-1 locusId=null displayAreaFeatureId=1 cameraCompatControlState=hidden}, remoteTransition = null, displayChange = null }
10-04 09:59:27.804   696   808 V WindowManager:     startWCT=WindowContainerTransaction { changes = {} hops = [] errorCallbackToken=null taskFragmentOrganizer=null }
10-04 09:59:27.804   696   808 V WindowManager:     info={id=28 t=OPEN f=0x0 trk=0 r=[0@Point(0, 0)] c=[{WCT{RemoteToken{a9b1175 Task{26d47f #218 type=standard A=10043:com.airtel.tv}}} m=CHANGE f=MOVE_TO_TOP leash=Surface(name=Task=218)/@0x4287e5f sb=Rect(0, 0 - 1920, 1080) eb=Rect(0, 0 - 1920, 1080) d=0}]}
10-04 09:59:27.805   982  1072 V WindowManagerShell: onTransitionReady android.os.BinderProxy@b6d209a: {id=28 t=OPEN f=0x0 trk=0 r=[0@Point(0, 0)] c=[{WCT{android.window.IWindowContainerToken$Stub$Proxy@6b0aba7} m=CHANGE f=MOVE_TO_TOP leash=Surface(name=Task=218)/@0xa4f4cc1 sb=Rect(0, 0 - 1920, 1080) eb=Rect(0, 0 - 1920, 1080) d=0}]}
10-04 09:59:27.805   982  1072 V WindowManagerShell: Playing animation for (#28)android.os.BinderProxy@b6d209a@0
10-04 09:59:27.805   982  1072 V WindowManagerShell:  try handler com.android.wm.shell.keyguard.KeyguardTransitionHandler@5327bca
10-04 09:59:27.806   982  1072 V WindowManagerShell:  try handler com.android.wm.shell.activityembedding.ActivityEmbeddingController@72713b
10-04 09:59:27.806   982  1072 V WindowManagerShell:  try handler com.android.wm.shell.pip.tv.TvPipTransition@ddc6058
10-04 09:59:27.806   982  1072 V WindowManagerShell:  try handler com.android.wm.shell.transition.RemoteTransitionHandler@84005b1
10-04 09:59:27.806   982  1072 V WindowManagerShell: Transition doesn't have explicit remote, search filters for match for {id=28 t=OPEN f=0x0 trk=0 r=[0@Point(0, 0)] c=[{WCT{android.window.IWindowContainerToken$Stub$Proxy@6b0aba7} m=CHANGE f=MOVE_TO_TOP leash=Surface(name=Task=218)/@0xa4f4cc1 sb=Rect(0, 0 - 1920, 1080) eb=Rect(0, 0 - 1920, 1080) d=0}]}
10-04 09:59:27.806   982  1072 V WindowManagerShell:  Delegate animation for #28 to null
10-04 09:59:27.806   982  1072 V WindowManagerShell:  try handler com.android.wm.shell.transition.DefaultTransitionHandler@ce48a96
10-04 09:59:27.806   982  1072 V WindowManagerShell: start default transition animation, info = {id=28 t=OPEN f=0x0 trk=0 r=[0@Point(0, 0)] c=[{WCT{android.window.IWindowContainerToken$Stub$Proxy@6b0aba7} m=CHANGE f=MOVE_TO_TOP leash=Surface(name=Task=218)/@0xa4f4cc1 sb=Rect(0, 0 - 1920, 1080) eb=Rect(0, 0 - 1920, 1080) d=0}]}
10-04 09:59:27.801   441   455 D hdmicecd: [CEC]:printCecMessage, [4 -> 5] len: 3, body: 70 10 00, result:no ack
10-04 09:59:27.807   441   455 E IPCThreadState: binder thread pool (1 threads) starved for 118 ms
10-04 09:59:27.808   982  1072 V WindowManagerShell: Transition animation finished (aborted=false), notifying core (#28)android.os.BinderProxy@b6d209a@0
10-04 09:59:27.813   696   808 V WindowManager: Finish Transition #28: created at 10-04 09:59:27.108 collect-started=0.089ms request-sent=15.617ms started=27.824ms ready=185.235ms sent=689.254ms finished=704.112ms
10-04 09:59:27.818   982  1072 V WindowManagerShell: Track 0 became idle
10-04 09:59:27.818   982  1072 V WindowManagerShell: All active transition animations finished
10-04 09:59:27.818   982  1072 V WindowManagerShell:  animated by com.android.wm.shell.transition.DefaultTransitionHandler@ce48a96
10-04 09:59:27.818   982  1072 V WindowManagerShell: Track 0 became idle
10-04 09:59:27.818   982  1072 V WindowManagerShell: All active transition animations finished
10-04 09:59:27.820  8084  8084 I ImeTracker: com.airtel.tv:d86000d: onRequestHide at ORIGIN_CLIENT_HIDE_SOFT_INPUT reason HIDE_SOFT_INPUT
10-04 09:59:27.822   696  2853 I ImeTracker: com.airtel.tv:d86000d: onCancelled at PHASE_SERVER_SHOULD_HIDE
10-04 09:59:27.824  8084  9231 E homepage: data received in RequestRetrofitRepo : tv.accedo.airtel.wynk.data.entity.LayoutBaseEntity@e8d1f925
10-04 09:59:27.825  8084  8084 D OmniRemote.OmniOTAImpl: device not found
10-04 09:59:27.825  8084  8084 D OTAWorker onResult = 258: 
10-04 09:59:27.826  8084  8084 D OTAWorker remote device not found: 
10-04 09:59:27.826  8084  8084 D OTAWorker: MainActivity OTAWorker event received tv.airtel.xstream.util.RxEvent$RCUOtaEvents$DeviceNotFound@e68f7a1
10-04 09:59:27.833   696  2853 I ImeTracker: com.airtel.tv:331c33df: onRequestHide at ORIGIN_SERVER_HIDE_INPUT reason HIDE_SAME_WINDOW_FOCUSED_WITHOUT_EDITOR
10-04 09:59:27.834   696  2853 I ImeTracker: com.airtel.tv:331c33df: onCancelled at PHASE_SERVER_SHOULD_HIDE
10-04 09:59:27.837  7788  7788 I GoogleInputMethodService: GoogleInputMethodService.onFinishInput():3184 
10-04 09:59:27.838  7788  7788 I GoogleInputMethodService: GoogleInputMethodService.updateDeviceLockedStatus():2246 repeatCheckTimes = 0, locked = false
10-04 09:59:27.838  7788  7788 I GoogleInputMethodService: GoogleInputMethodService.onStartInput():1982 onStartInput(EditorInfo{EditorInfo{packageName=com.airtel.tv, inputType=0, inputTypeString=NULL, enableLearning=false, autoCorrection=false, autoComplete=false, imeOptions=0, privateImeOptions=null, actionName=UNSPECIFIED, actionLabel=null, initialSelStart=-1, initialSelEnd=-1, initialCapsMode=0, label=null, fieldId=0, fieldName=null, extras=null, hintText=null, hintLocales=[]}}, false)
10-04 09:59:27.839  7788  7788 I GoogleInputMethodService: GoogleInputMethodService.updateDeviceLockedStatus():2246 repeatCheckTimes = 1, locked = false
10-04 09:59:27.839  7788  7788 I AndroidIME: InputBundleManager.loadActiveInputBundleId():450 loadActiveInputBundleId: und-Latn-x-password, password
10-04 09:59:27.840  7788  7788 I EmojiCompatManager: EmojiCompatManager.getEmojiCompatIfLoaded():342 EmojiCompat.init() was never called.
10-04 09:59:27.840  7788  7788 I EmojiCompatManager: java.lang.IllegalStateException: EmojiCompat is not initialized. Please call EmojiCompat.init() first
10-04 09:59:27.840  7788  7788 I EmojiCompatManager: 	at so.g(PG:3)
10-04 09:59:27.840  7788  7788 I EmojiCompatManager: 	at abd.a(PG:6)
10-04 09:59:27.840  7788  7788 I EmojiCompatManager: 	at edb.d(PG:1)
10-04 09:59:27.840  7788  7788 I EmojiCompatManager: 	at edb.b(PG:6)
10-04 09:59:27.840  7788  7788 I EmojiCompatManager: 	at com.android.inputmethod.latin.LatinIME.f(PG:286)
10-04 09:59:27.840  7788  7788 I EmojiCompatManager: 	at epp.onStartInput(PG:170)
10-04 09:59:27.840  7788  7788 I EmojiCompatManager: 	at android.inputmethodservice.InputMethodService.doStartInput(InputMethodService.java:3115)
10-04 09:59:27.840  7788  7788 I EmojiCompatManager: 	at android.inputmethodservice.InputMethodService$InputMethodImpl.startInput(InputMethodService.java:824)
10-04 09:59:27.840  7788  7788 I EmojiCompatManager: 	at android.inputmethodservice.InputMethodService$InputMethodImpl.dispatchStartInput(InputMethodService.java:853)
10-04 09:59:27.840  7788  7788 I EmojiCompatManager: 	at android.inputmethodservice.IInputMethodWrapper.executeMessage(IInputMethodWrapper.java:197)
10-04 09:59:27.840  7788  7788 I EmojiCompatManager: 	at com.android.internal.os.HandlerCaller$MyHandler.handleMessage(HandlerCaller.java:44)
10-04 09:59:27.840  7788  7788 I EmojiCompatManager: 	at android.os.Handler.dispatchMessage(Handler.java:106)
10-04 09:59:27.840  7788  7788 I EmojiCompatManager: 	at android.os.Looper.loopOnce(Looper.java:205)
10-04 09:59:27.840  7788  7788 I EmojiCompatManager: 	at android.os.Looper.loop(Looper.java:294)
10-04 09:59:27.840  7788  7788 I EmojiCompatManager: 	at android.app.ActivityThread.main(ActivityThread.java:8177)
10-04 09:59:27.840  7788  7788 I EmojiCompatManager: 	at java.lang.reflect.Method.invoke(Native Method)
10-04 09:59:27.840  7788  7788 I EmojiCompatManager: 	at com.android.internal.os.RuntimeInit$MethodAndArgsCaller.run(RuntimeInit.java:552)
10-04 09:59:27.840  7788  7788 I EmojiCompatManager: 	at com.android.internal.os.ZygoteInit.main(ZygoteInit.java:971)
10-04 09:59:27.858  8084  9231 E homepage: post processing done
10-04 09:59:27.869   441   455 D hdmicecd: [CEC]:printCecMessage, [4 -> 5] len: 3, body: 70 10 00, result:no ack
10-04 09:59:27.920  1154  1154 D NetflixService: handleMessage
10-04 09:59:27.923  1154  1154 D NetflixService: com.airtel.tv is visible.
10-04 09:59:27.923  1154  1154 D NetflixService: com.netflix.ninja is not top activity.
10-04 09:59:27.926  1154  1154 D NetflixService: com.netflix.ninjais not top activity.
10-04 09:59:27.927  1154  1154 I NetflixService: fg: false  mIsNetflixFg: false
10-04 09:59:27.927   441   455 D hdmicecd: [CEC]:printCecMessage, [4 -> 5] len: 3, body: 70 10 00, result:no ack
10-04 09:59:27.927   441   455 E IPCThreadState: binder thread pool (1 threads) starved for 119 ms
10-04 09:59:27.927   696   949 E HDMI    : [1]:Failed to send <System Audio Mode Request> 45:70:10:00 with errorCode=1
10-04 09:59:27.928   696   949 D HDMI    : [S]:<Give Device Power Status> 40:8F
10-04 09:59:27.930  1154  1154 D NetflixService: com.airtel.tv is visible.
10-04 09:59:27.930  1154  1154 D NetflixService: com.google.android.youtube.tv is not top activity.
10-04 09:59:27.983   441   455 D hdmicecd: [CEC]:printCecMessage, [4 -> 0] len: 1, body: 8f, result:no ack
10-04 09:59:27.986  1826 10065 D AdvertisingIdClient: AdvertisingIdClient already created.
10-04 09:59:27.994  1826 10065 I AdvertisingIdClient: shouldSendLog 42065312
10-04 09:59:27.994  1826 10065 I AdvertisingIdClient: GetInfoInternal elapse 7ms
10-04 09:59:28.039   441   455 D hdmicecd: [CEC]:printCecMessage, [4 -> 0] len: 1, body: 8f, result:no ack
10-04 09:59:28.039   441   455 E IPCThreadState: binder thread pool (1 threads) starved for 110 ms
10-04 09:59:28.095  1154  1154 D NetflixService: handleMessage
10-04 09:59:28.095   441   455 D hdmicecd: [CEC]:printCecMessage, [4 -> 0] len: 1, body: 8f, result:no ack
10-04 09:59:28.115  1154  1154 D NetflixService: com.airtel.tv is visible.
10-04 09:59:28.115  1154  1154 D NetflixService: com.netflix.ninja is not top activity.
10-04 09:59:28.122  1154  1154 D NetflixService: com.netflix.ninjais not top activity.
10-04 09:59:28.123  1154  1154 I NetflixService: fg: false  mIsNetflixFg: false
10-04 09:59:28.124  1154  1154 D NetflixService: com.airtel.tv is visible.
10-04 09:59:28.124  1154  1154 D NetflixService: com.google.android.youtube.tv is not top activity.
10-04 09:59:28.151   441   455 D hdmicecd: [CEC]:printCecMessage, [4 -> 0] len: 1, body: 8f, result:no ack
10-04 09:59:28.151   441   455 E IPCThreadState: binder thread pool (1 threads) starved for 112 ms
10-04 09:59:28.151   696   949 E HDMI    : [6]:Failed to send <Give Device Power Status> 40:8F with errorCode=1
10-04 09:59:28.151   696   949 D HDMI    : [S]:<Text View On> 40:0D
10-04 09:59:28.207   441   455 D hdmicecd: [CEC]:printCecMessage, [4 -> 0] len: 1, body: 0d, result:no ack
10-04 09:59:28.210  8084  8084 D IPTV_KPI: COLD_BOOT : 970 ms
10-04 09:59:28.210  8084  8084 D IPTV_KPI: TAB_LOAD : 427951 ms
10-04 09:59:28.225  8084  8084 D Glide   : Finished loading BitmapDrawable from MEMORY_CACHE for http://tvimg.wynk.in/unsafe/fit-in/1920x548/filters:no_upscale():format(webp)/https://s3.ap-south-1.amazonaws.com/discovery-prod-arsenal/tile/artwork/1727983622442_ind_vs_nz-4-oct-7.30-pm_4k_1920-x-548.jpg with size [-2147483648x-2147483648] in 0.606167 ms
