10-07 13:07:31.901   708   920 D OemPaidWifiNetworkFactory: got request NetworkRequest [ REQUEST id=161, [ Capabilities: INTERNET&NOT_RESTRICTED&TRUSTED&NOT_VCN_MANAGED Uid: 10043 RequestorUid: 10043 RequestorPkg: com.airtel.tv UnderlyingNetworks: Null] ]
10-07 13:07:31.901   708   920 D MultiInternetWifiNetworkFactory: got request NetworkRequest [ REQUEST id=161, [ Capabilities: INTERNET&NOT_RESTRICTED&TRUSTED&NOT_VCN_MANAGED Uid: 10043 RequestorUid: 10043 RequestorPkg: com.airtel.tv UnderlyingNetworks: Null] ]
10-07 13:07:31.902   708   928 D ConnectivityService: NetReassign [161 : null → 100] [c 1] [a 1] [i 6]
10-07 13:07:31.935   445   461 D hdmicecd: [CEC]:printCecMessage, [4 -> 0] len: 2, body: 8e 00, result:no ack
10-07 13:07:31.936   708   708 D ResendCecCommandAction: sendCommandWithoutRetries failed, retry
10-07 13:07:31.991   445   461 D hdmicecd: [CEC]:printCecMessage, [4 -> 0] len: 2, body: 8e 00, result:no ack
10-07 13:07:31.991   445   461 E IPCThreadState: binder thread pool (1 threads) starved for 110 ms
10-07 13:07:31.992   708   959 E HDMI    : [1]:Failed to send <Menu Status> 40:8E:00 with errorCode=1
10-07 13:07:31.993   708   959 D HDMI    : [S]:<System Audio Mode Request> 45:70:10:00
10-07 13:07:32.023  1592  2071 I WM-WorkerWrapper: Worker result SUCCESS for Work [ id=727acc1c-af42-4a10-bd85-303d19bc9ce1, tags={ tv.airtel.wynk.analytics.sync.service.AnalyticsSyncService, com.airtel.analyticsSyncService } ]
10-07 13:07:32.047   445   461 D hdmicecd: [CEC]:printCecMessage, [4 -> 5] len: 3, body: 70 10 00, result:no ack
10-07 13:07:32.061   708  4269 W JobScheduler: Job didn't exist in JobStore: 757a805 #u0a43/7132 com.airtel.tv/androidx.work.impl.background.systemjob.SystemJobService
10-07 13:07:32.077  1592  2071 I WM-WorkerWrapper: Worker result SUCCESS for Work [ id=eed7533b-765c-4260-8e40-e2b151561ea8, tags={ tv.airtel.wynk.analytics.sync.service.AnalyticsSyncService, com.airtel.analyticsSyncService } ]
10-07 13:07:32.103   445   461 D hdmicecd: [CEC]:printCecMessage, [4 -> 5] len: 3, body: 70 10 00, result:no ack
10-07 13:07:32.121   708  4269 W JobScheduler: Job didn't exist in JobStore: 6f40826 #u0a43/7133 com.airtel.tv/androidx.work.impl.background.systemjob.SystemJobService
10-07 13:07:32.159   445   445 D hdmicecd: [CEC]:printCecMessage, [4 -> 5] len: 3, body: 70 10 00, result:no ack
10-07 13:07:32.199   708  4269 D ConnectivityService: requestNetwork for uid/pid:10043/1592 activeRequest: null callbackRequest: 162 [NetworkRequest [ REQUEST id=163, [ Capabilities: INTERNET&NOT_RESTRICTED&TRUSTED&NOT_VCN_MANAGED Uid: 10043 RequestorUid: 10043 RequestorPkg: com.airtel.tv UnderlyingNetworks: Null] ]] callback flags: 0 order: 2147483647
10-07 13:07:32.207   708   920 D WifiNetworkFactory: got request NetworkRequest [ REQUEST id=163, [ Capabilities: INTERNET&NOT_RESTRICTED&TRUSTED&NOT_VCN_MANAGED Uid: 10043 RequestorUid: 10043 RequestorPkg: com.airtel.tv UnderlyingNetworks: Null] ]
10-07 13:07:32.207   708   920 D UntrustedWifiNetworkFactory: got request NetworkRequest [ REQUEST id=163, [ Capabilities: INTERNET&NOT_RESTRICTED&TRUSTED&NOT_VCN_MANAGED Uid: 10043 RequestorUid: 10043 RequestorPkg: com.airtel.tv UnderlyingNetworks: Null] ]
10-07 13:07:32.208   708   920 D OemPaidWifiNetworkFactory: got request NetworkRequest [ REQUEST id=163, [ Capabilities: INTERNET&NOT_RESTRICTED&TRUSTED&NOT_VCN_MANAGED Uid: 10043 RequestorUid: 10043 RequestorPkg: com.airtel.tv UnderlyingNetworks: Null] ]
10-07 13:07:32.208   708   920 D MultiInternetWifiNetworkFactory: got request NetworkRequest [ REQUEST id=163, [ Capabilities: INTERNET&NOT_RESTRICTED&TRUSTED&NOT_VCN_MANAGED Uid: 10043 RequestorUid: 10043 RequestorPkg: com.airtel.tv UnderlyingNetworks: Null] ]
10-07 13:07:32.208   708   928 D ConnectivityService: NetReassign [163 : null → 100] [c 1] [a 0] [i 7]
10-07 13:07:32.215   445   445 D hdmicecd: [CEC]:printCecMessage, [4 -> 5] len: 3, body: 70 10 00, result:no ack
10-07 13:07:32.216   445   445 E IPCThreadState: binder thread pool (1 threads) starved for 224 ms
10-07 13:07:32.216   708   959 E HDMI    : [1]:Failed to send <System Audio Mode Request> 45:70:10:00 with errorCode=1
10-07 13:07:32.217   708   959 D HDMI    : [S]:<Give Device Power Status> 40:8F
10-07 13:07:32.237  1127  1127 D NetflixService: handleMessage
10-07 13:07:32.239  1127  1127 D NetflixService: com.airtel.tv is visible.
10-07 13:07:32.239  1127  1127 D NetflixService: com.netflix.ninja is not top activity.
10-07 13:07:32.242  1127  1127 D NetflixService: com.netflix.ninjais not top activity.
10-07 13:07:32.242  1127  1127 I NetflixService: fg: false  mIsNetflixFg: false
10-07 13:07:32.243  1127  1127 D NetflixService: com.airtel.tv is visible.
10-07 13:07:32.243  1127  1127 D NetflixService: com.google.android.youtube.tv is not top activity.
10-07 13:07:32.275   445   445 D hdmicecd: [CEC]:printCecMessage, [4 -> 0] len: 1, body: 8f, result:no ack
10-07 13:07:32.331   445   445 D hdmicecd: [CEC]:printCecMessage, [4 -> 0] len: 1, body: 8f, result:no ack
10-07 13:07:32.331   445   445 E IPCThreadState: binder thread pool (1 threads) starved for 113 ms
10-07 13:07:32.355  1592  2071 I WM-WorkerWrapper: Worker result SUCCESS for Work [ id=95a8ed17-33ed-4a8c-abff-607b32ebbb81, tags={ tv.airtel.wynk.analytics.sync.service.AnalyticsSyncService, com.airtel.analyticsSyncService } ]
10-07 13:07:32.387   708  4269 W JobScheduler: Job didn't exist in JobStore: 217d2bd #u0a43/7134 com.airtel.tv/androidx.work.impl.background.systemjob.SystemJobService
10-07 13:07:32.391   445   445 D hdmicecd: [CEC]:printCecMessage, [4 -> 0] len: 1, body: 8f, result:no ack
10-07 13:07:32.432  1127  1127 D NetflixService: handleMessage
10-07 13:07:32.437  1127  1127 D NetflixService: com.airtel.tv is visible.
10-07 13:07:32.437  1127  1127 D NetflixService: com.netflix.ninja is not top activity.
10-07 13:07:32.440  1127  1127 D NetflixService: com.netflix.ninjais not top activity.
10-07 13:07:32.440  1127  1127 I NetflixService: fg: false  mIsNetflixFg: false
10-07 13:07:32.441  1127  1127 D NetflixService: com.airtel.tv is visible.
10-07 13:07:32.441  1127  1127 D NetflixService: com.google.android.youtube.tv is not top activity.
10-07 13:07:32.447   445   445 D hdmicecd: [CEC]:printCecMessage, [4 -> 0] len: 1, body: 8f, result:no ack
10-07 13:07:32.448   445   445 E IPCThreadState: binder thread pool (1 threads) starved for 116 ms
10-07 13:07:32.448   708   959 E HDMI    : [6]:Failed to send <Give Device Power Status> 40:8F with errorCode=1
10-07 13:07:32.449   429  1449 D rtk_heartbeat: heartbeat_timed_out: heartbeatCmdCount = 244, expected nextSeqNum = 244
10-07 13:07:32.450   429  1319 D rtk_heartbeat: rtkbt_heartbeat_cmpl_cback: Current SeqNum = 244,should SeqNum=244, status = 0
10-07 13:07:32.503   445   445 D hdmicecd: [CEC]:printCecMessage, [4 -> 8] len: 0, body:, result:no ack
10-07 13:07:32.504   708   959 D HDMI    : [S]:<Text View On> 40:0D
10-07 13:07:32.523   708  4269 W JobScheduler: Job didn't exist in JobStore: 879f5fe #u0a43/7135 com.airtel.tv/androidx.work.impl.background.systemjob.SystemJobService
10-07 13:07:32.559   445   445 D hdmicecd: [CEC]:printCecMessage, [4 -> 0] len: 1, body: 0d, result:no ack
10-07 13:07:32.615   445   445 D hdmicecd: [CEC]:printCecMessage, [4 -> 0] len: 1, body: 0d, result:no ack
10-07 13:07:32.615   445   445 E IPCThreadState: binder thread pool (1 threads) starved for 111 ms
10-07 13:07:32.675   445   445 D hdmicecd: [CEC]:printCecMessage, [4 -> 0] len: 1, body: 0d, result:no ack
10-07 13:07:32.731   445   445 D hdmicecd: [CEC]:printCecMessage, [4 -> 0] len: 1, body: 0d, result:no ack
10-07 13:07:32.731   445   445 E IPCThreadState: binder thread pool (1 threads) starved for 116 ms
10-07 13:07:33.032   708   708 D ResendCecCommandAction: sendCommandWithoutRetries failed, retry
10-07 13:07:33.059   445   445 D hdmicecd: [CEC]:printCecMessage, [4 -> b] len: 0, body:, result:no ack
10-07 13:07:33.060   708   959 D HDMI    : [S]:<Text View On> 40:0D
10-07 13:07:33.115   445   445 D hdmicecd: [CEC]:printCecMessage, [4 -> 0] len: 1, body: 0d, result:no ack
10-07 13:07:33.171   445   445 D hdmicecd: [CEC]:printCecMessage, [4 -> 0] len: 1, body: 0d, result:no ack
10-07 13:07:33.171   445   445 E IPCThreadState: binder thread pool (1 threads) starved for 111 ms
10-07 13:07:33.231   445   445 D hdmicecd: [CEC]:printCecMessage, [4 -> 0] len: 1, body: 0d, result:no ack
10-07 13:07:33.287   445   445 D hdmicecd: [CEC]:printCecMessage, [4 -> 0] len: 1, body: 0d, result:no ack
10-07 13:07:33.288   445   445 E IPCThreadState: binder thread pool (1 threads) starved for 116 ms
10-07 13:07:33.297   427   590 I audio_hw_hal_alsamgr: alsa format =0x1 delay frames =1024 total frames=12544000
10-07 13:07:33.411   708   708 D HDMI    : one touch play retry:1
10-07 13:07:33.411   708   959 D HDMI    : [S]:<Text View On> 40:0D
10-07 13:07:33.449   429  1449 D rtk_heartbeat: heartbeat_timed_out: heartbeatCmdCount = 245, expected nextSeqNum = 245
10-07 13:07:33.450   429  1319 D rtk_heartbeat: rtkbt_heartbeat_cmpl_cback: Current SeqNum = 245,should SeqNum=245, status = 0
10-07 13:07:33.467   445   445 D hdmicecd: [CEC]:printCecMessage, [4 -> 0] len: 1, body: 0d, result:no ack
10-07 13:07:33.523   445   445 D hdmicecd: [CEC]:printCecMessage, [4 -> 0] len: 1, body: 0d, result:no ack
10-07 13:07:33.523   445   445 E IPCThreadState: binder thread pool (1 threads) starved for 112 ms
10-07 13:07:33.579   445   445 D hdmicecd: [CEC]:printCecMessage, [4 -> 0] len: 1, body: 0d, result:no ack
10-07 13:07:33.639   445   445 D hdmicecd: [CEC]:printCecMessage, [4 -> 0] len: 1, body: 0d, result:no ack
10-07 13:07:33.639   445   445 E IPCThreadState: binder thread pool (1 threads) starved for 116 ms
10-07 13:07:33.640   708   959 D HDMI    : [S]:<Give Device Power Status> 40:8F
10-07 13:07:33.640   708   708 D ResendCecCommandAction: ResendCecCommandAction started
10-07 13:07:33.699   445   445 D hdmicecd: [CEC]:printCecMessage, [4 -> 0] len: 1, body: 8f, result:no ack
10-07 13:07:33.755   445   445 D hdmicecd: [CEC]:printCecMessage, [4 -> 0] len: 1, body: 8f, result:no ack
10-07 13:07:33.755   445   445 E IPCThreadState: binder thread pool (1 threads) starved for 115 ms
10-07 13:07:33.811   445   445 D hdmicecd: [CEC]:printCecMessage, [4 -> 0] len: 1, body: 8f, result:no ack
10-07 13:07:33.832  1127  1127 I ThermalService: CPU temperatures: [42.7]
10-07 13:07:33.867   445   445 D hdmicecd: [CEC]:printCecMessage, [4 -> 0] len: 1, body: 8f, result:no ack
10-07 13:07:33.927   445   461 D hdmicecd: [CEC]:printCecMessage, [4 -> e] len: 0, body:, result:no ack
10-07 13:07:33.927   445   461 E IPCThreadState: binder thread pool (1 threads) starved for 172 ms
10-07 13:07:33.928   708   708 D HdmiCecController: [P]:AllocatedAddress=[]
10-07 13:07:33.928   708   708 V HotPlugDetectionAction: Finish poll all devices.
10-07 13:07:33.940   708   708 D ResendCecCommandAction: sendCommandWithoutRetries failed, retry
10-07 13:07:33.941   708   959 D HDMI    : [S]:<Text View On> 40:0D
10-07 13:07:33.995   445   461 D hdmicecd: [CEC]:printCecMessage, [4 -> 0] len: 1, body: 0d, result:no ack
10-07 13:07:34.051   445   461 D hdmicecd: [CEC]:printCecMessage, [4 -> 0] len: 1, body: 0d, result:no ack
10-07 13:07:34.052   445   461 E IPCThreadState: binder thread pool (1 threads) starved for 111 ms
10-07 13:07:34.107   445   461 D hdmicecd: [CEC]:printCecMessage, [4 -> 0] len: 1, body: 0d, result:no ack
10-07 13:07:34.163   445   461 D hdmicecd: [CEC]:printCecMessage, [4 -> 0] len: 1, body: 0d, result:no ack
10-07 13:07:34.164   445   461 E IPCThreadState: binder thread pool (1 threads) starved for 112 ms
--------- beginning of kernel
10-07 13:07:34.219     0     0 W [3 T1187  ..] RTW: rtw_get_sta_tx_stat() not support
10-07 13:07:34.219     0     0 W [3 T1187  ..] RTW: cfg80211_rtw_get_txpower
10-07 13:07:34.449   429  1449 D rtk_heartbeat: heartbeat_timed_out: heartbeatCmdCount = 246, expected nextSeqNum = 246
10-07 13:07:34.450   429  1319 D rtk_heartbeat: rtkbt_heartbeat_cmpl_cback: Current SeqNum = 246,should SeqNum=246, status = 0
10-07 13:07:34.465   708   708 D ResendCecCommandAction: sendCommandWithoutRetries failed, retry
10-07 13:07:34.465   708   959 D HDMI    : [S]:<Text View On> 40:0D
10-07 13:07:34.519   445   461 D hdmicecd: [CEC]:printCecMessage, [4 -> 0] len: 1, body: 0d, result:no ack
10-07 13:07:34.575   445   461 D hdmicecd: [CEC]:printCecMessage, [4 -> 0] len: 1, body: 0d, result:no ack
10-07 13:07:34.576   445   461 E IPCThreadState: binder thread pool (1 threads) starved for 110 ms
10-07 13:07:34.631   445   461 D hdmicecd: [CEC]:printCecMessage, [4 -> 0] len: 1, body: 0d, result:no ack
10-07 13:07:34.640   708  1566 E TaskPersister: File error accessing recents directory (directory doesn't exist?).
10-07 13:07:34.687   445   461 D hdmicecd: [CEC]:printCecMessage, [4 -> 0] len: 1, body: 0d, result:no ack
10-07 13:07:34.688   445   461 E IPCThreadState: binder thread pool (1 threads) starved for 113 ms
10-07 13:07:35.412   708   708 D HDMI    : one touch play retry:2
10-07 13:07:35.412   708   959 D HDMI    : [S]:<Text View On> 40:0D
10-07 13:07:35.449   429  1449 D rtk_heartbeat: heartbeat_timed_out: heartbeatCmdCount = 247, expected nextSeqNum = 247
10-07 13:07:35.451   429  1319 D rtk_heartbeat: rtkbt_heartbeat_cmpl_cback: Current SeqNum = 247,should SeqNum=247, status = 0
10-07 13:07:35.471   445   461 D hdmicecd: [CEC]:printCecMessage, [4 -> 0] len: 1, body: 0d, result:no ack
10-07 13:07:35.527   445   461 D hdmicecd: [CEC]:printCecMessage, [4 -> 0] len: 1, body: 0d, result:no ack
10-07 13:07:35.527   445   461 E IPCThreadState: binder thread pool (1 threads) starved for 114 ms
10-07 13:07:35.583   445   461 D hdmicecd: [CEC]:printCecMessage, [4 -> 0] len: 1, body: 0d, result:no ack
10-07 13:07:35.639   445   461 D hdmicecd: [CEC]:printCecMessage, [4 -> 0] len: 1, body: 0d, result:no ack
10-07 13:07:35.640   445   461 E IPCThreadState: binder thread pool (1 threads) starved for 112 ms
10-07 13:07:35.640   708   959 D HDMI    : [S]:<Give Device Power Status> 40:8F
10-07 13:07:35.640   708   708 D ResendCecCommandAction: ResendCecCommandAction started
10-07 13:07:35.699   445   461 D hdmicecd: [CEC]:printCecMessage, [4 -> 0] len: 1, body: 8f, result:no ack
10-07 13:07:35.755   445   461 D hdmicecd: [CEC]:printCecMessage, [4 -> 0] len: 1, body: 8f, result:no ack
10-07 13:07:35.811   445   445 D hdmicecd: [CEC]:printCecMessage, [4 -> 0] len: 1, body: 8f, result:no ack
10-07 13:07:35.835  1127  1127 I ThermalService: CPU temperatures: [42.500004]
10-07 13:07:35.868   445   445 D hdmicecd: [CEC]:printCecMessage, [4 -> 0] len: 1, body: 8f, result:no ack
10-07 13:07:35.868   445   445 E IPCThreadState: binder thread pool (1 threads) starved for 227 ms
10-07 13:07:35.941   708   708 D ResendCecCommandAction: sendCommandWithoutRetries failed, retry
10-07 13:07:35.941   708   959 D HDMI    : [S]:<Text View On> 40:0D
10-07 13:07:35.995   445   445 D hdmicecd: [CEC]:printCecMessage, [4 -> 0] len: 1, body: 0d, result:no ack
10-07 13:07:36.055   445   445 D hdmicecd: [CEC]:printCecMessage, [4 -> 0] len: 1, body: 0d, result:no ack
10-07 13:07:36.055   445   445 E IPCThreadState: binder thread pool (1 threads) starved for 114 ms
10-07 13:07:36.112   445   445 D hdmicecd: [CEC]:printCecMessage, [4 -> 0] len: 1, body: 0d, result:no ack
10-07 13:07:36.171   445   445 D hdmicecd: [CEC]:printCecMessage, [4 -> 0] len: 1, body: 0d, result:no ack
10-07 13:07:36.172   445   445 E IPCThreadState: binder thread pool (1 threads) starved for 117 ms
10-07 13:07:36.450   429  1449 D rtk_heartbeat: heartbeat_timed_out: heartbeatCmdCount = 248, expected nextSeqNum = 248
10-07 13:07:36.451   429  1319 D rtk_heartbeat: rtkbt_heartbeat_cmpl_cback: Current SeqNum = 248,should SeqNum=248, status = 0
10-07 13:07:36.473   708   708 D ResendCecCommandAction: sendCommandWithoutRetries failed, retry
10-07 13:07:36.474   708   959 D HDMI    : [S]:<Text View On> 40:0D
10-07 13:07:36.531   445   445 D hdmicecd: [CEC]:printCecMessage, [4 -> 0] len: 1, body: 0d, result:no ack
10-07 13:07:36.587   445   445 D hdmicecd: [CEC]:printCecMessage, [4 -> 0] len: 1, body: 0d, result:no ack
10-07 13:07:36.588   445   445 E IPCThreadState: binder thread pool (1 threads) starved for 113 ms
10-07 13:07:36.643   445   445 D hdmicecd: [CEC]:printCecMessage, [4 -> 0] len: 1, body: 0d, result:no ack
10-07 13:07:36.699   445   445 D hdmicecd: [CEC]:printCecMessage, [4 -> 0] len: 1, body: 0d, result:no ack
10-07 13:07:36.699   445   445 E IPCThreadState: binder thread pool (1 threads) starved for 112 ms
10-07 13:07:36.712  4873  4873 D MonkeyStub: translateCommand: press DPAD_RIGHT
10-07 13:07:36.715   459   459 I lights-tch: flashMode 0 id 2 onMs 0 offMs 0 brightness 0
10-07 13:07:36.718   459   459 I lights-tch: flashMode 0 id 2 onMs 0 offMs 0 brightness 225
10-07 13:07:36.720  1592  1592 D focus content view tv.airtel.xstream.widget.ContentLoadingView{a77da9f VFE...... .F.....D 0,0-
10-07 13:07:36.720  1592  1592 D focus content direction 66: 
10-07 13:07:36.720  1592  1592 D focus content view null: 
10-07 13:07:36.723  1592  1592 D focus view tv.airtel.xstream.widget.ContentLoadingView{a77da9f VFE...... .F.....D 0,0-1920,108
10-07 13:07:36.723  1592  1592 D focus direction 66: 
10-07 13:07:36.723  1592  1592 D focus Next view null: 
10-07 13:07:36.724  1592  1592 D focus view TAg tag progress bar main: 
10-07 13:07:36.724  1592  1592 D focus next view parent null: 
10-07 13:07:36.725  1592  1592 D focus view parent android.widget.FrameLayout{6ff2acc V.E...... .......D 0,0-1920,1080 #7f0b02d
--------- beginning of kernel
10-07 13:07:37.225     0     0 W [0 T1187  ..] RTW: rtw_get_sta_tx_stat() not support
10-07 13:07:37.225     0     0 W [0 T1187  ..] RTW: cfg80211_rtw_get_txpower
--------- beginning of system
10-07 13:07:37.413   708   708 D HDMI    : one touch play retry:3
10-07 13:07:37.414   708   959 D HDMI    : [S]:<Text View On> 40:0D
--------- beginning of main
10-07 13:07:37.450   429  1449 D rtk_heartbeat: heartbeat_timed_out: heartbeatCmdCount = 249, expected nextSeqNum = 249
10-07 13:07:37.451   429  1319 D rtk_heartbeat: rtkbt_heartbeat_cmpl_cback: Current SeqNum = 249,should SeqNum=249, status = 0
10-07 13:07:37.471   445   445 D hdmicecd: [CEC]:printCecMessage, [4 -> 0] len: 1, body: 0d, result:no ack
10-07 13:07:37.527   445   445 D hdmicecd: [CEC]:printCecMessage, [4 -> 0] len: 1, body: 0d, result:no ack
10-07 13:07:37.527   445   445 E IPCThreadState: binder thread pool (1 threads) starved for 113 ms
10-07 13:07:37.587   445   445 D hdmicecd: [CEC]:printCecMessage, [4 -> 0] len: 1, body: 0d, result:no ack
10-07 13:07:37.643   445   445 D hdmicecd: [CEC]:printCecMessage, [4 -> 0] len: 1, body: 0d, result:no ack
10-07 13:07:37.644   708   959 D HDMI    : [S]:<Give Device Power Status> 40:8F
10-07 13:07:37.644   708   708 D ResendCecCommandAction: ResendCecCommandAction started
10-07 13:07:37.699   445   461 D hdmicecd: [CEC]:printCecMessage, [4 -> 0] len: 1, body: 8f, result:no ack
10-07 13:07:37.755   445   461 D hdmicecd: [CEC]:printCecMessage, [4 -> 0] len: 1, body: 8f, result:no ack
10-07 13:07:37.756   445   461 E IPCThreadState: binder thread pool (1 threads) starved for 228 ms
10-07 13:07:37.815   445   461 D hdmicecd: [CEC]:printCecMessage, [4 -> 0] len: 1, body: 8f, result:no ack
10-07 13:07:37.839  1127  1127 I ThermalService: CPU temperatures: [42.500004]
10-07 13:07:37.871   445   461 D hdmicecd: [CEC]:printCecMessage, [4 -> 0] len: 1, body: 8f, result:no ack
10-07 13:07:37.872   445   461 E IPCThreadState: binder thread pool (1 threads) starved for 116 ms
10-07 13:07:37.945   708   708 D ResendCecCommandAction: sendCommandWithoutRetries failed, retry
10-07 13:07:37.945  4873  4873 D MonkeyStub: translateCommand: press DPAD_CENTER
10-07 13:07:37.946   708   959 D HDMI    : [S]:<Text View On> 40:0D
10-07 13:07:37.948   459   459 I lights-tch: flashMode 0 id 2 onMs 0 offMs 0 brightness 0
10-07 13:07:37.951   459   459 I lights-tch: flashMode 0 id 2 onMs 0 offMs 0 brightness 225
10-07 13:07:38.000   445   461 D hdmicecd: [CEC]:printCecMessage, [4 -> 0] len: 1, body: 0d, result:no ack
10-07 13:07:38.044     0     0 I [0 T232   ..] logd: logdr: UID=2000 GID=2000 PID=5002 n tail=0 logMask=99 pid=0 start=0ns deadline=0ns
--------- beginning of main
10-07 13:07:38.111   445   461 D hdmicecd: [CEC]:printCecMessage, [4 -> 0] len: 1, body: 0d, result:no ack
10-07 13:07:38.167   445   461 D hdmicecd: [CEC]:printCecMessage, [4 -> 0] len: 1, body: 0d, result:no ack
10-07 13:07:38.167   445   461 E IPCThreadState: binder thread pool (1 threads) starved for 112 ms
10-07 13:07:38.450   429  1449 D rtk_heartbeat: heartbeat_timed_out: heartbeatCmdCount = 250, expected nextSeqNum = 250
10-07 13:07:38.451   429  1319 D rtk_heartbeat: rtkbt_heartbeat_cmpl_cback: Current SeqNum = 250,should SeqNum=250, status = 0
--------- beginning of system
10-07 13:07:38.469   708   708 D ResendCecCommandAction: sendCommandWithoutRetries failed, retry
10-07 13:07:38.469   708   959 D HDMI    : [S]:<Text View On> 40:0D
10-07 13:07:38.523   445   461 D hdmicecd: [CEC]:printCecMessage, [4 -> 0] len: 1, body: 0d, result:no ack
10-07 13:07:38.579   445   461 D hdmicecd: [CEC]:printCecMessage, [4 -> 0] len: 1, body: 0d, result:no ack
10-07 13:07:38.579   445   461 E IPCThreadState: binder thread pool (1 threads) starved for 110 ms
10-07 13:07:38.629   427   590 I audio_hw_hal_alsamgr: alsa format =0x1 delay frames =1024 total frames=12800000
10-07 13:07:38.635   445   461 D hdmicecd: [CEC]:printCecMessage, [4 -> 0] len: 1, body: 0d, result:no ack
10-07 13:07:38.691   445   461 D hdmicecd: [CEC]:printCecMessage, [4 -> 0] len: 1, body: 0d, result:no ack
10-07 13:07:38.692   445   461 E IPCThreadState: binder thread pool (1 threads) starved for 112 ms
10-07 13:07:39.146  4873  4873 D MonkeyStub: translateCommand: press DPAD_DOWN
10-07 13:07:39.149   459   459 I lights-tch: flashMode 0 id 2 onMs 0 offMs 0 brightness 0
10-07 13:07:39.152   459   459 I lights-tch: flashMode 0 id 2 onMs 0 offMs 0 brightness 225
10-07 13:07:39.154  1592  1592 D focus content view tv.airtel.xstream.widget.ContentLoadingView{a77da9f VFE...... .F.....D 0,0-
10-07 13:07:39.154  1592  1592 D focus content direction 130: 
10-07 13:07:39.154  1592  1592 D focus content view null: 
10-07 13:07:39.155  1592  1592 D focus view tv.airtel.xstream.widget.ContentLoadingView{a77da9f VFE...... .F.....D 0,0-1920,108
10-07 13:07:39.155  1592  1592 D focus direction 130: 
10-07 13:07:39.155  1592  1592 D focus Next view null: 
10-07 13:07:39.155  1592  1592 D focus view TAg tag progress bar main: 
10-07 13:07:39.155  1592  1592 D focus next view parent null: 
10-07 13:07:39.156  1592  1592 D focus view parent android.widget.FrameLayout{6ff2acc V.E...... .......D 0,0-1920,1080 #7f0b02d
--------- beginning of system
10-07 13:07:39.414   708   708 D HDMI    : one touch play retry:4
10-07 13:07:39.415   708   959 D HDMI    : [S]:<Text View On> 40:0D
--------- beginning of main
10-07 13:07:39.450   429  1449 D rtk_heartbeat: heartbeat_timed_out: heartbeatCmdCount = 251, expected nextSeqNum = 251
10-07 13:07:39.451   429  1319 D rtk_heartbeat: rtkbt_heartbeat_cmpl_cback: Current SeqNum = 251,should SeqNum=251, status = 0
10-07 13:07:39.471   445   461 D hdmicecd: [CEC]:printCecMessage, [4 -> 0] len: 1, body: 0d, result:no ack
10-07 13:07:39.527   445   461 D hdmicecd: [CEC]:printCecMessage, [4 -> 0] len: 1, body: 0d, result:no ack
10-07 13:07:39.527   445   461 E IPCThreadState: binder thread pool (1 threads) starved for 112 ms
10-07 13:07:39.583   445   461 D hdmicecd: [CEC]:printCecMessage, [4 -> 0] len: 1, body: 0d, result:no ack
10-07 13:07:39.639   445   461 D hdmicecd: [CEC]:printCecMessage, [4 -> 0] len: 1, body: 0d, result:no ack
10-07 13:07:39.640   445   461 E IPCThreadState: binder thread pool (1 threads) starved for 113 ms
10-07 13:07:39.643   708   708 D ResendCecCommandAction: ResendCecCommandAction started
10-07 13:07:39.643   708   959 D HDMI    : [S]:<Give Device Power Status> 40:8F
10-07 13:07:39.699   445   461 D hdmicecd: [CEC]:printCecMessage, [4 -> 0] len: 1, body: 8f, result:no ack
10-07 13:07:39.756   445   461 D hdmicecd: [CEC]:printCecMessage, [4 -> 0] len: 1, body: 8f, result:no ack
10-07 13:07:39.811   445   445 D hdmicecd: [CEC]:printCecMessage, [4 -> 0] len: 1, body: 8f, result:no ack
10-07 13:07:39.842  1127  1127 I ThermalService: CPU temperatures: [42.500004]
10-07 13:07:39.867   445   445 D hdmicecd: [CEC]:printCecMessage, [4 -> 0] len: 1, body: 8f, result:no ack
10-07 13:07:39.867   445   445 E IPCThreadState: binder thread pool (1 threads) starved for 224 ms
10-07 13:07:39.943   708   708 D ResendCecCommandAction: sendCommandWithoutRetries failed, retry
10-07 13:07:39.944   708   959 D HDMI    : [S]:<Text View On> 40:0D
10-07 13:07:39.999   445   445 D hdmicecd: [CEC]:printCecMessage, [4 -> 0] len: 1, body: 0d, result:no ack
10-07 13:07:40.055   445   445 D hdmicecd: [CEC]:printCecMessage, [4 -> 0] len: 1, body: 0d, result:no ack
10-07 13:07:40.111   445   461 D hdmicecd: [CEC]:printCecMessage, [4 -> 0] len: 1, body: 0d, result:no ack
10-07 13:07:40.167   445   461 D hdmicecd: [CEC]:printCecMessage, [4 -> 0] len: 1, body: 0d, result:no ack
10-07 13:07:40.168   445   461 E IPCThreadState: binder thread pool (1 threads) starved for 223 ms
--------- beginning of kernel
10-07 13:07:40.230     0     0 W [3 T1187  ..] RTW: rtw_get_sta_tx_stat() not support
10-07 13:07:40.230     0     0 W [3 T1187  ..] RTW: cfg80211_rtw_get_txpower
10-07 13:07:40.392  4873  4873 D MonkeyStub: translateCommand: press DPAD_DOWN
10-07 13:07:40.396   459   459 I lights-tch: flashMode 0 id 2 onMs 0 offMs 0 brightness 0
10-07 13:07:40.399   459   459 I lights-tch: flashMode 0 id 2 onMs 0 offMs 0 brightness 225
10-07 13:07:40.401  1592  1592 D focus content view tv.airtel.xstream.widget.ContentLoadingView{a77da9f VFE...... .F.....D 0,0-
10-07 13:07:40.401  1592  1592 D focus content direction 130: 
10-07 13:07:40.401  1592  1592 D focus content view null: 
10-07 13:07:40.402  1592  1592 D focus view tv.airtel.xstream.widget.ContentLoadingView{a77da9f VFE...... .F.....D 0,0-1920,108
10-07 13:07:40.402  1592  1592 D focus direction 130: 
10-07 13:07:40.402  1592  1592 D focus Next view null: 
10-07 13:07:40.402  1592  1592 D focus view TAg tag progress bar main: 
10-07 13:07:40.403  1592  1592 D focus next view parent null: 
10-07 13:07:40.403  1592  1592 D focus view parent android.widget.FrameLayout{6ff2acc V.E...... .......D 0,0-1920,1080 #7f0b02d
10-07 13:07:40.450   429  1449 D rtk_heartbeat: heartbeat_timed_out: heartbeatCmdCount = 252, expected nextSeqNum = 252
10-07 13:07:40.451   429  1319 D rtk_heartbeat: rtkbt_heartbeat_cmpl_cback: Current SeqNum = 252,should SeqNum=252, status = 0
10-07 13:07:40.469   708   708 D ResendCecCommandAction: sendCommandWithoutRetries failed, retry
10-07 13:07:40.469   708   959 D HDMI    : [S]:<Text View On> 40:0D
--------- beginning of main
10-07 13:07:40.579   445   461 D hdmicecd: [CEC]:printCecMessage, [4 -> 0] len: 1, body: 0d, result:no ack
10-07 13:07:40.579   445   461 E IPCThreadState: binder thread pool (1 threads) starved for 110 ms
10-07 13:07:40.635   445   461 D hdmicecd: [CEC]:printCecMessage, [4 -> 0] len: 1, body: 0d, result:no ack
10-07 13:07:40.691   445   461 D hdmicecd: [CEC]:printCecMessage, [4 -> 0] len: 1, body: 0d, result:no ack
10-07 13:07:40.691   445   461 E IPCThreadState: binder thread pool (1 threads) starved for 112 ms
--------- beginning of system
10-07 13:07:41.415   708   708 D HDMI    : one touch play retry:5
10-07 13:07:41.416   708   959 D HDMI    : [S]:<Text View On> 40:0D
10-07 13:07:41.434   708   818 W ActivityTaskManager: Launch timeout has expired, giving up wake lock!
10-07 13:07:41.451   429  1449 D rtk_heartbeat: heartbeat_timed_out: heartbeatCmdCount = 253, expected nextSeqNum = 253
10-07 13:07:41.452   429  1319 D rtk_heartbeat: rtkbt_heartbeat_cmpl_cback: Current SeqNum = 253,should SeqNum=253, status = 0
10-07 13:07:41.471   445   461 D hdmicecd: [CEC]:printCecMessage, [4 -> 0] len: 1, body: 0d, result:no ack
10-07 13:07:41.527   445   461 D hdmicecd: [CEC]:printCecMessage, [4 -> 0] len: 1, body: 0d, result:no ack
10-07 13:07:41.528   445   461 E IPCThreadState: binder thread pool (1 threads) starved for 112 ms
10-07 13:07:41.583   445   445 D hdmicecd: [CEC]:printCecMessage, [4 -> 0] len: 1, body: 0d, result:no ack
10-07 13:07:41.588  4873  4873 D MonkeyStub: translateCommand: press DPAD_RIGHT
10-07 13:07:41.590   459   459 I lights-tch: flashMode 0 id 2 onMs 0 offMs 0 brightness 0
10-07 13:07:41.595   459   459 I lights-tch: flashMode 0 id 2 onMs 0 offMs 0 brightness 225
10-07 13:07:41.597  1592  1592 D focus content view tv.airtel.xstream.widget.ContentLoadingView{a77da9f VFE...... .F.....D 0,0-
10-07 13:07:41.597  1592  1592 D focus content direction 66: 
10-07 13:07:41.597  1592  1592 D focus content view null: 
10-07 13:07:41.598  1592  1592 D focus view tv.airtel.xstream.widget.ContentLoadingView{a77da9f VFE...... .F.....D 0,0-1920,108
10-07 13:07:41.598  1592  1592 D focus direction 66: 
10-07 13:07:41.598  1592  1592 D focus Next view null: 
10-07 13:07:41.598  1592  1592 D focus view TAg tag progress bar main: 
10-07 13:07:41.599  1592  1592 D focus next view parent null: 
10-07 13:07:41.600  1592  1592 D focus view parent android.widget.FrameLayout{6ff2acc V.E...... .......D 0,0-1920,1080 #7f0b02d
10-07 13:07:41.627   708   818 D OomAdjuster: Not killing cached processes
10-07 13:07:41.628   708   818 W ProcessStats: Tracking association SourceState{9047732 com.google.android.gms/10073 BTop #2000} whose proc state 2 is better than process ProcessState{8825170 com.google.android.gms.persistent/10073 pkg=com.google.android.gms} proc state 4 (74 skipped)
10-07 13:07:41.640   445   445 D hdmicecd: [CEC]:printCecMessage, [4 -> 0] len: 1, body: 0d, result:no ack
10-07 13:07:41.640   445   445 E IPCThreadState: binder thread pool (1 threads) starved for 113 ms
10-07 13:07:41.641   708   959 D HDMI    : [S]:<Give Device Power Status> 40:8F
10-07 13:07:41.641   708   708 D ResendCecCommandAction: ResendCecCommandAction started
