10-07 13:30:04.212  1391  1391 I EmojiCompatManager: 	at so.g(PG:3)
10-07 13:30:04.212  1391  1391 I EmojiCompatManager: 	at abd.a(PG:6)
10-07 13:30:04.212  1391  1391 I EmojiCompatManager: 	at edb.d(PG:1)
10-07 13:30:04.212  1391  1391 I EmojiCompatManager: 	at edb.b(PG:6)
10-07 13:30:04.212  1391  1391 I EmojiCompatManager: 	at com.android.inputmethod.latin.LatinIME.f(PG:286)
10-07 13:30:04.212  1391  1391 I EmojiCompatManager: 	at epp.onStartInput(PG:170)
10-07 13:30:04.212  1391  1391 I EmojiCompatManager: 	at android.inputmethodservice.InputMethodService.doStartInput(InputMethodService.java:3115)
10-07 13:30:04.212  1391  1391 I EmojiCompatManager: 	at android.inputmethodservice.InputMethodService$InputMethodImpl.startInput(InputMethodService.java:824)
10-07 13:30:04.212  1391  1391 I EmojiCompatManager: 	at android.inputmethodservice.InputMethodService$InputMethodImpl.dispatchStartInput(InputMethodService.java:853)
10-07 13:30:04.212  1391  1391 I EmojiCompatManager: 	at android.inputmethodservice.IInputMethodWrapper.executeMessage(IInputMethodWrapper.java:197)
10-07 13:30:04.212  1391  1391 I EmojiCompatManager: 	at com.android.internal.os.HandlerCaller$MyHandler.handleMessage(HandlerCaller.java:44)
10-07 13:30:04.212  1391  1391 I EmojiCompatManager: 	at android.os.Handler.dispatchMessage(Handler.java:106)
10-07 13:30:04.212  1391  1391 I EmojiCompatManager: 	at android.os.Looper.loopOnce(Looper.java:205)
10-07 13:30:04.212  1391  1391 I EmojiCompatManager: 	at android.os.Looper.loop(Looper.java:294)
10-07 13:30:04.212  1391  1391 I EmojiCompatManager: 	at android.app.ActivityThread.main(ActivityThread.java:8177)
10-07 13:30:04.212  1391  1391 I EmojiCompatManager: 	at java.lang.reflect.Method.invoke(Native Method)
10-07 13:30:04.212  1391  1391 I EmojiCompatManager: 	at com.android.internal.os.RuntimeInit$MethodAndArgsCaller.run(RuntimeInit.java:552)
10-07 13:30:04.212  1391  1391 I EmojiCompatManager: 	at com.android.internal.os.ZygoteInit.main(ZygoteInit.java:971)
10-07 13:30:04.327   707   707 W WindowManager: One touch play failed: 1
--------- beginning of main
10-07 13:30:04.634   424  1432 D rtk_heartbeat: heartbeat_timed_out: heartbeatCmdCount = 146, expected nextSeqNum = 146
10-07 13:30:04.635   424  1274 D rtk_heartbeat: rtkbt_heartbeat_cmpl_cback: Current SeqNum = 146,should SeqNum=146, status = 0
10-07 13:30:05.434  1143  1143 I ThermalService: CPU temperatures: [48.500004]
10-07 13:30:05.533  1624  1658 I com.airtel.tv: Background young concurrent copying GC freed 219767(7802KB) AllocSpace objects, 0(0B) LOS objects, 6% free, 100MB/108MB, paused 539us,288us total 230.680ms
10-07 13:30:05.605  4596  4596 D MonkeyStub: translateCommand: press DPAD_DOWN
10-07 13:30:05.609   453   453 I lights-tch: flashMode 0 id 2 onMs 0 offMs 0 brightness 0
10-07 13:30:05.611   453   453 I lights-tch: flashMode 0 id 2 onMs 0 offMs 0 brightness 225
10-07 13:30:05.613  1624  1624 D focus content view tv.airtel.xstream.widget.FeaturedBannerView{e7993dc VFE...C.. .F...... 0,0-
10-07 13:30:05.613  1624  1624 D focus content direction 130: 
10-07 13:30:05.615  1624  1624 D focus content view tv.airtel.xstream.widget.FeaturedBannerView{e7993dc VFE...C.. .F...... 0,0-
10-07 13:30:05.616  1624  1624 D focus content direction 130: 
10-07 13:30:05.616  1624  1624 D focus content view android.widget.FrameLayout{65e567f VFE...C.. ........ 96,16-304,133 #7f0b05
10-07 13:30:05.616  1624  1624 D focus view tv.airtel.xstream.widget.FeaturedBannerView{e7993dc VFE...C.. .F...... 0,0-1920,700
10-07 13:30:05.616  1624  1624 D focus direction 130: 
10-07 13:30:05.617  1624  1624 D focus Next view android.widget.FrameLayout{65e567f VFE...C.. ........ 96,16-304,133 #7f0b0562 
10-07 13:30:05.617  1624  1624 D focus view TAg Featured banner: 
10-07 13:30:05.618  1624  1624 D focus next view parent androidx.constraintlayout.widget.ConstraintLayout{9bfb64c V.E...... ...
10-07 13:30:05.618  1624  1624 D focus view parent android.widget.FrameLayout{af3f695 V.E...... ........ 0,0-1920,1080 #7f0b02d
10-07 13:30:05.622  1624  1624 D next focus content view android.widget.FrameLayout{65e567f VFE...C.. ........ 96,16-304,133 #7
10-07 13:30:05.634   424  1432 D rtk_heartbeat: heartbeat_timed_out: heartbeatCmdCount = 147, expected nextSeqNum = 147
10-07 13:30:05.636   424  1274 D rtk_heartbeat: rtkbt_heartbeat_cmpl_cback: Current SeqNum = 147,should SeqNum=147, status = 0
10-07 13:30:05.664  1624  1624 D ANALYTICS_IPTV: AnalyticsEventTracker ***Event***Event{ts=1728288005656, meta={"box_type":"iptv","asset_position":"0","app_version":"1.0.0024:242","box_model":"bx:1.2.3","content_id":"Netflix","action":"card_visible","firmware":"fw:1.2.3","source_name":"Home","rail_position":"0"}, uid=5ye_gfsYCZe-PoQ4A0, did=8fb17cc052aef526, os=Android, ov=34, bn=242, nq=-1, nt=2, nct=0, lc=en|ta, av=1.0.0024, dt=STB, type=content_visible, adid=95acddf7-5a94-4681-bf0a-0a767be9f2c3, brand=Airtel-Xstream, model=XstreamIPTV1-VT, dname=Vantiva XstreamIPTV1-VT, appId=IPTV, sId=8fb17cc052aef526, profileId=, ab_test=86079:0|108429:0|42374:0|78244:0|95458:0|75817:0|60412:1|117812:1|120676:1|113632:1|116206:0|66480:0|100390:2|76965:1|110385:0|129832:2, city=New Delhi, state=National Capital Territory of Delhi, country=India, firebase_id=687ecd54b0fd95386e529fbf62179576} Critical: false
10-07 13:30:05.675  1624  1624 D ANALYTICS_IPTV: AnalyticsEventTracker ***Event***Event{ts=1728288005668, meta={"box_type":"iptv","asset_position":"0","app_version":"1.0.0024:242","box_model":"bx:1.2.3","content_id":"Netflix","action":"rail_scroll","firmware":"fw:1.2.3","source_name":"Home","rail_position":"0"}, uid=5ye_gfsYCZe-PoQ4A0, did=8fb17cc052aef526, os=Android, ov=34, bn=242, nq=-1, nt=2, nct=0, lc=en|ta, av=1.0.0024, dt=STB, type=rail_scroll, adid=95acddf7-5a94-4681-bf0a-0a767be9f2c3, brand=Airtel-Xstream, model=XstreamIPTV1-VT, dname=Vantiva XstreamIPTV1-VT, appId=IPTV, sId=8fb17cc052aef526, profileId=, ab_test=86079:0|108429:0|42374:0|78244:0|95458:0|75817:0|60412:1|117812:1|120676:1|113632:1|116206:0|66480:0|100390:2|76965:1|110385:0|129832:2, city=New Delhi, state=National Capital Territory of Delhi, country=India, firebase_id=687ecd54b0fd95386e529fbf62179576} Critical: false
10-07 13:30:05.694  1624  4603 D ANALYTICS_IPTV: AnalyticsEventTracker ***Event***Event{ts=1728288005682, meta={"box_type":"iptv","asset_position":"0","app_version":"1.0.0024:242","box_model":"bx:1.2.3","action":"rail_scroll","firmware":"fw:1.2.3","source_name":"Home","rail_position":"0"}, uid=5ye_gfsYCZe-PoQ4A0, did=8fb17cc052aef526, os=Android, ov=34, bn=242, nq=-1, nt=2, nct=0, lc=en|ta, av=1.0.0024, dt=STB, type=rail_scroll, adid=95acddf7-5a94-4681-bf0a-0a767be9f2c3, brand=Airtel-Xstream, model=XstreamIPTV1-VT, dname=Vantiva XstreamIPTV1-VT, appId=IPTV, sId=8fb17cc052aef526, profileId=, ab_test=86079:0|108429:0|42374:0|78244:0|95458:0|75817:0|60412:1|117812:1|120676:1|113632:1|116206:0|66480:0|100390:2|76965:1|110385:0|129832:2, city=New Delhi, state=National Capital Territory of Delhi, country=India, firebase_id=687ecd54b0fd95386e529fbf62179576} Critical: false
10-07 13:30:05.714   422   480 I audio_hw_hal_primary: [register_audio_patch:7826] Patch 3:id:3 mix(io:13)->dev_0[OUT_HDMI(id:18)] found, register the same patch, do nothing.
10-07 13:30:05.714   422   480 I audio_hw_hal_primary: [adev_create_audio_patch:7927] Patch 3: MIX->DEVICE, num_src:1 num_sink:1 patch_src:INVAL
10-07 13:30:05.714   422   480 I audio_hw_hal_primary: [adev_create_audio_patch:7931] sink[0]: OUT_HDMI(id:18)
10-07 13:30:05.714   422   480 I audio_hw_hal_primary: [adev_create_audio_patch:7988] Patch 3: mix(io:13) -> dev[OUT_HDMI(id:18)]
10-07 13:30:05.715  1143  1282 D UEventObserver: change@/devices/platform/auge_sound/sound/card0/controlC0��ACTION=change��DEVPATH=/devices/platform/auge_sound/sound/card0/controlC0��SUBSYSTEM=sound��AUDIO_FORMAT=0��MAJOR=116��MINOR=11��DEVNAME=snd/controlC0��SEQNUM=3122��
10-07 13:30:05.715   422   480 I audio_hw_hal_primary: [adev_create_audio_patch:8056] dev=0xf3042930 cur_out_device=0x400
--------- beginning of system
10-07 13:30:05.715  1143  1282 W ContextImpl: Calling a method in the system process without a qualified user: android.app.ContextImpl.sendBroadcast:1220 android.content.ContextWrapper.sendBroadcast:504 com.droidlogic.audioservice.services.AudioSystemCmdService$1.onUEvent:177 com.droidlogic.UEventObserver$UEventThread.sendEvent:213 com.droidlogic.UEventObserver$UEventThread.run:190 
10-07 13:30:05.719   467   612 D audioserver: FGS Logger Transaction failed
10-07 13:30:05.719   467   612 D audioserver: -129
10-07 13:30:05.724  1143  1279 I AudioSystemCmdService: onAudioPatchListUpdate
10-07 13:30:05.727  1143  1279 I AudioSystemCmdService: mAudioSink:[{{mHandle: 18, mRole: SINK}, mType: hdmi, mAddress: }], previousSink:[{{mHandle: 18, mRole: SINK}, mType: hdmi, mAddress: }]
10-07 13:30:05.727  1143  1279 I AudioSystemCmdService: updateAudioPatch cur sink does not change.
--------- beginning of main
10-07 13:30:06.017   422  4355 I audio_hw_hal_primary: [audiohal_get_latency:1258] io 13: out:0xf2540010 frames:3072 rate:48000 whole_latency:64 alsa_latency:64
10-07 13:30:06.018   467   662 D audioserver: FGS Logger Transaction failed
10-07 13:30:06.018   467   662 D audioserver: -129
--------- beginning of kernel
10-07 13:30:06.089     0     0 W [3 T1167  ..] RTW: rtw_get_sta_tx_stat() not support
10-07 13:30:06.089     0     0 W [3 T1167  ..] RTW: cfg80211_rtw_get_txpower
10-07 13:30:06.394  1624  2516 I WM-WorkerWrapper: Worker result SUCCESS for Work [ id=fd4413b9-88c3-4279-91ed-a4c41fe95bc5, tags={ tv.airtel.wynk.analytics.sync.service.AnalyticsSyncService, com.airtel.analyticsSyncService } ]
10-07 13:30:06.609  1624  2033 I WM-WorkerWrapper: Worker result SUCCESS for Work [ id=1f5e3d9b-d98d-4e58-8ec6-e088a18b2f59, tags={ tv.airtel.wynk.analytics.sync.service.AnalyticsSyncService, com.airtel.analyticsSyncService } ]
10-07 13:30:06.635   424  1432 D rtk_heartbeat: heartbeat_timed_out: heartbeatCmdCount = 148, expected nextSeqNum = 148
10-07 13:30:06.636   424  1274 D rtk_heartbeat: rtkbt_heartbeat_cmpl_cback: Current SeqNum = 148,should SeqNum=148, status = 0
10-07 13:30:06.838  1624  2033 I WM-WorkerWrapper: Worker result SUCCESS for Work [ id=daad9fc8-a21e-4fdd-9581-aa30beb47c77, tags={ tv.airtel.wynk.analytics.sync.service.AnalyticsSyncService, com.airtel.analyticsSyncService } ]
10-07 13:30:07.057  4596  4596 D MonkeyStub: translateCommand: press DPAD_RIGHT
10-07 13:30:07.061   453   453 I lights-tch: flashMode 0 id 2 onMs 0 offMs 0 brightness 0
10-07 13:30:07.065   453   453 I lights-tch: flashMode 0 id 2 onMs 0 offMs 0 brightness 225
10-07 13:30:07.118  1624  1624 D ANALYTICS_IPTV: AnalyticsEventTracker ***Event***Event{ts=1728288007111, meta={"box_type":"iptv","asset_position":"1","app_version":"1.0.0024:242","box_model":"bx:1.2.3","content_id":"Prime","action":"card_visible","firmware":"fw:1.2.3","source_name":"Home","rail_position":"0"}, uid=5ye_gfsYCZe-PoQ4A0, did=8fb17cc052aef526, os=Android, ov=34, bn=242, nq=-1, nt=2, nct=0, lc=en|ta, av=1.0.0024, dt=STB, type=content_visible, adid=95acddf7-5a94-4681-bf0a-0a767be9f2c3, brand=Airtel-Xstream, model=XstreamIPTV1-VT, dname=Vantiva XstreamIPTV1-VT, appId=IPTV, sId=8fb17cc052aef526, profileId=, ab_test=86079:0|108429:0|42374:0|78244:0|95458:0|75817:0|60412:1|117812:1|120676:1|113632:1|116206:0|66480:0|100390:2|76965:1|110385:0|129832:2, city=New Delhi, state=National Capital Territory of Delhi, country=India, firebase_id=687ecd54b0fd95386e529fbf62179576} Critical: false
10-07 13:30:07.130  1624  1624 D ANALYTICS_IPTV: AnalyticsEventTracker ***Event***Event{ts=1728288007124, meta={"box_type":"iptv","asset_position":"1","app_version":"1.0.0024:242","box_model":"bx:1.2.3","content_id":"Prime","action":"rail_scroll","firmware":"fw:1.2.3","source_name":"Home","rail_position":"0"}, uid=5ye_gfsYCZe-PoQ4A0, did=8fb17cc052aef526, os=Android, ov=34, bn=242, nq=-1, nt=2, nct=0, lc=en|ta, av=1.0.0024, dt=STB, type=rail_scroll, adid=95acddf7-5a94-4681-bf0a-0a767be9f2c3, brand=Airtel-Xstream, model=XstreamIPTV1-VT, dname=Vantiva XstreamIPTV1-VT, appId=IPTV, sId=8fb17cc052aef526, profileId=, ab_test=86079:0|108429:0|42374:0|78244:0|95458:0|75817:0|60412:1|117812:1|120676:1|113632:1|116206:0|66480:0|100390:2|76965:1|110385:0|129832:2, city=New Delhi, state=National Capital Territory of Delhi, country=India, firebase_id=687ecd54b0fd95386e529fbf62179576} Critical: false
10-07 13:30:07.157  1624  2314 D ANALYTICS_IPTV: AnalyticsEventTracker ***Event***Event{ts=1728288007141, meta={"box_type":"iptv","asset_position":"1","app_version":"1.0.0024:242","box_model":"bx:1.2.3","action":"rail_scroll","firmware":"fw:1.2.3","source_name":"Home","rail_position":"0"}, uid=5ye_gfsYCZe-PoQ4A0, did=8fb17cc052aef526, os=Android, ov=34, bn=242, nq=-1, nt=2, nct=0, lc=en|ta, av=1.0.0024, dt=STB, type=rail_scroll, adid=95acddf7-5a94-4681-bf0a-0a767be9f2c3, brand=Airtel-Xstream, model=XstreamIPTV1-VT, dname=Vantiva XstreamIPTV1-VT, appId=IPTV, sId=8fb17cc052aef526, profileId=, ab_test=86079:0|108429:0|42374:0|78244:0|95458:0|75817:0|60412:1|117812:1|120676:1|113632:1|116206:0|66480:0|100390:2|76965:1|110385:0|129832:2, city=New Delhi, state=National Capital Territory of Delhi, country=India, firebase_id=687ecd54b0fd95386e529fbf62179576} Critical: false
10-07 13:30:07.169   422  4360 I audio_hw_hal_primary: [register_audio_patch:7826] Patch 3:id:3 mix(io:13)->dev_0[OUT_HDMI(id:18)] found, register the same patch, do nothing.
10-07 13:30:07.169   422  4360 I audio_hw_hal_primary: [adev_create_audio_patch:7927] Patch 3: MIX->DEVICE, num_src:1 num_sink:1 patch_src:INVAL
10-07 13:30:07.169   422  4360 I audio_hw_hal_primary: [adev_create_audio_patch:7931] sink[0]: OUT_HDMI(id:18)
10-07 13:30:07.169   422  4360 I audio_hw_hal_primary: [adev_create_audio_patch:7988] Patch 3: mix(io:13) -> dev[OUT_HDMI(id:18)]
10-07 13:30:07.169   422  4360 I audio_hw_hal_primary: [adev_create_audio_patch:8056] dev=0xf3042930 cur_out_device=0x400
10-07 13:30:07.170  1143  1282 D UEventObserver: change@/devices/platform/auge_sound/sound/card0/controlC0��ACTION=change��DEVPATH=/devices/platform/auge_sound/sound/card0/controlC0��SUBSYSTEM=sound��AUDIO_FORMAT=0��MAJOR=116��MINOR=11��DEVNAME=snd/controlC0��SEQNUM=3123��
--------- beginning of system
10-07 13:30:07.171  1143  1282 W ContextImpl: Calling a method in the system process without a qualified user: android.app.ContextImpl.sendBroadcast:1220 android.content.ContextWrapper.sendBroadcast:504 com.droidlogic.audioservice.services.AudioSystemCmdService$1.onUEvent:177 com.droidlogic.UEventObserver$UEventThread.sendEvent:213 com.droidlogic.UEventObserver$UEventThread.run:190 
10-07 13:30:07.174   467   610 D audioserver: FGS Logger Transaction failed
10-07 13:30:07.174   467   610 D audioserver: -129
10-07 13:30:07.184  1143  1279 I AudioSystemCmdService: onAudioPatchListUpdate
10-07 13:30:07.188  1143  1279 I AudioSystemCmdService: mAudioSink:[{{mHandle: 18, mRole: SINK}, mType: hdmi, mAddress: }], previousSink:[{{mHandle: 18, mRole: SINK}, mType: hdmi, mAddress: }]
10-07 13:30:07.188  1143  1279 I AudioSystemCmdService: updateAudioPatch cur sink does not change.
--------- beginning of main
10-07 13:30:07.361   422  4355 I audio_hw_hal_primary: [audiohal_get_latency:1258] io 13: out:0xf2540010 frames:3072 rate:48000 whole_latency:64 alsa_latency:64
10-07 13:30:07.383   422  4355 I audio_hw_hal_primary: [audiohal_get_latency:1258] io 13: out:0xf2540010 frames:3072 rate:48000 whole_latency:64 alsa_latency:64
10-07 13:30:07.404   422  4355 I audio_hw_hal_primary: [audiohal_get_latency:1258] io 13: out:0xf2540010 frames:3072 rate:48000 whole_latency:64 alsa_latency:64
10-07 13:30:07.425   422  4355 I audio_hw_hal_primary: [audiohal_get_latency:1258] io 13: out:0xf2540010 frames:3072 rate:48000 whole_latency:64 alsa_latency:64
10-07 13:30:07.436  1143  1143 I ThermalService: CPU temperatures: [48.7]
10-07 13:30:07.446   422  4355 I audio_hw_hal_primary: [audiohal_get_latency:1258] io 13: out:0xf2540010 frames:3072 rate:48000 whole_latency:64 alsa_latency:64
10-07 13:30:07.468   422  4355 I audio_hw_hal_primary: [audiohal_get_latency:1258] io 13: out:0xf2540010 frames:3072 rate:48000 whole_latency:64 alsa_latency:64
10-07 13:30:07.469   467   662 D audioserver: FGS Logger Transaction failed
10-07 13:30:07.469   467   662 D audioserver: -129
10-07 13:30:07.635   424  1432 D rtk_heartbeat: heartbeat_timed_out: heartbeatCmdCount = 149, expected nextSeqNum = 149
10-07 13:30:07.636   424  1274 D rtk_heartbeat: rtkbt_heartbeat_cmpl_cback: Current SeqNum = 149,should SeqNum=149, status = 0
10-07 13:30:07.667  1624  1658 I com.airtel.tv: Background young concurrent copying GC freed 177910(6092KB) AllocSpace objects, 0(0B) LOS objects, 4% free, 102MB/108MB, paused 681us,299us total 294.714ms
10-07 13:30:07.737  1624  2516 I WM-WorkerWrapper: Worker result SUCCESS for Work [ id=5de43d10-f98a-4ac8-abe8-3fd43c3ee2be, tags={ tv.airtel.wynk.analytics.sync.service.AnalyticsSyncService, com.airtel.analyticsSyncService } ]
10-07 13:30:07.853  1624  2516 I WM-WorkerWrapper: Worker result SUCCESS for Work [ id=a7497857-f466-4af5-9e85-7aecc66d3aa5, tags={ tv.airtel.wynk.analytics.sync.service.AnalyticsSyncService, com.airtel.analyticsSyncService } ]
10-07 13:30:07.941   422   581 I audio_hw_hal_alsamgr: alsa format =0x1 delay frames =1024 total frames=7936000
10-07 13:30:07.958   422  4355 I audio_hw_hal_stream: aml_stream_out_info_print: out:0xf2540010, stream_type:pcm, sync_mode:non tunnel, input_size:3710976 bytes
10-07 13:30:07.958   422  4355 I audio_hw_hal_stream: aml_stream_out_info_print: last_time:178245 ms (sec:178, nsec:245445209), last_position:19169 ms (920144), cur_time:178266 ms (sec:178, nsec:266432751), cur_position:19191 ms (921168)
10-07 13:30:07.958   422  4355 I audio_hw_hal_stream: aml_stream_out_info_print: time_gap:21 ms (thr:100 ms), position_gap:21 ms, delay:137 ms, jitter: Position gap is ahead of system time gap by 0 ms (thr:100 ms)
10-07 13:30:08.119  1624  2033 I WM-WorkerWrapper: Worker result SUCCESS for Work [ id=d3e0e11b-6124-4b66-8b35-52df979392e2, tags={ tv.airtel.wynk.analytics.sync.service.AnalyticsSyncService, com.airtel.analyticsSyncService } ]
--------- beginning of system
10-07 13:30:08.135   707   841 D OomAdjuster: Not killing cached processes
10-07 13:30:08.407  4596  4596 D MonkeyStub: translateCommand: press DPAD_RIGHT
10-07 13:30:08.410   453   453 I lights-tch: flashMode 0 id 2 onMs 0 offMs 0 brightness 0
10-07 13:30:08.417   453   453 I lights-tch: flashMode 0 id 2 onMs 0 offMs 0 brightness 225
10-07 13:30:08.447  1624  1624 D ANALYTICS_IPTV: AnalyticsEventTracker ***Event***Event{ts=1728288008441, meta={"box_type":"iptv","asset_position":"2","app_version":"1.0.0024:242","box_model":"bx:1.2.3","content_id":"Xtream_play","action":"card_visible","firmware":"fw:1.2.3","source_name":"Home","rail_position":"0"}, uid=5ye_gfsYCZe-PoQ4A0, did=8fb17cc052aef526, os=Android, ov=34, bn=242, nq=-1, nt=2, nct=0, lc=en|ta, av=1.0.0024, dt=STB, type=content_visible, adid=95acddf7-5a94-4681-bf0a-0a767be9f2c3, brand=Airtel-Xstream, model=XstreamIPTV1-VT, dname=Vantiva XstreamIPTV1-VT, appId=IPTV, sId=8fb17cc052aef526, profileId=, ab_test=86079:0|108429:0|42374:0|78244:0|95458:0|75817:0|60412:1|117812:1|120676:1|113632:1|116206:0|66480:0|100390:2|76965:1|110385:0|129832:2, city=New Delhi, state=National Capital Territory of Delhi, country=India, firebase_id=687ecd54b0fd95386e529fbf62179576} Critical: false
10-07 13:30:08.462  1624  1624 D ANALYTICS_IPTV: AnalyticsEventTracker ***Event***Event{ts=1728288008451, meta={"box_type":"iptv","asset_position":"2","app_version":"1.0.0024:242","box_model":"bx:1.2.3","content_id":"Xtream_play","action":"rail_scroll","firmware":"fw:1.2.3","source_name":"Home","rail_position":"0"}, uid=5ye_gfsYCZe-PoQ4A0, did=8fb17cc052aef526, os=Android, ov=34, bn=242, nq=-1, nt=2, nct=0, lc=en|ta, av=1.0.0024, dt=STB, type=rail_scroll, adid=95acddf7-5a94-4681-bf0a-0a767be9f2c3, brand=Airtel-Xstream, model=XstreamIPTV1-VT, dname=Vantiva XstreamIPTV1-VT, appId=IPTV, sId=8fb17cc052aef526, profileId=, ab_test=86079:0|108429:0|42374:0|78244:0|95458:0|75817:0|60412:1|117812:1|120676:1|113632:1|116206:0|66480:0|100390:2|76965:1|110385:0|129832:2, city=New Delhi, state=National Capital Territory of Delhi, country=India, firebase_id=687ecd54b0fd95386e529fbf62179576} Critical: false
10-07 13:30:08.489  1624  3419 D ANALYTICS_IPTV: AnalyticsEventTracker ***Event***Event{ts=1728288008472, meta={"box_type":"iptv","asset_position":"2","app_version":"1.0.0024:242","box_model":"bx:1.2.3","action":"rail_scroll","firmware":"fw:1.2.3","source_name":"Home","rail_position":"0"}, uid=5ye_gfsYCZe-PoQ4A0, did=8fb17cc052aef526, os=Android, ov=34, bn=242, nq=-1, nt=2, nct=0, lc=en|ta, av=1.0.0024, dt=STB, type=rail_scroll, adid=95acddf7-5a94-4681-bf0a-0a767be9f2c3, brand=Airtel-Xstream, model=XstreamIPTV1-VT, dname=Vantiva XstreamIPTV1-VT, appId=IPTV, sId=8fb17cc052aef526, profileId=, ab_test=86079:0|108429:0|42374:0|78244:0|95458:0|75817:0|60412:1|117812:1|120676:1|113632:1|116206:0|66480:0|100390:2|76965:1|110385:0|129832:2, city=New Delhi, state=National Capital Territory of Delhi, country=India, firebase_id=687ecd54b0fd95386e529fbf62179576} Critical: false
10-07 13:30:08.514   422   480 I audio_hw_hal_primary: [register_audio_patch:7826] Patch 3:id:3 mix(io:13)->dev_0[OUT_HDMI(id:18)] found, register the same patch, do nothing.
10-07 13:30:08.514   422   480 I audio_hw_hal_primary: [adev_create_audio_patch:7927] Patch 3: MIX->DEVICE, num_src:1 num_sink:1 patch_src:INVAL
10-07 13:30:08.514   422   480 I audio_hw_hal_primary: [adev_create_audio_patch:7931] sink[0]: OUT_HDMI(id:18)
10-07 13:30:08.514   422   480 I audio_hw_hal_primary: [adev_create_audio_patch:7988] Patch 3: mix(io:13) -> dev[OUT_HDMI(id:18)]
10-07 13:30:08.514   422   480 I audio_hw_hal_primary: [adev_create_audio_patch:8056] dev=0xf3042930 cur_out_device=0x400
10-07 13:30:08.515  1143  1282 D UEventObserver: change@/devices/platform/auge_sound/sound/card0/controlC0��ACTION=change��DEVPATH=/devices/platform/auge_sound/sound/card0/controlC0��SUBSYSTEM=sound��AUDIO_FORMAT=0��MAJOR=116��MINOR=11��DEVNAME=snd/controlC0��SEQNUM=3124��
10-07 13:30:08.515  1143  1282 W ContextImpl: Calling a method in the system process without a qualified user: android.app.ContextImpl.sendBroadcast:1220 android.content.ContextWrapper.sendBroadcast:504 com.droidlogic.audioservice.services.AudioSystemCmdService$1.onUEvent:177 com.droidlogic.UEventObserver$UEventThread.sendEvent:213 com.droidlogic.UEventObserver$UEventThread.run:190 
10-07 13:30:08.522   467  2030 D audioserver: FGS Logger Transaction failed
10-07 13:30:08.522   467  2030 D audioserver: -129
10-07 13:30:08.531  1143  1279 I AudioSystemCmdService: onAudioPatchListUpdate
10-07 13:30:08.535  1143  1279 I AudioSystemCmdService: mAudioSink:[{{mHandle: 18, mRole: SINK}, mType: hdmi, mAddress: }], previousSink:[{{mHandle: 18, mRole: SINK}, mType: hdmi, mAddress: }]
10-07 13:30:08.536  1143  1279 I AudioSystemCmdService: updateAudioPatch cur sink does not change.
--------- beginning of main
10-07 13:30:08.727   422  4355 I audio_hw_hal_primary: [audiohal_get_latency:1258] io 13: out:0xf2540010 frames:3072 rate:48000 whole_latency:64 alsa_latency:64
10-07 13:30:08.748   422  4355 I audio_hw_hal_primary: [audiohal_get_latency:1258] io 13: out:0xf2540010 frames:3072 rate:48000 whole_latency:64 alsa_latency:64
10-07 13:30:08.769   422  4355 I audio_hw_hal_primary: [audiohal_get_latency:1258] io 13: out:0xf2540010 frames:3072 rate:48000 whole_latency:64 alsa_latency:64
10-07 13:30:08.791   422  4355 I audio_hw_hal_primary: [audiohal_get_latency:1258] io 13: out:0xf2540010 frames:3072 rate:48000 whole_latency:64 alsa_latency:64
10-07 13:30:08.791   467   662 D audioserver: FGS Logger Transaction failed
10-07 13:30:08.791   467   662 D audioserver: -129
10-07 13:30:08.970  1624  1658 I com.airtel.tv: Background young concurrent copying GC freed 128709(4711KB) AllocSpace objects, 0(0B) LOS objects, 3% free, 103MB/108MB, paused 333us,180us total 114.351ms
10-07 13:30:08.989  1624  2033 I WM-WorkerWrapper: Worker result SUCCESS for Work [ id=bcfe6e04-0155-427f-be95-32cef843bf45, tags={ tv.airtel.wynk.analytics.sync.service.AnalyticsSyncService, com.airtel.analyticsSyncService } ]
10-07 13:30:09.024  1624  2033 I WM-WorkerWrapper: Worker result SUCCESS for Work [ id=3d3fc8c6-b028-46f2-b035-670d7a34b9c0, tags={ tv.airtel.wynk.analytics.sync.service.AnalyticsSyncService, com.airtel.analyticsSyncService } ]
--------- beginning of kernel
10-07 13:30:09.095     0     0 W [3 T1167  ..] RTW: rtw_get_sta_tx_stat() not support
10-07 13:30:09.095     0     0 W [3 T1167  ..] RTW: cfg80211_rtw_get_txpower
10-07 13:30:09.188  1624  2033 I WM-WorkerWrapper: Worker result SUCCESS for Work [ id=aa18f4a0-39b7-4b33-8f19-38113ee87ffe, tags={ tv.airtel.wynk.analytics.sync.service.AnalyticsSyncService, com.airtel.analyticsSyncService } ]
10-07 13:30:09.273  1624  2033 I WM-WorkerWrapper: Worker result SUCCESS for Work [ id=4d9a7fb9-0b9d-4ae2-a5df-f54832507deb, tags={ tv.airtel.wynk.analytics.sync.service.AnalyticsSyncService, com.airtel.analyticsSyncService } ]
10-07 13:30:09.294  3092  3092 I cast_shell: [1007/133009.293927:INFO:service_base.h(246)] Container sizes for type CloudSetting are (session_info_map: 0), (topic_info_map: 21), (pending_events: 0).
10-07 13:30:09.356  1624  2033 I WM-WorkerWrapper: Worker result SUCCESS for Work [ id=0856a365-a9aa-47ad-8fca-a498e5b94cf0, tags={ tv.airtel.wynk.analytics.sync.service.AnalyticsSyncService, com.airtel.analyticsSyncService } ]
10-07 13:30:09.439  1143  1143 I ThermalService: CPU temperatures: [47.7]
10-07 13:30:09.444  1624  2033 I WM-WorkerWrapper: Worker result SUCCESS for Work [ id=61c20a59-26f1-4b5e-9f7e-56e8ac69b563, tags={ tv.airtel.wynk.analytics.sync.service.AnalyticsSyncService, com.airtel.analyticsSyncService } ]
10-07 13:30:09.635   424  1432 D rtk_heartbeat: heartbeat_timed_out: heartbeatCmdCount = 151, expected nextSeqNum = 151
10-07 13:30:09.636   424  1274 D rtk_heartbeat: rtkbt_heartbeat_cmpl_cback: Current SeqNum = 151,should SeqNum=151, status = 0
10-07 13:30:09.750  4596  4596 D MonkeyStub: translateCommand: press DPAD_DOWN
10-07 13:30:09.753   453   453 I lights-tch: flashMode 0 id 2 onMs 0 offMs 0 brightness 0
10-07 13:30:09.762   453   453 I lights-tch: flashMode 0 id 2 onMs 0 offMs 0 brightness 225
10-07 13:30:09.769  1624  2033 I WM-WorkerWrapper: Worker result SUCCESS for Work [ id=9c9a922f-6e99-4f98-a693-c85c143e6777, tags={ tv.airtel.wynk.analytics.sync.service.AnalyticsSyncService, com.airtel.analyticsSyncService } ]
10-07 13:30:09.785  1624  1624 D ANALYTICS_IPTV: AnalyticsEventTracker ***Event***Event{ts=1728288009779, meta={"content_name":"Ep 1 - STAR VAAR (Telugu)","tile_type":"EPISODE","app_version":"1.0.0024:242","box_model":"bx:1.2.3","content_id":"EPICON_EPISODE_67988","cp_name":"EPICON","rail_name":"Continue Watching","series_id":"EPICON_TVSHOW_67972","box_type":"iptv","asset_position":"0","series_name":"Ep 1 - STAR VAAR (Telugu)","action":"card_visible","firmware":"fw:1.2.3","source_name":"Home","rail_position":"1"}, uid=5ye_gfsYCZe-PoQ4A0, did=8fb17cc052aef526, os=Android, ov=34, bn=242, nq=-1, nt=2, nct=0, lc=en|ta, av=1.0.0024, dt=STB, type=content_visible, adid=95acddf7-5a94-4681-bf0a-0a767be9f2c3, brand=Airtel-Xstream, model=XstreamIPTV1-VT, dname=Vantiva XstreamIPTV1-VT, appId=IPTV, sId=8fb17cc052aef526, profileId=, ab_test=86079:0|108429:0|42374:0|78244:0|95458:0|75817:0|60412:1|117812:1|120676:1|113632:1|116206:0|66480:0|100390:2|76965:1|110385:0|129832:2, city=New Delhi, state=National Capital Territory of Delhi, country=India, firebase_id=687ecd54b0fd95386e529fbf62179576} Critical: false
10-07 13:30:09.795  1624  1624 D ANALYTICS_IPTV: AnalyticsEventTracker ***Event***Event{ts=1728288009790, meta={"content_name":"Ep 1 - STAR VAAR (Telugu)","tile_type":"EPISODE","app_version":"1.0.0024:242","box_model":"bx:1.2.3","content_id":"EPICON_EPISODE_67988","cp_name":"EPICON","series_id":"EPICON_TVSHOW_67972","box_type":"iptv","asset_position":"0","series_name":"Ep 1 - STAR VAAR (Telugu)","action":"rail_scroll","firmware":"fw:1.2.3","source_name":"Home","rail_position":"1"}, uid=5ye_gfsYCZe-PoQ4A0, did=8fb17cc052aef526, os=Android, ov=34, bn=242, nq=-1, nt=2, nct=0, lc=en|ta, av=1.0.0024, dt=STB, type=rail_scroll, adid=95acddf7-5a94-4681-bf0a-0a767be9f2c3, brand=Airtel-Xstream, model=XstreamIPTV1-VT, dname=Vantiva XstreamIPTV1-VT, appId=IPTV, sId=8fb17cc052aef526, profileId=, ab_test=86079:0|108429:0|42374:0|78244:0|95458:0|75817:0|60412:1|117812:1|120676:1|113632:1|116206:0|66480:0|100390:2|76965:1|110385:0|129832:2, city=New Delhi, state=National Capital Territory of Delhi, country=India, firebase_id=687ecd54b0fd95386e529fbf62179576} Critical: false
10-07 13:30:09.824  1624  4603 D ANALYTICS_IPTV: AnalyticsEventTracker ***Event***Event{ts=1728288009802, meta={"content_name":"Ep 1 - STAR VAAR (Telugu)","tile_type":"EPISODE","box_type":"iptv","asset_position":"0","app_version":"1.0.0024:242","box_model":"bx:1.2.3","content_id":"EPICON","action":"rail_scroll","firmware":"fw:1.2.3","source_name":"Home","rail_position":"1","series_id":"EPICON_TVSHOW_67972"}, uid=5ye_gfsYCZe-PoQ4A0, did=8fb17cc052aef526, os=Android, ov=34, bn=242, nq=-1, nt=2, nct=0, lc=en|ta, av=1.0.0024, dt=STB, type=rail_scroll, adid=95acddf7-5a94-4681-bf0a-0a767be9f2c3, brand=Airtel-Xstream, model=XstreamIPTV1-VT, dname=Vantiva XstreamIPTV1-VT, appId=IPTV, sId=8fb17cc052aef526, profileId=, ab_test=86079:0|108429:0|42374:0|78244:0|95458:0|75817:0|60412:1|117812:1|120676:1|113632:1|116206:0|66480:0|100390:2|76965:1|110385:0|129832:2, city=New Delhi, state=National Capital Territory of Delhi, country=India, firebase_id=687ecd54b0fd95386e529fbf62179576} Critical: false
10-07 13:30:09.836   422   480 I audio_hw_hal_primary: [register_audio_patch:7826] Patch 3:id:3 mix(io:13)->dev_0[OUT_HDMI(id:18)] found, register the same patch, do nothing.
10-07 13:30:09.836   422   480 I audio_hw_hal_primary: [adev_create_audio_patch:7927] Patch 3: MIX->DEVICE, num_src:1 num_sink:1 patch_src:INVAL
10-07 13:30:09.836   422   480 I audio_hw_hal_primary: [adev_create_audio_patch:7931] sink[0]: OUT_HDMI(id:18)
10-07 13:30:09.836   422   480 I audio_hw_hal_primary: [adev_create_audio_patch:7988] Patch 3: mix(io:13) -> dev[OUT_HDMI(id:18)]
10-07 13:30:09.837   422   480 I audio_hw_hal_primary: [adev_create_audio_patch:8056] dev=0xf3042930 cur_out_device=0x400
10-07 13:30:09.837  1143  1282 D UEventObserver: change@/devices/platform/auge_sound/sound/card0/controlC0��ACTION=change��DEVPATH=/devices/platform/auge_sound/sound/card0/controlC0��SUBSYSTEM=sound��AUDIO_FORMAT=0��MAJOR=116��MINOR=11��DEVNAME=snd/controlC0��SEQNUM=3125��
--------- beginning of system
10-07 13:30:09.839  1143  1282 W ContextImpl: Calling a method in the system process without a qualified user: android.app.ContextImpl.sendBroadcast:1220 android.content.ContextWrapper.sendBroadcast:504 com.droidlogic.audioservice.services.AudioSystemCmdService$1.onUEvent:177 com.droidlogic.UEventObserver$UEventThread.sendEvent:213 com.droidlogic.UEventObserver$UEventThread.run:190 
10-07 13:30:09.848   467   610 D audioserver: FGS Logger Transaction failed
10-07 13:30:09.848   467   610 D audioserver: -129
10-07 13:30:09.855  1143  1279 I AudioSystemCmdService: onAudioPatchListUpdate
10-07 13:30:09.859  1143  1279 I AudioSystemCmdService: mAudioSink:[{{mHandle: 18, mRole: SINK}, mType: hdmi, mAddress: }], previousSink:[{{mHandle: 18, mRole: SINK}, mType: hdmi, mAddress: }]
10-07 13:30:09.859  1143  1279 I AudioSystemCmdService: updateAudioPatch cur sink does not change.
--------- beginning of main
10-07 13:30:10.049   422  4355 I audio_hw_hal_primary: [audiohal_get_latency:1258] io 13: out:0xf2540010 frames:3072 rate:48000 whole_latency:64 alsa_latency:64
10-07 13:30:10.071   422  4355 I audio_hw_hal_primary: [audiohal_get_latency:1258] io 13: out:0xf2540010 frames:3072 rate:48000 whole_latency:64 alsa_latency:64
--------- beginning of system
10-07 13:30:10.084   707  3060 W JobScheduler: Job didn't exist in JobStore: 9ce1742 #u0a43/46 com.airtel.tv/androidx.work.impl.background.systemjob.SystemJobService
10-07 13:30:10.091   707  3060 W JobScheduler: Job didn't exist in JobStore: 6a2b9cb #u0a43/49 com.airtel.tv/androidx.work.impl.background.systemjob.SystemJobService
10-07 13:30:10.092   422  4355 I audio_hw_hal_primary: [audiohal_get_latency:1258] io 13: out:0xf2540010 frames:3072 rate:48000 whole_latency:64 alsa_latency:64
10-07 13:30:10.097   707  3060 W JobScheduler: Job didn't exist in JobStore: a19866 #u0a43/50 com.airtel.tv/androidx.work.impl.background.systemjob.SystemJobService
10-07 13:30:10.102   707  3060 W JobScheduler: Job didn't exist in JobStore: d19649f #u0a43/53 com.airtel.tv/androidx.work.impl.background.systemjob.SystemJobService
10-07 13:30:10.106   707  3060 W JobScheduler: Job didn't exist in JobStore: 3bf01c0 #u0a43/52 com.airtel.tv/androidx.work.impl.background.systemjob.SystemJobService
10-07 13:30:10.113   422  4355 I audio_hw_hal_primary: [audiohal_get_latency:1258] io 13: out:0xf2540010 frames:3072 rate:48000 whole_latency:64 alsa_latency:64
10-07 13:30:10.114   467   662 D audioserver: FGS Logger Transaction failed
10-07 13:30:10.114   467   662 D audioserver: -129
10-07 13:30:10.115   707  3060 W JobScheduler: Job didn't exist in JobStore: efdcffd #u0a43/51 com.airtel.tv/androidx.work.impl.background.systemjob.SystemJobService
10-07 13:30:10.131  1624  1624 D ANALYTICS_IPTV: AnalyticsEventTracker ***Event***Event{ts=1728288010125, meta={"box_type":"iptv","app_version":"1.0.0024:242","box_model":"bx:1.2.3","firmware":"fw:1.2.3","source_name":"Home","rail_id":"669644315df8a337041efd0d","rail_position":"1"}, uid=5ye_gfsYCZe-PoQ4A0, did=8fb17cc052aef526, os=Android, ov=34, bn=242, nq=-1, nt=2, nct=0, lc=en|ta, av=1.0.0024, dt=STB, type=rail_visible, adid=95acddf7-5a94-4681-bf0a-0a767be9f2c3, brand=Airtel-Xstream, model=XstreamIPTV1-VT, dname=Vantiva XstreamIPTV1-VT, appId=IPTV, sId=8fb17cc052aef526, profileId=, ab_test=86079:0|108429:0|42374:0|78244:0|95458:0|75817:0|60412:1|117812:1|120676:1|113632:1|116206:0|66480:0|100390:2|76965:1|110385:0|129832:2, city=New Delhi, state=National Capital Territory of Delhi, country=India, firebase_id=687ecd54b0fd95386e529fbf62179576} Critical: false
10-07 13:30:10.140  1624  1624 D ANALYTICS_IPTV: AnalyticsEventTracker ***Event***Event{ts=1728288010134, meta={"box_type":"iptv","app_version":"1.0.0024:242","box_model":"bx:1.2.3","rail_name":"Continue Watching","firmware":"fw:1.2.3","source_name":"Home","rail_id":"66c71504da466142d9e4829f","rail_position":"2"}, uid=5ye_gfsYCZe-PoQ4A0, did=8fb17cc052aef526, os=Android, ov=34, bn=242, nq=-1, nt=2, nct=0, lc=en|ta, av=1.0.0024, dt=STB, type=rail_visible, adid=95acddf7-5a94-4681-bf0a-0a767be9f2c3, brand=Airtel-Xstream, model=XstreamIPTV1-VT, dname=Vantiva XstreamIPTV1-VT, appId=IPTV, sId=8fb17cc052aef526, profileId=, ab_test=86079:0|108429:0|42374:0|78244:0|95458:0|75817:0|60412:1|117812:1|120676:1|113632:1|116206:0|66480:0|100390:2|76965:1|110385:0|129832:2, city=New Delhi, state=National Capital Territory of Delhi, country=India, firebase_id=687ecd54b0fd95386e529fbf62179576} Critical: false
10-07 13:30:10.149  1624  1624 D ANALYTICS_IPTV: AnalyticsEventTracker ***Event***Event{ts=1728288010143, meta={"box_type":"iptv","app_version":"1.0.0024:242","box_model":"bx:1.2.3","rail_name":"My Watchlist","firmware":"fw:1.2.3","source_name":"Home","rail_id":"665daaa086e09b353956cbe6","rail_position":"3"}, uid=5ye_gfsYCZe-PoQ4A0, did=8fb17cc052aef526, os=Android, ov=34, bn=242, nq=-1, nt=2, nct=0, lc=en|ta, av=1.0.0024, dt=STB, type=rail_visible, adid=95acddf7-5a94-4681-bf0a-0a767be9f2c3, brand=Airtel-Xstream, model=XstreamIPTV1-VT, dname=Vantiva XstreamIPTV1-VT, appId=IPTV, sId=8fb17cc052aef526, profileId=, ab_test=86079:0|108429:0|42374:0|78244:0|95458:0|75817:0|60412:1|117812:1|120676:1|113632:1|116206:0|66480:0|100390:2|76965:1|110385:0|129832:2, city=New Delhi, state=National Capital Territory of Delhi, country=India, firebase_id=687ecd54b0fd95386e529fbf62179576} Critical: false
10-07 13:30:10.157  1624  1624 D ANALYTICS_IPTV: AnalyticsEventTracker ***Event***Event{ts=1728288010152, meta={"box_type":"iptv","app_version":"1.0.0024:242","box_model":"bx:1.2.3","rail_name":"Multi Rail","firmware":"fw:1.2.3","source_name":"Home","rail_id":"66e3a78d6829bd3f50eef87d","rail_position":"4"}, uid=5ye_gfsYCZe-PoQ4A0, did=8fb17cc052aef526, os=Android, ov=34, bn=242, nq=-1, nt=2, nct=0, lc=en|ta, av=1.0.0024, dt=STB, type=rail_visible, adid=95acddf7-5a94-4681-bf0a-0a767be9f2c3, brand=Airtel-Xstream, model=XstreamIPTV1-VT, dname=Vantiva XstreamIPTV1-VT, appId=IPTV, sId=8fb17cc052aef526, profileId=, ab_test=86079:0|108429:0|42374:0|78244:0|95458:0|75817:0|60412:1|117812:1|120676:1|113632:1|116206:0|66480:0|100390:2|76965:1|110385:0|129832:2, city=New Delhi, state=National Capital Territory of Delhi, country=India, firebase_id=687ecd54b0fd95386e529fbf62179576} Critical: false
10-07 13:30:10.166   707  3060 W JobScheduler: Job didn't exist in JobStore: a091189 #u0a43/47 com.airtel.tv/androidx.work.impl.background.systemjob.SystemJobService
10-07 13:30:10.174   707  3060 W JobScheduler: Job didn't exist in JobStore: 83329bc #u0a43/48 com.airtel.tv/androidx.work.impl.background.systemjob.SystemJobService
10-07 13:30:10.203  1624  1624 I showQuickDetail: 
10-07 13:30:10.323  1624  1658 I com.airtel.tv: Background young concurrent copying GC freed 72129(3339KB) AllocSpace objects, 0(0B) LOS objects, 3% free, 104MB/108MB, paused 945us,221us total 117.410ms
10-07 13:30:10.388  1624  2033 I WM-WorkerWrapper: Work [ id=5c1fbfdc-43b9-4645-b27e-3cf7e97430e2, tags={ tv.airtel.wynk.analytics.sync.service.AnalyticsSyncService, com.airtel.analyticsSyncService } ] was cancelled
10-07 13:30:10.388  1624  2033 I WM-WorkerWrapper: java.util.concurrent.CancellationException: Task was cancelled.
10-07 13:30:10.388  1624  2033 I WM-WorkerWrapper: 	at androidx.work.impl.utils.futures.AbstractFuture.cancellationExceptionWithCause(AbstractFuture.java:1184)
10-07 13:30:10.388  1624  2033 I WM-WorkerWrapper: 	at androidx.work.impl.utils.futures.AbstractFuture.getDoneValue(AbstractFuture.java:514)
10-07 13:30:10.388  1624  2033 I WM-WorkerWrapper: 	at androidx.work.impl.utils.futures.AbstractFuture.get(AbstractFuture.java:475)
10-07 13:30:10.388  1624  2033 I WM-WorkerWrapper: 	at androidx.work.impl.WorkerWrapper$2.run(WorkerWrapper.java:317)
10-07 13:30:10.388  1624  2033 I WM-WorkerWrapper: 	at androidx.work.impl.utils.SerialExecutorImpl$Task.run(SerialExecutorImpl.java:96)
10-07 13:30:10.388  1624  2033 I WM-WorkerWrapper: 	at java.util.concurrent.ThreadPoolExecutor.runWorker(ThreadPoolExecutor.java:1145)
10-07 13:30:10.388  1624  2033 I WM-WorkerWrapper: 	at java.util.concurrent.ThreadPoolExecutor$Worker.run(ThreadPoolExecutor.java:644)
10-07 13:30:10.388  1624  2033 I WM-WorkerWrapper: 	at java.lang.Thread.run(Thread.java:1012)
10-07 13:30:10.505  1624  1624 E image load: onResourceReady null: 
10-07 13:30:10.539   707  3060 D ConnectivityService: requestNetwork for uid/pid:10043/1624 activeRequest: null callbackRequest: 123 [NetworkRequest [ REQUEST id=124, [ Capabilities: INTERNET&NOT_RESTRICTED&TRUSTED&NOT_VCN_MANAGED Uid: 10043 RequestorUid: 10043 RequestorPkg: com.airtel.tv UnderlyingNetworks: Null] ]] callback flags: 0 order: 2147483647
10-07 13:30:10.542   707   901 D WifiNetworkFactory: got request NetworkRequest [ REQUEST id=124, [ Capabilities: INTERNET&NOT_RESTRICTED&TRUSTED&NOT_VCN_MANAGED Uid: 10043 RequestorUid: 10043 RequestorPkg: com.airtel.tv UnderlyingNetworks: Null] ]
10-07 13:30:10.542   707   901 D UntrustedWifiNetworkFactory: got request NetworkRequest [ REQUEST id=124, [ Capabilities: INTERNET&NOT_RESTRICTED&TRUSTED&NOT_VCN_MANAGED Uid: 10043 RequestorUid: 10043 RequestorPkg: com.airtel.tv UnderlyingNetworks: Null] ]
10-07 13:30:10.542   707   901 D OemPaidWifiNetworkFactory: got request NetworkRequest [ REQUEST id=124, [ Capabilities: INTERNET&NOT_RESTRICTED&TRUSTED&NOT_VCN_MANAGED Uid: 10043 RequestorUid: 10043 RequestorPkg: com.airtel.tv UnderlyingNetworks: Null] ]
10-07 13:30:10.543   707   901 D MultiInternetWifiNetworkFactory: got request NetworkRequest [ REQUEST id=124, [ Capabilities: INTERNET&NOT_RESTRICTED&TRUSTED&NOT_VCN_MANAGED Uid: 10043 RequestorUid: 10043 RequestorPkg: com.airtel.tv UnderlyingNetworks: Null] ]
10-07 13:30:10.543   707   909 D ConnectivityService: NetReassign [124 : null → 100] [c 0] [a 1] [i 1]
10-07 13:30:10.597  1624  1624 D ANALYTICS_IPTV: AnalyticsEventTracker ***Event***Event{ts=1728288010592, meta={"content_name":"Ep 1 - STAR VAAR (Telugu)","tile_type":"EPISODE","box_type":"iptv","app_version":"1.0.0024:242","box_model":"bx:1.2.3","content_id":"EPICON_EPISODE_67988","cp_name":"EPICON","action":"card_focus","rail_name":"Continue Watching","firmware":"fw:1.2.3","source_name":"Home","series_id":"EPICON_TVSHOW_67972"}, uid=5ye_gfsYCZe-PoQ4A0, did=8fb17cc052aef526, os=Android, ov=34, bn=242, nq=-1, nt=2, nct=0, lc=en|ta, av=1.0.0024, dt=STB, type=focus, adid=95acddf7-5a94-4681-bf0a-0a767be9f2c3, brand=Airtel-Xstream, model=XstreamIPTV1-VT, dname=Vantiva XstreamIPTV1-VT, appId=IPTV, sId=8fb17cc052aef526, profileId=, ab_test=86079:0|108429:0|42374:0|78244:0|95458:0|75817:0|60412:1|117812:1|120676:1|113632:1|116206:0|66480:0|100390:2|76965:1|110385:0|129832:2, city=New Delhi, state=National Capital Territory of Delhi, country=India, firebase_id=687ecd54b0fd95386e529fbf62179576} Critical: false
10-07 13:30:10.635   424  1432 D rtk_heartbeat: heartbeat_timed_out: heartbeatCmdCount = 152, expected nextSeqNum = 152
10-07 13:30:10.636   424  1274 D rtk_heartbeat: rtkbt_heartbeat_cmpl_cback: Current SeqNum = 152,should SeqNum=152, status = 0
10-07 13:30:11.087  4596  4596 D MonkeyStub: translateCommand: press DPAD_RIGHT
10-07 13:30:11.089   453   453 I lights-tch: flashMode 0 id 2 onMs 0 offMs 0 brightness 0
10-07 13:30:11.100   453   453 I lights-tch: flashMode 0 id 2 onMs 0 offMs 0 brightness 225
10-07 13:30:11.176  1624  1624 I ViewTarget: Glide treats LayoutParams.WRAP_CONTENT as a request for an image the size of this device's screen dimensions. If you want to load the original image and are ok with the corresponding memory cost and OOMs (depending on the input size), use override(Target.SIZE_ORIGINAL). Otherwise, use LayoutParams.MATCH_PARENT, set layout_width and layout_height to fixed dimension, or use .override() with fixed dimensions.
--------- beginning of kernel
10-07 13:30:11.220     0     0 I [0 T228   ..] logd: logdr: UID=2000 GID=2000 PID=4784 n tail=0 logMask=99 pid=0 start=0ns deadline=0ns
--------- beginning of main
10-07 13:30:11.343  1624  1658 I com.airtel.tv: Background young concurrent copying GC freed 58059(2377KB) AllocSpace objects, 0(0B) LOS objects, 2% free, 105MB/108MB, paused 1.370ms,399us total 121.664ms
10-07 13:30:11.368  1624  1624 D ANALYTICS_IPTV: AnalyticsEventTracker ***Event***Event{ts=1728288011363, meta={"content_name":"Salute (Hindi)","tile_type":"MOVIE","app_version":"1.0.0024:242","box_model":"bx:1.2.3","content_id":"SONYLIV_VOD_MOVIE_1000165133","cp_name":"SONYLIV_VOD","rail_name":"Continue Watching","box_type":"iptv","asset_position":"1","series_name":"Salute (Hindi)","action":"card_visible","firmware":"fw:1.2.3","source_name":"Home","rail_position":"1"}, uid=5ye_gfsYCZe-PoQ4A0, did=8fb17cc052aef526, os=Android, ov=34, bn=242, nq=-1, nt=2, nct=0, lc=en|ta, av=1.0.0024, dt=STB, type=content_visible, adid=95acddf7-5a94-4681-bf0a-0a767be9f2c3, brand=Airtel-Xstream, model=XstreamIPTV1-VT, dname=Vantiva XstreamIPTV1-VT, appId=IPTV, sId=8fb17cc052aef526, profileId=, ab_test=86079:0|108429:0|42374:0|78244:0|95458:0|75817:0|60412:1|117812:1|120676:1|113632:1|116206:0|66480:0|100390:2|76965:1|110385:0|129832:2, city=New Delhi, state=National Capital Territory of Delhi, country=India, firebase_id=687ecd54b0fd95386e529fbf62179576} Critical: false
10-07 13:30:11.378  1624  1624 D ANALYTICS_IPTV: AnalyticsEventTracker ***Event***Event{ts=1728288011373, meta={"content_name":"Salute (Hindi)","tile_type":"MOVIE","app_version":"1.0.0024:242","box_model":"bx:1.2.3","content_id":"SONYLIV_VOD_MOVIE_1000165133","cp_name":"SONYLIV_VOD","box_type":"iptv","asset_position":"1","series_name":"Salute (Hindi)","action":"rail_scroll","firmware":"fw:1.2.3","source_name":"Home","rail_position":"1"}, uid=5ye_gfsYCZe-PoQ4A0, did=8fb17cc052aef526, os=Android, ov=34, bn=242, nq=-1, nt=2, nct=0, lc=en|ta, av=1.0.0024, dt=STB, type=rail_scroll, adid=95acddf7-5a94-4681-bf0a-0a767be9f2c3, brand=Airtel-Xstream, model=XstreamIPTV1-VT, dname=Vantiva XstreamIPTV1-VT, appId=IPTV, sId=8fb17cc052aef526, profileId=, ab_test=86079:0|108429:0|42374:0|78244:0|95458:0|75817:0|60412:1|117812:1|120676:1|113632:1|116206:0|66480:0|100390:2|76965:1|110385:0|129832:2, city=New Delhi, state=National Capital Territory of Delhi, country=India, firebase_id=687ecd54b0fd95386e529fbf62179576} Critical: false
10-07 13:30:11.397  1624  1624 I Choreographer: Skipped 46 frames!  The application may be doing too much work on its main thread.
10-07 13:30:11.397  1624  4603 D ANALYTICS_IPTV: AnalyticsEventTracker ***Event***Event{ts=1728288011391, meta={"content_name":"Salute (Hindi)","tile_type":"MOVIE","box_type":"iptv","asset_position":"1","app_version":"1.0.0024:242","box_model":"bx:1.2.3","content_id":"SONYLIV_VOD","action":"rail_scroll","firmware":"fw:1.2.3","source_name":"Home","rail_position":"1"}, uid=5ye_gfsYCZe-PoQ4A0, did=8fb17cc052aef526, os=Android, ov=34, bn=242, nq=-1, nt=2, nct=0, lc=en|ta, av=1.0.0024, dt=STB, type=rail_scroll, adid=95acddf7-5a94-4681-bf0a-0a767be9f2c3, brand=Airtel-Xstream, model=XstreamIPTV1-VT, dname=Vantiva XstreamIPTV1-VT, appId=IPTV, sId=8fb17cc052aef526, profileId=, ab_test=86079:0|108429:0|42374:0|78244:0|95458:0|75817:0|60412:1|117812:1|120676:1|113632:1|116206:0|66480:0|100390:2|76965:1|110385:0|129832:2, city=New Delhi, state=National Capital Territory of Delhi, country=India, firebase_id=687ecd54b0fd95386e529fbf62179576} Critical: false
10-07 13:30:11.416   422   480 I audio_hw_hal_primary: [register_audio_patch:7826] Patch 3:id:3 mix(io:13)->dev_0[OUT_HDMI(id:18)] found, register the same patch, do nothing.
10-07 13:30:11.416   422   480 I audio_hw_hal_primary: [adev_create_audio_patch:7927] Patch 3: MIX->DEVICE, num_src:1 num_sink:1 patch_src:INVAL
10-07 13:30:11.416   422   480 I audio_hw_hal_primary: [adev_create_audio_patch:7931] sink[0]: OUT_HDMI(id:18)
10-07 13:30:11.416   422   480 I audio_hw_hal_primary: [adev_create_audio_patch:7988] Patch 3: mix(io:13) -> dev[OUT_HDMI(id:18)]
10-07 13:30:11.417  1143  1282 D UEventObserver: change@/devices/platform/auge_sound/sound/card0/controlC0��ACTION=change��DEVPATH=/devices/platform/auge_sound/sound/card0/controlC0��SUBSYSTEM=sound��AUDIO_FORMAT=0��MAJOR=116��MINOR=11��DEVNAME=snd/controlC0��SEQNUM=3126��
10-07 13:30:11.417   422   480 I audio_hw_hal_primary: [adev_create_audio_patch:8056] dev=0xf3042930 cur_out_device=0x400
--------- beginning of system
10-07 13:30:11.417  1143  1282 W ContextImpl: Calling a method in the system process without a qualified user: android.app.ContextImpl.sendBroadcast:1220 android.content.ContextWrapper.sendBroadcast:504 com.droidlogic.audioservice.services.AudioSystemCmdService$1.onUEvent:177 com.droidlogic.UEventObserver$UEventThread.sendEvent:213 com.droidlogic.UEventObserver$UEventThread.run:190 
10-07 13:30:11.422   467  2030 D audioserver: FGS Logger Transaction failed
10-07 13:30:11.422   467  2030 D audioserver: -129
10-07 13:30:11.426  1143  1279 I AudioSystemCmdService: onAudioPatchListUpdate
10-07 13:30:11.434  1143  1279 I AudioSystemCmdService: mAudioSink:[{{mHandle: 18, mRole: SINK}, mType: hdmi, mAddress: }], previousSink:[{{mHandle: 18, mRole: SINK}, mType: hdmi, mAddress: }]
10-07 13:30:11.434  1143  1279 I AudioSystemCmdService: updateAudioPatch cur sink does not change.
10-07 13:30:11.444  1143  1143 I ThermalService: CPU temperatures: [48.7]
10-07 13:30:11.539  1624  2631 I OpenGLRenderer: Davey! duration=914ms; Flags=0, FrameTimelineVsyncId=35153, IntendedVsync=180925795131, Vsync=181693224953, InputEventId=-679688278, HandleInputStart=181707476294, AnimationStart=181707482211, PerformTraversalsStart=181708127586, DrawStart=181797656211, FrameDeadline=181578447312, FrameInterval=181706274419, FrameStartTime=16683257, SyncQueued=181820641919, SyncStart=181820816086, IssueDrawCommandsStart=181821944919, SwapBuffers=181829888086, FrameCompleted=181840373586, DequeueBufferDuration=27625, QueueBufferDuration=797500, GpuCompleted=181840373586, SwapBuffersCompleted=181831505336, DisplayPresentTime=147323642085, CommandSubmissionCompleted=181829888086, 
10-07 13:30:11.559  1624  1624 D Glide   : Finished loading BitmapDrawable from REMOTE for http://tvimg.wynk.in/unsafe/filters:format(webp)/https://image.airtel.tv/grandslam/content/2024_7_3/xpp_quickview.png with size [1920x48] in 1037.825001 ms
10-07 13:30:11.567  1624  1624 D Glide   : Finished loading BitmapDrawable from REMOTE for http://tvimg.wynk.in/unsafe/fit-in/300x169/filters:no_upscale():format(webp)/https://xstreamcp-assets-msp.streamready.in/assets/SHEMAROOME/MOVIE/6478327359fcb666645f5dc1/images/xl_image_16_9_1630335742.jpg with size [-2147483648x-2147483648] in 264.061541 ms
10-07 13:30:11.585   422  4355 I audio_hw_hal_primary: [audiohal_get_latency:1258] io 13: out:0xf2540010 frames:3072 rate:48000 whole_latency:64 alsa_latency:64
10-07 13:30:11.607   422  4355 I audio_hw_hal_primary: [audiohal_get_latency:1258] io 13: out:0xf2540010 frames:3072 rate:48000 whole_latency:64 alsa_latency:64
