10-07 13:30:11.628   422  4355 I audio_hw_hal_primary: [audiohal_get_latency:1258] io 13: out:0xf2540010 frames:3072 rate:48000 whole_latency:64 alsa_latency:64
10-07 13:30:11.635   424  1432 D rtk_heartbeat: heartbeat_timed_out: heartbeatCmdCount = 153, expected nextSeqNum = 153
10-07 13:30:11.636   424  1274 D rtk_heartbeat: rtkbt_heartbeat_cmpl_cback: Current SeqNum = 153,should SeqNum=153, status = 0
10-07 13:30:11.650   422  4355 I audio_hw_hal_primary: [audiohal_get_latency:1258] io 13: out:0xf2540010 frames:3072 rate:48000 whole_latency:64 alsa_latency:64
10-07 13:30:11.670   422  4355 I audio_hw_hal_primary: [audiohal_get_latency:1258] io 13: out:0xf2540010 frames:3072 rate:48000 whole_latency:64 alsa_latency:64
10-07 13:30:11.692   422  4355 I audio_hw_hal_primary: [audiohal_get_latency:1258] io 13: out:0xf2540010 frames:3072 rate:48000 whole_latency:64 alsa_latency:64
10-07 13:30:11.713   422  4355 I audio_hw_hal_primary: [audiohal_get_latency:1258] io 13: out:0xf2540010 frames:3072 rate:48000 whole_latency:64 alsa_latency:64
10-07 13:30:11.735   422  4355 I audio_hw_hal_primary: [audiohal_get_latency:1258] io 13: out:0xf2540010 frames:3072 rate:48000 whole_latency:64 alsa_latency:64
10-07 13:30:11.735   467   662 D audioserver: FGS Logger Transaction failed
10-07 13:30:11.735   467   662 D audioserver: -129
10-07 13:30:11.833  1624  1624 I showQuickDetail: 
10-07 13:30:11.833  1624  1624 E image load: onResourceReady null: 
10-07 13:30:11.842  1624  1624 D Glide   : Finished loading BitmapDrawable from MEMORY_CACHE for http://tvimg.wynk.in/unsafe/filters:format(webp)/https://image.airtel.tv/grandslam/content/2024_7_3/xpp_quickview.png with size [1920x48] in 0.5095 ms
10-07 13:30:11.885  1624  1624 D ANALYTICS_IPTV: AnalyticsEventTracker ***Event***Event{ts=1728288011879, meta={"content_name":"Salute (Hindi)","tile_type":"MOVIE","box_type":"iptv","app_version":"1.0.0024:242","box_model":"bx:1.2.3","content_id":"SONYLIV_VOD_MOVIE_1000165133","cp_name":"SONYLIV_VOD","action":"card_focus","rail_name":"Continue Watching","firmware":"fw:1.2.3","source_name":"Home"}, uid=5ye_gfsYCZe-PoQ4A0, did=8fb17cc052aef526, os=Android, ov=34, bn=242, nq=-1, nt=2, nct=0, lc=en|ta, av=1.0.0024, dt=STB, type=focus, adid=95acddf7-5a94-4681-bf0a-0a767be9f2c3, brand=Airtel-Xstream, model=XstreamIPTV1-VT, dname=Vantiva XstreamIPTV1-VT, appId=IPTV, sId=8fb17cc052aef526, profileId=, ab_test=86079:0|108429:0|42374:0|78244:0|95458:0|75817:0|60412:1|117812:1|120676:1|113632:1|116206:0|66480:0|100390:2|76965:1|110385:0|129832:2, city=New Delhi, state=National Capital Territory of Delhi, country=India, firebase_id=687ecd54b0fd95386e529fbf62179576} Critical: false
10-07 13:30:11.986  1624  1624 D Glide   : Finished loading BitmapDrawable from REMOTE for http://tvimg.wynk.in/unsafe/filters:format(webp)/https://xstreamcp-assets-msp.streamready.in/assets/EPICON/EPISODE/64d3318e0bd0ce013684632d/images/1690275311-akki-jaanbaaz-ep1-featurecard-1024x576.jpg with size [-2147483648x-2147483648] in 450.55283399999996 ms
10-07 13:30:11.987  1624  1624 D Glide Image loaded for url DeferredCoroutine{Completed}@de064f3: 
10-07 13:30:12.014  1624  2033 I WM-WorkerWrapper: Worker result SUCCESS for Work [ id=749fa4e6-d53b-41ae-829a-c72d24204f4c, tags={ tv.airtel.wynk.analytics.sync.service.AnalyticsSyncService, com.airtel.analyticsSyncService } ]
--------- beginning of kernel
10-07 13:30:12.098     0     0 W [0 T1167  ..] RTW: rtw_get_sta_tx_stat() not support
10-07 13:30:12.098     0     0 W [0 T1167  ..] RTW: cfg80211_rtw_get_txpower
10-07 13:30:12.118  1624  1955 I WM-WorkerWrapper: Worker result SUCCESS for Work [ id=307f87e3-88a9-40e0-b5d6-e0554a3ce4c1, tags={ tv.airtel.wynk.analytics.sync.service.AnalyticsSyncService, com.airtel.analyticsSyncService } ]
10-07 13:30:12.185  1624  1658 I com.airtel.tv: Background young concurrent copying GC freed 44508(2089KB) AllocSpace objects, 1(68KB) LOS objects, 1% free, 106MB/108MB, paused 379us,659us total 153.188ms
10-07 13:30:12.195  1624  2516 I WM-WorkerWrapper: Worker result SUCCESS for Work [ id=897b5696-263f-41a8-ad7d-a04d4b5dc36e, tags={ tv.airtel.wynk.analytics.sync.service.AnalyticsSyncService, com.airtel.analyticsSyncService } ]
10-07 13:30:12.212  1624  1624 D Glide   : Finished loading BitmapDrawable from REMOTE for http://tvimg.wynk.in/unsafe/fit-in/1244x626/filters:no_upscale():format(webp)/https://xstreamcp-assets-msp.streamready.in/assets/SONYLIV_VOD/MOVIE/6485908c82488153bfe3e82b/images/salute_12aug_landscape_thumb.jpg with size [-2147483648x-2147483648] in 218.96612499999998 ms
10-07 13:30:12.213  1624  1624 D Glide Image loaded for url DeferredCoroutine{Completed}@a95689d: 
10-07 13:30:12.252  1624  2516 I WM-WorkerWrapper: Worker result SUCCESS for Work [ id=3296c727-3132-449c-aa76-b17274655979, tags={ tv.airtel.wynk.analytics.sync.service.AnalyticsSyncService, com.airtel.analyticsSyncService } ]
10-07 13:30:12.261   707  3060 W JobScheduler: Job didn't exist in JobStore: 8c7b26d #u0a43/56 com.airtel.tv/androidx.work.impl.background.systemjob.SystemJobService
10-07 13:30:12.306  1624  1955 I WM-WorkerWrapper: Worker result SUCCESS for Work [ id=7ab8f12f-879c-43bc-9364-c8c2e01a6e9b, tags={ tv.airtel.wynk.analytics.sync.service.AnalyticsSyncService, com.airtel.analyticsSyncService } ]
10-07 13:30:12.350  1624  1955 I WM-WorkerWrapper: Worker result SUCCESS for Work [ id=ed40f75e-7e9f-4477-b873-4a366caecf2c, tags={ tv.airtel.wynk.analytics.sync.service.AnalyticsSyncService, com.airtel.analyticsSyncService } ]
10-07 13:30:12.367  4596  4596 D MonkeyStub: translateCommand: press DPAD_RIGHT
10-07 13:30:12.369   453   453 I lights-tch: flashMode 0 id 2 onMs 0 offMs 0 brightness 0
10-07 13:30:12.372   453   453 I lights-tch: flashMode 0 id 2 onMs 0 offMs 0 brightness 225
10-07 13:30:12.398  1624  1955 I WM-WorkerWrapper: Worker result SUCCESS for Work [ id=61f05677-524d-45e8-911f-c1e431dc9f90, tags={ tv.airtel.wynk.analytics.sync.service.AnalyticsSyncService, com.airtel.analyticsSyncService } ]
--------- beginning of main
10-07 13:30:12.737   422  4355 I audio_hw_hal_primary: [audiohal_get_latency:1258] io 13: out:0xf2540010 frames:3072 rate:48000 whole_latency:64 alsa_latency:64
10-07 13:30:12.759   422  4355 I audio_hw_hal_primary: [audiohal_get_latency:1258] io 13: out:0xf2540010 frames:3072 rate:48000 whole_latency:64 alsa_latency:64
10-07 13:30:12.780   422  4355 I audio_hw_hal_primary: [audiohal_get_latency:1258] io 13: out:0xf2540010 frames:3072 rate:48000 whole_latency:64 alsa_latency:64
10-07 13:30:12.801   422  4355 I audio_hw_hal_primary: [audiohal_get_latency:1258] io 13: out:0xf2540010 frames:3072 rate:48000 whole_latency:64 alsa_latency:64
10-07 13:30:12.823   422  4355 I audio_hw_hal_primary: [audiohal_get_latency:1258] io 13: out:0xf2540010 frames:3072 rate:48000 whole_latency:64 alsa_latency:64
10-07 13:30:12.844   422  4355 I audio_hw_hal_primary: [audiohal_get_latency:1258] io 13: out:0xf2540010 frames:3072 rate:48000 whole_latency:64 alsa_latency:64
10-07 13:30:12.845   467   662 D audioserver: FGS Logger Transaction failed
10-07 13:30:12.845   467   662 D audioserver: -129
10-07 13:30:12.883  1624  1624 I showQuickDetail: 
10-07 13:30:12.884  1624  1624 E image load: onResourceReady null: 
10-07 13:30:12.897  1624  1624 D Glide   : Finished loading BitmapDrawable from MEMORY_CACHE for http://tvimg.wynk.in/unsafe/filters:format(webp)/https://image.airtel.tv/grandslam/content/2024_7_3/xpp_quickview.png with size [1920x48] in 0.7356659999999999 ms
10-07 13:30:12.925  1624  1624 D ANALYTICS_IPTV: AnalyticsEventTracker ***Event***Event{ts=1728288012919, meta={"content_name":"The Black Demon - Hindi","tile_type":"MOVIE","box_type":"iptv","app_version":"1.0.0024:242","box_model":"bx:1.2.3","content_id":"LIONSGATEPLAY_MOVIE_THEBLACKDEMONY2023MHI","cp_name":"LIONSGATEPLAY","action":"card_focus","rail_name":"Continue Watching","firmware":"fw:1.2.3","source_name":"Home"}, uid=5ye_gfsYCZe-PoQ4A0, did=8fb17cc052aef526, os=Android, ov=34, bn=242, nq=-1, nt=2, nct=0, lc=en|ta, av=1.0.0024, dt=STB, type=focus, adid=95acddf7-5a94-4681-bf0a-0a767be9f2c3, brand=Airtel-Xstream, model=XstreamIPTV1-VT, dname=Vantiva XstreamIPTV1-VT, appId=IPTV, sId=8fb17cc052aef526, profileId=, ab_test=86079:0|108429:0|42374:0|78244:0|95458:0|75817:0|60412:1|117812:1|120676:1|113632:1|116206:0|66480:0|100390:2|76965:1|110385:0|129832:2, city=New Delhi, state=National Capital Territory of Delhi, country=India, firebase_id=687ecd54b0fd95386e529fbf62179576} Critical: false
10-07 13:30:12.972   422  4355 I audio_hw_hal_stream: aml_stream_out_info_print: out:0xf2540010, stream_type:pcm, sync_mode:non tunnel, input_size:4669440 bytes
10-07 13:30:12.972   422  4355 I audio_hw_hal_stream: aml_stream_out_info_print: last_time:183259 ms (sec:183, nsec:259110045), last_position:24183 ms (1160784), cur_time:183280 ms (sec:183, nsec:280119336), cur_position:24204 ms (1161808)
10-07 13:30:12.972   422  4355 I audio_hw_hal_stream: aml_stream_out_info_print: time_gap:21 ms (thr:100 ms), position_gap:21 ms, delay:115 ms, jitter: Position gap is ahead of system time gap by 0 ms (thr:100 ms)
10-07 13:30:13.096  3092  3092 I cast_shell: [1007/133013.096767:INFO:metrics_stat_logger.cc(38)] Metrics stat for the past 60 secs : total=5
10-07 13:30:13.096  3092  3092 I cast_shell: [metrics_stat_logger] Cast.Discovery.Mdns.Query.Cast.Count=1
10-07 13:30:13.096  3092  3092 I cast_shell: [metrics_stat_logger] Cast.Discovery.Mdns.Request.In=4
10-07 13:30:13.096  3092  3092 I cast_shell: [metrics_stat_logger] Cast.Discovery.Mdns.Response.Out=4
10-07 13:30:13.096  3092  3092 I cast_shell: [metrics_stat_logger] Cast.RobotAccountAuth.FetchToken=1
10-07 13:30:13.096  3092  3092 I cast_shell: [metrics_stat_logger] Cast.RobotAccountAuth.Update.NOT_LINKED.NOT_LINKED=1
10-07 13:30:13.274   422   581 I audio_hw_hal_alsamgr: alsa format =0x1 delay frames =1024 total frames=8192000
10-07 13:30:13.356  1624  1624 D Glide   : Finished loading BitmapDrawable from REMOTE for http://tvimg.wynk.in/unsafe/fit-in/1244x626/filters:no_upscale():format(webp)/https://xstreamcp-assets-msp.streamready.in/assets/LIONSGATEPLAY/MOVIE/64f9ad835987c22787ba37a4/images/THEBLACKDEMONY2023MHI-airtel-cover-poster-1923X1082.jpg with size [-2147483648x-2147483648] in 311.027583 ms
10-07 13:30:13.356  1624  1624 D Glide Image loaded for url DeferredCoroutine{Completed}@2001ab8: 
10-07 13:30:13.403  3092  3638 I cast_shell: [1007/133013.403358:INFO:mdns_app_filter.cc(3550)] Mdns cast queries recently sent: queries=1
10-07 13:30:13.437  1624  2033 I WM-WorkerWrapper: Worker result SUCCESS for Work [ id=ee0bc0b3-0826-488c-89dd-b96052bcc630, tags={ tv.airtel.wynk.analytics.sync.service.AnalyticsSyncService, com.airtel.analyticsSyncService } ]
10-07 13:30:13.449  1143  1143 I ThermalService: CPU temperatures: [48.7]
--------- beginning of system
10-07 13:30:13.458   707  3060 D OomAdjuster: Not killing cached processes
10-07 13:30:13.636   424  1432 D rtk_heartbeat: heartbeat_timed_out: heartbeatCmdCount = 155, expected nextSeqNum = 155
10-07 13:30:13.638   424  1274 D rtk_heartbeat: rtkbt_heartbeat_cmpl_cback: Current SeqNum = 155,should SeqNum=155, status = 0
10-07 13:30:13.779  4596  4596 D MonkeyStub: translateCommand: press DPAD_DOWN
10-07 13:30:13.781   453   453 I lights-tch: flashMode 0 id 2 onMs 0 offMs 0 brightness 0
10-07 13:30:13.784   453   453 I lights-tch: flashMode 0 id 2 onMs 0 offMs 0 brightness 225
10-07 13:30:13.813  1624  1955 I WM-WorkerWrapper: Worker result SUCCESS for Work [ id=c11e3175-2c6d-40e7-b0c1-88882086c741, tags={ tv.airtel.wynk.analytics.sync.service.AnalyticsSyncService, com.airtel.analyticsSyncService } ]
10-07 13:30:13.837  1624  1658 I com.airtel.tv: Background concurrent copying GC freed 650968(22MB) AllocSpace objects, 7(604KB) LOS objects, 21% free, 88MB/112MB, paused 716us,200us total 1.171s
10-07 13:30:13.845  1624  1624 D ANALYTICS_IPTV: AnalyticsEventTracker ***Event***Event{ts=1728288013838, meta={"content_name":"Ulsan HD VS Shandong Taishan","tile_type":"VIDEO","app_version":"1.0.0024:242","box_model":"bx:1.2.3","content_id":"FANCODE_MATCH_LIVE_108721","cp_name":"FANCODE","rail_name":"Multi Rail","box_type":"iptv","asset_position":"0","series_name":"Ulsan HD VS Shandong Taishan","action":"card_visible","firmware":"fw:1.2.3","source_name":"Home","rail_position":"3"}, uid=5ye_gfsYCZe-PoQ4A0, did=8fb17cc052aef526, os=Android, ov=34, bn=242, nq=-1, nt=2, nct=0, lc=en|ta, av=1.0.0024, dt=STB, type=content_visible, adid=95acddf7-5a94-4681-bf0a-0a767be9f2c3, brand=Airtel-Xstream, model=XstreamIPTV1-VT, dname=Vantiva XstreamIPTV1-VT, appId=IPTV, sId=8fb17cc052aef526, profileId=, ab_test=86079:0|108429:0|42374:0|78244:0|95458:0|75817:0|60412:1|117812:1|120676:1|113632:1|116206:0|66480:0|100390:2|76965:1|110385:0|129832:2, city=New Delhi, state=National Capital Territory of Delhi, country=India, firebase_id=687ecd54b0fd95386e529fbf62179576} Critical: false
10-07 13:30:13.868  1624  1624 D ANALYTICS_IPTV: AnalyticsEventTracker ***Event***Event{ts=1728288013852, meta={"content_name":"Ulsan HD VS Shandong Taishan","tile_type":"VIDEO","app_version":"1.0.0024:242","box_model":"bx:1.2.3","content_id":"FANCODE_MATCH_LIVE_108721","cp_name":"FANCODE","box_type":"iptv","asset_position":"0","series_name":"Ulsan HD VS Shandong Taishan","action":"rail_scroll","firmware":"fw:1.2.3","source_name":"Home","rail_position":"3"}, uid=5ye_gfsYCZe-PoQ4A0, did=8fb17cc052aef526, os=Android, ov=34, bn=242, nq=-1, nt=2, nct=0, lc=en|ta, av=1.0.0024, dt=STB, type=rail_scroll, adid=95acddf7-5a94-4681-bf0a-0a767be9f2c3, brand=Airtel-Xstream, model=XstreamIPTV1-VT, dname=Vantiva XstreamIPTV1-VT, appId=IPTV, sId=8fb17cc052aef526, profileId=, ab_test=86079:0|108429:0|42374:0|78244:0|95458:0|75817:0|60412:1|117812:1|120676:1|113632:1|116206:0|66480:0|100390:2|76965:1|110385:0|129832:2, city=New Delhi, state=National Capital Territory of Delhi, country=India, firebase_id=687ecd54b0fd95386e529fbf62179576} Critical: false
10-07 13:30:13.879  1624  3419 D ANALYTICS_IPTV: AnalyticsEventTracker ***Event***Event{ts=1728288013874, meta={"content_name":"Ulsan HD VS Shandong Taishan","tile_type":"VIDEO","box_type":"iptv","asset_position":"0","app_version":"1.0.0024:242","box_model":"bx:1.2.3","content_id":"FANCODE","action":"rail_scroll","firmware":"fw:1.2.3","source_name":"Home","rail_position":"3"}, uid=5ye_gfsYCZe-PoQ4A0, did=8fb17cc052aef526, os=Android, ov=34, bn=242, nq=-1, nt=2, nct=0, lc=en|ta, av=1.0.0024, dt=STB, type=rail_scroll, adid=95acddf7-5a94-4681-bf0a-0a767be9f2c3, brand=Airtel-Xstream, model=XstreamIPTV1-VT, dname=Vantiva XstreamIPTV1-VT, appId=IPTV, sId=8fb17cc052aef526, profileId=, ab_test=86079:0|108429:0|42374:0|78244:0|95458:0|75817:0|60412:1|117812:1|120676:1|113632:1|116206:0|66480:0|100390:2|76965:1|110385:0|129832:2, city=New Delhi, state=National Capital Territory of Delhi, country=India, firebase_id=687ecd54b0fd95386e529fbf62179576} Critical: false
10-07 13:30:13.905   422   480 I audio_hw_hal_primary: [register_audio_patch:7826] Patch 3:id:3 mix(io:13)->dev_0[OUT_HDMI(id:18)] found, register the same patch, do nothing.
10-07 13:30:13.905   422   480 I audio_hw_hal_primary: [adev_create_audio_patch:7927] Patch 3: MIX->DEVICE, num_src:1 num_sink:1 patch_src:INVAL
10-07 13:30:13.905   422   480 I audio_hw_hal_primary: [adev_create_audio_patch:7931] sink[0]: OUT_HDMI(id:18)
10-07 13:30:13.905   422   480 I audio_hw_hal_primary: [adev_create_audio_patch:7988] Patch 3: mix(io:13) -> dev[OUT_HDMI(id:18)]
10-07 13:30:13.905  1143  1282 D UEventObserver: change@/devices/platform/auge_sound/sound/card0/controlC0��ACTION=change��DEVPATH=/devices/platform/auge_sound/sound/card0/controlC0��SUBSYSTEM=sound��AUDIO_FORMAT=0��MAJOR=116��MINOR=11��DEVNAME=snd/controlC0��SEQNUM=3128��
10-07 13:30:13.905   422   480 I audio_hw_hal_primary: [adev_create_audio_patch:8056] dev=0xf3042930 cur_out_device=0x400
10-07 13:30:13.906  1143  1282 W ContextImpl: Calling a method in the system process without a qualified user: android.app.ContextImpl.sendBroadcast:1220 android.content.ContextWrapper.sendBroadcast:504 com.droidlogic.audioservice.services.AudioSystemCmdService$1.onUEvent:177 com.droidlogic.UEventObserver$UEventThread.sendEvent:213 com.droidlogic.UEventObserver$UEventThread.run:190 
10-07 13:30:13.909   467   924 D audioserver: FGS Logger Transaction failed
10-07 13:30:13.909   467   924 D audioserver: -129
10-07 13:30:13.961  1143  1279 I AudioSystemCmdService: onAudioPatchListUpdate
10-07 13:30:13.964  1143  1279 I AudioSystemCmdService: mAudioSink:[{{mHandle: 18, mRole: SINK}, mType: hdmi, mAddress: }], previousSink:[{{mHandle: 18, mRole: SINK}, mType: hdmi, mAddress: }]
10-07 13:30:13.964  1143  1279 I AudioSystemCmdService: updateAudioPatch cur sink does not change.
10-07 13:30:13.977  1624  1624 E ConstraintLayout: layout_constraintWidth_default="wrap" is deprecated.
10-07 13:30:13.977  1624  1624 E ConstraintLayout: Use layout_width="WRAP_CONTENT" and layout_constrainedWidth="true" instead.
--------- beginning of main
10-07 13:30:14.122  1624  1624 E ThemeUtils: View class androidx.appcompat.widget.AppCompatImageView is an AppCompat widget that can only be used with a Theme.AppCompat theme (or descendant).
10-07 13:30:14.124   422  4355 I audio_hw_hal_primary: [audiohal_get_latency:1258] io 13: out:0xf2540010 frames:3072 rate:48000 whole_latency:64 alsa_latency:64
10-07 13:30:14.138  1624  1624 E ThemeUtils: View class androidx.appcompat.widget.AppCompatImageView is an AppCompat widget that can only be used with a Theme.AppCompat theme (or descendant).
10-07 13:30:14.145   422  4355 I audio_hw_hal_primary: [audiohal_get_latency:1258] io 13: out:0xf2540010 frames:3072 rate:48000 whole_latency:64 alsa_latency:64
10-07 13:30:14.148  1624  1624 E ThemeUtils: View class androidx.appcompat.widget.AppCompatImageView is an AppCompat widget that can only be used with a Theme.AppCompat theme (or descendant).
10-07 13:30:14.162  1624  1624 E ThemeUtils: View class androidx.appcompat.widget.AppCompatImageView is an AppCompat widget that can only be used with a Theme.AppCompat theme (or descendant).
10-07 13:30:14.167   422  4355 I audio_hw_hal_primary: [audiohal_get_latency:1258] io 13: out:0xf2540010 frames:3072 rate:48000 whole_latency:64 alsa_latency:64
10-07 13:30:14.168  1624  1955 I WM-WorkerWrapper: Worker result SUCCESS for Work [ id=7f2e8531-b66f-40bd-adf2-e4fe81ee727d, tags={ tv.airtel.wynk.analytics.sync.service.AnalyticsSyncService, com.airtel.analyticsSyncService } ]
10-07 13:30:14.171  1624  1624 E ThemeUtils: View class androidx.appcompat.widget.AppCompatImageView is an AppCompat widget that can only be used with a Theme.AppCompat theme (or descendant).
10-07 13:30:14.188   422  4355 I audio_hw_hal_primary: [audiohal_get_latency:1258] io 13: out:0xf2540010 frames:3072 rate:48000 whole_latency:64 alsa_latency:64
10-07 13:30:14.209   422  4355 I audio_hw_hal_primary: [audiohal_get_latency:1258] io 13: out:0xf2540010 frames:3072 rate:48000 whole_latency:64 alsa_latency:64
10-07 13:30:14.210   467   662 D audioserver: FGS Logger Transaction failed
10-07 13:30:14.210   467   662 D audioserver: -129
--------- beginning of system
10-07 13:30:14.281   707   841 W JobScheduler: Job didn't exist in JobStore: f80f323 #u0a43/62 com.airtel.tv/androidx.work.impl.background.systemjob.SystemJobService
10-07 13:30:14.350  1624  1624 D ANALYTICS_IPTV: AnalyticsEventTracker ***Event***Event{ts=1728288014340, meta={"box_type":"iptv","app_version":"1.0.0024:242","box_model":"bx:1.2.3","rail_name":"Continue Watching","firmware":"fw:1.2.3","source_name":"Home","rail_id":"66c71504da466142d9e4829f","rail_position":"2"}, uid=5ye_gfsYCZe-PoQ4A0, did=8fb17cc052aef526, os=Android, ov=34, bn=242, nq=-1, nt=2, nct=0, lc=en|ta, av=1.0.0024, dt=STB, type=rail_visible, adid=95acddf7-5a94-4681-bf0a-0a767be9f2c3, brand=Airtel-Xstream, model=XstreamIPTV1-VT, dname=Vantiva XstreamIPTV1-VT, appId=IPTV, sId=8fb17cc052aef526, profileId=, ab_test=86079:0|108429:0|42374:0|78244:0|95458:0|75817:0|60412:1|117812:1|120676:1|113632:1|116206:0|66480:0|100390:2|76965:1|110385:0|129832:2, city=New Delhi, state=National Capital Territory of Delhi, country=India, firebase_id=687ecd54b0fd95386e529fbf62179576} Critical: false
10-07 13:30:14.362  1624  1624 D ANALYTICS_IPTV: AnalyticsEventTracker ***Event***Event{ts=1728288014354, meta={"box_type":"iptv","app_version":"1.0.0024:242","box_model":"bx:1.2.3","rail_name":"My Watchlist","firmware":"fw:1.2.3","source_name":"Home","rail_id":"665daaa086e09b353956cbe6","rail_position":"3"}, uid=5ye_gfsYCZe-PoQ4A0, did=8fb17cc052aef526, os=Android, ov=34, bn=242, nq=-1, nt=2, nct=0, lc=en|ta, av=1.0.0024, dt=STB, type=rail_visible, adid=95acddf7-5a94-4681-bf0a-0a767be9f2c3, brand=Airtel-Xstream, model=XstreamIPTV1-VT, dname=Vantiva XstreamIPTV1-VT, appId=IPTV, sId=8fb17cc052aef526, profileId=, ab_test=86079:0|108429:0|42374:0|78244:0|95458:0|75817:0|60412:1|117812:1|120676:1|113632:1|116206:0|66480:0|100390:2|76965:1|110385:0|129832:2, city=New Delhi, state=National Capital Territory of Delhi, country=India, firebase_id=687ecd54b0fd95386e529fbf62179576} Critical: false
10-07 13:30:14.373  1624  1624 D ANALYTICS_IPTV: AnalyticsEventTracker ***Event***Event{ts=1728288014367, meta={"box_type":"iptv","app_version":"1.0.0024:242","box_model":"bx:1.2.3","rail_name":"Multi Rail","firmware":"fw:1.2.3","source_name":"Home","rail_id":"66e3a78d6829bd3f50eef87d","rail_position":"4"}, uid=5ye_gfsYCZe-PoQ4A0, did=8fb17cc052aef526, os=Android, ov=34, bn=242, nq=-1, nt=2, nct=0, lc=en|ta, av=1.0.0024, dt=STB, type=rail_visible, adid=95acddf7-5a94-4681-bf0a-0a767be9f2c3, brand=Airtel-Xstream, model=XstreamIPTV1-VT, dname=Vantiva XstreamIPTV1-VT, appId=IPTV, sId=8fb17cc052aef526, profileId=, ab_test=86079:0|108429:0|42374:0|78244:0|95458:0|75817:0|60412:1|117812:1|120676:1|113632:1|116206:0|66480:0|100390:2|76965:1|110385:0|129832:2, city=New Delhi, state=National Capital Territory of Delhi, country=India, firebase_id=687ecd54b0fd95386e529fbf62179576} Critical: false
10-07 13:30:14.391  1624  1624 D ANALYTICS_IPTV: AnalyticsEventTracker ***Event***Event{ts=1728288014377, meta={"box_type":"iptv","app_version":"1.0.0024:242","box_model":"bx:1.2.3","rail_name":"Top Hits","firmware":"fw:1.2.3","source_name":"Home","rail_id":"66badef4f6cf660fc0012853","rail_position":"5"}, uid=5ye_gfsYCZe-PoQ4A0, did=8fb17cc052aef526, os=Android, ov=34, bn=242, nq=-1, nt=2, nct=0, lc=en|ta, av=1.0.0024, dt=STB, type=rail_visible, adid=95acddf7-5a94-4681-bf0a-0a767be9f2c3, brand=Airtel-Xstream, model=XstreamIPTV1-VT, dname=Vantiva XstreamIPTV1-VT, appId=IPTV, sId=8fb17cc052aef526, profileId=, ab_test=86079:0|108429:0|42374:0|78244:0|95458:0|75817:0|60412:1|117812:1|120676:1|113632:1|116206:0|66480:0|100390:2|76965:1|110385:0|129832:2, city=New Delhi, state=National Capital Territory of Delhi, country=India, firebase_id=687ecd54b0fd95386e529fbf62179576} Critical: false
10-07 13:30:14.428  1624  1624 E ThemeUtils: View class com.airbnb.lottie.LottieAnimationView is an AppCompat widget that can only be used with a Theme.AppCompat theme (or descendant).
10-07 13:30:14.434  1624  1624 E ThemeUtils: View class androidx.appcompat.widget.AppCompatTextView is an AppCompat widget that can only be used with a Theme.AppCompat theme (or descendant).
10-07 13:30:14.443  1624  1624 E ThemeUtils: View class androidx.appcompat.widget.AppCompatTextView is an AppCompat widget that can only be used with a Theme.AppCompat theme (or descendant).
10-07 13:30:14.459   707   841 W JobScheduler: Job didn't exist in JobStore: 7d4c39e #u0a43/63 com.airtel.tv/androidx.work.impl.background.systemjob.SystemJobService
10-07 13:30:14.473  1624  1624 I showQuickDetail: 
10-07 13:30:14.474  1624  1624 E image load: onResourceReady null: 
10-07 13:30:14.480  1624  1624 D Glide   : Finished loading BitmapDrawable from MEMORY_CACHE for http://tvimg.wynk.in/unsafe/filters:format(webp)/https://image.airtel.tv/grandslam/content/2024_7_3/xpp_quickview.png with size [1920x48] in 0.706583 ms
10-07 13:30:14.539  1624  1624 D ANALYTICS_IPTV: AnalyticsEventTracker ***Event***Event{ts=1728288014534, meta={"content_name":"Ulsan HD VS Shandong Taishan","tile_type":"VIDEO","box_type":"iptv","app_version":"1.0.0024:242","box_model":"bx:1.2.3","content_id":"FANCODE_MATCH_LIVE_108721","cp_name":"FANCODE","action":"card_focus","rail_name":"Multi Rail","firmware":"fw:1.2.3","source_name":"Home"}, uid=5ye_gfsYCZe-PoQ4A0, did=8fb17cc052aef526, os=Android, ov=34, bn=242, nq=-1, nt=2, nct=0, lc=en|ta, av=1.0.0024, dt=STB, type=focus, adid=95acddf7-5a94-4681-bf0a-0a767be9f2c3, brand=Airtel-Xstream, model=XstreamIPTV1-VT, dname=Vantiva XstreamIPTV1-VT, appId=IPTV, sId=8fb17cc052aef526, profileId=, ab_test=86079:0|108429:0|42374:0|78244:0|95458:0|75817:0|60412:1|117812:1|120676:1|113632:1|116206:0|66480:0|100390:2|76965:1|110385:0|129832:2, city=New Delhi, state=National Capital Territory of Delhi, country=India, firebase_id=687ecd54b0fd95386e529fbf62179576} Critical: false
10-07 13:30:14.547   707  3061 W JobScheduler: Job didn't exist in JobStore: ca98b #u0a43/70 com.airtel.tv/androidx.work.impl.background.systemjob.SystemJobService
10-07 13:30:14.562   707  3061 W JobScheduler: Job didn't exist in JobStore: 4407e95 #u0a43/64 com.airtel.tv/androidx.work.impl.background.systemjob.SystemJobService
10-07 13:30:14.569   707  3061 W JobScheduler: Job didn't exist in JobStore: 4541338 #u0a43/65 com.airtel.tv/androidx.work.impl.background.systemjob.SystemJobService
10-07 13:30:14.584   707   841 W JobScheduler: Job didn't exist in JobStore: 8241bd #u0a43/72 com.airtel.tv/androidx.work.impl.background.systemjob.SystemJobService
10-07 13:30:14.636   424  1432 D rtk_heartbeat: heartbeat_timed_out: heartbeatCmdCount = 156, expected nextSeqNum = 156
10-07 13:30:14.637   424  1274 D rtk_heartbeat: rtkbt_heartbeat_cmpl_cback: Current SeqNum = 156,should SeqNum=156, status = 0
10-07 13:30:14.812   707  3061 W JobScheduler: Job didn't exist in JobStore: 16fef49 #u0a43/68 com.airtel.tv/androidx.work.impl.background.systemjob.SystemJobService
10-07 13:30:14.830   707  3061 W JobScheduler: Job didn't exist in JobStore: cabc3b2 #u0a43/73 com.airtel.tv/androidx.work.impl.background.systemjob.SystemJobService
10-07 13:30:14.838   707  3061 W JobScheduler: Job didn't exist in JobStore: 68dd602 #u0a43/67 com.airtel.tv/androidx.work.impl.background.systemjob.SystemJobService
10-07 13:30:14.840  1624  1624 D Glide   : Finished loading BitmapDrawable from REMOTE for http://tvimg.wynk.in/unsafe/fit-in/300x169/filters:no_upscale():format(webp)/https://s3.ap-south-1.amazonaws.com/discovery-prod-arsenal/tile/artwork/1722516970110_anime-booth.jpg with size [-2147483648x-2147483648] in 417.68679099999997 ms
10-07 13:30:14.840  1624  1624 D Glide Image loaded for url DeferredCoroutine{Completed}@6758046: 
10-07 13:30:14.845  1624  3419 E homepage: data received in RequestRetrofitRepo : tv.accedo.airtel.wynk.data.entity.LayoutBaseEntity@4e0a67d5
10-07 13:30:14.890  1624  2516 I WM-WorkerWrapper: Work [ id=350836c7-5f23-4f96-bdb2-161bff1e6b90, tags={ tv.airtel.wynk.analytics.sync.service.AnalyticsSyncService, com.airtel.analyticsSyncService } ] was cancelled
10-07 13:30:14.890  1624  2516 I WM-WorkerWrapper: java.util.concurrent.CancellationException: Task was cancelled.
10-07 13:30:14.890  1624  2516 I WM-WorkerWrapper: 	at androidx.work.impl.utils.futures.AbstractFuture.cancellationExceptionWithCause(AbstractFuture.java:1184)
10-07 13:30:14.890  1624  2516 I WM-WorkerWrapper: 	at androidx.work.impl.utils.futures.AbstractFuture.getDoneValue(AbstractFuture.java:514)
10-07 13:30:14.890  1624  2516 I WM-WorkerWrapper: 	at androidx.work.impl.utils.futures.AbstractFuture.get(AbstractFuture.java:475)
10-07 13:30:14.890  1624  2516 I WM-WorkerWrapper: 	at androidx.work.impl.WorkerWrapper$2.run(WorkerWrapper.java:317)
10-07 13:30:14.890  1624  2516 I WM-WorkerWrapper: 	at androidx.work.impl.utils.SerialExecutorImpl$Task.run(SerialExecutorImpl.java:96)
10-07 13:30:14.890  1624  2516 I WM-WorkerWrapper: 	at java.util.concurrent.ThreadPoolExecutor.runWorker(ThreadPoolExecutor.java:1145)
10-07 13:30:14.890  1624  2516 I WM-WorkerWrapper: 	at java.util.concurrent.ThreadPoolExecutor$Worker.run(ThreadPoolExecutor.java:644)
10-07 13:30:14.890  1624  2516 I WM-WorkerWrapper: 	at java.lang.Thread.run(Thread.java:1012)
10-07 13:30:14.898  1624  3419 E homepage: post processing done
10-07 13:30:14.946   707  3061 W JobScheduler: Job didn't exist in JobStore: 6eade77 #u0a43/66 com.airtel.tv/androidx.work.impl.background.systemjob.SystemJobService
10-07 13:30:14.950   707  3061 W JobScheduler: Job didn't exist in JobStore: 5591b26 #u0a43/71 com.airtel.tv/androidx.work.impl.background.systemjob.SystemJobService
10-07 13:30:14.954   707  3061 W JobScheduler: Job didn't exist in JobStore: 586f27c #u0a43/69 com.airtel.tv/androidx.work.impl.background.systemjob.SystemJobService
10-07 13:30:14.959   707  3061 W JobScheduler: Job didn't exist in JobStore: 86ebf03 #u0a43/74 com.airtel.tv/androidx.work.impl.background.systemjob.SystemJobService
10-07 13:30:14.969  1624  1624 D IPTV_KPI: COLD_BOOT : 22272 ms
10-07 13:30:15.037  1624  1624 D Glide   : Finished loading BitmapDrawable from REMOTE for http://tvimg.wynk.in/unsafe/fit-in/300x169/filters:no_upscale():format(webp)/https://s3.ap-south-1.amazonaws.com/discovery-prod-arsenal/tile/artwork/1724061688061_sunehre_pal.jpg with size [-2147483648x-2147483648] in 445.149541 ms
10-07 13:30:15.038  1624  1624 D Glide Image loaded for url DeferredCoroutine{Completed}@e29ef93: 
--------- beginning of kernel
10-07 13:30:15.107     0     0 W [2 T1167  ..] RTW: rtw_get_sta_tx_stat() not support
10-07 13:30:15.107     0     0 W [2 T1167  ..] RTW: cfg80211_rtw_get_txpower
10-07 13:30:15.118  1624  1624 D Glide   : Finished loading BitmapDrawable from REMOTE for http://tvimg.wynk.in/unsafe/fit-in/300x169/filters:no_upscale():format(webp)/https://s3.ap-south-1.amazonaws.com/discovery-prod-arsenal/tile/artwork/1722516626882_funschool.jpg with size [-2147483648x-2147483648] in 523.373751 ms
10-07 13:30:15.119  1624  1624 D Glide Image loaded for url DeferredCoroutine{Completed}@4a81785: 
10-07 13:30:15.130  1624  2033 I WM-WorkerWrapper: Work [ id=53b8bc03-11e0-4e91-b24c-25ca48945439, tags={ tv.airtel.wynk.analytics.sync.service.AnalyticsSyncService, com.airtel.analyticsSyncService } ] was cancelled
10-07 13:30:15.130  1624  2033 I WM-WorkerWrapper: java.util.concurrent.CancellationException: Task was cancelled.
10-07 13:30:15.130  1624  2033 I WM-WorkerWrapper: 	at androidx.work.impl.utils.futures.AbstractFuture.cancellationExceptionWithCause(AbstractFuture.java:1184)
10-07 13:30:15.130  1624  2033 I WM-WorkerWrapper: 	at androidx.work.impl.utils.futures.AbstractFuture.getDoneValue(AbstractFuture.java:514)
10-07 13:30:15.130  1624  2033 I WM-WorkerWrapper: 	at androidx.work.impl.utils.futures.AbstractFuture.get(AbstractFuture.java:475)
10-07 13:30:15.130  1624  2033 I WM-WorkerWrapper: 	at androidx.work.impl.WorkerWrapper$2.run(WorkerWrapper.java:317)
10-07 13:30:15.130  1624  2033 I WM-WorkerWrapper: 	at androidx.work.impl.utils.SerialExecutorImpl$Task.run(SerialExecutorImpl.java:96)
10-07 13:30:15.130  1624  2033 I WM-WorkerWrapper: 	at java.util.concurrent.ThreadPoolExecutor.runWorker(ThreadPoolExecutor.java:1145)
10-07 13:30:15.130  1624  2033 I WM-WorkerWrapper: 	at java.util.concurrent.ThreadPoolExecutor$Worker.run(ThreadPoolExecutor.java:644)
10-07 13:30:15.130  1624  2033 I WM-WorkerWrapper: 	at java.lang.Thread.run(Thread.java:1012)
10-07 13:30:15.148  4596  4596 D MonkeyStub: translateCommand: press DPAD_RIGHT
10-07 13:30:15.150   453   453 I lights-tch: flashMode 0 id 2 onMs 0 offMs 0 brightness 0
10-07 13:30:15.155   453   453 I lights-tch: flashMode 0 id 2 onMs 0 offMs 0 brightness 225
10-07 13:30:15.177  1624  2516 I WM-WorkerWrapper: Work [ id=65a9d5bc-0c28-4c87-97a6-1275351d62e4, tags={ tv.airtel.wynk.analytics.sync.service.AnalyticsSyncService, com.airtel.analyticsSyncService } ] was cancelled
10-07 13:30:15.177  1624  2516 I WM-WorkerWrapper: java.util.concurrent.CancellationException: Task was cancelled.
10-07 13:30:15.177  1624  2516 I WM-WorkerWrapper: 	at androidx.work.impl.utils.futures.AbstractFuture.cancellationExceptionWithCause(AbstractFuture.java:1184)
10-07 13:30:15.177  1624  2516 I WM-WorkerWrapper: 	at androidx.work.impl.utils.futures.AbstractFuture.getDoneValue(AbstractFuture.java:514)
10-07 13:30:15.177  1624  2516 I WM-WorkerWrapper: 	at androidx.work.impl.utils.futures.AbstractFuture.get(AbstractFuture.java:475)
10-07 13:30:15.177  1624  2516 I WM-WorkerWrapper: 	at androidx.work.impl.WorkerWrapper$2.run(WorkerWrapper.java:317)
10-07 13:30:15.177  1624  2516 I WM-WorkerWrapper: 	at androidx.work.impl.utils.SerialExecutorImpl$Task.run(SerialExecutorImpl.java:96)
10-07 13:30:15.177  1624  2516 I WM-WorkerWrapper: 	at java.util.concurrent.ThreadPoolExecutor.runWorker(ThreadPoolExecutor.java:1145)
10-07 13:30:15.177  1624  2516 I WM-WorkerWrapper: 	at java.util.concurrent.ThreadPoolExecutor$Worker.run(ThreadPoolExecutor.java:644)
10-07 13:30:15.177  1624  2516 I WM-WorkerWrapper: 	at java.lang.Thread.run(Thread.java:1012)
10-07 13:30:15.195  1624  1624 D Glide   : Finished loading BitmapDrawable from REMOTE for http://tvimg.wynk.in/unsafe/fit-in/300x169/filters:no_upscale():format(webp)/https://s3.ap-south-1.amazonaws.com/discovery-prod-arsenal/tile/artwork/1723200512723_zindagi_updated.jpg with size [-2147483648x-2147483648] in 593.089292 ms
10-07 13:30:15.195  1624  1624 D Glide Image loaded for url DeferredCoroutine{Completed}@c57a701: 
10-07 13:30:15.211  1624  1624 E ThemeUtils: View class androidx.appcompat.widget.AppCompatImageView is an AppCompat widget that can only be used with a Theme.AppCompat theme (or descendant).
10-07 13:30:15.222  1624  1624 E ThemeUtils: View class androidx.appcompat.widget.AppCompatImageView is an AppCompat widget that can only be used with a Theme.AppCompat theme (or descendant).
10-07 13:30:15.262  1624  1624 D ANALYTICS_IPTV: AnalyticsEventTracker ***Event***Event{ts=1728288015257, meta={"content_name":"Kanak News","tile_type":"LIVETVCHANNEL","app_version":"1.0.0024:242","box_model":"bx:1.2.3","content_id":"MWTV_LIVETVCHANNEL_717","cp_name":"MWTV","rail_name":"Multi Rail","box_type":"iptv","asset_position":"1","series_name":"Kanak News","action":"card_visible","firmware":"fw:1.2.3","source_name":"Home","rail_position":"3"}, uid=5ye_gfsYCZe-PoQ4A0, did=8fb17cc052aef526, os=Android, ov=34, bn=242, nq=-1, nt=2, nct=0, lc=en|ta, av=1.0.0024, dt=STB, type=content_visible, adid=95acddf7-5a94-4681-bf0a-0a767be9f2c3, brand=Airtel-Xstream, model=XstreamIPTV1-VT, dname=Vantiva XstreamIPTV1-VT, appId=IPTV, sId=8fb17cc052aef526, profileId=, ab_test=86079:0|108429:0|42374:0|78244:0|95458:0|75817:0|60412:1|117812:1|120676:1|113632:1|116206:0|66480:0|100390:2|76965:1|110385:0|129832:2, city=New Delhi, state=National Capital Territory of Delhi, country=India, firebase_id=687ecd54b0fd95386e529fbf62179576} Critical: false
--------- beginning of main
10-07 13:30:15.489  1624  1624 D Glide   : Finished loading BitmapDrawable from REMOTE for http://tvimg.wynk.in/unsafe/fit-in/1244x626/filters:no_upscale():format(webp)/https://image.airtel.tv/FANCODE/FANCODE_MATCH_LIVE_108721/LANDSCAPE_169/Deafult_16_x_9_2.jpg with size [-2147483648x-2147483648] in 669.0459579999999 ms
10-07 13:30:15.490   422  4355 I audio_hw_hal_primary: [audiohal_get_latency:1258] io 13: out:0xf2540010 frames:3072 rate:48000 whole_latency:64 alsa_latency:64
10-07 13:30:15.490  1624  1624 D Glide Image loaded for url DeferredCoroutine{Completed}@290b9e1: 
10-07 13:30:15.510   422  4355 I audio_hw_hal_primary: [audiohal_get_latency:1258] io 13: out:0xf2540010 frames:3072 rate:48000 whole_latency:64 alsa_latency:64
10-07 13:30:15.514  1624  1955 I WM-WorkerWrapper: Work [ id=9f8029a6-c119-49b4-9ccd-81d945c16451, tags={ tv.airtel.wynk.analytics.sync.service.AnalyticsSyncService, com.airtel.analyticsSyncService } ] was cancelled
10-07 13:30:15.514  1624  1955 I WM-WorkerWrapper: java.util.concurrent.CancellationException: Task was cancelled.
10-07 13:30:15.514  1624  1955 I WM-WorkerWrapper: 	at androidx.work.impl.utils.futures.AbstractFuture.cancellationExceptionWithCause(AbstractFuture.java:1184)
10-07 13:30:15.514  1624  1955 I WM-WorkerWrapper: 	at androidx.work.impl.utils.futures.AbstractFuture.getDoneValue(AbstractFuture.java:514)
10-07 13:30:15.514  1624  1955 I WM-WorkerWrapper: 	at androidx.work.impl.utils.futures.AbstractFuture.get(AbstractFuture.java:475)
10-07 13:30:15.514  1624  1955 I WM-WorkerWrapper: 	at androidx.work.impl.WorkerWrapper$2.run(WorkerWrapper.java:317)
10-07 13:30:15.514  1624  1955 I WM-WorkerWrapper: 	at androidx.work.impl.utils.SerialExecutorImpl$Task.run(SerialExecutorImpl.java:96)
10-07 13:30:15.514  1624  1955 I WM-WorkerWrapper: 	at java.util.concurrent.ThreadPoolExecutor.runWorker(ThreadPoolExecutor.java:1145)
10-07 13:30:15.514  1624  1955 I WM-WorkerWrapper: 	at java.util.concurrent.ThreadPoolExecutor$Worker.run(ThreadPoolExecutor.java:644)
10-07 13:30:15.514  1624  1955 I WM-WorkerWrapper: 	at java.lang.Thread.run(Thread.java:1012)
10-07 13:30:15.532   422  4355 I audio_hw_hal_primary: [audiohal_get_latency:1258] io 13: out:0xf2540010 frames:3072 rate:48000 whole_latency:64 alsa_latency:64
10-07 13:30:15.553   422  4355 I audio_hw_hal_primary: [audiohal_get_latency:1258] io 13: out:0xf2540010 frames:3072 rate:48000 whole_latency:64 alsa_latency:64
10-07 13:30:15.562  1624  1624 D Glide   : Finished loading BitmapDrawable from REMOTE for http://tvimg.wynk.in/unsafe/fit-in/228x335/filters:no_upscale():format(webp)/https://xstreamcp-assets-msp.streamready.in/assets/AMAZON_PRIME/MOVIE/66fd895bc095fe1da6c367e3/images/12a767214a9840a158f9ae52b3c0069ac2b2ac35cd56dc24d1a034c61f51f3f6.jpg with size [-2147483648x-2147483648] in 159.321542 ms
10-07 13:30:15.563  1624  1624 D Glide Image loaded for url DeferredCoroutine{Completed}@9edc419: 
10-07 13:30:15.575   422  4355 I audio_hw_hal_primary: [audiohal_get_latency:1258] io 13: out:0xf2540010 frames:3072 rate:48000 whole_latency:64 alsa_latency:64
10-07 13:30:15.596   422  4355 I audio_hw_hal_primary: [audiohal_get_latency:1258] io 13: out:0xf2540010 frames:3072 rate:48000 whole_latency:64 alsa_latency:64
10-07 13:30:15.617   422  4355 I audio_hw_hal_primary: [audiohal_get_latency:1258] io 13: out:0xf2540010 frames:3072 rate:48000 whole_latency:64 alsa_latency:64
10-07 13:30:15.618   467   662 D audioserver: FGS Logger Transaction failed
10-07 13:30:15.618   467   662 D audioserver: -129
10-07 13:30:15.636   424  1432 D rtk_heartbeat: heartbeat_timed_out: heartbeatCmdCount = 157, expected nextSeqNum = 157
10-07 13:30:15.638   424  1274 D rtk_heartbeat: rtkbt_heartbeat_cmpl_cback: Current SeqNum = 157,should SeqNum=157, status = 0
10-07 13:30:15.660  1624  1624 I showQuickDetail: 
10-07 13:30:15.661  1624  1624 E image load: onResourceReady null: 
10-07 13:30:15.667  1624  1624 D Glide   : Finished loading BitmapDrawable from MEMORY_CACHE for http://tvimg.wynk.in/unsafe/filters:format(webp)/https://image.airtel.tv/grandslam/content/2024_7_3/xpp_quickview.png with size [1920x48] in 0.433042 ms
10-07 13:30:15.687  1624  1624 D ANALYTICS_IPTV: AnalyticsEventTracker ***Event***Event{ts=1728288015682, meta={"content_name":"Kanak News","tile_type":"LIVETVCHANNEL","box_type":"iptv","app_version":"1.0.0024:242","box_model":"bx:1.2.3","content_id":"MWTV_LIVETVCHANNEL_717","cp_name":"MWTV","action":"card_focus","rail_name":"Multi Rail","firmware":"fw:1.2.3","source_name":"Home"}, uid=5ye_gfsYCZe-PoQ4A0, did=8fb17cc052aef526, os=Android, ov=34, bn=242, nq=-1, nt=2, nct=0, lc=en|ta, av=1.0.0024, dt=STB, type=focus, adid=95acddf7-5a94-4681-bf0a-0a767be9f2c3, brand=Airtel-Xstream, model=XstreamIPTV1-VT, dname=Vantiva XstreamIPTV1-VT, appId=IPTV, sId=8fb17cc052aef526, profileId=, ab_test=86079:0|108429:0|42374:0|78244:0|95458:0|75817:0|60412:1|117812:1|120676:1|113632:1|116206:0|66480:0|100390:2|76965:1|110385:0|129832:2, city=New Delhi, state=National Capital Territory of Delhi, country=India, firebase_id=687ecd54b0fd95386e529fbf62179576} Critical: false
10-07 13:30:15.844  1624  1624 D Glide   : Finished loading BitmapDrawable from REMOTE for http://tvimg.wynk.in/unsafe/fit-in/1244x626/filters:no_upscale():format(webp)/https://image.airtel.tv/MWTV/MWTV_LIVETVCHANNEL_717/LANDSCAPE_43/4ZNf4dH3.png with size [-2147483648x-2147483648] in 92.372333 ms
10-07 13:30:15.845  1624  1624 D Glide Image loaded for url DeferredCoroutine{Completed}@b99a98e: 
10-07 13:30:16.528  4596  4596 D MonkeyStub: translateCommand: press DPAD_RIGHT
10-07 13:30:16.530   453   453 I lights-tch: flashMode 0 id 2 onMs 0 offMs 0 brightness 0
10-07 13:30:16.545   453   453 I lights-tch: flashMode 0 id 2 onMs 0 offMs 0 brightness 225
10-07 13:30:16.561  1624  1624 E ThemeUtils: View class androidx.appcompat.widget.AppCompatImageView is an AppCompat widget that can only be used with a Theme.AppCompat theme (or descendant).
10-07 13:30:16.574  1624  1624 E ThemeUtils: View class androidx.appcompat.widget.AppCompatImageView is an AppCompat widget that can only be used with a Theme.AppCompat theme (or descendant).
--------- beginning of main
10-07 13:30:16.833   422  4355 I audio_hw_hal_primary: [audiohal_get_latency:1258] io 13: out:0xf2540010 frames:3072 rate:48000 whole_latency:64 alsa_latency:64
10-07 13:30:16.855   422  4355 I audio_hw_hal_primary: [audiohal_get_latency:1258] io 13: out:0xf2540010 frames:3072 rate:48000 whole_latency:64 alsa_latency:64
10-07 13:30:16.876   422  4355 I audio_hw_hal_primary: [audiohal_get_latency:1258] io 13: out:0xf2540010 frames:3072 rate:48000 whole_latency:64 alsa_latency:64
10-07 13:30:16.897   422  4355 I audio_hw_hal_primary: [audiohal_get_latency:1258] io 13: out:0xf2540010 frames:3072 rate:48000 whole_latency:64 alsa_latency:64
10-07 13:30:16.919   422  4355 I audio_hw_hal_primary: [audiohal_get_latency:1258] io 13: out:0xf2540010 frames:3072 rate:48000 whole_latency:64 alsa_latency:64
10-07 13:30:16.940   422  4355 I audio_hw_hal_primary: [audiohal_get_latency:1258] io 13: out:0xf2540010 frames:3072 rate:48000 whole_latency:64 alsa_latency:64
10-07 13:30:16.961   422  4355 I audio_hw_hal_primary: [audiohal_get_latency:1258] io 13: out:0xf2540010 frames:3072 rate:48000 whole_latency:64 alsa_latency:64
10-07 13:30:16.983   422  4355 I audio_hw_hal_primary: [audiohal_get_latency:1258] io 13: out:0xf2540010 frames:3072 rate:48000 whole_latency:64 alsa_latency:64
10-07 13:30:16.983   467   662 D audioserver: FGS Logger Transaction failed
10-07 13:30:16.983   467   662 D audioserver: -129
10-07 13:30:17.012  1624  1624 I showQuickDetail: 
10-07 13:30:17.013  1624  1624 E image load: onResourceReady null: 
10-07 13:30:17.019  1624  1624 D Glide   : Finished loading BitmapDrawable from MEMORY_CACHE for http://tvimg.wynk.in/unsafe/filters:format(webp)/https://image.airtel.tv/grandslam/content/2024_7_3/xpp_quickview.png with size [1920x48] in 0.506208 ms
10-07 13:30:17.038  1624  1624 D ANALYTICS_IPTV: AnalyticsEventTracker ***Event***Event{ts=1728288017033, meta={"content_name":"News Nation","tile_type":"LIVETVCHANNEL","box_type":"iptv","app_version":"1.0.0024:242","box_model":"bx:1.2.3","content_id":"MWTV_LIVETVCHANNEL_254","cp_name":"MWTV","action":"card_focus","rail_name":"Multi Rail","firmware":"fw:1.2.3","source_name":"Home"}, uid=5ye_gfsYCZe-PoQ4A0, did=8fb17cc052aef526, os=Android, ov=34, bn=242, nq=-1, nt=2, nct=0, lc=en|ta, av=1.0.0024, dt=STB, type=focus, adid=95acddf7-5a94-4681-bf0a-0a767be9f2c3, brand=Airtel-Xstream, model=XstreamIPTV1-VT, dname=Vantiva XstreamIPTV1-VT, appId=IPTV, sId=8fb17cc052aef526, profileId=, ab_test=86079:0|108429:0|42374:0|78244:0|95458:0|75817:0|60412:1|117812:1|120676:1|113632:1|116206:0|66480:0|100390:2|76965:1|110385:0|129832:2, city=New Delhi, state=National Capital Territory of Delhi, country=India, firebase_id=687ecd54b0fd95386e529fbf62179576} Critical: false
10-07 13:30:17.061  1624  2516 I WM-WorkerWrapper: Worker result SUCCESS for Work [ id=85e9d640-4144-44d3-a20f-8ee7a8e7b753, tags={ tv.airtel.wynk.analytics.sync.service.AnalyticsSyncService, com.airtel.analyticsSyncService } ]
--------- beginning of system
10-07 13:30:17.115   707  3060 W JobScheduler: Job didn't exist in JobStore: 82c142d #u0a43/80 com.airtel.tv/androidx.work.impl.background.systemjob.SystemJobService
10-07 13:30:17.149  1624  2516 I WM-WorkerWrapper: Worker result SUCCESS for Work [ id=c7bf93e1-ab51-4ef8-9ef1-c5c06b8b2e4c, tags={ tv.airtel.wynk.analytics.sync.service.AnalyticsSyncService, com.airtel.analyticsSyncService } ]
10-07 13:30:17.176  1624  1624 D Glide   : Finished loading BitmapDrawable from REMOTE for http://tvimg.wynk.in/unsafe/fit-in/1244x626/filters:no_upscale():format(webp)/https://image.airtel.tv/MWTV/MWTV_LIVETVCHANNEL_254/LANDSCAPE_43/LKNgfzia.png with size [-2147483648x-2147483648] in 89.006208 ms
10-07 13:30:17.177  1624  1624 D Glide Image loaded for url DeferredCoroutine{Completed}@46a51ae: 
10-07 13:30:17.223  1624  2516 I WM-WorkerWrapper: Worker result SUCCESS for Work [ id=e3a0cd53-1441-4184-b8bb-e3180e39c88a, tags={ tv.airtel.wynk.analytics.sync.service.AnalyticsSyncService, com.airtel.analyticsSyncService } ]
10-07 13:30:17.269  1624  2516 I WM-WorkerWrapper: Worker result SUCCESS for Work [ id=c8b8ccf1-cc76-47ac-aa8d-44e9a196d001, tags={ tv.airtel.wynk.analytics.sync.service.AnalyticsSyncService, com.airtel.analyticsSyncService } ]
10-07 13:30:17.308  1624  2516 I WM-WorkerWrapper: Worker result SUCCESS for Work [ id=4f3686fd-65e4-4c00-8763-67e38df34269, tags={ tv.airtel.wynk.analytics.sync.service.AnalyticsSyncService, com.airtel.analyticsSyncService } ]
10-07 13:30:17.345  1624  2516 I WM-WorkerWrapper: Worker result SUCCESS for Work [ id=7f5a5ef1-d262-4ba6-b765-0a96175bb3a4, tags={ tv.airtel.wynk.analytics.sync.service.AnalyticsSyncService, com.airtel.analyticsSyncService } ]
10-07 13:30:17.383  1624  2516 I WM-WorkerWrapper: Worker result SUCCESS for Work [ id=435d07b1-dc28-4a1d-b8a8-bf74d4e35345, tags={ tv.airtel.wynk.analytics.sync.service.AnalyticsSyncService, com.airtel.analyticsSyncService } ]
10-07 13:30:17.424  1624  2516 I WM-WorkerWrapper: Worker result SUCCESS for Work [ id=d96048dc-ea0d-4639-805b-c8df0a895bac, tags={ tv.airtel.wynk.analytics.sync.service.AnalyticsSyncService, com.airtel.analyticsSyncService } ]
10-07 13:30:17.455  1143  1143 I ThermalService: CPU temperatures: [48.4]
10-07 13:30:17.460  1624  2516 I WM-WorkerWrapper: Worker result SUCCESS for Work [ id=c04b3ce8-6bff-4d19-aa68-2c40177b528d, tags={ tv.airtel.wynk.analytics.sync.service.AnalyticsSyncService, com.airtel.analyticsSyncService } ]
10-07 13:30:17.499  1624  2516 I WM-WorkerWrapper: Worker result SUCCESS for Work [ id=eb4eeea2-50f8-40d8-9f94-4c5a71113d45, tags={ tv.airtel.wynk.analytics.sync.service.AnalyticsSyncService, com.airtel.analyticsSyncService } ]
10-07 13:30:17.637   424  1432 D rtk_heartbeat: heartbeat_timed_out: heartbeatCmdCount = 159, expected nextSeqNum = 159
10-07 13:30:17.638   424  1274 D rtk_heartbeat: rtkbt_heartbeat_cmpl_cback: Current SeqNum = 159,should SeqNum=159, status = 0
10-07 13:30:17.879  4596  4596 D MonkeyStub: translateCommand: press DPAD_DOWN
10-07 13:30:17.881   453   453 I lights-tch: flashMode 0 id 2 onMs 0 offMs 0 brightness 0
10-07 13:30:17.886   453   453 I lights-tch: flashMode 0 id 2 onMs 0 offMs 0 brightness 225
10-07 13:30:17.913  1624  1624 D ANALYTICS_IPTV: AnalyticsEventTracker ***Event***Event{ts=1728288017907, meta={"content_name":"Anime Booth","tile_type":"LOCAL_TILE","app_version":"1.0.0024:242","box_model":"bx:1.2.3","content_id":"65d86aca45b091539d1d44f8","rail_name":"Top Hits","box_type":"iptv","asset_position":"0","series_name":"Anime Booth","action":"card_visible","firmware":"fw:1.2.3","source_name":"Home","rail_position":"4"}, uid=5ye_gfsYCZe-PoQ4A0, did=8fb17cc052aef526, os=Android, ov=34, bn=242, nq=-1, nt=2, nct=0, lc=en|ta, av=1.0.0024, dt=STB, type=content_visible, adid=95acddf7-5a94-4681-bf0a-0a767be9f2c3, brand=Airtel-Xstream, model=XstreamIPTV1-VT, dname=Vantiva XstreamIPTV1-VT, appId=IPTV, sId=8fb17cc052aef526, profileId=, ab_test=86079:0|108429:0|42374:0|78244:0|95458:0|75817:0|60412:1|117812:1|120676:1|113632:1|116206:0|66480:0|100390:2|76965:1|110385:0|129832:2, city=New Delhi, state=National Capital Territory of Delhi, country=India, firebase_id=687ecd54b0fd95386e529fbf62179576} Critical: false
10-07 13:30:17.929  1624  1624 D ANALYTICS_IPTV: AnalyticsEventTracker ***Event***Event{ts=1728288017923, meta={"content_name":"Anime Booth","tile_type":"LOCAL_TILE","box_type":"iptv","asset_position":"0","app_version":"1.0.0024:242","box_model":"bx:1.2.3","content_id":"65d86aca45b091539d1d44f8","series_name":"Anime Booth","action":"rail_scroll","firmware":"fw:1.2.3","source_name":"Home","rail_position":"4"}, uid=5ye_gfsYCZe-PoQ4A0, did=8fb17cc052aef526, os=Android, ov=34, bn=242, nq=-1, nt=2, nct=0, lc=en|ta, av=1.0.0024, dt=STB, type=rail_scroll, adid=95acddf7-5a94-4681-bf0a-0a767be9f2c3, brand=Airtel-Xstream, model=XstreamIPTV1-VT, dname=Vantiva XstreamIPTV1-VT, appId=IPTV, sId=8fb17cc052aef526, profileId=, ab_test=86079:0|108429:0|42374:0|78244:0|95458:0|75817:0|60412:1|117812:1|120676:1|113632:1|116206:0|66480:0|100390:2|76965:1|110385:0|129832:2, city=New Delhi, state=National Capital Territory of Delhi, country=India, firebase_id=687ecd54b0fd95386e529fbf62179576} Critical: false
