10-07 13:30:56.333   444   471 D WifiHAL : error code -95 mapped to -3
10-07 13:30:56.333   444   471 I WifiHAL : Request Response failed for APF, result = -3
10-07 13:30:56.333   707   901 E WifiStaIfaceAidlImpl: installApfPacketFilter failed with service-specific exception: android.os.ServiceSpecificException:  (code 4)
10-07 13:30:56.334   444   471 D WifiHAL : Setting APF program, halHandle = 0xecd00fd0
10-07 13:30:56.334   444   471 I WifiHAL : createRequest: APF set program request
10-07 13:30:56.335   444   471 D WifiHAL : error code -95 mapped to -3
10-07 13:30:56.335   444   471 I WifiHAL : Request Response failed for APF, result = -3
10-07 13:30:56.335   707   901 E WifiStaIfaceAidlImpl: installApfPacketFilter failed with service-specific exception: android.os.ServiceSpecificException:  (code 4)
10-07 13:30:56.344  1097  5010 D ApfFilter: (wlan0): begin monitoring
10-07 13:30:56.361  1097  4997 D IpClient/wlan0: routeUpdated: fe80::/64 -> :: wlan0 mtu 0
10-07 13:30:56.363  1097  4997 D IpClient/wlan0: addressUpdated: fe80::18ef:d0f0:815f:2132/64 on ifindex 16 flags 0x000008C4 scope 253
10-07 13:30:56.365  1097  4997 D TrafficStats: tagSocket(103) with statsTag=0xfffffe01, statsUid=-1
10-07 13:30:56.369  1097  4997 D IpClient.wlan0: set max DTIM multiplier to 1
10-07 13:30:56.370   444   471 D WifiHAL : Setting DTIM config , halHandle = 0xecd00fd0 Multiplier = 1
10-07 13:30:56.370   444   471 I WifiHAL : Successfully configured dtim multiplier 1
10-07 13:30:56.370   444   471 D WifiHAL : error code -95 mapped to -3
10-07 13:30:56.371   397   414 E Netd    : no such netId 101
10-07 13:30:56.371   707   901 E WifiStaIfaceAidlImpl: setDtimMultiplier failed with service-specific exception: android.os.ServiceSpecificException:  (code 4)
10-07 13:30:56.372  1167  1167 I wpa_supplicant: wpa_driver_nl80211_driver_cmd: wifi vendor: rtl8852bs
10-07 13:30:56.372  1167  1167 I wpa_supplicant: wpa_driver_nl80211_driver_cmd: wlan0: private command: BTCOEXMODE 1
10-07 13:30:56.372  1167  1167 I wpa_supplicant: wpa_driver_nl80211_driver_cmd: wifi vendor: rtl8852bs
10-07 13:30:56.372  1167  1167 I wpa_supplicant: wpa_driver_nl80211_driver_cmd: wlan0: private command: SETSUSPENDMODE 0
10-07 13:30:56.399     0     0 W [3 T1167  ..] RTW: cfg80211_rtw_set_power_mgmt(wlan0) enabled:0, timeout:-1
10-07 13:30:56.392  1097  4997 D DhcpClient: l2key: Wcdcdc2c0d51ab633 lease address: /192.168.1.42 lease expiry: 1726842772178 current time: 1728288056392
10-07 13:30:56.394  1097  4997 D DhcpClient: Broadcasting DHCPDISCOVER
10-07 13:30:56.460  1097  4997 D DhcpClient: Received packet: 58:24:13:e0:90:00 OFFER, ip /192.168.1.42, mask /255.255.255.0, DNS servers: /192.168.1.1 , gateways [/192.168.1.1], lease time 86212, domain null
10-07 13:30:56.461  1097  4997 D DhcpClient: Got pending lease: com.android.networkstack.android.net.DhcpResults@8891df1e DHCP server /192.168.1.1 Vendor info null lease 86212 seconds Servername 
10-07 13:30:56.465  1097  4997 D DhcpClient: Broadcasting DHCPREQUEST ciaddr=0.0.0.0 request=192.168.1.42 serverid=192.168.1.1
10-07 13:30:56.571  1097  4997 D DhcpClient: Received packet: 58:24:13:e0:90:00 ACK: your new IP /192.168.1.42, netmask /255.255.255.0, gateways [/192.168.1.1] DNS servers: /192.168.1.1 , lease time 86400
10-07 13:30:56.573  1097  4997 D DhcpClient: Confirmed lease: com.android.networkstack.android.net.DhcpResults@8891feb2 DHCP server /192.168.1.1 Vendor info null lease 86400 seconds Servername 
10-07 13:30:56.644   424  1432 D rtk_heartbeat: heartbeat_timed_out: heartbeatCmdCount = 198, expected nextSeqNum = 198
10-07 13:30:56.645   424  1274 D rtk_heartbeat: rtkbt_heartbeat_cmpl_cback: Current SeqNum = 198,should SeqNum=198, status = 0
10-07 13:30:57.172     0     0 W [0 T1167  ..] RTW: rtw_get_sta_tx_stat() not support
10-07 13:30:57.172     0     0 W [0 T1167  ..] RTW: cfg80211_rtw_get_txpower
10-07 13:30:57.151  1097  4997 D DhcpClient: IP Conflict Detector stopped
10-07 13:30:57.155  1167  1167 I wpa_supplicant: wpa_driver_nl80211_driver_cmd: wifi vendor: rtl8852bs
10-07 13:30:57.155  1167  1167 I wpa_supplicant: wpa_driver_nl80211_driver_cmd: wlan0: private command: BTCOEXMODE 2
10-07 13:30:57.181     0     0 W [3 T1167  ..] RTW: cfg80211_rtw_set_power_mgmt(wlan0) enabled:1, timeout:-1
10-07 13:30:57.163   707   901 I WifiClientModeImpl[28037:wlan0]: Update current security type to 2
10-07 13:30:57.165  1097  4997 D IpClient/wlan0: addressUpdated: 192.168.1.42/24 on ifindex 16 flags 0x00000080 scope 0
10-07 13:30:57.175  1097  4997 D DhcpClient: Scheduling renewal in 43199s
10-07 13:30:57.175  1097  4997 D DhcpClient: Scheduling rebind in 75599s
10-07 13:30:57.176  1097  4997 D DhcpClient: Scheduling expiry in 86399s
10-07 13:30:57.177   707   901 W ContextImpl: Calling a method in the system process without a qualified user: android.app.ContextImpl.sendStickyBroadcast:1626 com.android.server.wifi.ClientModeImpl.sendNetworkChangeBroadcast:3015 com.android.server.wifi.ClientModeImpl.lambda$sendNetworkChangeBroadcastWithCurrentState$14:2992 com.android.server.wifi.ClientModeImpl.$r8$lambda$mtuS9ulugUkTxNA_sDDnAioo66w:0 com.android.server.wifi.ClientModeImpl$$ExternalSyntheticLambda13.send:0 
10-07 13:30:57.178   397   414 E Netd    : no such netId 101
10-07 13:30:57.179   707   909 E ConnectivityService: Exception in networkAddRouteParcel for non-gateway: android.os.ServiceSpecificException: Machine is not on the network (code 64)
10-07 13:30:57.179   397   417 E Netd    : no such netId 101
10-07 13:30:57.180   707   909 E ConnectivityService: Exception in networkAddRouteParcel for gateway: android.os.ServiceSpecificException: Machine is not on the network (code 64)
10-07 13:30:57.181   444   471 D WifiHAL : Setting APF program, halHandle = 0xecd00fd0
10-07 13:30:57.181   444   471 I WifiHAL : createRequest: APF set program request
10-07 13:30:57.181   444   471 D WifiHAL : error code -95 mapped to -3
10-07 13:30:57.181   444   471 I WifiHAL : Request Response failed for APF, result = -3
10-07 13:30:57.181   707   901 E WifiStaIfaceAidlImpl: installApfPacketFilter failed with service-specific exception: android.os.ServiceSpecificException:  (code 4)
10-07 13:30:57.188   707   909 D ConnectivityService: Setting DNS servers for network 101 to [/192.168.1.1]
10-07 13:30:57.188   707   901 W ContextImpl: Calling a method in the system process without a qualified user: android.app.ContextImpl.sendStickyBroadcast:1626 com.android.server.wifi.ClientModeImpl.sendNetworkChangeBroadcast:3015 com.android.server.wifi.ClientModeImpl.lambda$sendNetworkChangeBroadcastWithCurrentState$14:2992 com.android.server.wifi.ClientModeImpl.$r8$lambda$mtuS9ulugUkTxNA_sDDnAioo66w:0 com.android.server.wifi.ClientModeImpl$$ExternalSyntheticLambda13.send:0 
10-07 13:30:57.189   707   807 W IPCThreadState: Sending oneway calls to frozen process.
10-07 13:30:57.189   707   807 W IPCThreadState: Sending oneway calls to frozen process.
10-07 13:30:57.189   707   807 W IPCThreadState: Sending oneway calls to frozen process.
10-07 13:30:57.189   707   807 W IPCThreadState: Sending oneway calls to frozen process.
10-07 13:30:57.189   707   807 W IPCThreadState: Sending oneway calls to frozen process.
10-07 13:30:57.189   707   807 W IPCThreadState: Sending oneway calls to frozen process.
10-07 13:30:57.189   707   807 W IPCThreadState: Sending oneway calls to frozen process.
10-07 13:30:57.190   707   807 W IPCThreadState: Sending oneway calls to frozen process.
10-07 13:30:57.190   707   807 W IPCThreadState: Sending oneway calls to frozen process.
10-07 13:30:57.190   707   807 W IPCThreadState: Sending oneway calls to frozen process.
10-07 13:30:57.190   707   807 W IPCThreadState: Sending oneway calls to frozen process.
10-07 13:30:57.190   707   807 W IPCThreadState: Sending oneway calls to frozen process.
10-07 13:30:57.190   707   807 W IPCThreadState: Sending oneway calls to frozen process.
10-07 13:30:57.190   707   807 W IPCThreadState: Sending oneway calls to frozen process.
10-07 13:30:57.190   707   807 W IPCThreadState: Sending oneway calls to frozen process.
10-07 13:30:57.190   707   807 W IPCThreadState: Sending oneway calls to frozen process.
10-07 13:30:57.190   707   807 W IPCThreadState: Sending oneway calls to frozen process.
10-07 13:30:57.194   707   909 D ConnectivityService: [101 WIFI] EVENT_NETWORK_INFO_CHANGED, going from CONNECTING to CONNECTED
10-07 13:30:57.202   707   909 D DnsManager: sendDnsConfigurationForNetwork(101, [192.168.1.1], [], 1800, 25, 8, 64, 0, 0, , [])
10-07 13:30:57.205   707   901 W WifiScoreReport: Cannot start external scoring netId=101 currentNetId=101 currentNetCapabilities=[ Transports: WIFI Capabilities: NOT_METERED&INTERNET&NOT_RESTRICTED&TRUSTED&NOT_VPN&NOT_ROAMING&NOT_CONGESTED&NOT_SUSPENDED&NOT_VCN_MANAGED LinkUpBandwidth>=12000Kbps LinkDnBandwidth>=60000Kbps Specifier: <WifiNetworkAgentSpecifier [WifiConfiguration=, SSID="BOX OFFICE_5G", BSSID=f0:ed:b8:0f:72:22, band=2, mMatchLocalOnlySpecifiers=false]> TransportInfo: <SSID: "BOX OFFICE_5G", BSSID: f0:ed:b8:0f:72:22, MAC: 58:24:13:e0:90:00, IP: /192.168.1.42, Security type: 2, Supplicant state: COMPLETED, Wi-Fi standard: 5, RSSI: -63, Link speed: 180Mbps, Tx Link speed: 180Mbps, Max Supported Tx Link speed: 400Mbps, Rx Link speed: 162Mbps, Max Supported Rx Link speed: 400Mbps, Frequency: 5745MHz, Net ID: 0, Metered hint: false, score: 60, isUsable: true, CarrierMerged: false, SubscriptionId: -1, IsPrimary: 1, Trusted: true, Restricted: false, Ephemeral: false, OEM paid: false, OEM private: false, OSU AP: false, FQDN: <none>, Provider friendly name: <none>, Requesting package name: <none>"BOX OFFICE_5G"wpa2-pskMLO Information: , Is TID-To-Link negotiation supported by the AP: false, AP MLD Address: <none>, AP MLO Link Id: <none>, AP MLO Affiliated links: <none>> SignalStrength: -63 AllowedUids: <{10072}> OwnerUid: 10072 AdminUids: [10072] SSID: "BOX OFFICE_5G" UnderlyingNetworks: Null] sessionId=1017
10-07 13:30:57.228   707   787 D WifiMemoryStoreImpl: Set cluster G57717381aa9127b6 for Wcdcdc2c0d51ab633: SUCCESS
10-07 13:30:57.233   707   909 E ConnectivityService: Unexpected ServiceSpecificException
10-07 13:30:57.233   707   909 E ConnectivityService: android.os.ServiceSpecificException: Machine is not on the network (code 64)
10-07 13:30:57.233   707   909 E ConnectivityService: 	at android.os.Parcel.createExceptionOrNull(Parcel.java:3071)
10-07 13:30:57.233   707   909 E ConnectivityService: 	at android.os.Parcel.createException(Parcel.java:3041)
10-07 13:30:57.233   707   909 E ConnectivityService: 	at android.os.Parcel.readException(Parcel.java:3024)
10-07 13:30:57.233   707   909 E ConnectivityService: 	at android.os.Parcel.readException(Parcel.java:2966)
10-07 13:30:57.233   707   909 E ConnectivityService: 	at android.net.connectivity.android.net.INetd$Stub$Proxy.setNetworkAllowlist(INetd.java:3754)
10-07 13:30:57.233   707   909 E ConnectivityService: 	at android.net.connectivity.com.android.server.ConnectivityService.updateProfileAllowedNetworks(ConnectivityService.java:9229)
10-07 13:30:57.233   707   909 E ConnectivityService: 	at android.net.connectivity.com.android.server.ConnectivityService.updateNetworkInfo(ConnectivityService.java:9882)
10-07 13:30:57.233   707   909 E ConnectivityService: 	at android.net.connectivity.com.android.server.ConnectivityService.-$$Nest$mupdateNetworkInfo(ConnectivityService.java:0)
10-07 13:30:57.233   707   909 E ConnectivityService: 	at android.net.connectivity.com.android.server.ConnectivityService$NetworkStateTrackerHandler.maybeHandleNetworkAgentMessage(ConnectivityService.java:3877)
10-07 13:30:57.233   707   909 E ConnectivityService: 	at android.net.connectivity.com.android.server.ConnectivityService$NetworkStateTrackerHandler.handleMessage(ConnectivityService.java:4242)
10-07 13:30:57.233   707   909 E ConnectivityService: 	at android.os.Handler.dispatchMessage(Handler.java:106)
10-07 13:30:57.233   707   909 E ConnectivityService: 	at android.os.Looper.loopOnce(Looper.java:205)
10-07 13:30:57.233   707   909 E ConnectivityService: 	at android.os.Looper.loop(Looper.java:294)
10-07 13:30:57.233   707   909 E ConnectivityService: 	at android.os.HandlerThread.run(HandlerThread.java:67)
10-07 13:30:57.234   707   787 D WifiMemoryStoreImpl: Set cluster G57717381aa9127b6 for W57717381aa9127b6: SUCCESS
10-07 13:30:57.239   707   909 W DnsManager: updatePrivateDns(101, PrivateDnsConfig{true:/[]})
10-07 13:30:57.239   707   909 D ConnectivityService: Setting DNS servers for network 101 to [/192.168.1.1]
10-07 13:30:57.240   707   909 D DnsManager: sendDnsConfigurationForNetwork(101, [192.168.1.1], [], 1800, 25, 8, 64, 0, 0, , [192.168.1.1])
10-07 13:30:57.241   397  5011 W resolv  : Validating DnsTlsServer 192.168.1.1 with mark 0xf0065
10-07 13:30:57.242   707   909 D ConnectivityService: Adding iface wlan0 to network 101
10-07 13:30:57.242   707   807 W IPCThreadState: Sending oneway calls to frozen process.
10-07 13:30:57.243   707   807 W IPCThreadState: Sending oneway calls to frozen process.
10-07 13:30:57.243   707   807 W IPCThreadState: Sending oneway calls to frozen process.
10-07 13:30:57.243   707   807 W IPCThreadState: Sending oneway calls to frozen process.
10-07 13:30:57.243   707   807 W IPCThreadState: Sending oneway calls to frozen process.
10-07 13:30:57.243   707   807 W IPCThreadState: Sending oneway calls to frozen process.
10-07 13:30:57.243   707   807 W IPCThreadState: Sending oneway calls to frozen process.
10-07 13:30:57.243   707   807 W IPCThreadState: Sending oneway calls to frozen process.
10-07 13:30:57.243   707   807 W IPCThreadState: Sending oneway calls to frozen process.
10-07 13:30:57.243   707   807 W IPCThreadState: Sending oneway calls to frozen process.
10-07 13:30:57.243   707   807 W IPCThreadState: Sending oneway calls to frozen process.
10-07 13:30:57.244   707   807 W IPCThreadState: Sending oneway calls to frozen process.
10-07 13:30:57.244   707   807 W IPCThreadState: Sending oneway calls to frozen process.
10-07 13:30:57.244   707   807 W IPCThreadState: Sending oneway calls to frozen process.
10-07 13:30:57.244   707   807 W IPCThreadState: Sending oneway calls to frozen process.
10-07 13:30:57.244   707   807 W IPCThreadState: Sending oneway calls to frozen process.
10-07 13:30:57.244   707   807 W IPCThreadState: Sending oneway calls to frozen process.
10-07 13:30:57.245   397  5011 W resolv  : Socket failed to connect: Network is unreachable
10-07 13:30:57.245   397  5011 W resolv  : TCP Handshake failed: 101
10-07 13:30:57.245   397  5011 W resolv  : query failed
10-07 13:30:57.245   397  5011 W resolv  : validateDnsTlsServer returned 0 for 192.168.1.1
10-07 13:30:57.246   397  5011 W resolv  : Validation failed
10-07 13:30:57.263   707   909 D ConnectivityService: Setting DNS servers for network 101 to [/192.168.1.1]
10-07 13:30:57.264   707   909 D DnsManager: sendDnsConfigurationForNetwork(101, [192.168.1.1], [], 1800, 25, 8, 64, 0, 0, , [192.168.1.1])
10-07 13:30:57.265   397  5012 W resolv  : Validating DnsTlsServer 192.168.1.1 with mark 0xf0065
10-07 13:30:57.266   707   807 W IPCThreadState: Sending oneway calls to frozen process.
10-07 13:30:57.267   707   807 W IPCThreadState: Sending oneway calls to frozen process.
10-07 13:30:57.267   707   807 W IPCThreadState: Sending oneway calls to frozen process.
10-07 13:30:57.267   707   807 W IPCThreadState: Sending oneway calls to frozen process.
10-07 13:30:57.267   707   807 W IPCThreadState: Sending oneway calls to frozen process.
10-07 13:30:57.267   707   807 W IPCThreadState: Sending oneway calls to frozen process.
10-07 13:30:57.267   707   807 W IPCThreadState: Sending oneway calls to frozen process.
10-07 13:30:57.267   707   807 W IPCThreadState: Sending oneway calls to frozen process.
10-07 13:30:57.267   707   807 W IPCThreadState: Sending oneway calls to frozen process.
10-07 13:30:57.267   707   807 W IPCThreadState: Sending oneway calls to frozen process.
10-07 13:30:57.268   707   807 W IPCThreadState: Sending oneway calls to frozen process.
10-07 13:30:57.268   707   807 W IPCThreadState: Sending oneway calls to frozen process.
10-07 13:30:57.268   707   807 W IPCThreadState: Sending oneway calls to frozen process.
10-07 13:30:57.269   707   807 W IPCThreadState: Sending oneway calls to frozen process.
10-07 13:30:57.269   707   807 W IPCThreadState: Sending oneway calls to frozen process.
10-07 13:30:57.269   707   807 W IPCThreadState: Sending oneway calls to frozen process.
10-07 13:30:57.269   707   807 W IPCThreadState: Sending oneway calls to frozen process.
10-07 13:30:57.286  1779  4998 W cubv    : [{0}] Failed to resolve name. status={1}
10-07 13:30:57.296  1097  5015 D TrafficStats: tagSocket(108) with statsTag=0xffffff81, statsUid=-1
10-07 13:30:57.298  1097  5015 D TrafficStats: tagSocket(108) with statsTag=0xffffff81, statsUid=-1
10-07 13:30:57.299  1097  5016 D TrafficStats: tagSocket(110) with statsTag=0xffffff81, statsUid=-1
10-07 13:30:57.301  1097  5015 D NetworkMonitor/100: PROBE_DNS www.google.com 5ms FAIL in type ADDRCONFIG android.net.DnsResolver$DnsException: android.system.ErrnoException: resNetworkQuery failed: ENONET (Machine is not on the network)
10-07 13:30:57.303  1097  5016 D TrafficStats: tagSocket(109) with statsTag=0xffffff81, statsUid=-1
10-07 13:30:57.303   707   909 D CompatibilityChangeReporter: Compat change id reported: 171306433; UID 1000; state: ENABLED
10-07 13:30:57.306  1097  5016 D NetworkMonitor/100: PROBE_DNS connectivitycheck.gstatic.com 7ms FAIL in type ADDRCONFIG android.net.DnsResolver$DnsException: android.system.ErrnoException: resNetworkQuery failed: ENONET (Machine is not on the network)
10-07 13:30:57.306   707   909 W IPCThreadState: Sending oneway calls to frozen process.
10-07 13:30:57.308   707   901 E WifiStaIfaceAidlImpl: stopRssiMonitoring failed with service-specific exception: android.os.ServiceSpecificException:  (code 5)
10-07 13:30:57.311  1097  5016 D NetworkMonitor/100: PROBE_HTTP http://connectivitycheck.gstatic.com/generate_204 Probe failed with exception java.net.UnknownHostException: Unable to resolve host "connectivitycheck.gstatic.com": No address associated with hostname
10-07 13:30:57.313  1097  5023 D TrafficStats: tagSocket(109) with statsTag=0xffffff81, statsUid=-1
10-07 13:30:57.313  1097  5022 D TrafficStats: tagSocket(111) with statsTag=0xffffff81, statsUid=-1
10-07 13:30:57.317   707   909 W IPCThreadState: Sending oneway calls to frozen process.
10-07 13:30:57.322  1097  5022 D TrafficStats: tagSocket(110) with statsTag=0xffffff81, statsUid=-1
10-07 13:30:57.322  1097  5023 D TrafficStats: tagSocket(109) with statsTag=0xffffff81, statsUid=-1
10-07 13:30:57.328  1097  5015 D NetworkMonitor/100: PROBE_HTTPS https://www.google.com/generate_204 Probe failed with exception java.net.UnknownHostException: Unable to resolve host "www.google.com": No address associated with hostname
10-07 13:30:57.332  1097  5014 D NetworkMonitor/100: PROBE_FALLBACK http://play.googleapis.com/generate_204 Probe failed with exception java.net.UnknownHostException: Unable to resolve host "play.googleapis.com": No address associated with hostname
10-07 13:30:57.332   707   909 D ConnectivityService: NetReassign [no changes] [c 1] [a 21] [i 14]
10-07 13:30:57.333  1097  5014 D NetworkMonitor/100: isCaptivePortal: isSuccessful()=false isPortal()=false RedirectUrl=null isPartialConnectivity()=false Time=39ms
10-07 13:30:57.336   707   912 D TrafficStats: tagSocket(428) with statsTag=0xffffffff, statsUid=-1
10-07 13:30:57.342   707   909 W IPCThreadState: Sending oneway calls to frozen process.
10-07 13:30:57.342   707   909 W IPCThreadState: Sending oneway calls to frozen process.
10-07 13:30:57.370  1097  4997 D IpClient/wlan0: addressUpdated: fe80::18ef:d0f0:815f:2132/64 on ifindex 16 flags 0x00000880 scope 253
10-07 13:30:57.402  1442  4968 E WakeLock: GCM_HB_ALARM release without a matched acquire! [CONTEXT service_id=259 ]
10-07 13:30:57.402  1442  4968 W WakeLock: GCM_HB_ALARM counter does not exist
10-07 13:30:57.404   707   909 D ConnectivityService: reportNetworkConnectivity(100, false) by 10073
10-07 13:30:57.412  1442  4968 E WakeLock: GCM_HB_ALARM release without a matched acquire! [CONTEXT service_id=259 ]
10-07 13:30:57.412  1442  4968 W WakeLock: GCM_HB_ALARM counter does not exist
10-07 13:30:57.413   707   909 D ConnectivityService: reportNetworkConnectivity(100, false) by 10073
10-07 13:30:57.464  1097  1097 D TrafficStats: tagSocket(108) with statsTag=0xffffffff, statsUid=-1
10-07 13:30:57.466  1097  5023 D NetworkMonitor/101: PROBE_DNS connectivitycheck.gstatic.com 153ms OK 142.250.194.131
10-07 13:30:57.467  1097  1097 D TrafficStats: tagSocket(108) with statsTag=0xffffffff, statsUid=-1
10-07 13:30:57.470  1097  5022 D NetworkMonitor/101: PROBE_DNS www.google.com 158ms OK 142.250.194.4
10-07 13:30:57.473  1097  5023 D TrafficStats: tagSocket(108) with statsTag=0xffffff81, statsUid=-1
10-07 13:30:57.476  1097  5022 D TrafficStats: tagSocket(110) with statsTag=0xffffff81, statsUid=-1
10-07 13:30:57.520  1097  5023 D NetworkMonitor/101: PROBE_HTTP http://connectivitycheck.gstatic.com/generate_204 time=51ms ret=204 request={Connection=[close], User-Agent=[Mozilla/5.0 (X11; Linux x86_64) AppleWebKit/537.36 (KHTML, like Gecko) Chrome/60.0.3112.32 Safari/537.36]} headers={null=[HTTP/1.1 204 No Content], Connection=[close], Content-Length=[0], Cross-Origin-Resource-Policy=[cross-origin], Date=[Mon, 07 Oct 2024 08:00:57 GMT], X-Android-Received-Millis=[1728288057518], X-Android-Response-Source=[NETWORK 204], X-Android-Selected-Protocol=[http/1.1], X-Android-Sent-Millis=[1728288057490]}
10-07 13:30:57.521  1143  1143 I ThermalService: CPU temperatures: [44.800003]
10-07 13:30:57.627  1097  5022 D NetworkMonitor/101: PROBE_HTTPS https://www.google.com/generate_204 time=155ms ret=204 request={Connection=[close], User-Agent=[Mozilla/5.0 (X11; Linux x86_64) AppleWebKit/537.36 (KHTML, like Gecko) Chrome/60.0.3112.32 Safari/537.36]} headers={null=[HTTP/1.1 204 No Content], Alt-Svc=[h3=":443"; ma=2592000,h3-29=":443"; ma=2592000], Connection=[close], Content-Length=[0], Cross-Origin-Resource-Policy=[cross-origin], Date=[Mon, 07 Oct 2024 08:00:57 GMT], X-Android-Received-Millis=[1728288057625], X-Android-Response-Source=[NETWORK 204], X-Android-Selected-Protocol=[http/1.1], X-Android-Sent-Millis=[1728288057598]}
10-07 13:30:57.629  1097  5020 D NetworkMonitor/101: isCaptivePortal: isSuccessful()=true isPortal()=false RedirectUrl=null isPartialConnectivity()=false Time=325ms
10-07 13:30:57.631   707   909 I ConnectivityService: Update score for net 101 : +EVER_EVALUATED
10-07 13:30:57.631   707   909 D ConnectivityService: [101 WIFI] validation passed
10-07 13:30:57.631   707   909 I ConnectivityService: Update capabilities for net 101 : +VALIDATED
10-07 13:30:57.631   707   909 I ConnectivityService: Update score for net 101 : +EVER_VALIDATED+IS_VALIDATED
10-07 13:30:57.644   424  1432 D rtk_heartbeat: heartbeat_timed_out: heartbeatCmdCount = 199, expected nextSeqNum = 199
10-07 13:30:57.645   424  1274 D rtk_heartbeat: rtkbt_heartbeat_cmpl_cback: Current SeqNum = 199,should SeqNum=199, status = 0
10-07 13:30:57.646   707   909 D ConnectivityService: NetReassign [no changes] [c 3] [a 6] [i 4]
10-07 13:30:57.654   707   909 W IPCThreadState: Sending oneway calls to frozen process.
10-07 13:30:57.655   707   909 W IPCThreadState: Sending oneway calls to frozen process.
10-07 13:30:57.656   707   909 D ConnectivityService: Setting DNS servers for network 101 to [/192.168.1.1]
10-07 13:30:57.656   707   909 D DnsManager: sendDnsConfigurationForNetwork(101, [192.168.1.1], [], 1800, 25, 8, 64, 0, 0, , [192.168.1.1])
10-07 13:30:57.658   707   807 W IPCThreadState: Sending oneway calls to frozen process.
10-07 13:30:57.658   707   807 W IPCThreadState: Sending oneway calls to frozen process.
10-07 13:30:57.658   707   807 W IPCThreadState: Sending oneway calls to frozen process.
10-07 13:30:57.658   707   807 W IPCThreadState: Sending oneway calls to frozen process.
10-07 13:30:57.658   707   807 W IPCThreadState: Sending oneway calls to frozen process.
10-07 13:30:57.659   707   807 W IPCThreadState: Sending oneway calls to frozen process.
10-07 13:30:57.659   707   807 W IPCThreadState: Sending oneway calls to frozen process.
10-07 13:30:57.659   707   807 W IPCThreadState: Sending oneway calls to frozen process.
10-07 13:30:57.659   707   807 W IPCThreadState: Sending oneway calls to frozen process.
10-07 13:30:57.659   707   807 W IPCThreadState: Sending oneway calls to frozen process.
10-07 13:30:57.659   707   807 W IPCThreadState: Sending oneway calls to frozen process.
10-07 13:30:57.659   707   807 W IPCThreadState: Sending oneway calls to frozen process.
10-07 13:30:57.660   707   807 W IPCThreadState: Sending oneway calls to frozen process.
10-07 13:30:57.660   707   807 W IPCThreadState: Sending oneway calls to frozen process.
10-07 13:30:57.660   707   807 W IPCThreadState: Sending oneway calls to frozen process.
10-07 13:30:57.660   707   807 W IPCThreadState: Sending oneway calls to frozen process.
10-07 13:30:57.660   707   807 W IPCThreadState: Sending oneway calls to frozen process.
10-07 13:30:57.665  1442  4968 E WakeLock: GCM_HB_ALARM release without a matched acquire! [CONTEXT service_id=259 ]
10-07 13:30:57.665  1442  4968 W WakeLock: GCM_HB_ALARM counter does not exist
10-07 13:30:57.667   707   909 D ConnectivityService: reportNetworkConnectivity(100, false) by 10073
10-07 13:30:57.682  1442  4968 E WakeLock: GCM_HB_ALARM release without a matched acquire! [CONTEXT service_id=259 ]
10-07 13:30:57.682  1442  4968 W WakeLock: GCM_HB_ALARM counter does not exist
10-07 13:30:57.685   707   909 D ConnectivityService: reportNetworkConnectivity(100, false) by 10073
10-07 13:30:57.690   707   901 D WifiConfigStore: Writing to stores completed in 16 ms.
10-07 13:30:57.859   618  5037 I adbd    : host-29: write thread spawning
10-07 13:30:57.859   618  5036 I adbd    : host-29: read thread spawning
10-07 13:30:57.861   618   618 I adbd    : host-29: already offline
10-07 13:30:57.861   618   618 I adbd    : Calling send_auth_request...
10-07 13:30:57.900   618   618 I adbd    : adbd_auth: loading keys from /data/misc/adb/adb_keys
10-07 13:30:57.921   618   618 I adbd    : adb client authorized
10-07 13:30:58.214   707   912 I serviceDiscovery: [MdnsAdvertiser.wlan0] Probing finished for service 2
10-07 13:30:58.272  2400  2507 E iCXMgmtAgent: WebSocket connection failed
10-07 13:30:58.644   424  1432 D rtk_heartbeat: heartbeat_timed_out: heartbeatCmdCount = 200, expected nextSeqNum = 200
10-07 13:30:58.645   424  1274 D rtk_heartbeat: rtkbt_heartbeat_cmpl_cback: Current SeqNum = 200,should SeqNum=200, status = 0
10-07 13:30:58.750     0     0 I [0 T228   ..] logd: logdr: UID=2000 GID=2000 PID=5039 n tail=0 logMask=99 pid=0 start=0ns deadline=0ns
--------- beginning of main
10-07 13:30:59.322  1779  1779 D BoundBrokerSvc: onUnbind: Intent { act=com.google.android.gms.measurement.START pkg=com.google.android.gms }
--------- beginning of system
10-07 13:30:59.322   707   787 D OomAdjuster: Not killing cached processes
10-07 13:30:59.341  1097  5050 D TrafficStats: tagSocket(108) with statsTag=0xffffff81, statsUid=-1
10-07 13:30:59.341  1097  5049 D TrafficStats: tagSocket(109) with statsTag=0xffffff81, statsUid=-1
10-07 13:30:59.342  1097  5050 D TrafficStats: tagSocket(108) with statsTag=0xffffff81, statsUid=-1
10-07 13:30:59.343  1097  5049 D TrafficStats: tagSocket(109) with statsTag=0xffffff81, statsUid=-1
10-07 13:30:59.345  1097  5050 D NetworkMonitor/100: PROBE_DNS connectivitycheck.gstatic.com 3ms FAIL in type ADDRCONFIG android.net.DnsResolver$DnsException: android.system.ErrnoException: resNetworkQuery failed: ENONET (Machine is not on the network)
10-07 13:30:59.347  1097  5049 D NetworkMonitor/100: PROBE_DNS www.google.com 5ms FAIL in type ADDRCONFIG android.net.DnsResolver$DnsException: android.system.ErrnoException: resNetworkQuery failed: ENONET (Machine is not on the network)
10-07 13:30:59.349  1097  5050 D NetworkMonitor/100: PROBE_HTTP http://connectivitycheck.gstatic.com/generate_204 Probe failed with exception java.net.UnknownHostException: Unable to resolve host "connectivitycheck.gstatic.com": No address associated with hostname
10-07 13:30:59.351  1097  5049 D NetworkMonitor/100: PROBE_HTTPS https://www.google.com/generate_204 Probe failed with exception java.net.UnknownHostException: Unable to resolve host "www.google.com": No address associated with hostname
10-07 13:30:59.353  1097  5048 D NetworkMonitor/100: PROBE_FALLBACK http://www.google.com/gen_204 Probe failed with exception java.net.UnknownHostException: Unable to resolve host "www.google.com": No address associated with hostname
10-07 13:30:59.354  1097  5048 D NetworkMonitor/100: isCaptivePortal: isSuccessful()=false isPortal()=false RedirectUrl=null isPartialConnectivity()=false Time=14ms
10-07 13:30:59.524  1143  1143 I ThermalService: CPU temperatures: [43.7]
10-07 13:30:59.644   424  1432 D rtk_heartbeat: heartbeat_timed_out: heartbeatCmdCount = 201, expected nextSeqNum = 201
10-07 13:30:59.645   424  1274 D rtk_heartbeat: rtkbt_heartbeat_cmpl_cback: Current SeqNum = 201,should SeqNum=201, status = 0
10-07 13:30:59.676   707   856 D ActivityManager: freezing 2177 com.android.providers.tv
--------- beginning of kernel
10-07 13:31:00.178     0     0 W [1 T1167  ..] RTW: rtw_get_sta_tx_stat() not support
10-07 13:31:00.178     0     0 W [1 T1167  ..] RTW: cfg80211_rtw_get_txpower
--------- beginning of main
10-07 13:31:00.180   707   909 W IPCThreadState: Sending oneway calls to frozen process.
10-07 13:31:00.182   707   909 W IPCThreadState: Sending oneway calls to frozen process.
10-07 13:31:00.190  1442  4968 E WakeLock: GCM_HB_ALARM release without a matched acquire! [CONTEXT service_id=259 ]
10-07 13:31:00.191  1442  4968 W WakeLock: GCM_HB_ALARM counter does not exist
10-07 13:31:00.192   707   909 D ConnectivityService: reportNetworkConnectivity(100, false) by 10073
10-07 13:31:00.203  1442  4968 E WakeLock: GCM_HB_ALARM release without a matched acquire! [CONTEXT service_id=259 ]
10-07 13:31:00.204  1442  4968 W WakeLock: GCM_HB_ALARM counter does not exist
10-07 13:31:00.205   707   909 D ConnectivityService: reportNetworkConnectivity(100, false) by 10073
10-07 13:31:00.205  1442  4968 I AlarmManager: setExactAndAllowWhileIdle [name: GCM_CONN_ALARM type: 2 triggerAtMillis: 240514]
10-07 13:31:00.645   424  1432 D rtk_heartbeat: heartbeat_timed_out: heartbeatCmdCount = 202, expected nextSeqNum = 202
10-07 13:31:00.646   424  1274 D rtk_heartbeat: rtkbt_heartbeat_cmpl_cback: Current SeqNum = 202,should SeqNum=202, status = 0
10-07 13:31:00.696   707   841 W WifiService: Permission violation - getConfiguredNetworks not allowed for uid=10071, packageName=com.google.android.tvrecommendations, reason=java.lang.SecurityException: UID 10071 has no location permission
10-07 13:31:01.113   707   909 D ConnectivityService: [100 WIFI] disconnected, was satisfying 51
10-07 13:31:01.113   707   901 D WifiNetworkAgent: NetworkAgent: NetworkAgent channel lost
10-07 13:31:01.178   453   453 I lights-tch: flashMode 1 id 2 onMs 50 offMs 2000 brightness 76
10-07 13:31:01.188   707   909 W IPCThreadState: Sending oneway calls to frozen process.
10-07 13:31:01.188   707   909 W IPCThreadState: Sending oneway calls to frozen process.
10-07 13:31:01.188   707   909 W IPCThreadState: Sending oneway calls to frozen process.
10-07 13:31:01.188   707   909 W IPCThreadState: Sending oneway calls to frozen process.
10-07 13:31:01.189   707   909 W IPCThreadState: Sending oneway calls to frozen process.
10-07 13:31:01.189   707   909 W IPCThreadState: Sending oneway calls to frozen process.
10-07 13:31:01.191  1624  1624 D onNetworkChanged false: 
10-07 13:31:01.197  1499  1544 E AtlLedController: Network lost
10-07 13:31:01.203  1097  1212 D UpstreamNetworkMonitor: Lost default Internet network: 100
--------- beginning of main
10-07 13:31:01.385  1624  1624 D ZapBanner: cannot start timer Error(contentId=LIVETV_LIVETVCHANNEL_AIRTEL_RAHASYAMAYA_KAHANIYA, errorCode=ATV_CL_832, errorMessage=Server Error, localizedMessage=Something went wrong. Please try again later, isRecoverable=false, serverErrorDetails=ServerErrorDetails(httpResponseCode=500, serverErrorCode=ATV205, serverErrorTitle=Unable to fetch steaming url, serverError=null, notifyId=null, appErrorTitle=Play Error 103, appErrorMessage=Something went wrong. Please try again later, analytics=null, meta=null), stackTrace=null, autoRetry=false, graceSession=false, playerDecoderError=null, errorType=System Error)
10-07 13:31:01.409  1624  1624 D PLAYER_LOGGER : : getStreaming response received 1728288061409
10-07 13:31:01.410  2887  3359 I Finsky  : [67] lxy.W(21): IQ: start evaluating install requests.
10-07 13:31:01.411  2887  3359 I Finsky  : [67] lxy.W(52): IQ: no jobs active. Skipping
10-07 13:31:01.412  1624  4952 D PLAYER_LOGGER : : x-org-id: atv
10-07 13:31:01.412  1624  4952 D PLAYER_LOGGER : : x-app-id: IPTV
10-07 13:31:01.412  1624  4952 D PLAYER_LOGGER : : x-os-id: Android
10-07 13:31:01.412  1624  4952 D PLAYER_LOGGER : : x-version-id: 1.0.0
10-07 13:31:01.412  1624  4952 D PLAYER_LOGGER : : x-atv-did: 8fb17cc052aef526|STB|Android|34|242|1.0.0024
10-07 13:31:01.412  1624  4952 D PLAYER_LOGGER : : Content-Type: application/json
10-07 13:31:01.412  1624  4952 D PLAYER_LOGGER : : x-atv-utkn: 5ye_gfsYCZe-PoQ4A0:b8zUa+MLTzndBADMdDGDIUhtDIU=
10-07 13:31:01.412  1624  4952 D PLAYER_LOGGER : : x-atv-customer: |BROADBAND|1||3
10-07 13:31:01.412  1624  4952 D PLAYER_LOGGER : : x-atv-circle: dl
10-07 13:31:01.412  1624  4952 D PLAYER_LOGGER : : x-atv-segment: ATVPLUS
10-07 13:31:01.412  1624  4952 D PLAYER_LOGGER : : x-atv-stkn: 8VpQutj3tCaxPDNbvlpKBJi2t7U8UJHEXNoKJZBBp67X4b34TxuMICZSSyvccnXz
10-07 13:31:01.413  1624  4952 I okhttp.OkHttpClient: --> GET https://play.airtel.tv/v5/user/playback?grace=false&contentId=LIVETV_LIVETVCHANNEL_AIRTEL_RAHASYAMAYA_KAHANIYA&contentStatus=&transactionId=&ln=en%2Cta&mwTvPack=45003%2C25002&dt=STB&os=ANDROID&ln=en%2Cta&lg=en%2Cta&isDth=true&layoutExperimentId=5ye_gfsYCZe-PoQ4A0&cl=dl&ut=broadband&op=AIRTEL&refresh=true&currSeg=ATVPLUS&paidCp=aha%2Caltbalaji%2Cchaupal%2Cdocubay%2Cdollywood%2Cepicon%2Cerosnow%2Cfancode%2Choichoi%2Chungama%2Ckancchalanka%2Cklikk%2Clionsgateplay%2Cmanoramamax%2Cnammaflix%2Cplayflix%2Crajtv%2Cshemaroome%2Cshortstv%2Csonyliv%2Csonyliv_vod%2Cstage%2Csunnxt%2Cultra&oSeg=distrotv_free%2Cxstreamads_free%2Cxstreampremium_paid%2Casianet_free%2Cjungo_free%2Ccreator_free%2Cminitv_free&sSeg=&ssp=&xEy=2025-01-18&au=true&sd=lionsgateplay%3A10004%3A3%2Caha%3A596544%3A3%2Csonyliv_vod%3A2004%3A3%2Cklikk%3A43003%3A3%2Cdistrotv%3A596542%3A1%2Cdollywood%3A37002%3A3%2Csonyliv_live%3A20040%3A3%2Choichoi%3A4004%3A3%2Casianet%3A36001%3A-1%2Cdocubay%3A6005%3A3%2Cplayflix%3A9630%3A3%2Cepicon%3A35002%3A3%2Cnammaflix%3A38002%3A3%2Ckancchalanka%3A87030%3A3%2Cultra%3A10008%3A3%2Cshemaroome%3A7004%3A3%2Caltbalaji%3A8730%3A3%2Cmanoramamax%3A42003%3A3%2Chungama%3A6003%3A3%2Crajtv%3A45003%3A3%2Cchaupal%3A76030%3A3%2Cminitv%3A596545%3A-1%2Ccreator%3A12001%3A-1%2Cshortstv%3A28003%3A3%2Cmwtv%3A25002%3A-1%2Cxstreamads%3A396542%3A-1%2Cerosnow%3A1004%3A3%2Cjungo%3A40001%3A-1%2Csunnxt%3A10006%3A3%2Cstage%3A396545%3A3%2Cfancode%3A8630%3A3&xpprbe=false&xppPId=6188&fmfSi=false&xct=false&deviceId=8fb17cc052aef526&prUser=false&chromecast=true&dth=true&bn=242&appId=IPTV
10-07 13:31:01.413  1624  4952 I okhttp.OkHttpClient: x-org-id: atv
10-07 13:31:01.413  1624  4952 I okhttp.OkHttpClient: x-app-id: IPTV
10-07 13:31:01.413  1624  4952 I okhttp.OkHttpClient: x-os-id: Android
10-07 13:31:01.414  1624  4952 I okhttp.OkHttpClient: x-version-id: 1.0.0
10-07 13:31:01.414  1624  4952 I okhttp.OkHttpClient: x-atv-did: 8fb17cc052aef526|STB|Android|34|242|1.0.0024
10-07 13:31:01.414  1624  4952 I okhttp.OkHttpClient: Content-Type: application/json
10-07 13:31:01.414  1624  4952 I okhttp.OkHttpClient: x-atv-utkn: 5ye_gfsYCZe-PoQ4A0:b8zUa+MLTzndBADMdDGDIUhtDIU=
10-07 13:31:01.414  1624  4952 I okhttp.OkHttpClient: x-atv-customer: |BROADBAND|1||3
10-07 13:31:01.420   707   909 D ConnectivityService: NetReassign [39 : null → 101, 49 : null → 101, 77 : null → 101, 51 : null → 101, 80 : null → 101, 18 : null → 101, 28 : null → 101, 41 : null → 101, 20 : null → 101, 57 : null → 101, 102 : null → 101, 70 : null → 101, 85 : null → 101, 60 : null → 101, 34 : null → 101, 106 : null → 101, 91 : null → 101, 7 : null → 101, 30 : null → 101, 104 : null → 101, 74 : null → 101, 32 : null → 101, 16 : null → 101, 94 : null → 101, 26 : null → 101, 1 : null → 101, 89 : null → 101, 117 : null → 101, 37 : null → 101, 64 : null → 101, 154 : null → 101, 24 : null → 101, 22 : null → 101, 66 : null → 101, 14 : null → 101] [c 0] [a 93] [i 58]
10-07 13:31:01.421   707   909 D ConnectivityService: reportNetworkConnectivity(101, false) by 10073
10-07 13:31:01.421  1097  4986 D NetworkMonitor/101: Forcing reevaluation for UID 10073. Dns signal count: 0
10-07 13:31:01.425  1624  4952 I okhttp.OkHttpClient: x-atv-circle: dl
10-07 13:31:01.426  1624  4952 I okhttp.OkHttpClient: x-atv-segment: ATVPLUS
10-07 13:31:01.426  1097  5078 D TrafficStats: tagSocket(94) with statsTag=0xffffff81, statsUid=-1
10-07 13:31:01.427  1097  5077 D TrafficStats: tagSocket(95) with statsTag=0xffffff81, statsUid=-1
10-07 13:31:01.427  1624  4952 I okhttp.OkHttpClient: x-atv-stkn: 8VpQutj3tCaxPDNbvlpKBJi2t7U8UJHEXNoKJZBBp67X4b34TxuMICZSSyvccnXz
10-07 13:31:01.429  1624  4952 I okhttp.OkHttpClient: --> END GET
10-07 13:31:01.433  1097  5078 D TrafficStats: tagSocket(94) with statsTag=0xffffff81, statsUid=-1
10-07 13:31:01.433  1097  5077 D TrafficStats: tagSocket(108) with statsTag=0xffffff81, statsUid=-1
10-07 13:31:01.442  1097  1097 D TrafficStats: tagSocket(94) with statsTag=0xffffffff, statsUid=-1
10-07 13:31:01.449  1097  5078 D NetworkMonitor/101: PROBE_DNS connectivitycheck.gstatic.com 23ms OK 142.250.194.131
10-07 13:31:01.450  1097  1097 D TrafficStats: tagSocket(94) with statsTag=0xffffffff, statsUid=-1
10-07 13:31:01.454  2887  3359 I Finsky  : [67] lxy.W(490): IQ: 0 scheduled install statuses found to proceed. 
10-07 13:31:01.457  1097  5078 D TrafficStats: tagSocket(95) with statsTag=0xffffff81, statsUid=-1
10-07 13:31:01.459  3092  3325 W cast_shell: [1007/133101.459394:WARNING:net_util_impl.cc(160)] GetNeighbor msg is missing the desired IP->MAC info; loop ran 4 iterations. Found target IP? 0 Found MAC addr for IP? 1
10-07 13:31:01.459  3092  3325 W cast_shell: [1007/133101.459822:WARNING:net_util_impl.cc(160)] GetNeighbor msg is missing the desired IP->MAC info; loop ran 4 iterations. Found target IP? 0 Found MAC addr for IP? 1
10-07 13:31:01.459  3092  3325 W cast_shell: [1007/133101.459933:WARNING:net_util_impl.cc(160)] GetNeighbor msg is missing the desired IP->MAC info; loop ran 4 iterations. Found target IP? 0 Found MAC addr for IP? 1
10-07 13:31:01.460  3092  3325 I cast_shell: [1007/133101.459985:INFO:net_util_impl.cc(501)] IP address: [REDACTED] MAC address: [REDACTED]
10-07 13:31:01.460  1097  5077 D NetworkMonitor/101: PROBE_DNS www.google.com 34ms OK 142.250.194.4
10-07 13:31:01.463  3092  3325 W cast_shell: [1007/133101.462963:WARNING:net_util_impl.cc(160)] GetNeighbor msg is missing the desired IP->MAC info; loop ran 4 iterations. Found target IP? 0 Found MAC addr for IP? 1
10-07 13:31:01.463  3092  3325 W cast_shell: [1007/133101.463292:WARNING:net_util_impl.cc(160)] GetNeighbor msg is missing the desired IP->MAC info; loop ran 4 iterations. Found target IP? 0 Found MAC addr for IP? 1
10-07 13:31:01.463  3092  3325 W cast_shell: [1007/133101.463394:WARNING:net_util_impl.cc(160)] GetNeighbor msg is missing the desired IP->MAC info; loop ran 4 iterations. Found target IP? 0 Found MAC addr for IP? 1
10-07 13:31:01.463  3092  3325 I cast_shell: [1007/133101.463453:INFO:net_util_impl.cc(501)] IP address: [REDACTED] MAC address: [REDACTED]
10-07 13:31:01.466  3092  3367 W cast_shell: [1007/133101.466663:WARNING:net_util_impl.cc(160)] GetNeighbor msg is missing the desired IP->MAC info; loop ran 4 iterations. Found target IP? 0 Found MAC addr for IP? 1
10-07 13:31:01.466  3092  3367 W cast_shell: [1007/133101.466908:WARNING:net_util_impl.cc(160)] GetNeighbor msg is missing the desired IP->MAC info; loop ran 4 iterations. Found target IP? 0 Found MAC addr for IP? 1
10-07 13:31:01.466  3092  3367 W cast_shell: [1007/133101.466967:WARNING:net_util_impl.cc(160)] GetNeighbor msg is missing the desired IP->MAC info; loop ran 4 iterations. Found target IP? 0 Found MAC addr for IP? 1
10-07 13:31:01.467  3092  3367 I cast_shell: [1007/133101.467014:INFO:net_util_impl.cc(501)] IP address: [REDACTED] MAC address: [REDACTED]
10-07 13:31:01.471  1097  5077 D TrafficStats: tagSocket(94) with statsTag=0xffffff81, statsUid=-1
10-07 13:31:01.485  1097  5078 D NetworkMonitor/101: PROBE_HTTP http://connectivitycheck.gstatic.com/generate_204 time=33ms ret=204 request={Connection=[close], User-Agent=[Mozilla/5.0 (X11; Linux x86_64) AppleWebKit/537.36 (KHTML, like Gecko) Chrome/60.0.3112.32 Safari/537.36]} headers={null=[HTTP/1.1 204 No Content], Connection=[close], Content-Length=[0], Cross-Origin-Resource-Policy=[cross-origin], Date=[Mon, 07 Oct 2024 08:01:01 GMT], X-Android-Received-Millis=[1728288061484], X-Android-Response-Source=[NETWORK 204], X-Android-Selected-Protocol=[http/1.1], X-Android-Sent-Millis=[1728288061471]}
10-07 13:31:01.515  1779  2364 D TrafficStats: tagSocket(137) with statsTag=0x30002500, statsUid=-1
10-07 13:31:01.524   707   787 D ConnectivityService: requestNetwork for uid/pid:10043/1624 activeRequest: null callbackRequest: 161 [NetworkRequest [ REQUEST id=162, [ Capabilities: INTERNET&NOT_RESTRICTED&TRUSTED&NOT_VCN_MANAGED Uid: 10043 RequestorUid: 10043 RequestorPkg: com.airtel.tv UnderlyingNetworks: Null] ]] callback flags: 0 order: 2147483647
10-07 13:31:01.527   707   901 D WifiNetworkFactory: got request NetworkRequest [ REQUEST id=162, [ Capabilities: INTERNET&NOT_RESTRICTED&TRUSTED&NOT_VCN_MANAGED Uid: 10043 RequestorUid: 10043 RequestorPkg: com.airtel.tv UnderlyingNetworks: Null] ]
10-07 13:31:01.528   707   901 D UntrustedWifiNetworkFactory: got request NetworkRequest [ REQUEST id=162, [ Capabilities: INTERNET&NOT_RESTRICTED&TRUSTED&NOT_VCN_MANAGED Uid: 10043 RequestorUid: 10043 RequestorPkg: com.airtel.tv UnderlyingNetworks: Null] ]
10-07 13:31:01.529   707   901 D OemPaidWifiNetworkFactory: got request NetworkRequest [ REQUEST id=162, [ Capabilities: INTERNET&NOT_RESTRICTED&TRUSTED&NOT_VCN_MANAGED Uid: 10043 RequestorUid: 10043 RequestorPkg: com.airtel.tv UnderlyingNetworks: Null] ]
10-07 13:31:01.529   707   901 D MultiInternetWifiNetworkFactory: got request NetworkRequest [ REQUEST id=162, [ Capabilities: INTERNET&NOT_RESTRICTED&TRUSTED&NOT_VCN_MANAGED Uid: 10043 RequestorUid: 10043 RequestorPkg: com.airtel.tv UnderlyingNetworks: Null] ]
10-07 13:31:01.530   707   909 D ConnectivityService: NetReassign [162 : null → 101] [c 0] [a 2] [i 2]
10-07 13:31:01.538  1624  4952 D TrafficStats: tagSocket(118) with statsTag=0xffffffff, statsUid=-1
10-07 13:31:01.544  1779  2364 W Conscrypt: Could not set socket write timeout: java.net.SocketException: Socket closed
10-07 13:31:01.544  1143  1143 I ThermalService: CPU temperatures: [45.7]
10-07 13:31:01.549  1624  2661 D TrafficStats: tagSocket(123) with statsTag=0xffffffff, statsUid=-1
10-07 13:31:01.551  1779  2364 W Conscrypt: 	at com.google.android.gms.org.conscrypt.Platform.setSocketWriteTimeout(:com.google.android.gms@243834110@24.38.34 (180306-681941525):219)
10-07 13:31:01.551  1779  2364 W Conscrypt: 	at com.google.android.gms.org.conscrypt.ConscryptFileDescriptorSocket.setSoWriteTimeout(:com.google.android.gms@243834110@24.38.34 (180306-681941525):4)
10-07 13:31:01.569  1624  2516 I WM-WorkerWrapper: Worker result SUCCESS for Work [ id=5d977060-4b94-4e4d-9305-04eca06b33e0, tags={ tv.airtel.wynk.analytics.sync.service.AnalyticsSyncService, com.airtel.analyticsSyncService } ]
10-07 13:31:01.595  1442  2830 D TrafficStats: tagSocket(-1) with statsTag=0x30000407, statsUid=-1
10-07 13:31:01.595  1442  2830 I TrafficStats: tagSocketFd(-1, 805307399, -1) failed with errno-9
10-07 13:31:01.595  1442  2830 D TrafficStats: tagSocket(115) with statsTag=0x30000407, statsUid=-1
10-07 13:31:01.601  1097  5077 D NetworkMonitor/101: PROBE_HTTPS https://www.google.com/generate_204 time=136ms ret=204 request={Connection=[close], User-Agent=[Mozilla/5.0 (X11; Linux x86_64) AppleWebKit/537.36 (KHTML, like Gecko) Chrome/60.0.3112.32 Safari/537.36]} headers={null=[HTTP/1.1 204 No Content], Alt-Svc=[h3=":443"; ma=2592000,h3-29=":443"; ma=2592000], Connection=[close], Content-Length=[0], Cross-Origin-Resource-Policy=[cross-origin], Date=[Mon, 07 Oct 2024 08:01:01 GMT], X-Android-Received-Millis=[1728288061599], X-Android-Response-Source=[NETWORK 204], X-Android-Selected-Protocol=[http/1.1], X-Android-Sent-Millis=[1728288061568]}
10-07 13:31:01.603  1097  5076 D NetworkMonitor/101: isCaptivePortal: isSuccessful()=true isPortal()=false RedirectUrl=null isPartialConnectivity()=false Time=179ms
10-07 13:31:01.605   707   909 D ConnectivityService: [101 WIFI] validation passed
10-07 13:31:01.645   424  1432 D rtk_heartbeat: heartbeat_timed_out: heartbeatCmdCount = 203, expected nextSeqNum = 203
10-07 13:31:01.646   424  1274 D rtk_heartbeat: rtkbt_heartbeat_cmpl_cback: Current SeqNum = 203,should SeqNum=203, status = 0
10-07 13:31:01.670  1779  2364 W Conscrypt: Could not set socket write timeout: java.net.SocketException: Socket closed
10-07 13:31:01.670  1779  2364 W Conscrypt: 	at com.google.android.gms.org.conscrypt.Platform.setSocketWriteTimeout(:com.google.android.gms@243834110@24.38.34 (180306-681941525):219)
10-07 13:31:01.670  1779  2364 W Conscrypt: 	at com.google.android.gms.org.conscrypt.ConscryptFileDescriptorSocket.setSoWriteTimeout(:com.google.android.gms@243834110@24.38.34 (180306-681941525):4)
10-07 13:31:01.681   707   788 D ConnectivityService: requestNetwork for uid/pid:10043/1624 activeRequest: null callbackRequest: 163 [NetworkRequest [ REQUEST id=164, [ Capabilities: INTERNET&NOT_RESTRICTED&TRUSTED&NOT_VCN_MANAGED Uid: 10043 RequestorUid: 10043 RequestorPkg: com.airtel.tv UnderlyingNetworks: Null] ]] callback flags: 0 order: 2147483647
10-07 13:31:01.685   707   909 D ConnectivityService: NetReassign [164 : null → 101] [c 0] [a 1] [i 2]
10-07 13:31:01.685   707   901 D WifiNetworkFactory: got request NetworkRequest [ REQUEST id=164, [ Capabilities: INTERNET&NOT_RESTRICTED&TRUSTED&NOT_VCN_MANAGED Uid: 10043 RequestorUid: 10043 RequestorPkg: com.airtel.tv UnderlyingNetworks: Null] ]
10-07 13:31:01.685   707   901 D UntrustedWifiNetworkFactory: got request NetworkRequest [ REQUEST id=164, [ Capabilities: INTERNET&NOT_RESTRICTED&TRUSTED&NOT_VCN_MANAGED Uid: 10043 RequestorUid: 10043 RequestorPkg: com.airtel.tv UnderlyingNetworks: Null] ]
10-07 13:31:01.685   707   901 D OemPaidWifiNetworkFactory: got request NetworkRequest [ REQUEST id=164, [ Capabilities: INTERNET&NOT_RESTRICTED&TRUSTED&NOT_VCN_MANAGED Uid: 10043 RequestorUid: 10043 RequestorPkg: com.airtel.tv UnderlyingNetworks: Null] ]
10-07 13:31:01.695   707   901 D MultiInternetWifiNetworkFactory: got request NetworkRequest [ REQUEST id=164, [ Capabilities: INTERNET&NOT_RESTRICTED&TRUSTED&NOT_VCN_MANAGED Uid: 10043 RequestorUid: 10043 RequestorPkg: com.airtel.tv UnderlyingNetworks: Null] ]
10-07 13:31:01.723  1624  2516 I WM-WorkerWrapper: Worker result SUCCESS for Work [ id=5c70b874-91c1-4cac-87c7-1894b24d552d, tags={ tv.airtel.wynk.analytics.sync.service.AnalyticsSyncService, com.airtel.analyticsSyncService } ]
10-07 13:31:01.777  1391  5089 I DeviceStatusMonitor: DeviceStatusMonitor.handleBroadcast():123 onReceive() : Action = android.net.conn.CONNECTIVITY_CHANGE
10-07 13:31:01.778   707   787 W WifiService: Permission violation - getConfiguredNetworks not allowed for uid=10071, packageName=com.google.android.tvrecommendations, reason=java.lang.SecurityException: UID 10071 has no location permission
10-07 13:31:01.784   707   787 W WifiService: Permission violation - getConfiguredNetworks not allowed for uid=10071, packageName=com.google.android.tvrecommendations, reason=java.lang.SecurityException: UID 10071 has no location permission
10-07 13:31:01.787  1391  5089 I DeviceStatusMonitor: DeviceStatusMonitor.notifyIfNetworkChanged():180 notifyIfNetworkChanged: newState = NON_METERED, airplaneModeOn = false, notifyAnyway = false
10-07 13:31:01.788  1391  5089 I DeviceStatusMonitor: DeviceStatusMonitor.handleBroadcast():123 onReceive() : Action = android.net.conn.CONNECTIVITY_CHANGE
10-07 13:31:01.792  1391  5089 I DeviceStatusMonitor: DeviceStatusMonitor.notifyIfNetworkChanged():180 notifyIfNetworkChanged: newState = NON_METERED, airplaneModeOn = false, notifyAnyway = false
10-07 13:31:01.812   707   841 D ConnectivityService: requestNetwork for uid/pid:10043/1624 activeRequest: null callbackRequest: 165 [NetworkRequest [ REQUEST id=166, [ Capabilities: INTERNET&NOT_RESTRICTED&TRUSTED&NOT_VCN_MANAGED Uid: 10043 RequestorUid: 10043 RequestorPkg: com.airtel.tv UnderlyingNetworks: Null] ]] callback flags: 0 order: 2147483647
10-07 13:31:01.816   707   909 D ConnectivityService: NetReassign [166 : null → 101] [c 0] [a 1] [i 2]
10-07 13:31:01.819   707   901 D WifiNetworkFactory: got request NetworkRequest [ REQUEST id=166, [ Capabilities: INTERNET&NOT_RESTRICTED&TRUSTED&NOT_VCN_MANAGED Uid: 10043 RequestorUid: 10043 RequestorPkg: com.airtel.tv UnderlyingNetworks: Null] ]
