10-07 13:07:17.124  1592  1592 D ANALYTICS_IPTV: AnalyticsEventTracker ***Event***Event{ts=1728286637119, meta={"page_id":"dthNewTvChannels","box_type":"iptv","source_of_stream":"2 | TV Channels.screen_visible.none.none.none.none.none.none.none | TV Channels.screen_visible.none.none.none.none.none.none.none","app_version":"1.0.0024:242","box_model":"bx:1.2.3","firmware":"fw:1.2.3","source_name":"TV Channels"}, uid=5ye_gfsYCZe-PoQ4A0, did=8fb17cc052aef526, os=Android, ov=34, bn=242, nq=-1, nt=2, nct=0, lc=en|hi, av=1.0.0024, dt=STB, type=screen_visible, adid=95acddf7-5a94-4681-bf0a-0a767be9f2c3, brand=Airtel-Xstream, model=XstreamIPTV1-VT, dname=Vantiva XstreamIPTV1-VT, appId=IPTV, sId=8fb17cc052aef526, profileId=, ab_test=86079:0|108429:0|42374:0|78244:0|95458:0|75817:0|60412:1|117812:1|120676:1|113632:1|116206:0|66480:0|100390:2|76965:1|110385:0|129832:2, city=New Delhi, state=National Capital Territory of Delhi, country=India, firebase_id=687ecd54b0fd95386e529fbf62179576} Critical: false
10-07 13:07:17.137  1592  1592 D ANALYTICS_IPTV: AnalyticsEventTracker ***Event***Event{ts=1728286637130, meta={"box_type":"iptv","source_of_stream":"2 | TV Channels.screen_visible.none.none.none.none.none.none.none | TV Channels.screen_visible.none.none.none.none.none.none.none | none.screen_visible.none.none.none.none.none.none.none","app_version":"1.0.0024:242","box_model":"bx:1.2.3","source":"TV Channels","firmware":"fw:1.2.3"}, uid=5ye_gfsYCZe-PoQ4A0, did=8fb17cc052aef526, os=Android, ov=34, bn=242, nq=-1, nt=2, nct=0, lc=en|hi, av=1.0.0024, dt=STB, type=screen_visible, adid=95acddf7-5a94-4681-bf0a-0a767be9f2c3, brand=Airtel-Xstream, model=XstreamIPTV1-VT, dname=Vantiva XstreamIPTV1-VT, appId=IPTV, sId=8fb17cc052aef526, profileId=, ab_test=86079:0|108429:0|42374:0|78244:0|95458:0|75817:0|60412:1|117812:1|120676:1|113632:1|116206:0|66480:0|100390:2|76965:1|110385:0|129832:2, city=New Delhi, state=National Capital Territory of Delhi, country=India, firebase_id=687ecd54b0fd95386e529fbf62179576} Critical: false
10-07 13:07:17.219  1465  1465 I GoogleInputMethodService: GoogleInputMethodService.onFinishInput():3184 
--------- beginning of system
10-07 13:07:17.223   708  2052 D OomAdjuster: Not killing cached processes
10-07 13:07:17.223   708  2052 W ProcessStats: Tracking association SourceState{9047732 com.google.android.gms/10073 BTop #1954} whose proc state 2 is better than process ProcessState{8825170 com.google.android.gms.persistent/10073 pkg=com.google.android.gms} proc state 4 (140 skipped)
10-07 13:07:17.224  1465  1465 I GoogleInputMethodService: GoogleInputMethodService.updateDeviceLockedStatus():2246 repeatCheckTimes = 0, locked = false
10-07 13:07:17.224  1465  1465 I GoogleInputMethodService: GoogleInputMethodService.onStartInput():1982 onStartInput(EditorInfo{EditorInfo{packageName=com.airtel.tv, inputType=0, inputTypeString=NULL, enableLearning=false, autoCorrection=false, autoComplete=false, imeOptions=0, privateImeOptions=null, actionName=UNSPECIFIED, actionLabel=null, initialSelStart=-1, initialSelEnd=-1, initialCapsMode=0, label=null, fieldId=0, fieldName=null, extras=null, hintText=null, hintLocales=[]}}, false)
10-07 13:07:17.226  1793  1793 D BoundBrokerSvc: onUnbind: Intent { act=com.google.android.gms.measurement.START pkg=com.google.android.gms }
10-07 13:07:17.226  1465  1465 I GoogleInputMethodService: GoogleInputMethodService.updateDeviceLockedStatus():2246 repeatCheckTimes = 1, locked = false
10-07 13:07:17.226  1465  1465 I AndroidIME: InputBundleManager.loadActiveInputBundleId():450 loadActiveInputBundleId: und-Latn-x-password, password
10-07 13:07:17.227  1465  1465 I EmojiCompatManager: EmojiCompatManager.getEmojiCompatIfLoaded():342 EmojiCompat.init() was never called.
10-07 13:07:17.227  1465  1465 I EmojiCompatManager: java.lang.IllegalStateException: EmojiCompat is not initialized. Please call EmojiCompat.init() first
10-07 13:07:17.227  1465  1465 I EmojiCompatManager: 	at so.g(PG:3)
10-07 13:07:17.227  1465  1465 I EmojiCompatManager: 	at abd.a(PG:6)
10-07 13:07:17.227  1465  1465 I EmojiCompatManager: 	at edb.d(PG:1)
10-07 13:07:17.227  1465  1465 I EmojiCompatManager: 	at edb.b(PG:6)
10-07 13:07:17.227  1465  1465 I EmojiCompatManager: 	at com.android.inputmethod.latin.LatinIME.f(PG:286)
10-07 13:07:17.227  1465  1465 I EmojiCompatManager: 	at epp.onStartInput(PG:170)
10-07 13:07:17.227  1465  1465 I EmojiCompatManager: 	at android.inputmethodservice.InputMethodService.doStartInput(InputMethodService.java:3115)
10-07 13:07:17.227  1465  1465 I EmojiCompatManager: 	at android.inputmethodservice.InputMethodService$InputMethodImpl.startInput(InputMethodService.java:824)
10-07 13:07:17.227  1465  1465 I EmojiCompatManager: 	at android.inputmethodservice.InputMethodService$InputMethodImpl.dispatchStartInput(InputMethodService.java:853)
10-07 13:07:17.227  1465  1465 I EmojiCompatManager: 	at android.inputmethodservice.IInputMethodWrapper.executeMessage(IInputMethodWrapper.java:197)
10-07 13:07:17.227  1465  1465 I EmojiCompatManager: 	at com.android.internal.os.HandlerCaller$MyHandler.handleMessage(HandlerCaller.java:44)
10-07 13:07:17.227  1465  1465 I EmojiCompatManager: 	at android.os.Handler.dispatchMessage(Handler.java:106)
10-07 13:07:17.227  1465  1465 I EmojiCompatManager: 	at android.os.Looper.loopOnce(Looper.java:205)
10-07 13:07:17.227  1465  1465 I EmojiCompatManager: 	at android.os.Looper.loop(Looper.java:294)
10-07 13:07:17.227  1465  1465 I EmojiCompatManager: 	at android.app.ActivityThread.main(ActivityThread.java:8177)
10-07 13:07:17.227  1465  1465 I EmojiCompatManager: 	at java.lang.reflect.Method.invoke(Native Method)
10-07 13:07:17.227  1465  1465 I EmojiCompatManager: 	at com.android.internal.os.RuntimeInit$MethodAndArgsCaller.run(RuntimeInit.java:552)
10-07 13:07:17.227  1465  1465 I EmojiCompatManager: 	at com.android.internal.os.ZygoteInit.main(ZygoteInit.java:971)
10-07 13:07:17.251   708  4269 D ConnectivityService: requestNetwork for uid/pid:10043/1592 activeRequest: null callbackRequest: 158 [NetworkRequest [ REQUEST id=159, [ Capabilities: INTERNET&NOT_RESTRICTED&TRUSTED&NOT_VCN_MANAGED Uid: 10043 RequestorUid: 10043 RequestorPkg: com.airtel.tv UnderlyingNetworks: Null] ]] callback flags: 0 order: 2147483647
10-07 13:07:17.253   708   920 D WifiNetworkFactory: got request NetworkRequest [ REQUEST id=159, [ Capabilities: INTERNET&NOT_RESTRICTED&TRUSTED&NOT_VCN_MANAGED Uid: 10043 RequestorUid: 10043 RequestorPkg: com.airtel.tv UnderlyingNetworks: Null] ]
10-07 13:07:17.253   708   920 D UntrustedWifiNetworkFactory: got request NetworkRequest [ REQUEST id=159, [ Capabilities: INTERNET&NOT_RESTRICTED&TRUSTED&NOT_VCN_MANAGED Uid: 10043 RequestorUid: 10043 RequestorPkg: com.airtel.tv UnderlyingNetworks: Null] ]
10-07 13:07:17.254   708   920 D OemPaidWifiNetworkFactory: got request NetworkRequest [ REQUEST id=159, [ Capabilities: INTERNET&NOT_RESTRICTED&TRUSTED&NOT_VCN_MANAGED Uid: 10043 RequestorUid: 10043 RequestorPkg: com.airtel.tv UnderlyingNetworks: Null] ]
10-07 13:07:17.254   708   920 D MultiInternetWifiNetworkFactory: got request NetworkRequest [ REQUEST id=159, [ Capabilities: INTERNET&NOT_RESTRICTED&TRUSTED&NOT_VCN_MANAGED Uid: 10043 RequestorUid: 10043 RequestorPkg: com.airtel.tv UnderlyingNetworks: Null] ]
10-07 13:07:17.254   708   928 D ConnectivityService: NetReassign [159 : null → 100] [c 0] [a 1] [i 1]
10-07 13:07:17.296   427   590 I audio_hw_hal_alsamgr: alsa format =0x1 delay frames =1024 total frames=11776000
10-07 13:07:17.358   708   708 D ResendCecCommandAction: sendCommandWithoutRetries failed, retry
10-07 13:07:17.358   708   959 D HDMI    : [S]:<Text View On> 40:0D
10-07 13:07:17.415   445   461 D hdmicecd: [CEC]:printCecMessage, [4 -> 0] len: 1, body: 0d, result:no ack
10-07 13:07:17.446   429  1449 D rtk_heartbeat: heartbeat_timed_out: heartbeatCmdCount = 229, expected nextSeqNum = 229
10-07 13:07:17.448   429  1319 D rtk_heartbeat: rtkbt_heartbeat_cmpl_cback: Current SeqNum = 229,should SeqNum=229, status = 0
10-07 13:07:17.471   445   461 D hdmicecd: [CEC]:printCecMessage, [4 -> 0] len: 1, body: 0d, result:no ack
10-07 13:07:17.471   445   461 E IPCThreadState: binder thread pool (1 threads) starved for 113 ms
10-07 13:07:17.527   445   461 D hdmicecd: [CEC]:printCecMessage, [4 -> 0] len: 1, body: 0d, result:no ack
10-07 13:07:17.567  1592  1650 I com.airtel.tv: Background young concurrent copying GC freed 141403(6020KB) AllocSpace objects, 16(1864KB) LOS objects, 26% free, 20MB/27MB, paused 349us,248us total 145.700ms
10-07 13:07:17.584   445   461 D hdmicecd: [CEC]:printCecMessage, [4 -> 0] len: 1, body: 0d, result:no ack
10-07 13:07:17.584   445   461 E IPCThreadState: binder thread pool (1 threads) starved for 113 ms
10-07 13:07:17.763  1592  2071 I WM-WorkerWrapper: Worker result SUCCESS for Work [ id=ab3ba12b-d641-4a90-b076-4480b50fe8e0, tags={ tv.airtel.wynk.analytics.sync.service.AnalyticsSyncService, com.airtel.analyticsSyncService } ]
10-07 13:07:17.808  1127  1127 I ThermalService: CPU temperatures: [45.100002]
10-07 13:07:17.815   708  2078 W JobScheduler: Job didn't exist in JobStore: 4296d9f #u0a43/7124 com.airtel.tv/androidx.work.impl.background.systemjob.SystemJobService
10-07 13:07:17.967  4873  4873 D MonkeyStub: translateCommand: press DPAD_DOWN
10-07 13:07:17.972   459   459 I lights-tch: flashMode 0 id 2 onMs 0 offMs 0 brightness 0
10-07 13:07:17.973  1592  2973 I WM-WorkerWrapper: Worker result SUCCESS for Work [ id=508eb749-0a4e-4b3d-bae3-fe9aabc6c758, tags={ tv.airtel.wynk.analytics.sync.service.AnalyticsSyncService, com.airtel.analyticsSyncService } ]
10-07 13:07:17.974   459   459 I lights-tch: flashMode 0 id 2 onMs 0 offMs 0 brightness 225
10-07 13:07:18.051   708  2052 W JobScheduler: Job didn't exist in JobStore: 85d6dd8 #u0a43/7125 com.airtel.tv/androidx.work.impl.background.systemjob.SystemJobService
--------- beginning of system
10-07 13:07:18.257   708  2052 W JobScheduler: Job didn't exist in JobStore: 357197 #u0a43/7126 com.airtel.tv/androidx.work.impl.background.systemjob.SystemJobService
--------- beginning of main
10-07 13:07:18.305   708   708 W WindowManager: One touch play failed: 1
10-07 13:07:18.411  1592  2071 I WM-WorkerWrapper: Worker result SUCCESS for Work [ id=193c8798-e7c4-4143-964a-cc6b1bfdad95, tags={ tv.airtel.wynk.analytics.sync.service.AnalyticsSyncService, com.airtel.analyticsSyncService } ]
10-07 13:07:18.447   429  1449 D rtk_heartbeat: heartbeat_timed_out: heartbeatCmdCount = 230, expected nextSeqNum = 230
10-07 13:07:18.448   429  1319 D rtk_heartbeat: rtkbt_heartbeat_cmpl_cback: Current SeqNum = 230,should SeqNum=230, status = 0
10-07 13:07:18.458   708  2052 W JobScheduler: Job didn't exist in JobStore: 2f35ba2 #u0a43/7127 com.airtel.tv/androidx.work.impl.background.systemjob.SystemJobService
10-07 13:07:18.727  1592  2071 I WM-WorkerWrapper: Worker result SUCCESS for Work [ id=39938260-518d-442b-bdf4-bf1a44b801e7, tags={ tv.airtel.wynk.analytics.sync.service.AnalyticsSyncService, com.airtel.analyticsSyncService } ]
10-07 13:07:18.773   708  2052 W JobScheduler: Job didn't exist in JobStore: 278e969 #u0a43/7128 com.airtel.tv/androidx.work.impl.background.systemjob.SystemJobService
10-07 13:07:18.894   708  2052 W JobScheduler: Job didn't exist in JobStore: a2f4b1c #u0a43/7129 com.airtel.tv/androidx.work.impl.background.systemjob.SystemJobService
10-07 13:07:18.926   708  2052 W JobScheduler: Job didn't exist in JobStore: 7bfee87 #u0a43/7131 com.airtel.tv/androidx.work.impl.background.systemjob.SystemJobService
10-07 13:07:18.947   708  2052 W JobScheduler: Job didn't exist in JobStore: 473fd08 #u0a43/7130 com.airtel.tv/androidx.work.impl.background.systemjob.SystemJobService
--------- beginning of kernel
10-07 13:07:19.192     0     0 W [0 T1187  ..] RTW: rtw_get_sta_tx_stat() not support
10-07 13:07:19.192     0     0 W [0 T1187  ..] RTW: cfg80211_rtw_get_txpower
10-07 13:07:19.272  4873  4873 D MonkeyStub: translateCommand: press DPAD_DOWN
10-07 13:07:19.275   459   459 I lights-tch: flashMode 0 id 2 onMs 0 offMs 0 brightness 0
10-07 13:07:19.279  1592  1592 D focus content view tv.airtel.xstream.widget.ContentLoadingView{a77da9f VFE...... .F.....D 0,0-
10-07 13:07:19.280  1592  1592 D focus content direction 130: 
10-07 13:07:19.280  1592  1592 D focus content view null: 
10-07 13:07:19.280   459   459 I lights-tch: flashMode 0 id 2 onMs 0 offMs 0 brightness 225
10-07 13:07:19.280  1592  1592 D focus view tv.airtel.xstream.widget.ContentLoadingView{a77da9f VFE...... .F.....D 0,0-1920,108
10-07 13:07:19.280  1592  1592 D focus direction 130: 
10-07 13:07:19.280  1592  1592 D focus Next view null: 
10-07 13:07:19.280  1592  1592 D focus view TAg tag progress bar main: 
10-07 13:07:19.280  1592  1592 D focus next view parent null: 
10-07 13:07:19.281  1592  1592 D focus view parent android.widget.FrameLayout{6ff2acc V.E...... .......D 0,0-1920,1080 #7f0b02d
--------- beginning of main
10-07 13:07:19.447   429  1449 D rtk_heartbeat: heartbeat_timed_out: heartbeatCmdCount = 231, expected nextSeqNum = 231
10-07 13:07:19.448   429  1319 D rtk_heartbeat: rtkbt_heartbeat_cmpl_cback: Current SeqNum = 231,should SeqNum=231, status = 0
10-07 13:07:19.812  1127  1127 I ThermalService: CPU temperatures: [43.300003]
10-07 13:07:19.858   427   682 D audio_hw_hal_primary: [out_standby_new:5414] io 13: out:0xe43040c0 usecase:PCM_NORMAL
10-07 13:07:19.858   427   682 I audio_hw_hal_primary: [do_output_standby_l:5310] io 13: out:0xe43040c0, stream usecase:PCM_NORMAL, continuous:1
10-07 13:07:19.858   427   682 I audio_hw_hal_primary: [usecase_change_validate_l:7065] ++ io 13: out:0xe43040c0 dev masks:0x1 is_standby:1 out usecase:PCM_NORMAL
10-07 13:07:19.858   427   682 I audio_hw_hal_primary: [usecase_change_validate_l:7102] -- dev masks:0 is_standby:1 out usecase PCM_NORMAL
10-07 13:07:19.859   427   682 D audio_hw_hal_primary: [out_standby_new:5437] io 13: out:0xe43040c0 usecase:PCM_NORMAL exit
10-07 13:07:19.945   427   590 D libdolbyms12: continuous underrun 2
10-07 13:07:20.447   429  1449 D rtk_heartbeat: heartbeat_timed_out: heartbeatCmdCount = 232, expected nextSeqNum = 232
10-07 13:07:20.448   429  1319 D rtk_heartbeat: rtkbt_heartbeat_cmpl_cback: Current SeqNum = 232,should SeqNum=232, status = 0
10-07 13:07:20.474  4873  4873 D MonkeyStub: translateCommand: press DPAD_RIGHT
10-07 13:07:20.477   459   459 I lights-tch: flashMode 0 id 2 onMs 0 offMs 0 brightness 0
10-07 13:07:20.480   459   459 I lights-tch: flashMode 0 id 2 onMs 0 offMs 0 brightness 225
10-07 13:07:20.480  1592  1592 D focus content view tv.airtel.xstream.widget.ContentLoadingView{a77da9f VFE...... .F.....D 0,0-
10-07 13:07:20.481  1592  1592 D focus content direction 66: 
10-07 13:07:20.481  1592  1592 D focus content view null: 
10-07 13:07:20.481  1592  1592 D focus view tv.airtel.xstream.widget.ContentLoadingView{a77da9f VFE...... .F.....D 0,0-1920,108
10-07 13:07:20.482  1592  1592 D focus direction 66: 
10-07 13:07:20.482  1592  1592 D focus Next view null: 
10-07 13:07:20.482  1592  1592 D focus view TAg tag progress bar main: 
10-07 13:07:20.482  1592  1592 D focus next view parent null: 
10-07 13:07:20.482  1592  1592 D focus view parent android.widget.FrameLayout{6ff2acc V.E...... .......D 0,0-1920,1080 #7f0b02d
--------- beginning of main
10-07 13:07:21.447   429  1449 D rtk_heartbeat: heartbeat_timed_out: heartbeatCmdCount = 233, expected nextSeqNum = 233
10-07 13:07:21.448   429  1319 D rtk_heartbeat: rtkbt_heartbeat_cmpl_cback: Current SeqNum = 233,should SeqNum=233, status = 0
10-07 13:07:21.669  4873  4873 D MonkeyStub: translateCommand: press DPAD_RIGHT
10-07 13:07:21.672   459   459 I lights-tch: flashMode 0 id 2 onMs 0 offMs 0 brightness 0
10-07 13:07:21.679  1592  1592 D focus content view tv.airtel.xstream.widget.ContentLoadingView{a77da9f VFE...... .F.....D 0,0-
10-07 13:07:21.679  1592  1592 D focus content direction 66: 
10-07 13:07:21.679  1592  1592 D focus content view null: 
10-07 13:07:21.679   459   459 I lights-tch: flashMode 0 id 2 onMs 0 offMs 0 brightness 225
10-07 13:07:21.680  1592  1592 D focus view tv.airtel.xstream.widget.ContentLoadingView{a77da9f VFE...... .F.....D 0,0-1920,108
10-07 13:07:21.680  1592  1592 D focus direction 66: 
10-07 13:07:21.680  1592  1592 D focus Next view null: 
10-07 13:07:21.680  1592  1592 D focus view TAg tag progress bar main: 
10-07 13:07:21.680  1592  1592 D focus next view parent null: 
10-07 13:07:21.680  1592  1592 D focus view parent android.widget.FrameLayout{6ff2acc V.E...... .......D 0,0-1920,1080 #7f0b02d
--------- beginning of kernel
10-07 13:07:22.197     0     0 W [0 T1187  ..] RTW: rtw_get_sta_tx_stat() not support
10-07 13:07:22.197     0     0 W [0 T1187  ..] RTW: cfg80211_rtw_get_txpower
--------- beginning of main
10-07 13:07:22.447   429  1449 D rtk_heartbeat: heartbeat_timed_out: heartbeatCmdCount = 234, expected nextSeqNum = 234
10-07 13:07:22.448   429  1319 D rtk_heartbeat: rtkbt_heartbeat_cmpl_cback: Current SeqNum = 234,should SeqNum=234, status = 0
--------- beginning of system
10-07 13:07:22.449   708  2052 D OomAdjuster: Not killing cached processes
10-07 13:07:22.629   427   590 I audio_hw_hal_alsamgr: alsa format =0x1 delay frames =1024 total frames=12032000
10-07 13:07:22.925  4873  4873 D MonkeyStub: translateCommand: press DPAD_DOWN
10-07 13:07:22.929   459   459 I lights-tch: flashMode 0 id 2 onMs 0 offMs 0 brightness 0
10-07 13:07:22.932   459   459 I lights-tch: flashMode 0 id 2 onMs 0 offMs 0 brightness 225
10-07 13:07:22.935  1592  1592 D focus content view tv.airtel.xstream.widget.ContentLoadingView{a77da9f VFE...... .F.....D 0,0-
10-07 13:07:22.935  1592  1592 D focus content direction 130: 
10-07 13:07:22.935  1592  1592 D focus content view null: 
10-07 13:07:22.936  1592  1592 D focus view tv.airtel.xstream.widget.ContentLoadingView{a77da9f VFE...... .F.....D 0,0-1920,108
10-07 13:07:22.936  1592  1592 D focus direction 130: 
10-07 13:07:22.936  1592  1592 D focus Next view null: 
10-07 13:07:22.937  1592  1592 D focus view TAg tag progress bar main: 
10-07 13:07:22.937  1592  1592 D focus next view parent null: 
10-07 13:07:22.937  1592  1592 D focus view parent android.widget.FrameLayout{6ff2acc V.E...... .......D 0,0-1920,1080 #7f0b02d
--------- beginning of main
10-07 13:07:23.447   429  1449 D rtk_heartbeat: heartbeat_timed_out: heartbeatCmdCount = 235, expected nextSeqNum = 235
10-07 13:07:23.448   429  1319 D rtk_heartbeat: rtkbt_heartbeat_cmpl_cback: Current SeqNum = 235,should SeqNum=235, status = 0
10-07 13:07:23.817  1127  1127 I ThermalService: CPU temperatures: [42.600002]
10-07 13:07:24.145  4873  4873 D MonkeyStub: translateCommand: press DPAD_RIGHT
10-07 13:07:24.148   459   459 I lights-tch: flashMode 0 id 2 onMs 0 offMs 0 brightness 0
10-07 13:07:24.152   459   459 I lights-tch: flashMode 0 id 2 onMs 0 offMs 0 brightness 225
10-07 13:07:24.153  1592  1592 D focus content view tv.airtel.xstream.widget.ContentLoadingView{a77da9f VFE...... .F.....D 0,0-
10-07 13:07:24.153  1592  1592 D focus content direction 66: 
10-07 13:07:24.154  1592  1592 D focus content view null: 
10-07 13:07:24.155  1592  1592 D focus view tv.airtel.xstream.widget.ContentLoadingView{a77da9f VFE...... .F.....D 0,0-1920,108
10-07 13:07:24.155  1592  1592 D focus direction 66: 
10-07 13:07:24.155  1592  1592 D focus Next view null: 
10-07 13:07:24.155  1592  1592 D focus view TAg tag progress bar main: 
10-07 13:07:24.155  1592  1592 D focus next view parent null: 
10-07 13:07:24.156  1592  1592 D focus view parent android.widget.FrameLayout{6ff2acc V.E...... .......D 0,0-1920,1080 #7f0b02d
--------- beginning of main
10-07 13:07:24.448   429  1449 D rtk_heartbeat: heartbeat_timed_out: heartbeatCmdCount = 236, expected nextSeqNum = 236
10-07 13:07:24.449   429  1319 D rtk_heartbeat: rtkbt_heartbeat_cmpl_cback: Current SeqNum = 236,should SeqNum=236, status = 0
--------- beginning of kernel
10-07 13:07:25.201     0     0 W [1 T1187  ..] RTW: rtw_get_sta_tx_stat() not support
10-07 13:07:25.201     0     0 W [1 T1187  ..] RTW: cfg80211_rtw_get_txpower
10-07 13:07:25.350  4873  4873 D MonkeyStub: translateCommand: press DPAD_RIGHT
10-07 13:07:25.353   459   459 I lights-tch: flashMode 0 id 2 onMs 0 offMs 0 brightness 0
10-07 13:07:25.358  1592  1592 D focus content view tv.airtel.xstream.widget.ContentLoadingView{a77da9f VFE...... .F.....D 0,0-
10-07 13:07:25.358  1592  1592 D focus content direction 66: 
10-07 13:07:25.358  1592  1592 D focus content view null: 
10-07 13:07:25.359  1592  1592 D focus view tv.airtel.xstream.widget.ContentLoadingView{a77da9f VFE...... .F.....D 0,0-1920,108
10-07 13:07:25.359  1592  1592 D focus direction 66: 
10-07 13:07:25.359  1592  1592 D focus Next view null: 
10-07 13:07:25.359  1592  1592 D focus view TAg tag progress bar main: 
10-07 13:07:25.359  1592  1592 D focus next view parent null: 
10-07 13:07:25.360  1592  1592 D focus view parent android.widget.FrameLayout{6ff2acc V.E...... .......D 0,0-1920,1080 #7f0b02d
10-07 13:07:25.362   459   459 I lights-tch: flashMode 0 id 2 onMs 0 offMs 0 brightness 225
--------- beginning of main
10-07 13:07:25.819  1127  1127 I ThermalService: CPU temperatures: [42.7]
10-07 13:07:26.448   429  1449 D rtk_heartbeat: heartbeat_timed_out: heartbeatCmdCount = 238, expected nextSeqNum = 238
10-07 13:07:26.449   429  1319 D rtk_heartbeat: rtkbt_heartbeat_cmpl_cback: Current SeqNum = 238,should SeqNum=238, status = 0
10-07 13:07:26.550  4873  4873 D MonkeyStub: translateCommand: press DPAD_DOWN
10-07 13:07:26.552   459   459 I lights-tch: flashMode 0 id 2 onMs 0 offMs 0 brightness 0
10-07 13:07:26.556   459   459 I lights-tch: flashMode 0 id 2 onMs 0 offMs 0 brightness 225
10-07 13:07:26.556  1592  1592 D focus content view tv.airtel.xstream.widget.ContentLoadingView{a77da9f VFE...... .F.....D 0,0-
10-07 13:07:26.557  1592  1592 D focus content direction 130: 
10-07 13:07:26.557  1592  1592 D focus content view null: 
10-07 13:07:26.557  1592  1592 D focus view tv.airtel.xstream.widget.ContentLoadingView{a77da9f VFE...... .F.....D 0,0-1920,108
10-07 13:07:26.557  1592  1592 D focus direction 130: 
10-07 13:07:26.558  1592  1592 D focus Next view null: 
10-07 13:07:26.558  1592  1592 D focus view TAg tag progress bar main: 
10-07 13:07:26.558  1592  1592 D focus next view parent null: 
10-07 13:07:26.559  1592  1592 D focus view parent android.widget.FrameLayout{6ff2acc V.E...... .......D 0,0-1920,1080 #7f0b02d
--------- beginning of main
10-07 13:07:27.448   429  1449 D rtk_heartbeat: heartbeat_timed_out: heartbeatCmdCount = 239, expected nextSeqNum = 239
10-07 13:07:27.449   429  1319 D rtk_heartbeat: rtkbt_heartbeat_cmpl_cback: Current SeqNum = 239,should SeqNum=239, status = 0
10-07 13:07:27.731  4873  4873 D MonkeyStub: translateCommand: press DPAD_RIGHT
10-07 13:07:27.734   459   459 I lights-tch: flashMode 0 id 2 onMs 0 offMs 0 brightness 0
10-07 13:07:27.737   459   459 I lights-tch: flashMode 0 id 2 onMs 0 offMs 0 brightness 225
10-07 13:07:27.740  1592  1592 D focus content view tv.airtel.xstream.widget.ContentLoadingView{a77da9f VFE...... .F.....D 0,0-
10-07 13:07:27.740  1592  1592 D focus content direction 66: 
10-07 13:07:27.740  1592  1592 D focus content view null: 
10-07 13:07:27.741  1592  1592 D focus view tv.airtel.xstream.widget.ContentLoadingView{a77da9f VFE...... .F.....D 0,0-1920,108
10-07 13:07:27.741  1592  1592 D focus direction 66: 
10-07 13:07:27.741  1592  1592 D focus Next view null: 
10-07 13:07:27.741  1592  1592 D focus view TAg tag progress bar main: 
10-07 13:07:27.741  1592  1592 D focus next view parent null: 
10-07 13:07:27.742  1592  1592 D focus view parent android.widget.FrameLayout{6ff2acc V.E...... .......D 0,0-1920,1080 #7f0b02d
--------- beginning of main
10-07 13:07:27.962   427   590 I audio_hw_hal_alsamgr: alsa format =0x1 delay frames =1024 total frames=12288000
--------- beginning of kernel
10-07 13:07:28.208     0     0 W [0 T1187  ..] RTW: rtw_get_sta_tx_stat() not support
10-07 13:07:28.208     0     0 W [0 T1187  ..] RTW: cfg80211_rtw_get_txpower
10-07 13:07:28.448   429  1449 D rtk_heartbeat: heartbeat_timed_out: heartbeatCmdCount = 240, expected nextSeqNum = 240
10-07 13:07:28.449   429  1319 D rtk_heartbeat: rtkbt_heartbeat_cmpl_cback: Current SeqNum = 240,should SeqNum=240, status = 0
10-07 13:07:28.961  4873  4873 D MonkeyStub: translateCommand: press DPAD_RIGHT
10-07 13:07:28.964   459   459 I lights-tch: flashMode 0 id 2 onMs 0 offMs 0 brightness 0
10-07 13:07:28.968   459   459 I lights-tch: flashMode 0 id 2 onMs 0 offMs 0 brightness 225
10-07 13:07:28.970  1592  1592 D focus content view tv.airtel.xstream.widget.ContentLoadingView{a77da9f VFE...... .F.....D 0,0-
10-07 13:07:28.970  1592  1592 D focus content direction 66: 
10-07 13:07:28.970  1592  1592 D focus content view null: 
10-07 13:07:28.971  1592  1592 D focus view tv.airtel.xstream.widget.ContentLoadingView{a77da9f VFE...... .F.....D 0,0-1920,108
10-07 13:07:28.971  1592  1592 D focus direction 66: 
10-07 13:07:28.971  1592  1592 D focus Next view null: 
10-07 13:07:28.971  1592  1592 D focus view TAg tag progress bar main: 
10-07 13:07:28.971  1592  1592 D focus next view parent null: 
10-07 13:07:28.971  1592  1592 D focus view parent android.widget.FrameLayout{6ff2acc V.E...... .......D 0,0-1920,1080 #7f0b02d
--------- beginning of main
10-07 13:07:29.448   429  1449 D rtk_heartbeat: heartbeat_timed_out: heartbeatCmdCount = 241, expected nextSeqNum = 241
10-07 13:07:29.450   429  1319 D rtk_heartbeat: rtkbt_heartbeat_cmpl_cback: Current SeqNum = 241,should SeqNum=241, status = 0
--------- beginning of system
10-07 13:07:29.656   708   708 V HotPlugDetectionAction: Poll all devices.
10-07 13:07:29.714   445   461 D hdmicecd: [CEC]:printCecMessage, [4 -> 0] len: 0, body:, result:no ack
10-07 13:07:29.825  1127  1127 I ThermalService: CPU temperatures: [42.600002]
10-07 13:07:29.969  2855  3343 I cast_shell: [1007/130729.969528:INFO:mdns_app_filter.cc(3358)] MdnsAppFilter: responses sent in 38 seconds: 10
10-07 13:07:30.183  4873  4873 D MonkeyStub: translateCommand: press DPAD_DOWN
10-07 13:07:30.192   459   459 I lights-tch: flashMode 0 id 2 onMs 0 offMs 0 brightness 0
10-07 13:07:30.194   459   459 I lights-tch: flashMode 0 id 2 onMs 0 offMs 0 brightness 225
10-07 13:07:30.196  1592  1592 D focus content view tv.airtel.xstream.widget.ContentLoadingView{a77da9f VFE...... .F.....D 0,0-
10-07 13:07:30.196  1592  1592 D focus content direction 130: 
10-07 13:07:30.196  1592  1592 D focus content view null: 
10-07 13:07:30.196  1592  1592 D focus view tv.airtel.xstream.widget.ContentLoadingView{a77da9f VFE...... .F.....D 0,0-1920,108
10-07 13:07:30.196  1592  1592 D focus direction 130: 
10-07 13:07:30.196  1592  1592 D focus Next view null: 
10-07 13:07:30.197  1592  1592 D focus view TAg tag progress bar main: 
10-07 13:07:30.197  1592  1592 D focus next view parent null: 
10-07 13:07:30.197  1592  1592 D focus view parent android.widget.FrameLayout{6ff2acc V.E...... .......D 0,0-1920,1080 #7f0b02d
10-07 13:07:30.271   445   461 D hdmicecd: [CEC]:printCecMessage, [4 -> 1] len: 0, body:, result:no ack
--------- beginning of main
10-07 13:07:30.449   429  1449 D rtk_heartbeat: heartbeat_timed_out: heartbeatCmdCount = 242, expected nextSeqNum = 242
10-07 13:07:30.450   429  1319 D rtk_heartbeat: rtkbt_heartbeat_cmpl_cback: Current SeqNum = 242,should SeqNum=242, status = 0
10-07 13:07:30.830   445   461 D hdmicecd: [CEC]:printCecMessage, [4 -> 3] len: 0, body:, result:no ack
--------- beginning of kernel
10-07 13:07:31.214     0     0 W [3 T1187  ..] RTW: rtw_get_sta_tx_stat() not support
10-07 13:07:31.214     0     0 W [3 T1187  ..] RTW: cfg80211_rtw_get_txpower
10-07 13:07:31.387   445   461 D hdmicecd: [CEC]:printCecMessage, [4 -> 5] len: 0, body:, result:no ack
10-07 13:07:31.399  4873  4873 D MonkeyStub: translateCommand: press KEYCODE_HOME
10-07 13:07:31.402   459   459 I lights-tch: flashMode 0 id 2 onMs 0 offMs 0 brightness 0
10-07 13:07:31.404   459   459 I lights-tch: flashMode 0 id 2 onMs 0 offMs 0 brightness 225
--------- beginning of system
10-07 13:07:31.405   708   816 D HdmiControlService: Process pid: 708 is calling oneTouchPlay.
10-07 13:07:31.406   708   708 D HDMI    : oneTouchPlay com.android.server.hdmi.OneTouchPlayAction@ccdf152
10-07 13:07:31.406   708   708 I OneTouchPlayAction: Start action.
10-07 13:07:31.406   708   708 D HDMI    : setActiveSource logical:0x04 physical:0x1000 OneTouchPlayAction#broadcastActiveSource()
10-07 13:07:31.407   708   959 D HDMI    : [S]:<Text View On> 40:0D
10-07 13:07:31.407   445   461 D hdmicecd: [HdmiCecControl]:getPhysicalAddress, physical addr: 1000, last pa: 1000, ret = 0
10-07 13:07:31.408   445   460 D hdmicecd: [HdmiCecControl]:getPhysicalAddress, physical addr: 1000, last pa: 1000, ret = 0
10-07 13:07:31.408   708   708 D HDMI    : ActiveSourceHistoryRecord active source=(0x04, 0x1000) isActiveSource=true from=OneTouchPlayAction#broadcastActiveSource()
10-07 13:07:31.409   708   708 D HDMI    : setActiveSource logical:0x04 physical:0x1000 ActiveSourceAction
10-07 13:07:31.409   445   461 D hdmicecd: [HdmiCecControl]:getPhysicalAddress, physical addr: 1000, last pa: 1000, ret = 0
10-07 13:07:31.410   445   461 D hdmicecd: [HdmiCecControl]:getPhysicalAddress, physical addr: 1000, last pa: 1000, ret = 0
10-07 13:07:31.410   708   708 D HDMI    : ActiveSourceHistoryRecord active source=(0x04, 0x1000) isActiveSource=true from=ActiveSourceAction
10-07 13:07:31.412   708   708 D HdmiControlService: Switching to full volume behavior
10-07 13:07:31.412   993  1042 D WindowManagerShell: TvPipMenuController: closeMenu()
10-07 13:07:31.412   993  1042 D WindowManagerShell: TvPipMenuController: switchToMenuMode: from=MODE_NO_MENU, to=MODE_NO_MENU
10-07 13:07:31.414   993   993 I vol.VolumeDialogImpl: mDialog.dismiss() reason: volume_controller from: com.android.systemui.volume.VolumeDialogImpl$7.onDismissRequested:3
10-07 13:07:31.420   708   708 D HdmiControlService: Switching to full volume behavior
10-07 13:07:31.423   708   816 E CellBroadcastUtils: getDefaultCellBroadcastReceiverPackageName: no package found
10-07 13:07:31.444   993  1042 V WindowManagerShell: Transition requested: android.os.BinderProxy@e96fa8d TransitionRequestInfo { type = OPEN, triggerTask = TaskInfo{userId=0 taskId=596 displayId=0 isRunning=true baseIntent=Intent { act=android.intent.action.MAIN cat=[android.intent.category.HOME] flg=0x10000100 cmp=com.airtel.tv/tv.airtel.xstream.login.LoginActivity } baseActivity=ComponentInfo{com.airtel.tv/tv.airtel.xstream.login.LoginActivity} topActivity=ComponentInfo{com.airtel.tv/tv.airtel.xstream.login.LoginActivity} origActivity=null realActivity=ComponentInfo{com.airtel.tv/tv.airtel.xstream.login.LoginActivity} numActivities=1 lastActiveTime=272613 supportsMultiWindow=false resizeMode=0 isResizeable=false minWidth=-1 minHeight=-1 defaultMinSize=220 token=WCT{android.window.IWindowContainerToken$Stub$Proxy@cadd442} topActivityType=2 pictureInPictureParams=null shouldDockBigOverlays=true launchIntoPipHostTaskId=-1 lastParentTaskIdBeforePip=-1 displayCutoutSafeInsets=null topActivityInfo=ActivityInfo{9bbac53 tv.airtel.xstream.login.LoginActivity} launchCookies=[] positionInParent=Point(0, 0) parentTaskId=-1 isFocused=true isVisible=false isVisibleRequested=true isSleeping=false topActivityInSizeCompat=false topActivityEligibleForLetterboxEducation= false topActivityLetterboxed= false isFromDoubleTap= false topActivityLetterboxVerticalPosition= -1 topActivityLetterboxHorizontalPosition= -1 topActivityLetterboxWidth=-1 topActivityLetterboxHeight=-1 locusId=null displayAreaFeatureId=1 cameraCompatControlState=hidden}, remoteTransition = null, displayChange = null }
10-07 13:07:31.445   708   816 I ActivityTaskManager: START u0 {act=android.intent.action.MAIN cat=[android.intent.category.HOME] flg=0x10000100 cmp=com.airtel.tv/tv.airtel.xstream.login.LoginActivity (has extras)} with LAUNCH_MULTIPLE from uid 0 (BAL_ALLOW_ALLOWLISTED_UID) result code=0
10-07 13:07:31.449   429  1449 D rtk_heartbeat: heartbeat_timed_out: heartbeatCmdCount = 243, expected nextSeqNum = 243
10-07 13:07:31.453   429  1319 D rtk_heartbeat: rtkbt_heartbeat_cmpl_cback: Current SeqNum = 243,should SeqNum=243, status = 0
10-07 13:07:31.458   708   818 D OomAdjuster: Not killing cached processes
10-07 13:07:31.460   708   818 W ProcessStats: Tracking association SourceState{9047732 com.google.android.gms/10073 BTop #1978} whose proc state 2 is better than process ProcessState{8825170 com.google.android.gms.persistent/10073 pkg=com.google.android.gms} proc state 4 (110 skipped)
10-07 13:07:31.465   445   445 D hdmicecd: [CEC]:printCecMessage, [4 -> 0] len: 1, body: 0d, result:no ack
10-07 13:07:31.466   485   485 I BpBinder: onLastStrongRef automatically unlinking death recipients: 
10-07 13:07:31.519   445   445 D hdmicecd: [CEC]:printCecMessage, [4 -> 0] len: 1, body: 0d, result:no ack
10-07 13:07:31.520   445   445 E IPCThreadState: binder thread pool (1 threads) starved for 113 ms
--------- beginning of main
10-07 13:07:31.663  1592  1592 D OTAWorker Started: 
10-07 13:07:31.672  1592  1592 D OmniRemote.OTA_JNI: open file name:/data/user/0/com.airtel.tv/files/ota/Airtel-TL135-20240919-006-OTA.bin
10-07 13:07:31.672  1592  1592 D OmniRemote.OTA_JNI: 35,51,0,6
10-07 13:07:31.680  1592  1592 D OmniRemote.OmniBle: add services filter
10-07 13:07:31.680  1592  1592 D OmniRemote.OmniBle: insert image ids
10-07 13:07:31.685  1592  1592 D OmniRemote.OmniBle: device list size:0
10-07 13:07:31.685  1592  1592 E OmniRemote.OmniBle: report device not found
10-07 13:07:31.686  1592  1592 D MainFragment::onResume: 
10-07 13:07:31.697  1592  1592 D ANALYTICS_IPTV: AnalyticsEventTracker ***Event***Event{ts=1728286651690, meta={"page_id":"dthNewTvChannels","box_type":"iptv","source_of_stream":"1 | TV Channels.screen_visible.none.none.none.none.none.none.none","app_version":"1.0.0024:242","box_model":"bx:1.2.3","firmware":"fw:1.2.3","source_name":"TV Channels"}, uid=5ye_gfsYCZe-PoQ4A0, did=8fb17cc052aef526, os=Android, ov=34, bn=242, nq=-1, nt=2, nct=0, lc=en|hi, av=1.0.0024, dt=STB, type=screen_visible, adid=95acddf7-5a94-4681-bf0a-0a767be9f2c3, brand=Airtel-Xstream, model=XstreamIPTV1-VT, dname=Vantiva XstreamIPTV1-VT, appId=IPTV, sId=8fb17cc052aef526, profileId=, ab_test=86079:0|108429:0|42374:0|78244:0|95458:0|75817:0|60412:1|117812:1|120676:1|113632:1|116206:0|66480:0|100390:2|76965:1|110385:0|129832:2, city=New Delhi, state=National Capital Territory of Delhi, country=India, firebase_id=687ecd54b0fd95386e529fbf62179576} Critical: false
10-07 13:07:31.722  1592  1592 D ANALYTICS_IPTV: AnalyticsEventTracker ***Event***Event{ts=1728286651704, meta={"box_type":"iptv","source_of_stream":"1 | TV Channels.screen_visible.none.none.none.none.none.none.none | none.screen_visible.none.none.none.none.none.none.none","app_version":"1.0.0024:242","box_model":"bx:1.2.3","source":"TV Channels","firmware":"fw:1.2.3"}, uid=5ye_gfsYCZe-PoQ4A0, did=8fb17cc052aef526, os=Android, ov=34, bn=242, nq=-1, nt=2, nct=0, lc=en|hi, av=1.0.0024, dt=STB, type=screen_visible, adid=95acddf7-5a94-4681-bf0a-0a767be9f2c3, brand=Airtel-Xstream, model=XstreamIPTV1-VT, dname=Vantiva XstreamIPTV1-VT, appId=IPTV, sId=8fb17cc052aef526, profileId=, ab_test=86079:0|108429:0|42374:0|78244:0|95458:0|75817:0|60412:1|117812:1|120676:1|113632:1|116206:0|66480:0|100390:2|76965:1|110385:0|129832:2, city=New Delhi, state=National Capital Territory of Delhi, country=India, firebase_id=687ecd54b0fd95386e529fbf62179576} Critical: false
--------- beginning of system
10-07 13:07:31.727   993  1042 D WindowManagerShell: TvPipController: onTaskStackChanged()
10-07 13:07:31.732  1127  3841 I NetflixService: onTaskStackChanged
10-07 13:07:31.735  1592  1650 I com.airtel.tv: Background young concurrent copying GC freed 168622(6513KB) AllocSpace objects, 8(400KB) LOS objects, 20% free, 22MB/27MB, paused 277us,455us total 151.050ms
10-07 13:07:31.754   708  2078 I ImeTracker: com.airtel.tv:3f296296: onRequestHide at ORIGIN_SERVER_HIDE_INPUT reason HIDE_SAME_WINDOW_FOCUSED_WITHOUT_EDITOR
10-07 13:07:31.754   708  2078 I ImeTracker: com.airtel.tv:3f296296: onCancelled at PHASE_SERVER_SHOULD_HIDE
10-07 13:07:31.762  1592  1592 D OmniRemote.OmniOTAImpl: device not found
10-07 13:07:31.763  1465  1465 I GoogleInputMethodService: GoogleInputMethodService.onFinishInput():3184 
10-07 13:07:31.763  1592  1592 D OTAWorker onResult = 258: 
10-07 13:07:31.763  1592  1592 D OTAWorker remote device not found: 
10-07 13:07:31.764  1465  1465 I GoogleInputMethodService: GoogleInputMethodService.updateDeviceLockedStatus():2246 repeatCheckTimes = 0, locked = false
10-07 13:07:31.764  1465  1465 I GoogleInputMethodService: GoogleInputMethodService.onStartInput():1982 onStartInput(EditorInfo{EditorInfo{packageName=com.airtel.tv, inputType=0, inputTypeString=NULL, enableLearning=false, autoCorrection=false, autoComplete=false, imeOptions=0, privateImeOptions=null, actionName=UNSPECIFIED, actionLabel=null, initialSelStart=-1, initialSelEnd=-1, initialCapsMode=0, label=null, fieldId=0, fieldName=null, extras=null, hintText=null, hintLocales=[]}}, false)
10-07 13:07:31.764  1592  1592 D OTAWorker: MainActivity OTAWorker event received tv.airtel.xstream.util.RxEvent$RCUOtaEvents$DeviceNotFound@1ab8522
10-07 13:07:31.765   445   461 D hdmicecd: [CEC]:printCecMessage, [4 -> f] len: 3, body: 82 10 00, result:success
10-07 13:07:31.765  1465  1465 I GoogleInputMethodService: GoogleInputMethodService.updateDeviceLockedStatus():2246 repeatCheckTimes = 1, locked = false
10-07 13:07:31.765  1465  1465 I AndroidIME: InputBundleManager.loadActiveInputBundleId():450 loadActiveInputBundleId: und-Latn-x-password, password
10-07 13:07:31.766  1465  1465 I EmojiCompatManager: EmojiCompatManager.getEmojiCompatIfLoaded():342 EmojiCompat.init() was never called.
10-07 13:07:31.766  1465  1465 I EmojiCompatManager: java.lang.IllegalStateException: EmojiCompat is not initialized. Please call EmojiCompat.init() first
10-07 13:07:31.766  1465  1465 I EmojiCompatManager: 	at so.g(PG:3)
10-07 13:07:31.766  1465  1465 I EmojiCompatManager: 	at abd.a(PG:6)
10-07 13:07:31.766  1465  1465 I EmojiCompatManager: 	at edb.d(PG:1)
10-07 13:07:31.766  1465  1465 I EmojiCompatManager: 	at edb.b(PG:6)
10-07 13:07:31.766  1465  1465 I EmojiCompatManager: 	at com.android.inputmethod.latin.LatinIME.f(PG:286)
10-07 13:07:31.766  1465  1465 I EmojiCompatManager: 	at epp.onStartInput(PG:170)
10-07 13:07:31.766  1465  1465 I EmojiCompatManager: 	at android.inputmethodservice.InputMethodService.doStartInput(InputMethodService.java:3115)
10-07 13:07:31.766  1465  1465 I EmojiCompatManager: 	at android.inputmethodservice.InputMethodService$InputMethodImpl.startInput(InputMethodService.java:824)
10-07 13:07:31.766  1465  1465 I EmojiCompatManager: 	at android.inputmethodservice.InputMethodService$InputMethodImpl.dispatchStartInput(InputMethodService.java:853)
10-07 13:07:31.766  1465  1465 I EmojiCompatManager: 	at android.inputmethodservice.IInputMethodWrapper.executeMessage(IInputMethodWrapper.java:197)
10-07 13:07:31.766  1465  1465 I EmojiCompatManager: 	at com.android.internal.os.HandlerCaller$MyHandler.handleMessage(HandlerCaller.java:44)
10-07 13:07:31.766  1465  1465 I EmojiCompatManager: 	at android.os.Handler.dispatchMessage(Handler.java:106)
10-07 13:07:31.766  1465  1465 I EmojiCompatManager: 	at android.os.Looper.loopOnce(Looper.java:205)
10-07 13:07:31.766  1465  1465 I EmojiCompatManager: 	at android.os.Looper.loop(Looper.java:294)
10-07 13:07:31.766  1465  1465 I EmojiCompatManager: 	at android.app.ActivityThread.main(ActivityThread.java:8177)
10-07 13:07:31.766  1465  1465 I EmojiCompatManager: 	at java.lang.reflect.Method.invoke(Native Method)
10-07 13:07:31.766  1465  1465 I EmojiCompatManager: 	at com.android.internal.os.RuntimeInit$MethodAndArgsCaller.run(RuntimeInit.java:552)
10-07 13:07:31.766  1465  1465 I EmojiCompatManager: 	at com.android.internal.os.ZygoteInit.main(ZygoteInit.java:971)
10-07 13:07:31.769   445   461 E IPCThreadState: binder thread pool (1 threads) starved for 250 ms
10-07 13:07:31.769   708   959 D HDMI    : [S]:<Menu Status> 40:8E:00
10-07 13:07:31.786   708   815 V WindowManager: Sent Transition #5 createdAt=10-07 13:07:31.422 via request=TransitionRequestInfo { type = OPEN, triggerTask = TaskInfo{userId=0 taskId=596 displayId=0 isRunning=true baseIntent=Intent { act=android.intent.action.MAIN cat=[android.intent.category.HOME] flg=0x10000100 cmp=com.airtel.tv/tv.airtel.xstream.login.LoginActivity } baseActivity=ComponentInfo{com.airtel.tv/tv.airtel.xstream.login.LoginActivity} topActivity=ComponentInfo{com.airtel.tv/tv.airtel.xstream.login.LoginActivity} origActivity=null realActivity=ComponentInfo{com.airtel.tv/tv.airtel.xstream.login.LoginActivity} numActivities=1 lastActiveTime=272613 supportsMultiWindow=false resizeMode=0 isResizeable=false minWidth=-1 minHeight=-1 defaultMinSize=220 token=WCT{RemoteToken{b2a5650 Task{12e277f #596 type=home A=10043:com.airtel.tv}}} topActivityType=2 pictureInPictureParams=null shouldDockBigOverlays=true launchIntoPipHostTaskId=-1 lastParentTaskIdBeforePip=-1 displayCutoutSafeInsets=null topActivityInfo=ActivityInfo{9335049 tv.airtel.xstream.login.LoginActivity} launchCookies=[] positionInParent=Point(0, 0) parentTaskId=-1 isFocused=true isVisible=false isVisibleRequested=true isSleeping=false topActivityInSizeCompat=false topActivityEligibleForLetterboxEducation= false topActivityLetterboxed= false isFromDoubleTap= false topActivityLetterboxVerticalPosition= -1 topActivityLetterboxHorizontalPosition= -1 topActivityLetterboxWidth=-1 topActivityLetterboxHeight=-1 locusId=null displayAreaFeatureId=1 cameraCompatControlState=hidden}, remoteTransition = null, displayChange = null }
10-07 13:07:31.787   993  1042 V WindowManagerShell: onTransitionReady android.os.BinderProxy@e96fa8d: {id=5 t=OPEN f=0x0 trk=0 r=[0@Point(0, 0)] c=[{WCT{android.window.IWindowContainerToken$Stub$Proxy@fc8f28e} m=CHANGE f=MOVE_TO_TOP leash=Surface(name=Task=591)/@0xe9bd990 sb=Rect(0, 0 - 1920, 1080) eb=Rect(0, 0 - 1920, 1080) d=0}]}
10-07 13:07:31.787   993  1042 V WindowManagerShell: Playing animation for (#5)android.os.BinderProxy@e96fa8d@0
10-07 13:07:31.787   993  1042 V WindowManagerShell:  try handler com.android.wm.shell.keyguard.KeyguardTransitionHandler@b7d230b
10-07 13:07:31.787   993  1042 V WindowManagerShell:  try handler com.android.wm.shell.activityembedding.ActivityEmbeddingController@a7775e8
10-07 13:07:31.787   993  1042 V WindowManagerShell:  try handler com.android.wm.shell.pip.tv.TvPipTransition@43a1401
10-07 13:07:31.787   993  1042 V WindowManagerShell:  try handler com.android.wm.shell.transition.RemoteTransitionHandler@89902a6
10-07 13:07:31.787   993  1042 V WindowManagerShell: Transition doesn't have explicit remote, search filters for match for {id=5 t=OPEN f=0x0 trk=0 r=[0@Point(0, 0)] c=[{WCT{android.window.IWindowContainerToken$Stub$Proxy@fc8f28e} m=CHANGE f=MOVE_TO_TOP leash=Surface(name=Task=591)/@0xe9bd990 sb=Rect(0, 0 - 1920, 1080) eb=Rect(0, 0 - 1920, 1080) d=0}]}
10-07 13:07:31.787   993  1042 V WindowManagerShell:  Delegate animation for #5 to null
10-07 13:07:31.787   993  1042 V WindowManagerShell:  try handler com.android.wm.shell.transition.DefaultTransitionHandler@a58e4e7
10-07 13:07:31.787   993  1042 V WindowManagerShell: start default transition animation, info = {id=5 t=OPEN f=0x0 trk=0 r=[0@Point(0, 0)] c=[{WCT{android.window.IWindowContainerToken$Stub$Proxy@fc8f28e} m=CHANGE f=MOVE_TO_TOP leash=Surface(name=Task=591)/@0xe9bd990 sb=Rect(0, 0 - 1920, 1080) eb=Rect(0, 0 - 1920, 1080) d=0}]}
10-07 13:07:31.789   708   815 V WindowManager:     startWCT=WindowContainerTransaction { changes = {} hops = [] errorCallbackToken=null taskFragmentOrganizer=null }
10-07 13:07:31.789   993  1042 V WindowManagerShell: Transition animation finished (aborted=false), notifying core (#5)android.os.BinderProxy@e96fa8d@0
10-07 13:07:31.789   708   815 V WindowManager:     info={id=5 t=OPEN f=0x0 trk=0 r=[0@Point(0, 0)] c=[{WCT{RemoteToken{98e7d4d Task{f7070ec #591 type=standard A=10043:com.airtel.tv}}} m=CHANGE f=MOVE_TO_TOP leash=Surface(name=Task=591)/@0xd63a077 sb=Rect(0, 0 - 1920, 1080) eb=Rect(0, 0 - 1920, 1080) d=0}]}
10-07 13:07:31.791   708   815 V WindowManager: Finish Transition #5: created at 10-07 13:07:31.422 collect-started=0.087ms request-sent=19.711ms started=25.906ms ready=203.084ms sent=362.188ms finished=368.343ms
10-07 13:07:31.794   993  1042 V WindowManagerShell: Track 0 became idle
10-07 13:07:31.794   993  1042 V WindowManagerShell: All active transition animations finished
10-07 13:07:31.794   993  1042 V WindowManagerShell:  animated by com.android.wm.shell.transition.DefaultTransitionHandler@a58e4e7
10-07 13:07:31.794   993  1042 V WindowManagerShell: Track 0 became idle
10-07 13:07:31.794   993  1042 V WindowManagerShell: All active transition animations finished
10-07 13:07:31.823   445   461 D hdmicecd: [CEC]:printCecMessage, [4 -> 0] len: 2, body: 8e 00, result:no ack
10-07 13:07:31.827  1127  1127 I ThermalService: CPU temperatures: [44.7]
10-07 13:07:31.838  1793  4916 D AdvertisingIdClient: AdvertisingIdClient already created.
10-07 13:07:31.840  1793  4916 I AdvertisingIdClient: shouldSendLog 45343
10-07 13:07:31.840  1793  4916 I AdvertisingIdClient: GetInfoInternal elapse 2ms
10-07 13:07:31.877  1397  2768 W NetworkScheduler: Error inserting flex_time=3423000 job_id=-1 period=6848000 source=16 requires_charging=0 preferred_network_type=1 target_class=com.google.android.gms.measurement.PackageMeasurementTaskService user_id=0 target_package=com.google.android.gms tag=Measurement.PackageMeasurementTaskService.UPLOAD_TASK_TAG task_type=0 required_idleness_state=0 service_kind=0 source_version=243834000 persistence_level=1 preferred_charging_state=1 required_network_type=0 runtime=1728286651874 retry_strategy={"maximum_backoff_seconds":{"3600":0},"initial_backoff_seconds":{"30":0},"retry_policy":{"0":0}} last_runtime=0 [CONTEXT service_id=218 ]
10-07 13:07:31.877  1397  2768 W NetworkScheduler: android.database.sqlite.SQLiteConstraintException: UNIQUE constraint failed: pending_ops.tag, pending_ops.target_class, pending_ops.target_package, pending_ops.user_id (code 2067 SQLITE_CONSTRAINT_UNIQUE)
10-07 13:07:31.877  1397  2768 W NetworkScheduler: 	at android.database.sqlite.SQLiteConnection.nativeExecuteForLastInsertedRowId(Native Method)
10-07 13:07:31.877  1397  2768 W NetworkScheduler: 	at android.database.sqlite.SQLiteConnection.executeForLastInsertedRowId(SQLiteConnection.java:961)
10-07 13:07:31.877  1397  2768 W NetworkScheduler: 	at android.database.sqlite.SQLiteSession.executeForLastInsertedRowId(SQLiteSession.java:790)
10-07 13:07:31.877  1397  2768 W NetworkScheduler: 	at android.database.sqlite.SQLiteStatement.executeInsert(SQLiteStatement.java:89)
10-07 13:07:31.877  1397  2768 W NetworkScheduler: 	at android.database.sqlite.SQLiteDatabase.insertWithOnConflict(SQLiteDatabase.java:1870)
10-07 13:07:31.877  1397  2768 W NetworkScheduler: 	at android.database.sqlite.SQLiteDatabase.insertOrThrow(SQLiteDatabase.java:1765)
10-07 13:07:31.877  1397  2768 W NetworkScheduler: 	at bgzc.d(:com.google.android.gms@243834110@24.38.34 (180306-681941525):729)
10-07 13:07:31.877  1397  2768 W NetworkScheduler: 	at bgwo.n(:com.google.android.gms@243834110@24.38.34 (180306-681941525):29)
10-07 13:07:31.877  1397  2768 W NetworkScheduler: 	at bgwo.u(:com.google.android.gms@243834110@24.38.34 (180306-681941525):360)
10-07 13:07:31.877  1397  2768 W NetworkScheduler: 	at bgwo.h(:com.google.android.gms@243834110@24.38.34 (180306-681941525):51)
10-07 13:07:31.877  1397  2768 W NetworkScheduler: 	at bgrf.run(:com.google.android.gms@243834110@24.38.34 (180306-681941525):72)
10-07 13:07:31.877  1397  2768 W NetworkScheduler: 	at zpa.c(:com.google.android.gms@243834110@24.38.34 (180306-681941525):50)
10-07 13:07:31.877  1397  2768 W NetworkScheduler: 	at zpa.run(:com.google.android.gms@243834110@24.38.34 (180306-681941525):76)
10-07 13:07:31.877  1397  2768 W NetworkScheduler: 	at java.util.concurrent.ThreadPoolExecutor.runWorker(ThreadPoolExecutor.java:1145)
10-07 13:07:31.877  1397  2768 W NetworkScheduler: 	at java.util.concurrent.ThreadPoolExecutor$Worker.run(ThreadPoolExecutor.java:644)
10-07 13:07:31.877  1397  2768 W NetworkScheduler: 	at zuh.run(:com.google.android.gms@243834110@24.38.34 (180306-681941525):8)
10-07 13:07:31.877  1397  2768 W NetworkScheduler: 	at java.lang.Thread.run(Thread.java:1012)
10-07 13:07:31.881   445   461 D hdmicecd: [CEC]:printCecMessage, [4 -> 0] len: 2, body: 8e 00, result:no ack
10-07 13:07:31.881   445   461 E IPCThreadState: binder thread pool (1 threads) starved for 111 ms
10-07 13:07:31.882   708  4269 D AudioService: Volume controller visible: false
10-07 13:07:31.894   708  4269 D ConnectivityService: requestNetwork for uid/pid:10043/1592 activeRequest: null callbackRequest: 160 [NetworkRequest [ REQUEST id=161, [ Capabilities: INTERNET&NOT_RESTRICTED&TRUSTED&NOT_VCN_MANAGED Uid: 10043 RequestorUid: 10043 RequestorPkg: com.airtel.tv UnderlyingNetworks: Null] ]] callback flags: 0 order: 2147483647
10-07 13:07:31.897   708   920 D WifiNetworkFactory: got request NetworkRequest [ REQUEST id=161, [ Capabilities: INTERNET&NOT_RESTRICTED&TRUSTED&NOT_VCN_MANAGED Uid: 10043 RequestorUid: 10043 RequestorPkg: com.airtel.tv UnderlyingNetworks: Null] ]
10-07 13:07:31.897   708   920 D UntrustedWifiNetworkFactory: got request NetworkRequest [ REQUEST id=161, [ Capabilities: INTERNET&NOT_RESTRICTED&TRUSTED&NOT_VCN_MANAGED Uid: 10043 RequestorUid: 10043 RequestorPkg: com.airtel.tv UnderlyingNetworks: Null] ]
