--------- beginning of main
10-07 13:07:06.194   708   931 I serviceDiscovery: [MdnsAdvertiser] Found conflict, restarted probing for service 2
--------- beginning of system
10-07 13:07:06.213   708  2078 I ActivityTaskManager: START u0 {flg=0x10000000 cmp=com.airtel.tv/.MainActivity} with LAUNCH_MULTIPLE from uid 2000 result code=-92
10-07 13:07:06.263  4873  4873 D MonkeyStub: translateCommand: press KEYCODE_HOME
10-07 13:07:06.285   459   459 I lights-tch: flashMode 0 id 2 onMs 0 offMs 0 brightness 0
10-07 13:07:06.288   459   459 I lights-tch: flashMode 0 id 2 onMs 0 offMs 0 brightness 225
10-07 13:07:06.293   708   816 D HdmiControlService: Process pid: 708 is calling oneTouchPlay.
10-07 13:07:06.293   708   708 D HDMI    : oneTouchPlay com.android.server.hdmi.OneTouchPlayAction@9cdda00
10-07 13:07:06.294   708   708 I OneTouchPlayAction: Start action.
10-07 13:07:06.294   708   708 D HDMI    : setActiveSource logical:0x04 physical:0x1000 OneTouchPlayAction#broadcastActiveSource()
10-07 13:07:06.294   708   959 D HDMI    : [S]:<Text View On> 40:0D
10-07 13:07:06.295   445   445 D hdmicecd: [HdmiCecControl]:getPhysicalAddress, physical addr: 1000, last pa: 1000, ret = 0
10-07 13:07:06.295   445   445 D hdmicecd: [HdmiCecControl]:getPhysicalAddress, physical addr: 1000, last pa: 1000, ret = 0
10-07 13:07:06.296   708   708 D HDMI    : ActiveSourceHistoryRecord active source=(0x04, 0x1000) isActiveSource=true from=OneTouchPlayAction#broadcastActiveSource()
10-07 13:07:06.296   708   708 D HDMI    : setActiveSource logical:0x04 physical:0x1000 ActiveSourceAction
10-07 13:07:06.297   445   445 D hdmicecd: [HdmiCecControl]:getPhysicalAddress, physical addr: 1000, last pa: 1000, ret = 0
10-07 13:07:06.298   445   445 D hdmicecd: [HdmiCecControl]:getPhysicalAddress, physical addr: 1000, last pa: 1000, ret = 0
10-07 13:07:06.299   708   708 D HDMI    : ActiveSourceHistoryRecord active source=(0x04, 0x1000) isActiveSource=true from=ActiveSourceAction
10-07 13:07:06.300   708   708 D HdmiControlService: Switching to full volume behavior
10-07 13:07:06.301   708   708 D HdmiControlService: Switching to full volume behavior
10-07 13:07:06.329   993  1042 D WindowManagerShell: TvPipMenuController: closeMenu()
10-07 13:07:06.330   993  1042 D WindowManagerShell: TvPipMenuController: switchToMenuMode: from=MODE_NO_MENU, to=MODE_NO_MENU
10-07 13:07:06.343   993   993 I vol.VolumeDialogImpl: mDialog.dismiss() reason: volume_controller from: com.android.systemui.volume.VolumeDialogImpl$7.onDismissRequested:3
10-07 13:07:06.351   708   816 E CellBroadcastUtils: getDefaultCellBroadcastReceiverPackageName: no package found
10-07 13:07:06.351   445   461 D hdmicecd: [CEC]:printCecMessage, [4 -> 0] len: 1, body: 0d, result:no ack
--------- beginning of main
10-07 13:07:06.680  1592  1592 D OmniRemote.OTA_JNI: open file name:/data/user/0/com.airtel.tv/files/ota/Airtel-TL135-20240919-006-OTA.bin
10-07 13:07:06.680  1592  1592 D OmniRemote.OTA_JNI: 35,51,0,6
10-07 13:07:06.681  1592  1592 D OmniRemote.OmniBle: add services filter
10-07 13:07:06.681  1592  1592 D OmniRemote.OmniBle: insert image ids
10-07 13:07:06.689  1592  1592 D OmniRemote.OmniBle: device list size:0
10-07 13:07:06.689  1592  1592 E OmniRemote.OmniBle: report device not found
10-07 13:07:06.690  1592  1592 D MainFragment::onResume: 
10-07 13:07:06.705  1592  1592 D ANALYTICS_IPTV: AnalyticsEventTracker ***Event***Event{ts=1728286626695, meta={"page_id":"dthNewHome","box_type":"iptv","source_of_stream":"1 | Home.screen_visible.none.none.none.none.none.none.none","app_version":"1.0.0024:242","box_model":"bx:1.2.3","firmware":"fw:1.2.3","source_name":"Home"}, uid=5ye_gfsYCZe-PoQ4A0, did=8fb17cc052aef526, os=Android, ov=34, bn=242, nq=-1, nt=2, nct=0, lc=en|hi, av=1.0.0024, dt=STB, type=screen_visible, adid=95acddf7-5a94-4681-bf0a-0a767be9f2c3, brand=Airtel-Xstream, model=XstreamIPTV1-VT, dname=Vantiva XstreamIPTV1-VT, appId=IPTV, sId=8fb17cc052aef526, profileId=, ab_test=86079:0|108429:0|42374:0|78244:0|95458:0|75817:0|60412:1|117812:1|120676:1|113632:1|116206:0|66480:0|100390:2|76965:1|110385:0|129832:2, city=New Delhi, state=National Capital Territory of Delhi, country=India, firebase_id=687ecd54b0fd95386e529fbf62179576} Critical: false
10-07 13:07:06.707   445   461 D hdmicecd: [CEC]:printCecMessage, [4 -> 0] len: 2, body: 8e 00, result:no ack
--------- beginning of system
10-07 13:07:06.715   993  1042 D WindowManagerShell: TvPipController: onTaskStackChanged()
10-07 13:07:06.715  1127  4903 I NetflixService: onTaskStackChanged
10-07 13:07:06.717  1592  1592 D ANALYTICS_IPTV: AnalyticsEventTracker ***Event***Event{ts=1728286626712, meta={"box_type":"iptv","source_of_stream":"1 | Home.screen_visible.none.none.none.none.none.none.none | none.screen_visible.none.none.none.none.none.none.none","app_version":"1.0.0024:242","box_model":"bx:1.2.3","source":"Home","firmware":"fw:1.2.3"}, uid=5ye_gfsYCZe-PoQ4A0, did=8fb17cc052aef526, os=Android, ov=34, bn=242, nq=-1, nt=2, nct=0, lc=en|hi, av=1.0.0024, dt=STB, type=screen_visible, adid=95acddf7-5a94-4681-bf0a-0a767be9f2c3, brand=Airtel-Xstream, model=XstreamIPTV1-VT, dname=Vantiva XstreamIPTV1-VT, appId=IPTV, sId=8fb17cc052aef526, profileId=, ab_test=86079:0|108429:0|42374:0|78244:0|95458:0|75817:0|60412:1|117812:1|120676:1|113632:1|116206:0|66480:0|100390:2|76965:1|110385:0|129832:2, city=New Delhi, state=National Capital Territory of Delhi, country=India, firebase_id=687ecd54b0fd95386e529fbf62179576} Critical: false
10-07 13:07:06.763   445   461 D hdmicecd: [CEC]:printCecMessage, [4 -> 0] len: 2, body: 8e 00, result:no ack
10-07 13:07:06.763   445   461 E IPCThreadState: binder thread pool (1 threads) starved for 110 ms
10-07 13:07:06.770   708  2078 I ImeTracker: com.airtel.tv:22762946: onRequestHide at ORIGIN_SERVER_HIDE_INPUT reason HIDE_SAME_WINDOW_FOCUSED_WITHOUT_EDITOR
10-07 13:07:06.771   708  2078 I ImeTracker: com.airtel.tv:22762946: onCancelled at PHASE_SERVER_SHOULD_HIDE
10-07 13:07:06.774  1465  1465 I GoogleInputMethodService: GoogleInputMethodService.onFinishInput():3184 
10-07 13:07:06.776  1465  1465 I GoogleInputMethodService: GoogleInputMethodService.updateDeviceLockedStatus():2246 repeatCheckTimes = 0, locked = false
10-07 13:07:06.776  1465  1465 I GoogleInputMethodService: GoogleInputMethodService.onStartInput():1982 onStartInput(EditorInfo{EditorInfo{packageName=com.airtel.tv, inputType=0, inputTypeString=NULL, enableLearning=false, autoCorrection=false, autoComplete=false, imeOptions=0, privateImeOptions=null, actionName=UNSPECIFIED, actionLabel=null, initialSelStart=-1, initialSelEnd=-1, initialCapsMode=0, label=null, fieldId=0, fieldName=null, extras=null, hintText=null, hintLocales=[]}}, false)
10-07 13:07:06.777  1465  1465 I GoogleInputMethodService: GoogleInputMethodService.updateDeviceLockedStatus():2246 repeatCheckTimes = 1, locked = false
10-07 13:07:06.777  1465  1465 I AndroidIME: InputBundleManager.loadActiveInputBundleId():450 loadActiveInputBundleId: und-Latn-x-password, password
10-07 13:07:06.778  1465  1465 I EmojiCompatManager: EmojiCompatManager.getEmojiCompatIfLoaded():342 EmojiCompat.init() was never called.
10-07 13:07:06.778  1465  1465 I EmojiCompatManager: java.lang.IllegalStateException: EmojiCompat is not initialized. Please call EmojiCompat.init() first
10-07 13:07:06.778  1465  1465 I EmojiCompatManager: 	at so.g(PG:3)
10-07 13:07:06.778  1465  1465 I EmojiCompatManager: 	at abd.a(PG:6)
10-07 13:07:06.778  1465  1465 I EmojiCompatManager: 	at edb.d(PG:1)
10-07 13:07:06.778  1465  1465 I EmojiCompatManager: 	at edb.b(PG:6)
10-07 13:07:06.778  1465  1465 I EmojiCompatManager: 	at com.android.inputmethod.latin.LatinIME.f(PG:286)
10-07 13:07:06.778  1465  1465 I EmojiCompatManager: 	at epp.onStartInput(PG:170)
10-07 13:07:06.778  1465  1465 I EmojiCompatManager: 	at android.inputmethodservice.InputMethodService.doStartInput(InputMethodService.java:3115)
10-07 13:07:06.778  1465  1465 I EmojiCompatManager: 	at android.inputmethodservice.InputMethodService$InputMethodImpl.startInput(InputMethodService.java:824)
10-07 13:07:06.778  1465  1465 I EmojiCompatManager: 	at android.inputmethodservice.InputMethodService$InputMethodImpl.dispatchStartInput(InputMethodService.java:853)
10-07 13:07:06.778  1465  1465 I EmojiCompatManager: 	at android.inputmethodservice.IInputMethodWrapper.executeMessage(IInputMethodWrapper.java:197)
10-07 13:07:06.778  1465  1465 I EmojiCompatManager: 	at com.android.internal.os.HandlerCaller$MyHandler.handleMessage(HandlerCaller.java:44)
10-07 13:07:06.778  1465  1465 I EmojiCompatManager: 	at android.os.Handler.dispatchMessage(Handler.java:106)
10-07 13:07:06.778  1465  1465 I EmojiCompatManager: 	at android.os.Looper.loopOnce(Looper.java:205)
10-07 13:07:06.778  1465  1465 I EmojiCompatManager: 	at android.os.Looper.loop(Looper.java:294)
10-07 13:07:06.778  1465  1465 I EmojiCompatManager: 	at android.app.ActivityThread.main(ActivityThread.java:8177)
10-07 13:07:06.778  1465  1465 I EmojiCompatManager: 	at java.lang.reflect.Method.invoke(Native Method)
10-07 13:07:06.778  1465  1465 I EmojiCompatManager: 	at com.android.internal.os.RuntimeInit$MethodAndArgsCaller.run(RuntimeInit.java:552)
10-07 13:07:06.778  1465  1465 I EmojiCompatManager: 	at com.android.internal.os.ZygoteInit.main(ZygoteInit.java:971)
10-07 13:07:06.781  1592  1592 D OmniRemote.OmniOTAImpl: device not found
10-07 13:07:06.781  1592  1592 D OTAWorker onResult = 258: 
10-07 13:07:06.782  1592  1592 D OTAWorker remote device not found: 
10-07 13:07:06.782  1592  1592 D OTAWorker: MainActivity OTAWorker event received tv.airtel.xstream.util.RxEvent$RCUOtaEvents$DeviceNotFound@1ab8522
10-07 13:07:06.806  1793  4916 D AdvertisingIdClient: AdvertisingIdClient already created.
10-07 13:07:06.806  1793  4916 D AdvertisingIdClient: AdvertisingIdClient is not bounded. Starting to bind it...
10-07 13:07:06.814   708   977 D AudioService: Volume controller visible: false
10-07 13:07:06.815  1793  4916 D AdvertisingIdClient: AdvertisingIdClient is bounded
10-07 13:07:06.821   445   461 D hdmicecd: [CEC]:printCecMessage, [4 -> 0] len: 2, body: 8e 00, result:no ack
10-07 13:07:06.823   708   708 D ResendCecCommandAction: sendCommandWithoutRetries failed, retry
10-07 13:07:06.823  1793  4916 I AdvertisingIdClient: shouldSendLog 45343
10-07 13:07:06.823  1793  4916 I AdvertisingIdClient: GetInfoInternal elapse 17ms
10-07 13:07:06.874  1397  2768 W NetworkScheduler: Error inserting flex_time=3448000 job_id=-1 period=6898000 source=16 requires_charging=0 preferred_network_type=1 target_class=com.google.android.gms.measurement.PackageMeasurementTaskService user_id=0 target_package=com.google.android.gms tag=Measurement.PackageMeasurementTaskService.UPLOAD_TASK_TAG task_type=0 required_idleness_state=0 service_kind=0 source_version=243834000 persistence_level=1 preferred_charging_state=1 required_network_type=0 runtime=1728286626855 retry_strategy={"maximum_backoff_seconds":{"3600":0},"initial_backoff_seconds":{"30":0},"retry_policy":{"0":0}} last_runtime=0 [CONTEXT service_id=218 ]
10-07 13:07:06.874  1397  2768 W NetworkScheduler: android.database.sqlite.SQLiteConstraintException: UNIQUE constraint failed: pending_ops.tag, pending_ops.target_class, pending_ops.target_package, pending_ops.user_id (code 2067 SQLITE_CONSTRAINT_UNIQUE)
10-07 13:07:06.874  1397  2768 W NetworkScheduler: 	at android.database.sqlite.SQLiteConnection.nativeExecuteForLastInsertedRowId(Native Method)
10-07 13:07:06.874  1397  2768 W NetworkScheduler: 	at android.database.sqlite.SQLiteConnection.executeForLastInsertedRowId(SQLiteConnection.java:961)
10-07 13:07:06.874  1397  2768 W NetworkScheduler: 	at android.database.sqlite.SQLiteSession.executeForLastInsertedRowId(SQLiteSession.java:790)
10-07 13:07:06.874  1397  2768 W NetworkScheduler: 	at android.database.sqlite.SQLiteStatement.executeInsert(SQLiteStatement.java:89)
10-07 13:07:06.874  1397  2768 W NetworkScheduler: 	at android.database.sqlite.SQLiteDatabase.insertWithOnConflict(SQLiteDatabase.java:1870)
10-07 13:07:06.874  1397  2768 W NetworkScheduler: 	at android.database.sqlite.SQLiteDatabase.insertOrThrow(SQLiteDatabase.java:1765)
10-07 13:07:06.874  1397  2768 W NetworkScheduler: 	at bgzc.d(:com.google.android.gms@243834110@24.38.34 (180306-681941525):729)
10-07 13:07:06.874  1397  2768 W NetworkScheduler: 	at bgwo.n(:com.google.android.gms@243834110@24.38.34 (180306-681941525):29)
10-07 13:07:06.874  1397  2768 W NetworkScheduler: 	at bgwo.u(:com.google.android.gms@243834110@24.38.34 (180306-681941525):360)
10-07 13:07:06.874  1397  2768 W NetworkScheduler: 	at bgwo.h(:com.google.android.gms@243834110@24.38.34 (180306-681941525):51)
10-07 13:07:06.874  1397  2768 W NetworkScheduler: 	at bgrf.run(:com.google.android.gms@243834110@24.38.34 (180306-681941525):72)
10-07 13:07:06.874  1397  2768 W NetworkScheduler: 	at zpa.c(:com.google.android.gms@243834110@24.38.34 (180306-681941525):50)
10-07 13:07:06.874  1397  2768 W NetworkScheduler: 	at zpa.run(:com.google.android.gms@243834110@24.38.34 (180306-681941525):76)
10-07 13:07:06.874  1397  2768 W NetworkScheduler: 	at java.util.concurrent.ThreadPoolExecutor.runWorker(ThreadPoolExecutor.java:1145)
10-07 13:07:06.874  1397  2768 W NetworkScheduler: 	at java.util.concurrent.ThreadPoolExecutor$Worker.run(ThreadPoolExecutor.java:644)
10-07 13:07:06.874  1397  2768 W NetworkScheduler: 	at zuh.run(:com.google.android.gms@243834110@24.38.34 (180306-681941525):8)
10-07 13:07:06.874  1397  2768 W NetworkScheduler: 	at java.lang.Thread.run(Thread.java:1012)
10-07 13:07:06.877   445   461 D hdmicecd: [CEC]:printCecMessage, [4 -> 0] len: 2, body: 8e 00, result:no ack
10-07 13:07:06.877   445   461 E IPCThreadState: binder thread pool (1 threads) starved for 114 ms
10-07 13:07:06.878   708   959 E HDMI    : [1]:Failed to send <Menu Status> 40:8E:00 with errorCode=1
10-07 13:07:06.878   708   959 D HDMI    : [S]:<System Audio Mode Request> 45:70:10:00
10-07 13:07:06.889   708   977 D ConnectivityService: requestNetwork for uid/pid:10043/1592 activeRequest: null callbackRequest: 152 [NetworkRequest [ REQUEST id=153, [ Capabilities: INTERNET&NOT_RESTRICTED&TRUSTED&NOT_VCN_MANAGED Uid: 10043 RequestorUid: 10043 RequestorPkg: com.airtel.tv UnderlyingNetworks: Null] ]] callback flags: 0 order: 2147483647
10-07 13:07:06.896   708   928 D ConnectivityService: NetReassign [153 : null → 100] [c 0] [a 2] [i 3]
10-07 13:07:06.896   708   920 D WifiNetworkFactory: got request NetworkRequest [ REQUEST id=153, [ Capabilities: INTERNET&NOT_RESTRICTED&TRUSTED&NOT_VCN_MANAGED Uid: 10043 RequestorUid: 10043 RequestorPkg: com.airtel.tv UnderlyingNetworks: Null] ]
10-07 13:07:06.897   708   920 D UntrustedWifiNetworkFactory: got request NetworkRequest [ REQUEST id=153, [ Capabilities: INTERNET&NOT_RESTRICTED&TRUSTED&NOT_VCN_MANAGED Uid: 10043 RequestorUid: 10043 RequestorPkg: com.airtel.tv UnderlyingNetworks: Null] ]
10-07 13:07:06.897   708   920 D OemPaidWifiNetworkFactory: got request NetworkRequest [ REQUEST id=153, [ Capabilities: INTERNET&NOT_RESTRICTED&TRUSTED&NOT_VCN_MANAGED Uid: 10043 RequestorUid: 10043 RequestorPkg: com.airtel.tv UnderlyingNetworks: Null] ]
10-07 13:07:06.897   708   920 D MultiInternetWifiNetworkFactory: got request NetworkRequest [ REQUEST id=153, [ Capabilities: INTERNET&NOT_RESTRICTED&TRUSTED&NOT_VCN_MANAGED Uid: 10043 RequestorUid: 10043 RequestorPkg: com.airtel.tv UnderlyingNetworks: Null] ]
10-07 13:07:06.935   445   461 D hdmicecd: [CEC]:printCecMessage, [4 -> 5] len: 3, body: 70 10 00, result:no ack
10-07 13:07:06.991   445   461 D hdmicecd: [CEC]:printCecMessage, [4 -> 5] len: 3, body: 70 10 00, result:no ack
10-07 13:07:06.992   445   461 E IPCThreadState: binder thread pool (1 threads) starved for 113 ms
10-07 13:07:07.036  1592  2071 I WM-WorkerWrapper: Worker result SUCCESS for Work [ id=4cc439e1-9c40-46ab-b226-1075999055de, tags={ tv.airtel.wynk.analytics.sync.service.AnalyticsSyncService, com.airtel.analyticsSyncService } ]
10-07 13:07:07.047   445   461 D hdmicecd: [CEC]:printCecMessage, [4 -> 5] len: 3, body: 70 10 00, result:no ack
10-07 13:07:07.090  1592  2071 I WM-WorkerWrapper: Worker result SUCCESS for Work [ id=54ac4c88-095b-40e9-b421-3781f32e88ad, tags={ tv.airtel.wynk.analytics.sync.service.AnalyticsSyncService, com.airtel.analyticsSyncService } ]
10-07 13:07:07.107   445   461 D hdmicecd: [CEC]:printCecMessage, [4 -> 5] len: 3, body: 70 10 00, result:no ack
10-07 13:07:07.107   445   461 E IPCThreadState: binder thread pool (1 threads) starved for 116 ms
10-07 13:07:07.108   708   959 E HDMI    : [1]:Failed to send <System Audio Mode Request> 45:70:10:00 with errorCode=1
10-07 13:07:07.108   708   959 D HDMI    : [S]:<Give Device Power Status> 40:8F
--------- beginning of kernel
10-07 13:07:07.172     0     0 W [1 T1187  ..] RTW: rtw_get_sta_tx_stat() not support
10-07 13:07:07.172     0     0 W [1 T1187  ..] RTW: cfg80211_rtw_get_txpower
10-07 13:07:07.163   445   461 D hdmicecd: [CEC]:printCecMessage, [4 -> 0] len: 1, body: 8f, result:no ack
10-07 13:07:07.167  1127  1127 D NetflixService: handleMessage
10-07 13:07:07.169  1127  1127 D NetflixService: com.airtel.tv is visible.
10-07 13:07:07.169  1127  1127 D NetflixService: com.netflix.ninja is not top activity.
10-07 13:07:07.174  1127  1127 D NetflixService: com.netflix.ninjais not top activity.
10-07 13:07:07.174  1127  1127 I NetflixService: fg: false  mIsNetflixFg: false
10-07 13:07:07.175  1127  1127 D NetflixService: com.airtel.tv is visible.
10-07 13:07:07.175  1127  1127 D NetflixService: com.google.android.youtube.tv is not top activity.
10-07 13:07:07.223   445   461 D hdmicecd: [CEC]:printCecMessage, [4 -> 0] len: 1, body: 8f, result:no ack
10-07 13:07:07.223   445   461 E IPCThreadState: binder thread pool (1 threads) starved for 115 ms
10-07 13:07:07.236   708  2078 D ConnectivityService: requestNetwork for uid/pid:10043/1592 activeRequest: null callbackRequest: 154 [NetworkRequest [ REQUEST id=155, [ Capabilities: INTERNET&NOT_RESTRICTED&TRUSTED&NOT_VCN_MANAGED Uid: 10043 RequestorUid: 10043 RequestorPkg: com.airtel.tv UnderlyingNetworks: Null] ]] callback flags: 0 order: 2147483647
10-07 13:07:07.238   708   920 D WifiNetworkFactory: got request NetworkRequest [ REQUEST id=155, [ Capabilities: INTERNET&NOT_RESTRICTED&TRUSTED&NOT_VCN_MANAGED Uid: 10043 RequestorUid: 10043 RequestorPkg: com.airtel.tv UnderlyingNetworks: Null] ]
10-07 13:07:07.239   708   920 D UntrustedWifiNetworkFactory: got request NetworkRequest [ REQUEST id=155, [ Capabilities: INTERNET&NOT_RESTRICTED&TRUSTED&NOT_VCN_MANAGED Uid: 10043 RequestorUid: 10043 RequestorPkg: com.airtel.tv UnderlyingNetworks: Null] ]
10-07 13:07:07.240   708   920 D OemPaidWifiNetworkFactory: got request NetworkRequest [ REQUEST id=155, [ Capabilities: INTERNET&NOT_RESTRICTED&TRUSTED&NOT_VCN_MANAGED Uid: 10043 RequestorUid: 10043 RequestorPkg: com.airtel.tv UnderlyingNetworks: Null] ]
10-07 13:07:07.241   708   920 D MultiInternetWifiNetworkFactory: got request NetworkRequest [ REQUEST id=155, [ Capabilities: INTERNET&NOT_RESTRICTED&TRUSTED&NOT_VCN_MANAGED Uid: 10043 RequestorUid: 10043 RequestorPkg: com.airtel.tv UnderlyingNetworks: Null] ]
10-07 13:07:07.241   708   928 D ConnectivityService: NetReassign [155 : null → 100] [c 0] [a 1] [i 3]
10-07 13:07:07.242  1592  3035 D TrafficStats: tagSocket(124) with statsTag=0xffffffff, statsUid=-1
10-07 13:07:07.279   445   461 D hdmicecd: [CEC]:printCecMessage, [4 -> 0] len: 1, body: 8f, result:no ack
10-07 13:07:07.339   445   461 D hdmicecd: [CEC]:printCecMessage, [4 -> 0] len: 1, body: 8f, result:no ack
10-07 13:07:07.339   445   461 E IPCThreadState: binder thread pool (1 threads) starved for 116 ms
10-07 13:07:07.340   708   959 E HDMI    : [1]:Failed to send <Give Device Power Status> 40:8F with errorCode=1
10-07 13:07:07.340   708   959 D HDMI    : [S]:<Text View On> 40:0D
10-07 13:07:07.342  1592  2071 I WM-WorkerWrapper: Worker result SUCCESS for Work [ id=388cdcab-356b-462f-af6e-2ac3e0fdcf4a, tags={ tv.airtel.wynk.analytics.sync.service.AnalyticsSyncService, com.airtel.analyticsSyncService } ]
10-07 13:07:07.395   445   461 D hdmicecd: [CEC]:printCecMessage, [4 -> 0] len: 1, body: 0d, result:no ack
10-07 13:07:07.415  1127  1127 D NetflixService: handleMessage
10-07 13:07:07.417  1127  1127 D NetflixService: com.airtel.tv is visible.
10-07 13:07:07.417  1127  1127 D NetflixService: com.netflix.ninja is not top activity.
10-07 13:07:07.420  1127  1127 D NetflixService: com.netflix.ninjais not top activity.
10-07 13:07:07.420  1127  1127 I NetflixService: fg: false  mIsNetflixFg: false
10-07 13:07:07.422  1127  1127 D NetflixService: com.airtel.tv is visible.
10-07 13:07:07.422  1127  1127 D NetflixService: com.google.android.youtube.tv is not top activity.
10-07 13:07:07.444   429  1449 D rtk_heartbeat: heartbeat_timed_out: heartbeatCmdCount = 219, expected nextSeqNum = 219
10-07 13:07:07.446   429  1319 D rtk_heartbeat: rtkbt_heartbeat_cmpl_cback: Current SeqNum = 219,should SeqNum=219, status = 0
10-07 13:07:07.451   445   461 D hdmicecd: [CEC]:printCecMessage, [4 -> 0] len: 1, body: 0d, result:no ack
10-07 13:07:07.451   445   461 E IPCThreadState: binder thread pool (1 threads) starved for 111 ms
10-07 13:07:07.455  1592  2071 I WM-WorkerWrapper: Worker result SUCCESS for Work [ id=036d9b2d-de11-43ba-947d-d2ea5e2e168b, tags={ tv.airtel.wynk.analytics.sync.service.AnalyticsSyncService, com.airtel.analyticsSyncService } ]
10-07 13:07:07.507   445   461 D hdmicecd: [CEC]:printCecMessage, [4 -> 0] len: 1, body: 0d, result:no ack
10-07 13:07:07.567   445   461 D hdmicecd: [CEC]:printCecMessage, [4 -> 0] len: 1, body: 0d, result:no ack
10-07 13:07:07.567   445   461 E IPCThreadState: binder thread pool (1 threads) starved for 116 ms
10-07 13:07:07.613  1592  3029 I WM-WorkerWrapper: Worker result SUCCESS for Work [ id=7d70ded9-eebe-4558-835f-d67331350b72, tags={ tv.airtel.wynk.analytics.sync.service.AnalyticsSyncService, com.airtel.analyticsSyncService } ]
10-07 13:07:07.739  1592  3029 I WM-WorkerWrapper: Worker result SUCCESS for Work [ id=4a55a912-32e5-49a6-b69f-85791e03671f, tags={ tv.airtel.wynk.analytics.sync.service.AnalyticsSyncService, com.airtel.analyticsSyncService } ]
10-07 13:07:07.791  1127  1127 I ThermalService: CPU temperatures: [43.9]
10-07 13:07:07.868   708   708 D ResendCecCommandAction: sendCommandWithoutRetries failed, retry
10-07 13:07:07.868   708   959 D HDMI    : [S]:<Text View On> 40:0D
10-07 13:07:07.897  1592  3029 I WM-WorkerWrapper: Worker result SUCCESS for Work [ id=9eefb326-5281-4e43-b62f-cd864e5af33e, tags={ tv.airtel.wynk.analytics.sync.service.AnalyticsSyncService, com.airtel.analyticsSyncService } ]
10-07 13:07:07.923   445   461 D hdmicecd: [CEC]:printCecMessage, [4 -> 0] len: 1, body: 0d, result:no ack
10-07 13:07:07.979   445   461 D hdmicecd: [CEC]:printCecMessage, [4 -> 0] len: 1, body: 0d, result:no ack
10-07 13:07:07.979   445   461 E IPCThreadState: binder thread pool (1 threads) starved for 111 ms
10-07 13:07:08.035   445   461 D hdmicecd: [CEC]:printCecMessage, [4 -> 0] len: 1, body: 0d, result:no ack
10-07 13:07:08.091   445   461 D hdmicecd: [CEC]:printCecMessage, [4 -> 0] len: 1, body: 0d, result:no ack
10-07 13:07:08.092   445   461 E IPCThreadState: binder thread pool (1 threads) starved for 112 ms
10-07 13:07:08.301   708   708 D HDMI    : one touch play retry:1
10-07 13:07:08.301   708   959 D HDMI    : [S]:<Text View On> 40:0D
10-07 13:07:08.355   445   461 D hdmicecd: [CEC]:printCecMessage, [4 -> 0] len: 1, body: 0d, result:no ack
10-07 13:07:08.411   445   461 D hdmicecd: [CEC]:printCecMessage, [4 -> 0] len: 1, body: 0d, result:no ack
10-07 13:07:08.412   445   461 E IPCThreadState: binder thread pool (1 threads) starved for 110 ms
10-07 13:07:08.445   429  1449 D rtk_heartbeat: heartbeat_timed_out: heartbeatCmdCount = 220, expected nextSeqNum = 220
10-07 13:07:08.446   429  1319 D rtk_heartbeat: rtkbt_heartbeat_cmpl_cback: Current SeqNum = 220,should SeqNum=220, status = 0
10-07 13:07:08.467   445   461 D hdmicecd: [CEC]:printCecMessage, [4 -> 0] len: 1, body: 0d, result:no ack
10-07 13:07:08.523   445   461 D hdmicecd: [CEC]:printCecMessage, [4 -> 0] len: 1, body: 0d, result:no ack
10-07 13:07:08.524   445   461 E IPCThreadState: binder thread pool (1 threads) starved for 112 ms
10-07 13:07:08.524   708   959 D HDMI    : [S]:<Give Device Power Status> 40:8F
10-07 13:07:08.524   708   708 D ResendCecCommandAction: ResendCecCommandAction started
10-07 13:07:08.583   445   461 D hdmicecd: [CEC]:printCecMessage, [4 -> 0] len: 1, body: 8f, result:no ack
10-07 13:07:08.639   445   461 D hdmicecd: [CEC]:printCecMessage, [4 -> 0] len: 1, body: 8f, result:no ack
10-07 13:07:08.639   445   461 E IPCThreadState: binder thread pool (1 threads) starved for 115 ms
10-07 13:07:08.695   445   461 D hdmicecd: [CEC]:printCecMessage, [4 -> 0] len: 1, body: 8f, result:no ack
10-07 13:07:08.751   445   461 D hdmicecd: [CEC]:printCecMessage, [4 -> 0] len: 1, body: 8f, result:no ack
10-07 13:07:08.752   445   461 E IPCThreadState: binder thread pool (1 threads) starved for 112 ms
10-07 13:07:08.824   708   708 D ResendCecCommandAction: sendCommandWithoutRetries failed, retry
10-07 13:07:08.825   708   959 D HDMI    : [S]:<Text View On> 40:0D
10-07 13:07:08.879   445   461 D hdmicecd: [CEC]:printCecMessage, [4 -> 0] len: 1, body: 0d, result:no ack
10-07 13:07:08.935   445   461 D hdmicecd: [CEC]:printCecMessage, [4 -> 0] len: 1, body: 0d, result:no ack
10-07 13:07:08.936   445   461 E IPCThreadState: binder thread pool (1 threads) starved for 110 ms
10-07 13:07:08.991   445   461 D hdmicecd: [CEC]:printCecMessage, [4 -> 0] len: 1, body: 0d, result:no ack
10-07 13:07:09.047   445   461 D hdmicecd: [CEC]:printCecMessage, [4 -> 0] len: 1, body: 0d, result:no ack
10-07 13:07:09.047   445   461 E IPCThreadState: binder thread pool (1 threads) starved for 112 ms
10-07 13:07:09.349   708   708 D ResendCecCommandAction: sendCommandWithoutRetries failed, retry
10-07 13:07:09.350   708   959 D HDMI    : [S]:<Text View On> 40:0D
10-07 13:07:09.403   445   461 D hdmicecd: [CEC]:printCecMessage, [4 -> 0] len: 1, body: 0d, result:no ack
10-07 13:07:09.445   429  1449 D rtk_heartbeat: heartbeat_timed_out: heartbeatCmdCount = 221, expected nextSeqNum = 221
10-07 13:07:09.446   429  1319 D rtk_heartbeat: rtkbt_heartbeat_cmpl_cback: Current SeqNum = 221,should SeqNum=221, status = 0
10-07 13:07:09.463   445   461 D hdmicecd: [CEC]:printCecMessage, [4 -> 0] len: 1, body: 0d, result:no ack
10-07 13:07:09.463   445   461 E IPCThreadState: binder thread pool (1 threads) starved for 114 ms
10-07 13:07:09.519   445   461 D hdmicecd: [CEC]:printCecMessage, [4 -> 0] len: 1, body: 0d, result:no ack
10-07 13:07:09.575   445   461 D hdmicecd: [CEC]:printCecMessage, [4 -> 0] len: 1, body: 0d, result:no ack
10-07 13:07:09.576   445   461 E IPCThreadState: binder thread pool (1 threads) starved for 112 ms
10-07 13:07:09.631   708  1566 E TaskPersister: File error accessing recents directory (directory doesn't exist?).
10-07 13:07:09.795  1127  1127 I ThermalService: CPU temperatures: [41.800003]
10-07 13:07:10.176     0     0 W [3 T1187  ..] RTW: rtw_get_sta_tx_stat() not support
10-07 13:07:10.176     0     0 W [3 T1187  ..] RTW: cfg80211_rtw_get_txpower
10-07 13:07:10.301   708   708 D HDMI    : one touch play retry:2
10-07 13:07:10.302   708   959 D HDMI    : [S]:<Text View On> 40:0D
10-07 13:07:10.359   445   461 D hdmicecd: [CEC]:printCecMessage, [4 -> 0] len: 1, body: 0d, result:no ack
10-07 13:07:10.415   445   461 D hdmicecd: [CEC]:printCecMessage, [4 -> 0] len: 1, body: 0d, result:no ack
10-07 13:07:10.416   445   461 E IPCThreadState: binder thread pool (1 threads) starved for 113 ms
10-07 13:07:10.445   429  1449 D rtk_heartbeat: heartbeat_timed_out: heartbeatCmdCount = 222, expected nextSeqNum = 222
10-07 13:07:10.446   429  1319 D rtk_heartbeat: rtkbt_heartbeat_cmpl_cback: Current SeqNum = 222,should SeqNum=222, status = 0
10-07 13:07:10.471   445   461 D hdmicecd: [CEC]:printCecMessage, [4 -> 0] len: 1, body: 0d, result:no ack
10-07 13:07:10.527   445   461 D hdmicecd: [CEC]:printCecMessage, [4 -> 0] len: 1, body: 0d, result:no ack
10-07 13:07:10.528   445   461 E IPCThreadState: binder thread pool (1 threads) starved for 112 ms
10-07 13:07:10.528   708   959 D HDMI    : [S]:<Give Device Power Status> 40:8F
10-07 13:07:10.528   708   708 D ResendCecCommandAction: ResendCecCommandAction started
10-07 13:07:10.583   445   461 D hdmicecd: [CEC]:printCecMessage, [4 -> 0] len: 1, body: 8f, result:no ack
10-07 13:07:10.639   445   461 D hdmicecd: [CEC]:printCecMessage, [4 -> 0] len: 1, body: 8f, result:no ack
10-07 13:07:10.640   445   461 E IPCThreadState: binder thread pool (1 threads) starved for 111 ms
10-07 13:07:10.695   445   461 D hdmicecd: [CEC]:printCecMessage, [4 -> 0] len: 1, body: 8f, result:no ack
10-07 13:07:10.751   445   461 D hdmicecd: [CEC]:printCecMessage, [4 -> 0] len: 1, body: 8f, result:no ack
10-07 13:07:10.752   445   461 E IPCThreadState: binder thread pool (1 threads) starved for 112 ms
10-07 13:07:10.829   708   708 D ResendCecCommandAction: sendCommandWithoutRetries failed, retry
10-07 13:07:10.829   708   959 D HDMI    : [S]:<Text View On> 40:0D
10-07 13:07:10.883   445   461 D hdmicecd: [CEC]:printCecMessage, [4 -> 0] len: 1, body: 0d, result:no ack
10-07 13:07:10.943   445   461 D hdmicecd: [CEC]:printCecMessage, [4 -> 0] len: 1, body: 0d, result:no ack
10-07 13:07:10.943   445   461 E IPCThreadState: binder thread pool (1 threads) starved for 114 ms
10-07 13:07:10.999   445   461 D hdmicecd: [CEC]:printCecMessage, [4 -> 0] len: 1, body: 0d, result:no ack
10-07 13:07:11.055   445   461 D hdmicecd: [CEC]:printCecMessage, [4 -> 0] len: 1, body: 0d, result:no ack
10-07 13:07:11.056   445   461 E IPCThreadState: binder thread pool (1 threads) starved for 112 ms
10-07 13:07:11.217   708   931 I serviceDiscovery: [MdnsAdvertiser] Found conflict, restarted probing for service 2
10-07 13:07:11.357   708   708 D ResendCecCommandAction: sendCommandWithoutRetries failed, retry
10-07 13:07:11.358   708   959 D HDMI    : [S]:<Text View On> 40:0D
10-07 13:07:11.415   445   461 D hdmicecd: [CEC]:printCecMessage, [4 -> 0] len: 1, body: 0d, result:no ack
10-07 13:07:11.445   429  1449 D rtk_heartbeat: heartbeat_timed_out: heartbeatCmdCount = 223, expected nextSeqNum = 223
10-07 13:07:11.446   429  1319 D rtk_heartbeat: rtkbt_heartbeat_cmpl_cback: Current SeqNum = 223,should SeqNum=223, status = 0
10-07 13:07:11.471   445   461 D hdmicecd: [CEC]:printCecMessage, [4 -> 0] len: 1, body: 0d, result:no ack
10-07 13:07:11.472   445   461 E IPCThreadState: binder thread pool (1 threads) starved for 113 ms
10-07 13:07:11.527   445   461 D hdmicecd: [CEC]:printCecMessage, [4 -> 0] len: 1, body: 0d, result:no ack
10-07 13:07:11.567   427   590 I audio_hw_hal_alsamgr: alsa format =0x9000000 delay frames =1408 total frames=10752000
10-07 13:07:11.583   445   461 D hdmicecd: [CEC]:printCecMessage, [4 -> 0] len: 1, body: 0d, result:no ack
10-07 13:07:11.583   445   461 E IPCThreadState: binder thread pool (1 threads) starved for 112 ms
10-07 13:07:11.797  1127  1127 I ThermalService: CPU temperatures: [41.500004]
10-07 13:07:11.962   427   590 I audio_hw_hal_alsamgr: alsa format =0x1 delay frames =1024 total frames=11520000
10-07 13:07:12.192   599   599 W adbd    : timeout expired while flushing socket, closing
10-07 13:07:12.302   708   708 D HDMI    : one touch play retry:3
10-07 13:07:12.303   708   959 D HDMI    : [S]:<Text View On> 40:0D
10-07 13:07:12.363   445   461 D hdmicecd: [CEC]:printCecMessage, [4 -> 0] len: 1, body: 0d, result:no ack
10-07 13:07:12.419   445   461 D hdmicecd: [CEC]:printCecMessage, [4 -> 0] len: 1, body: 0d, result:no ack
10-07 13:07:12.420   445   461 E IPCThreadState: binder thread pool (1 threads) starved for 115 ms
10-07 13:07:12.445   429  1449 D rtk_heartbeat: heartbeat_timed_out: heartbeatCmdCount = 224, expected nextSeqNum = 224
10-07 13:07:12.446   429  1319 D rtk_heartbeat: rtkbt_heartbeat_cmpl_cback: Current SeqNum = 224,should SeqNum=224, status = 0
10-07 13:07:12.475   445   461 D hdmicecd: [CEC]:printCecMessage, [4 -> 0] len: 1, body: 0d, result:no ack
10-07 13:07:12.531   445   461 D hdmicecd: [CEC]:printCecMessage, [4 -> 0] len: 1, body: 0d, result:no ack
10-07 13:07:12.531   445   461 E IPCThreadState: binder thread pool (1 threads) starved for 112 ms
10-07 13:07:12.532   708   708 D ResendCecCommandAction: ResendCecCommandAction started
10-07 13:07:12.533   708   959 D HDMI    : [S]:<Give Device Power Status> 40:8F
10-07 13:07:12.587   445   461 D hdmicecd: [CEC]:printCecMessage, [4 -> 0] len: 1, body: 8f, result:no ack
10-07 13:07:12.643   445   461 D hdmicecd: [CEC]:printCecMessage, [4 -> 0] len: 1, body: 8f, result:no ack
10-07 13:07:12.644   445   461 E IPCThreadState: binder thread pool (1 threads) starved for 110 ms
10-07 13:07:12.699   445   461 D hdmicecd: [CEC]:printCecMessage, [4 -> 0] len: 1, body: 8f, result:no ack
10-07 13:07:12.755   445   461 D hdmicecd: [CEC]:printCecMessage, [4 -> 0] len: 1, body: 8f, result:no ack
10-07 13:07:12.755   445   461 E IPCThreadState: binder thread pool (1 threads) starved for 112 ms
10-07 13:07:12.833   708   708 D ResendCecCommandAction: sendCommandWithoutRetries failed, retry
10-07 13:07:12.834   708   959 D HDMI    : [S]:<Text View On> 40:0D
10-07 13:07:12.887   445   461 D hdmicecd: [CEC]:printCecMessage, [4 -> 0] len: 1, body: 0d, result:no ack
10-07 13:07:12.943   445   461 D hdmicecd: [CEC]:printCecMessage, [4 -> 0] len: 1, body: 0d, result:no ack
10-07 13:07:12.943   445   461 E IPCThreadState: binder thread pool (1 threads) starved for 110 ms
10-07 13:07:12.999   445   461 D hdmicecd: [CEC]:printCecMessage, [4 -> 0] len: 1, body: 0d, result:no ack
10-07 13:07:13.055   445   461 D hdmicecd: [CEC]:printCecMessage, [4 -> 0] len: 1, body: 0d, result:no ack
10-07 13:07:13.055   445   461 E IPCThreadState: binder thread pool (1 threads) starved for 112 ms
10-07 13:07:13.182     0     0 W [1 T1187  ..] RTW: rtw_get_sta_tx_stat() not support
10-07 13:07:13.183     0     0 W [1 T1187  ..] RTW: cfg80211_rtw_get_txpower
10-07 13:07:13.356   708   708 D ResendCecCommandAction: sendCommandWithoutRetries failed, retry
10-07 13:07:13.356   708   959 D HDMI    : [S]:<Text View On> 40:0D
10-07 13:07:13.411   445   461 D hdmicecd: [CEC]:printCecMessage, [4 -> 0] len: 1, body: 0d, result:no ack
10-07 13:07:13.446   429  1449 D rtk_heartbeat: heartbeat_timed_out: heartbeatCmdCount = 225, expected nextSeqNum = 225
10-07 13:07:13.447   429  1319 D rtk_heartbeat: rtkbt_heartbeat_cmpl_cback: Current SeqNum = 225,should SeqNum=225, status = 0
10-07 13:07:13.467   445   461 D hdmicecd: [CEC]:printCecMessage, [4 -> 0] len: 1, body: 0d, result:no ack
10-07 13:07:13.467   445   461 E IPCThreadState: binder thread pool (1 threads) starved for 111 ms
10-07 13:07:13.523   445   461 D hdmicecd: [CEC]:printCecMessage, [4 -> 0] len: 1, body: 0d, result:no ack
10-07 13:07:13.579   445   461 D hdmicecd: [CEC]:printCecMessage, [4 -> 0] len: 1, body: 0d, result:no ack
10-07 13:07:13.580   445   461 E IPCThreadState: binder thread pool (1 threads) starved for 112 ms
10-07 13:07:13.801  1127  1127 I ThermalService: CPU temperatures: [41.500004]
10-07 13:07:14.303   708   708 D HDMI    : one touch play retry:4
10-07 13:07:14.304   708   959 D HDMI    : [S]:<Text View On> 40:0D
10-07 13:07:14.359   445   461 D hdmicecd: [CEC]:printCecMessage, [4 -> 0] len: 1, body: 0d, result:no ack
10-07 13:07:14.415   445   461 D hdmicecd: [CEC]:printCecMessage, [4 -> 0] len: 1, body: 0d, result:no ack
10-07 13:07:14.416   445   461 E IPCThreadState: binder thread pool (1 threads) starved for 111 ms
10-07 13:07:14.446   429  1449 D rtk_heartbeat: heartbeat_timed_out: heartbeatCmdCount = 226, expected nextSeqNum = 226
10-07 13:07:14.447   429  1319 D rtk_heartbeat: rtkbt_heartbeat_cmpl_cback: Current SeqNum = 226,should SeqNum=226, status = 0
10-07 13:07:14.471   445   461 D hdmicecd: [CEC]:printCecMessage, [4 -> 0] len: 1, body: 0d, result:no ack
10-07 13:07:14.527   445   461 D hdmicecd: [CEC]:printCecMessage, [4 -> 0] len: 1, body: 0d, result:no ack
10-07 13:07:14.528   445   461 E IPCThreadState: binder thread pool (1 threads) starved for 111 ms
10-07 13:07:14.529   708   959 D HDMI    : [S]:<Give Device Power Status> 40:8F
10-07 13:07:14.529   708   708 D ResendCecCommandAction: ResendCecCommandAction started
10-07 13:07:14.583   445   461 D hdmicecd: [CEC]:printCecMessage, [4 -> 0] len: 1, body: 8f, result:no ack
10-07 13:07:14.639   445   461 D hdmicecd: [CEC]:printCecMessage, [4 -> 0] len: 1, body: 8f, result:no ack
10-07 13:07:14.640   445   461 E IPCThreadState: binder thread pool (1 threads) starved for 111 ms
10-07 13:07:14.695   445   461 D hdmicecd: [CEC]:printCecMessage, [4 -> 0] len: 1, body: 8f, result:no ack
10-07 13:07:14.755   445   461 D hdmicecd: [CEC]:printCecMessage, [4 -> 0] len: 1, body: 8f, result:no ack
10-07 13:07:14.756   445   461 E IPCThreadState: binder thread pool (1 threads) starved for 116 ms
10-07 13:07:14.828   708   708 D ResendCecCommandAction: sendCommandWithoutRetries failed, retry
10-07 13:07:14.829   708   959 D HDMI    : [S]:<Text View On> 40:0D
10-07 13:07:14.883   445   461 D hdmicecd: [CEC]:printCecMessage, [4 -> 0] len: 1, body: 0d, result:no ack
10-07 13:07:14.939   445   461 D hdmicecd: [CEC]:printCecMessage, [4 -> 0] len: 1, body: 0d, result:no ack
10-07 13:07:14.939   445   461 E IPCThreadState: binder thread pool (1 threads) starved for 110 ms
10-07 13:07:14.995   445   461 D hdmicecd: [CEC]:printCecMessage, [4 -> 0] len: 1, body: 0d, result:no ack
10-07 13:07:15.051   445   461 D hdmicecd: [CEC]:printCecMessage, [4 -> 0] len: 1, body: 0d, result:no ack
10-07 13:07:15.052   445   461 E IPCThreadState: binder thread pool (1 threads) starved for 112 ms
10-07 13:07:15.353   708   708 D ResendCecCommandAction: sendCommandWithoutRetries failed, retry
10-07 13:07:15.353   708   959 D HDMI    : [S]:<Text View On> 40:0D
10-07 13:07:15.411   445   461 D hdmicecd: [CEC]:printCecMessage, [4 -> 0] len: 1, body: 0d, result:no ack
10-07 13:07:15.446   429  1449 D rtk_heartbeat: heartbeat_timed_out: heartbeatCmdCount = 227, expected nextSeqNum = 227
10-07 13:07:15.447   429  1319 D rtk_heartbeat: rtkbt_heartbeat_cmpl_cback: Current SeqNum = 227,should SeqNum=227, status = 0
10-07 13:07:15.467   445   461 D hdmicecd: [CEC]:printCecMessage, [4 -> 0] len: 1, body: 0d, result:no ack
10-07 13:07:15.468   445   461 E IPCThreadState: binder thread pool (1 threads) starved for 113 ms
10-07 13:07:15.524   445   461 D hdmicecd: [CEC]:printCecMessage, [4 -> 0] len: 1, body: 0d, result:no ack
10-07 13:07:15.579   445   461 D hdmicecd: [CEC]:printCecMessage, [4 -> 0] len: 1, body: 0d, result:no ack
10-07 13:07:15.580   445   461 E IPCThreadState: binder thread pool (1 threads) starved for 112 ms
10-07 13:07:15.804  1127  1127 I ThermalService: CPU temperatures: [41.4]
10-07 13:07:16.188     0     0 W [1 T1187  ..] RTW: rtw_get_sta_tx_stat() not support
10-07 13:07:16.188     0     0 W [1 T1187  ..] RTW: cfg80211_rtw_get_txpower
10-07 13:07:16.304   708   708 D HDMI    : one touch play retry:5
10-07 13:07:16.305   708   959 D HDMI    : [S]:<Text View On> 40:0D
10-07 13:07:16.359   445   461 D hdmicecd: [CEC]:printCecMessage, [4 -> 0] len: 1, body: 0d, result:no ack
10-07 13:07:16.415   445   461 D hdmicecd: [CEC]:printCecMessage, [4 -> 0] len: 1, body: 0d, result:no ack
10-07 13:07:16.415   445   461 E IPCThreadState: binder thread pool (1 threads) starved for 110 ms
10-07 13:07:16.435   708   875 D ActivityManager: freezing 1648 com.google.process.gservices
10-07 13:07:16.437   708   875 D ActivityManager: freezing 2188 com.android.providers.tv
10-07 13:07:16.438   708   875 D ActivityManager: freezing 2481 com.google.process.gapps
10-07 13:07:16.439   708   875 D ActivityManager: freezing 4552 android.process.acore
10-07 13:07:16.440   708   875 D ActivityManager: freezing 3390 com.android.providers.calendar
10-07 13:07:16.446   429  1449 D rtk_heartbeat: heartbeat_timed_out: heartbeatCmdCount = 228, expected nextSeqNum = 228
10-07 13:07:16.447   429  1319 D rtk_heartbeat: rtkbt_heartbeat_cmpl_cback: Current SeqNum = 228,should SeqNum=228, status = 0
10-07 13:07:16.471   445   461 D hdmicecd: [CEC]:printCecMessage, [4 -> 0] len: 1, body: 0d, result:no ack
10-07 13:07:16.531   445   461 D hdmicecd: [CEC]:printCecMessage, [4 -> 0] len: 1, body: 0d, result:no ack
10-07 13:07:16.531   445   461 E IPCThreadState: binder thread pool (1 threads) starved for 116 ms
10-07 13:07:16.532   708   959 D HDMI    : [S]:<Give Device Power Status> 40:8F
10-07 13:07:16.532   708   708 D ResendCecCommandAction: ResendCecCommandAction started
10-07 13:07:16.591   445   461 D hdmicecd: [CEC]:printCecMessage, [4 -> 0] len: 1, body: 8f, result:no ack
10-07 13:07:16.651   445   461 D hdmicecd: [CEC]:printCecMessage, [4 -> 0] len: 1, body: 8f, result:no ack
10-07 13:07:16.651   445   461 E IPCThreadState: binder thread pool (1 threads) starved for 119 ms
10-07 13:07:16.707   445   461 D hdmicecd: [CEC]:printCecMessage, [4 -> 0] len: 1, body: 8f, result:no ack
10-07 13:07:16.725  4873  4873 D MonkeyStub: translateCommand: press DPAD_CENTER
10-07 13:07:16.727   459   459 I lights-tch: flashMode 0 id 2 onMs 0 offMs 0 brightness 0
10-07 13:07:16.731   459   459 I lights-tch: flashMode 0 id 2 onMs 0 offMs 0 brightness 225
10-07 13:07:16.748  1592  4910 D ANALYTICS_IPTV: AnalyticsEventTracker ***Event***Event{ts=1728286636743, meta={"box_type":"iptv","source_of_stream":"1 | Home.screen_visible.none.none.none.none.none.none.none | none.screen_visible.none.none.none.none.none.none.none | TV_Channels.click.tab_click.none.none.1.tv_channels.none.none","asset_name":"tv_channels","asset_position":"1","app_version":"1.0.0024:242","box_model":"bx:1.2.3","action":"tab_click","firmware":"fw:1.2.3","source_name":"TV_Channels"}, uid=5ye_gfsYCZe-PoQ4A0, did=8fb17cc052aef526, os=Android, ov=34, bn=242, nq=-1, nt=2, nct=0, lc=en|hi, av=1.0.0024, dt=STB, type=click, adid=95acddf7-5a94-4681-bf0a-0a767be9f2c3, brand=Airtel-Xstream, model=XstreamIPTV1-VT, dname=Vantiva XstreamIPTV1-VT, appId=IPTV, sId=8fb17cc052aef526, profileId=, ab_test=86079:0|108429:0|42374:0|78244:0|95458:0|75817:0|60412:1|117812:1|120676:1|113632:1|116206:0|66480:0|100390:2|76965:1|110385:0|129832:2, city=New Delhi, state=National Capital Territory of Delhi, country=India, firebase_id=687ecd54b0fd95386e529fbf62179576} Critical: false
10-07 13:07:16.763   445   461 D hdmicecd: [CEC]:printCecMessage, [4 -> 0] len: 1, body: 8f, result:no ack
10-07 13:07:16.769   427   682 I audio_hw_hal_primary: [register_audio_patch:7826] Patch 3:id:3 mix(io:13)->dev_0[OUT_HDMI(id:18)] found, register the same patch, do nothing.
10-07 13:07:16.769   427   682 I audio_hw_hal_primary: [adev_create_audio_patch:7927] Patch 3: MIX->DEVICE, num_src:1 num_sink:1 patch_src:INVAL
10-07 13:07:16.769   427   682 I audio_hw_hal_primary: [adev_create_audio_patch:7931] sink[0]: OUT_HDMI(id:18)
10-07 13:07:16.769   427   682 I audio_hw_hal_primary: [adev_create_audio_patch:7988] Patch 3: mix(io:13) -> dev[OUT_HDMI(id:18)]
10-07 13:07:16.769   427   682 I audio_hw_hal_primary: [adev_create_audio_patch:8056] dev=0xe4682930 cur_out_device=0x400
10-07 13:07:16.770  1127  1365 D UEventObserver: change@/devices/platform/auge_sound/sound/card0/controlC0��ACTION=change��DEVPATH=/devices/platform/auge_sound/sound/card0/controlC0��SUBSYSTEM=sound��AUDIO_FORMAT=0��MAJOR=116��MINOR=11��DEVNAME=snd/controlC0��SEQNUM=3130��
10-07 13:07:16.770  1127  1365 W ContextImpl: Calling a method in the system process without a qualified user: android.app.ContextImpl.sendBroadcast:1220 android.content.ContextWrapper.sendBroadcast:504 com.droidlogic.audioservice.services.AudioSystemCmdService$1.onUEvent:177 com.droidlogic.UEventObserver$UEventThread.sendEvent:213 com.droidlogic.UEventObserver$UEventThread.run:190 
10-07 13:07:16.771   445   461 E IPCThreadState: binder thread pool (1 threads) starved for 119 ms
10-07 13:07:16.777   481   481 D audioserver: FGS Logger Transaction failed
10-07 13:07:16.777   481   481 D audioserver: -129
10-07 13:07:16.784   427  4838 I audio_hw_hal_primary: [mixer_aux_buffer_write:6665] io 13: out:0xe43040c0 usecase:PCM_NORMAL standby to unstandby
10-07 13:07:16.784   427  4838 E audio_hw_hal_virtualbuf: ms12 system input underrun happens read=20268835885 write=3199999950 diff=17068835935
10-07 13:07:16.791  1127  1356 I AudioSystemCmdService: onAudioPatchListUpdate
10-07 13:07:16.795  1127  1356 I AudioSystemCmdService: mAudioSink:[{{mHandle: 18, mRole: SINK}, mType: hdmi, mAddress: }], previousSink:[{{mHandle: 18, mRole: SINK}, mType: hdmi, mAddress: }]
10-07 13:07:16.795  1127  1356 I AudioSystemCmdService: updateAudioPatch cur sink does not change.
10-07 13:07:16.806   427  4838 I audio_hw_hal_stream: aml_stream_out_info_print: out:0xe43040c0, stream_type:pcm, sync_mode:non tunnel, input_size:4063232 bytes
10-07 13:07:16.806   427  4838 I audio_hw_hal_stream: aml_stream_out_info_print: last_time:240757 ms (sec:240, nsec:757090905), last_position:20977 ms (1006928), cur_time:257979 ms (sec:257, nsec:979088413), cur_position:21084 ms (1012048)
10-07 13:07:16.806   427  4838 I audio_hw_hal_stream: aml_stream_out_info_print: time_gap:17222 ms (thr:100 ms), position_gap:106 ms, delay:78 ms, jitter: Position gap is behind system time gap by 17116 ms (thr:100 ms)
10-07 13:07:16.846     0     0 I [1 T232   ..] logd: logdr: UID=2000 GID=2000 PID=4925 n tail=0 logMask=99 pid=0 start=0ns deadline=0ns
--------- beginning of main
10-07 13:07:16.948   427  4838 I audio_hw_hal_primary: [audiohal_get_latency:1258] io 13: out:0xe43040c0 frames:3072 rate:48000 whole_latency:64 alsa_latency:64
10-07 13:07:16.951  1592  1592 D ANALYTICS_IPTV: AnalyticsEventTracker ***Event***Event{ts=1728286636946, meta={"box_type":"iptv","source_of_stream":"2 | TV Channels.screen_visible.none.none.none.none.none.none.none","app_version":"1.0.0024:242","box_model":"bx:1.2.3","firmware":"fw:1.2.3","source_name":"TV Channels"}, uid=5ye_gfsYCZe-PoQ4A0, did=8fb17cc052aef526, os=Android, ov=34, bn=242, nq=-1, nt=2, nct=0, lc=en|hi, av=1.0.0024, dt=STB, type=screen_visible, adid=95acddf7-5a94-4681-bf0a-0a767be9f2c3, brand=Airtel-Xstream, model=XstreamIPTV1-VT, dname=Vantiva XstreamIPTV1-VT, appId=IPTV, sId=8fb17cc052aef526, profileId=, ab_test=86079:0|108429:0|42374:0|78244:0|95458:0|75817:0|60412:1|117812:1|120676:1|113632:1|116206:0|66480:0|100390:2|76965:1|110385:0|129832:2, city=New Delhi, state=National Capital Territory of Delhi, country=India, firebase_id=687ecd54b0fd95386e529fbf62179576} Critical: false
10-07 13:07:16.963  1592  1592 E ThemeUtils: View class androidx.appcompat.widget.AppCompatImageView is an AppCompat widget that can only be used with a Theme.AppCompat theme (or descendant).
10-07 13:07:16.966   427  4838 I audio_hw_hal_primary: [audiohal_get_latency:1258] io 13: out:0xe43040c0 frames:3072 rate:48000 whole_latency:64 alsa_latency:64
10-07 13:07:16.974   708   931 I serviceDiscovery: [MdnsAdvertiser.wlan0] Probing finished for service 2
10-07 13:07:16.988   427  4838 I audio_hw_hal_primary: [audiohal_get_latency:1258] io 13: out:0xe43040c0 frames:3072 rate:48000 whole_latency:64 alsa_latency:64
10-07 13:07:16.989   481   658 D audioserver: FGS Logger Transaction failed
10-07 13:07:16.989   481   658 D audioserver: -129
10-07 13:07:17.000   445   461 D hdmicecd: [CEC]:printCecMessage, [4 -> 0] len: 1, body: 0d, result:no ack
10-07 13:07:17.010   708  2078 D ConnectivityService: requestNetwork for uid/pid:10043/1592 activeRequest: null callbackRequest: 156 [NetworkRequest [ REQUEST id=157, [ Capabilities: INTERNET&NOT_RESTRICTED&TRUSTED&NOT_VCN_MANAGED Uid: 10043 RequestorUid: 10043 RequestorPkg: com.airtel.tv UnderlyingNetworks: Null] ]] callback flags: 0 order: 2147483647
10-07 13:07:17.012   708   920 D WifiNetworkFactory: got request NetworkRequest [ REQUEST id=157, [ Capabilities: INTERNET&NOT_RESTRICTED&TRUSTED&NOT_VCN_MANAGED Uid: 10043 RequestorUid: 10043 RequestorPkg: com.airtel.tv UnderlyingNetworks: Null] ]
10-07 13:07:17.012   708   920 D UntrustedWifiNetworkFactory: got request NetworkRequest [ REQUEST id=157, [ Capabilities: INTERNET&NOT_RESTRICTED&TRUSTED&NOT_VCN_MANAGED Uid: 10043 RequestorUid: 10043 RequestorPkg: com.airtel.tv UnderlyingNetworks: Null] ]
10-07 13:07:17.013   708   920 D OemPaidWifiNetworkFactory: got request NetworkRequest [ REQUEST id=157, [ Capabilities: INTERNET&NOT_RESTRICTED&TRUSTED&NOT_VCN_MANAGED Uid: 10043 RequestorUid: 10043 RequestorPkg: com.airtel.tv UnderlyingNetworks: Null] ]
10-07 13:07:17.014   708   928 D ConnectivityService: NetReassign [157 : null → 100] [c 0] [a 1] [i 2]
10-07 13:07:17.014   708   920 D MultiInternetWifiNetworkFactory: got request NetworkRequest [ REQUEST id=157, [ Capabilities: INTERNET&NOT_RESTRICTED&TRUSTED&NOT_VCN_MANAGED Uid: 10043 RequestorUid: 10043 RequestorPkg: com.airtel.tv UnderlyingNetworks: Null] ]
10-07 13:07:17.030  1221  2139 I AtvRemote.DiscoveryService: NDS Service registered: XstreamIPTV1-VT (7)
10-07 13:07:17.056   445   461 D hdmicecd: [CEC]:printCecMessage, [4 -> 0] len: 1, body: 0d, result:no ack
10-07 13:07:17.056   445   461 E IPCThreadState: binder thread pool (1 threads) starved for 113 ms
