--------- beginning of system
10-07 13:29:52.206   707  3060 I ActivityTaskManager: START u0 {flg=0x10000000 cmp=com.airtel.tv/.MainActivity} with LAUNCH_MULTIPLE from uid 2000 result code=-92
--------- beginning of main
10-07 13:29:52.251  4596  4596 D MonkeyStub: translateCommand: press KEYCODE_HOME
10-07 13:29:52.285   453   453 I lights-tch: flashMode 0 id 2 onMs 0 offMs 0 brightness 0
10-07 13:29:52.293   453   453 I lights-tch: flashMode 0 id 2 onMs 0 offMs 0 brightness 225
10-07 13:29:52.305   707   798 D HdmiControlService: Process pid: 707 is calling oneTouchPlay.
10-07 13:29:52.308   707   707 D HDMI    : oneTouchPlay com.android.server.hdmi.OneTouchPlayAction@1fb8b1
10-07 13:29:52.309   707   707 I OneTouchPlayAction: Start action.
10-07 13:29:52.310   707   707 D HDMI    : setActiveSource logical:0x04 physical:0x1000 OneTouchPlayAction#broadcastActiveSource()
10-07 13:29:52.310   707   942 D HDMI    : [S]:<Text View On> 40:0D
10-07 13:29:52.312   435  1205 D hdmicecd: [HdmiCecControl]:getPhysicalAddress, physical addr: 1000, last pa: 1000, ret = 0
10-07 13:29:52.313   435  1205 D hdmicecd: [HdmiCecControl]:getPhysicalAddress, physical addr: 1000, last pa: 1000, ret = 0
10-07 13:29:52.313   707   707 D HDMI    : ActiveSourceHistoryRecord active source=(0x04, 0x1000) isActiveSource=true from=OneTouchPlayAction#broadcastActiveSource()
10-07 13:29:52.317   707   707 D HDMI    : setActiveSource logical:0x04 physical:0x1000 ActiveSourceAction
10-07 13:29:52.317   435  1205 D hdmicecd: [HdmiCecControl]:getPhysicalAddress, physical addr: 1000, last pa: 1000, ret = 0
10-07 13:29:52.318   435  1205 D hdmicecd: [HdmiCecControl]:getPhysicalAddress, physical addr: 1000, last pa: 1000, ret = 0
10-07 13:29:52.319   707   707 D HDMI    : ActiveSourceHistoryRecord active source=(0x04, 0x1000) isActiveSource=true from=ActiveSourceAction
10-07 13:29:52.320   707   707 D HdmiControlService: Switching to full volume behavior
10-07 13:29:52.320   707   707 D HdmiControlService: Switching to full volume behavior
10-07 13:29:52.364   435   435 D hdmicecd: [CEC]:printCecMessage, [4 -> 0] len: 1, body: 0d, result:no ack
10-07 13:29:52.374   974  1043 D WindowManagerShell: TvPipMenuController: closeMenu()
10-07 13:29:52.381   974  1043 D WindowManagerShell: TvPipMenuController: switchToMenuMode: from=MODE_NO_MENU, to=MODE_NO_MENU
10-07 13:29:52.403   974   974 I vol.VolumeDialogImpl: mDialog.dismiss() reason: volume_controller from: com.android.systemui.volume.VolumeDialogImpl$7.onDismissRequested:3
--------- beginning of kernel
10-07 13:29:52.431     0     0 I [2 T798   ..] binder: 707:798 transaction failed 29189/-22, size 344-0 line 3258
10-07 13:29:52.420   435   435 D hdmicecd: [CEC]:printCecMessage, [4 -> 0] len: 1, body: 0d, result:no ack
10-07 13:29:52.420   435   435 E IPCThreadState: binder thread pool (1 threads) starved for 110 ms
10-07 13:29:52.438   707   798 E CellBroadcastUtils: getDefaultCellBroadcastReceiverPackageName: no package found
10-07 13:29:52.500     0     0 I [0 T228   ..] logd: logdr: UID=2000 GID=2000 PID=4732 n tail=0 logMask=99 pid=0 start=0ns deadline=0ns
10-07 13:29:52.476   435   435 D hdmicecd: [CEC]:printCecMessage, [4 -> 0] len: 1, body: 0d, result:no ack
--------- beginning of main
10-07 13:29:52.798  1624  1624 D MainActivity::onNewIntent: 
10-07 13:29:52.811  1779  1779 D BoundBrokerSvc: onBind: Intent { act=com.google.android.gms.measurement.START pkg=com.google.android.gms }
10-07 13:29:52.811  1779  1779 D BoundBrokerSvc: Loading bound service for intent: Intent { act=com.google.android.gms.measurement.START pkg=com.google.android.gms }
10-07 13:29:52.818  1624  1624 D MainActivity::onResume: 
10-07 13:29:52.834  1624  1624 D OTAWorker: MainActivity permission check
--------- beginning of system
10-07 13:29:52.835   707   707 D ResendCecCommandAction: sendCommandWithoutRetries failed, retry
10-07 13:29:52.836  1624  1624 D OTAWorker: MainActivity CheckForUpdate started
10-07 13:29:52.836  1624  1624 D OTAWorker Started: 
10-07 13:29:52.845   435   435 D hdmicecd: [CEC]:printCecMessage, [4 -> 0] len: 2, body: 8e 00, result:no ack
10-07 13:29:52.851  1624  1624 D OmniRemote.OTA_JNI: open file name:/data/user/0/com.airtel.tv/files/ota/Airtel-TL135-20240919-006-OTA.bin
10-07 13:29:52.852  1624  1624 D OmniRemote.OTA_JNI: 35,51,0,6
10-07 13:29:52.852  1624  1624 D OmniRemote.OmniBle: add services filter
10-07 13:29:52.852  1624  1624 D OmniRemote.OmniBle: insert image ids
10-07 13:29:52.858  1624  1624 D OmniRemote.OmniBle: device list size:0
10-07 13:29:52.858  1624  1624 E OmniRemote.OmniBle: report device not found
10-07 13:29:52.860  1624  1624 D MainFragment::onResume: 
10-07 13:29:52.879   707  3060 D AudioService: Volume controller visible: false
10-07 13:29:52.884  1624  1624 D ANALYTICS_IPTV: AnalyticsEventTracker ***Event***Event{ts=1728287992876, meta={"page_id":"dthNewHome","box_type":"iptv","source_of_stream":"1 | Home.screen_visible.none.none.none.none.none.none.none","app_version":"1.0.0024:242","box_model":"bx:1.2.3","firmware":"fw:1.2.3","source_name":"Home"}, uid=5ye_gfsYCZe-PoQ4A0, did=8fb17cc052aef526, os=Android, ov=34, bn=242, nq=-1, nt=2, nct=0, lc=en|ta, av=1.0.0024, dt=STB, type=screen_visible, adid=95acddf7-5a94-4681-bf0a-0a767be9f2c3, brand=Airtel-Xstream, model=XstreamIPTV1-VT, dname=Vantiva XstreamIPTV1-VT, appId=IPTV, sId=8fb17cc052aef526, profileId=, ab_test=86079:0|108429:0|42374:0|78244:0|95458:0|75817:0|60412:1|117812:1|120676:1|113632:1|116206:0|66480:0|100390:2|76965:1|110385:0|129832:2, city=New Delhi, state=National Capital Territory of Delhi, country=India, firebase_id=687ecd54b0fd95386e529fbf62179576} Critical: false
10-07 13:29:52.895   974  1043 D WindowManagerShell: TvPipController: onTaskStackChanged()
10-07 13:29:52.898  1143  1157 I NetflixService: onTaskStackChanged
10-07 13:29:52.900   435   435 D hdmicecd: [CEC]:printCecMessage, [4 -> 0] len: 2, body: 8e 00, result:no ack
10-07 13:29:52.900   435   435 E IPCThreadState: binder thread pool (1 threads) starved for 112 ms
10-07 13:29:52.902  1624  4595 D ANALYTICS_IPTV: AnalyticsEventTracker ***Event***Event{ts=1728287992894, meta={"UID":"5ye_gfsYCZe-PoQ4A0","subscriber_id":"3026341863-001","box_type":"iptv","asset_name":"rendering_complete","device_id":"8fb17cc052aef526","app_version":"1.0.0024:242","box_model":"bx:1.2.3","customer_id":"3026341863","firmware":"fw:1.2.3"}, uid=5ye_gfsYCZe-PoQ4A0, did=8fb17cc052aef526, os=Android, ov=34, bn=242, nq=-1, nt=2, nct=0, lc=en|ta, av=1.0.0024, dt=STB, type=layout_render_complete, adid=95acddf7-5a94-4681-bf0a-0a767be9f2c3, brand=Airtel-Xstream, model=XstreamIPTV1-VT, dname=Vantiva XstreamIPTV1-VT, appId=IPTV, sId=8fb17cc052aef526, profileId=, ab_test=86079:0|108429:0|42374:0|78244:0|95458:0|75817:0|60412:1|117812:1|120676:1|113632:1|116206:0|66480:0|100390:2|76965:1|110385:0|129832:2, city=New Delhi, state=National Capital Territory of Delhi, country=India, firebase_id=687ecd54b0fd95386e529fbf62179576} Critical: false
10-07 13:29:52.907  1624  1624 D ANALYTICS_IPTV: AnalyticsEventTracker ***Event***Event{ts=1728287992896, meta={"box_type":"iptv","source_of_stream":"1 | Home.screen_visible.none.none.none.none.none.none.none | none.screen_visible.none.none.none.none.none.none.none","app_version":"1.0.0024:242","box_model":"bx:1.2.3","source":"Home","firmware":"fw:1.2.3"}, uid=5ye_gfsYCZe-PoQ4A0, did=8fb17cc052aef526, os=Android, ov=34, bn=242, nq=-1, nt=2, nct=0, lc=en|ta, av=1.0.0024, dt=STB, type=screen_visible, adid=95acddf7-5a94-4681-bf0a-0a767be9f2c3, brand=Airtel-Xstream, model=XstreamIPTV1-VT, dname=Vantiva XstreamIPTV1-VT, appId=IPTV, sId=8fb17cc052aef526, profileId=, ab_test=86079:0|108429:0|42374:0|78244:0|95458:0|75817:0|60412:1|117812:1|120676:1|113632:1|116206:0|66480:0|100390:2|76965:1|110385:0|129832:2, city=New Delhi, state=National Capital Territory of Delhi, country=India, firebase_id=687ecd54b0fd95386e529fbf62179576} Critical: false
10-07 13:29:52.910   707   942 E HDMI    : [1]:Failed to send <Menu Status> 40:8E:00 with errorCode=1
10-07 13:29:52.910   707   942 D HDMI    : [S]:<System Audio Mode Request> 45:70:10:00
10-07 13:29:52.939  1624  1624 D OmniRemote.OmniOTAImpl: device not found
10-07 13:29:52.940  1624  1624 D OTAWorker onResult = 258: 
10-07 13:29:52.940  1624  1624 D OTAWorker remote device not found: 
10-07 13:29:52.940  1624  1624 D OTAWorker: MainActivity OTAWorker event received tv.airtel.xstream.util.RxEvent$RCUOtaEvents$DeviceNotFound@e95addf
10-07 13:29:52.968   435   435 D hdmicecd: [CEC]:printCecMessage, [4 -> 5] len: 3, body: 70 10 00, result:no ack
10-07 13:29:52.975   707   797 V WindowManager: Sent Transition #4 createdAt=10-07 13:29:52.432 via request=TransitionRequestInfo { type = OPEN, triggerTask = TaskInfo{userId=0 taskId=573 displayId=0 isRunning=true baseIntent=Intent { act=android.intent.action.MAIN cat=[android.intent.category.HOME] flg=0x10000100 cmp=com.airtel.tv/tv.airtel.xstream.login.LoginActivity } baseActivity=ComponentInfo{com.airtel.tv/tv.airtel.xstream.login.LoginActivity} topActivity=ComponentInfo{com.airtel.tv/tv.airtel.xstream.login.LoginActivity} origActivity=null realActivity=ComponentInfo{com.airtel.tv/tv.airtel.xstream.login.LoginActivity} numActivities=1 lastActiveTime=162781 supportsMultiWindow=false resizeMode=0 isResizeable=false minWidth=-1 minHeight=-1 defaultMinSize=220 token=WCT{RemoteToken{27cae07 Task{37c6122 #573 type=home A=10043:com.airtel.tv}}} topActivityType=2 pictureInPictureParams=null shouldDockBigOverlays=true launchIntoPipHostTaskId=-1 lastParentTaskIdBeforePip=-1 displayCutoutSafeInsets=null topActivityInfo=ActivityInfo{c866b34 tv.airtel.xstream.login.LoginActivity} launchCookies=[] positionInParent=Point(0, 0) parentTaskId=-1 isFocused=true isVisible=false isVisibleRequested=true isSleeping=false topActivityInSizeCompat=false topActivityEligibleForLetterboxEducation= false topActivityLetterboxed= false isFromDoubleTap= false topActivityLetterboxVerticalPosition= -1 topActivityLetterboxHorizontalPosition= -1 topActivityLetterboxWidth=-1 topActivityLetterboxHeight=-1 locusId=null displayAreaFeatureId=1 cameraCompatControlState=hidden}, remoteTransition = null, displayChange = null }
10-07 13:29:52.975   707   797 V WindowManager:     startWCT=WindowContainerTransaction { changes = {} hops = [] errorCallbackToken=null taskFragmentOrganizer=null }
10-07 13:29:52.977   707   797 V WindowManager:     info={id=4 t=OPEN f=0x0 trk=0 r=[0@Point(0, 0)] c=[{WCT{RemoteToken{8938efe Task{6f91b99 #570 type=standard A=10043:com.airtel.tv}}} m=CHANGE f=MOVE_TO_TOP leash=Surface(name=Task=570)/@0x3b7378b sb=Rect(0, 0 - 1920, 1080) eb=Rect(0, 0 - 1920, 1080) d=0}]}
10-07 13:29:52.982   974  1043 V WindowManagerShell: onTransitionReady android.os.BinderProxy@6f1bd56: {id=4 t=OPEN f=0x0 trk=0 r=[0@Point(0, 0)] c=[{WCT{android.window.IWindowContainerToken$Stub$Proxy@79ae473} m=CHANGE f=MOVE_TO_TOP leash=Surface(name=Task=570)/@0x9f82dad sb=Rect(0, 0 - 1920, 1080) eb=Rect(0, 0 - 1920, 1080) d=0}]}
10-07 13:29:52.983   974  1043 V WindowManagerShell: Playing animation for (#4)android.os.BinderProxy@6f1bd56@0
10-07 13:29:52.983   974  1043 V WindowManagerShell:  try handler com.android.wm.shell.keyguard.KeyguardTransitionHandler@7990309
10-07 13:29:52.983   974  1043 V WindowManagerShell:  try handler com.android.wm.shell.activityembedding.ActivityEmbeddingController@d09390e
10-07 13:29:52.985   974  1043 V WindowManagerShell:  try handler com.android.wm.shell.pip.tv.TvPipTransition@b23bf2f
10-07 13:29:52.985   974  1043 V WindowManagerShell:  try handler com.android.wm.shell.transition.RemoteTransitionHandler@fd2e93c
10-07 13:29:52.985   974  1043 V WindowManagerShell: Transition doesn't have explicit remote, search filters for match for {id=4 t=OPEN f=0x0 trk=0 r=[0@Point(0, 0)] c=[{WCT{android.window.IWindowContainerToken$Stub$Proxy@79ae473} m=CHANGE f=MOVE_TO_TOP leash=Surface(name=Task=570)/@0x9f82dad sb=Rect(0, 0 - 1920, 1080) eb=Rect(0, 0 - 1920, 1080) d=0}]}
10-07 13:29:52.985   974  1043 V WindowManagerShell:  Delegate animation for #4 to null
10-07 13:29:52.985   974  1043 V WindowManagerShell:  try handler com.android.wm.shell.transition.DefaultTransitionHandler@45c6c5
10-07 13:29:52.985   974  1043 V WindowManagerShell: start default transition animation, info = {id=4 t=OPEN f=0x0 trk=0 r=[0@Point(0, 0)] c=[{WCT{android.window.IWindowContainerToken$Stub$Proxy@79ae473} m=CHANGE f=MOVE_TO_TOP leash=Surface(name=Task=570)/@0x9f82dad sb=Rect(0, 0 - 1920, 1080) eb=Rect(0, 0 - 1920, 1080) d=0}]}
10-07 13:29:52.988   974  1043 V WindowManagerShell: Transition animation finished (aborted=false), notifying core (#4)android.os.BinderProxy@6f1bd56@0
10-07 13:29:52.988   707  1641 I ImeTracker: com.airtel.tv:ff998886: onRequestHide at ORIGIN_SERVER_HIDE_INPUT reason HIDE_SAME_WINDOW_FOCUSED_WITHOUT_EDITOR
10-07 13:29:52.989   707  1641 I ImeTracker: com.airtel.tv:ff998886: onCancelled at PHASE_SERVER_SHOULD_HIDE
10-07 13:29:52.990   707   797 V WindowManager: Finish Transition #4: created at 10-07 13:29:52.432 collect-started=1.298ms request-sent=43.472ms started=59.547ms ready=360.143ms sent=540.361ms finished=556.401ms
10-07 13:29:52.993   974  1043 V WindowManagerShell: Track 0 became idle
10-07 13:29:52.993   974  1043 V WindowManagerShell: All active transition animations finished
10-07 13:29:52.993   974  1043 V WindowManagerShell:  animated by com.android.wm.shell.transition.DefaultTransitionHandler@45c6c5
10-07 13:29:52.996   974  1043 V WindowManagerShell: Track 0 became idle
10-07 13:29:52.996  1391  1391 I GoogleInputMethodService: GoogleInputMethodService.onFinishInput():3184 
10-07 13:29:52.996   974  1043 V WindowManagerShell: All active transition animations finished
10-07 13:29:52.997  1391  1391 I GoogleInputMethodService: GoogleInputMethodService.updateDeviceLockedStatus():2246 repeatCheckTimes = 0, locked = false
10-07 13:29:52.997  1391  1391 I GoogleInputMethodService: GoogleInputMethodService.onStartInput():1982 onStartInput(EditorInfo{EditorInfo{packageName=com.airtel.tv, inputType=0, inputTypeString=NULL, enableLearning=false, autoCorrection=false, autoComplete=false, imeOptions=0, privateImeOptions=null, actionName=UNSPECIFIED, actionLabel=null, initialSelStart=-1, initialSelEnd=-1, initialCapsMode=0, label=null, fieldId=0, fieldName=null, extras=null, hintText=null, hintLocales=[]}}, false)
10-07 13:29:53.001  1391  1391 I GoogleInputMethodService: GoogleInputMethodService.updateDeviceLockedStatus():2246 repeatCheckTimes = 1, locked = false
10-07 13:29:53.003  1391  1391 I AndroidIME: InputBundleManager.loadActiveInputBundleId():450 loadActiveInputBundleId: und-Latn-x-password, password
10-07 13:29:53.004  1391  1391 I EmojiCompatManager: EmojiCompatManager.getEmojiCompatIfLoaded():342 EmojiCompat.init() was never called.
10-07 13:29:53.004  1391  1391 I EmojiCompatManager: java.lang.IllegalStateException: EmojiCompat is not initialized. Please call EmojiCompat.init() first
10-07 13:29:53.004  1391  1391 I EmojiCompatManager: 	at so.g(PG:3)
10-07 13:29:53.004  1391  1391 I EmojiCompatManager: 	at abd.a(PG:6)
10-07 13:29:53.004  1391  1391 I EmojiCompatManager: 	at edb.d(PG:1)
10-07 13:29:53.004  1391  1391 I EmojiCompatManager: 	at edb.b(PG:6)
10-07 13:29:53.004  1391  1391 I EmojiCompatManager: 	at com.android.inputmethod.latin.LatinIME.f(PG:286)
10-07 13:29:53.004  1391  1391 I EmojiCompatManager: 	at epp.onStartInput(PG:170)
10-07 13:29:53.004  1391  1391 I EmojiCompatManager: 	at android.inputmethodservice.InputMethodService.doStartInput(InputMethodService.java:3115)
10-07 13:29:53.004  1391  1391 I EmojiCompatManager: 	at android.inputmethodservice.InputMethodService$InputMethodImpl.startInput(InputMethodService.java:824)
10-07 13:29:53.004  1391  1391 I EmojiCompatManager: 	at android.inputmethodservice.InputMethodService$InputMethodImpl.dispatchStartInput(InputMethodService.java:853)
10-07 13:29:53.004  1391  1391 I EmojiCompatManager: 	at android.inputmethodservice.IInputMethodWrapper.executeMessage(IInputMethodWrapper.java:197)
10-07 13:29:53.004  1391  1391 I EmojiCompatManager: 	at com.android.internal.os.HandlerCaller$MyHandler.handleMessage(HandlerCaller.java:44)
10-07 13:29:53.004  1391  1391 I EmojiCompatManager: 	at android.os.Handler.dispatchMessage(Handler.java:106)
10-07 13:29:53.004  1391  1391 I EmojiCompatManager: 	at android.os.Looper.loopOnce(Looper.java:205)
10-07 13:29:53.004  1391  1391 I EmojiCompatManager: 	at android.os.Looper.loop(Looper.java:294)
10-07 13:29:53.004  1391  1391 I EmojiCompatManager: 	at android.app.ActivityThread.main(ActivityThread.java:8177)
10-07 13:29:53.004  1391  1391 I EmojiCompatManager: 	at java.lang.reflect.Method.invoke(Native Method)
10-07 13:29:53.004  1391  1391 I EmojiCompatManager: 	at com.android.internal.os.RuntimeInit$MethodAndArgsCaller.run(RuntimeInit.java:552)
10-07 13:29:53.004  1391  1391 I EmojiCompatManager: 	at com.android.internal.os.ZygoteInit.main(ZygoteInit.java:971)
10-07 13:29:53.024   435   435 D hdmicecd: [CEC]:printCecMessage, [4 -> 5] len: 3, body: 70 10 00, result:no ack
10-07 13:29:53.024   435   435 E IPCThreadState: binder thread pool (1 threads) starved for 113 ms
10-07 13:29:53.080   435   435 D hdmicecd: [CEC]:printCecMessage, [4 -> 5] len: 3, body: 70 10 00, result:no ack
10-07 13:29:53.136   435   435 D hdmicecd: [CEC]:printCecMessage, [4 -> 5] len: 3, body: 70 10 00, result:no ack
10-07 13:29:53.136   435   435 E IPCThreadState: binder thread pool (1 threads) starved for 112 ms
10-07 13:29:53.136   707   942 E HDMI    : [1]:Failed to send <System Audio Mode Request> 45:70:10:00 with errorCode=1
10-07 13:29:53.137   707   942 D HDMI    : [S]:<Give Device Power Status> 40:8F
10-07 13:29:53.152  1779  4744 D AdvertisingIdClient: AdvertisingIdClient already created.
10-07 13:29:53.152  1779  4744 D AdvertisingIdClient: AdvertisingIdClient is not bounded. Starting to bind it...
10-07 13:29:53.180  1779  4744 D AdvertisingIdClient: AdvertisingIdClient is bounded
10-07 13:29:53.192   435   435 D hdmicecd: [CEC]:printCecMessage, [4 -> 0] len: 1, body: 8f, result:no ack
10-07 13:29:53.210   707  3060 D ConnectivityService: requestNetwork for uid/pid:10043/1624 activeRequest: null callbackRequest: 119 [NetworkRequest [ REQUEST id=120, [ Capabilities: INTERNET&NOT_RESTRICTED&TRUSTED&NOT_VCN_MANAGED Uid: 10043 RequestorUid: 10043 RequestorPkg: com.airtel.tv UnderlyingNetworks: Null] ]] callback flags: 0 order: 2147483647
10-07 13:29:53.213   707   901 D WifiNetworkFactory: got request NetworkRequest [ REQUEST id=120, [ Capabilities: INTERNET&NOT_RESTRICTED&TRUSTED&NOT_VCN_MANAGED Uid: 10043 RequestorUid: 10043 RequestorPkg: com.airtel.tv UnderlyingNetworks: Null] ]
10-07 13:29:53.213   707   901 D UntrustedWifiNetworkFactory: got request NetworkRequest [ REQUEST id=120, [ Capabilities: INTERNET&NOT_RESTRICTED&TRUSTED&NOT_VCN_MANAGED Uid: 10043 RequestorUid: 10043 RequestorPkg: com.airtel.tv UnderlyingNetworks: Null] ]
10-07 13:29:53.214   707   901 D OemPaidWifiNetworkFactory: got request NetworkRequest [ REQUEST id=120, [ Capabilities: INTERNET&NOT_RESTRICTED&TRUSTED&NOT_VCN_MANAGED Uid: 10043 RequestorUid: 10043 RequestorPkg: com.airtel.tv UnderlyingNetworks: Null] ]
10-07 13:29:53.215   707   901 D MultiInternetWifiNetworkFactory: got request NetworkRequest [ REQUEST id=120, [ Capabilities: INTERNET&NOT_RESTRICTED&TRUSTED&NOT_VCN_MANAGED Uid: 10043 RequestorUid: 10043 RequestorPkg: com.airtel.tv UnderlyingNetworks: Null] ]
10-07 13:29:53.215   707   909 D ConnectivityService: NetReassign [120 : null → 100] [c 0] [a 1] [i 3]
10-07 13:29:53.232  1779  4744 I AdvertisingIdClient: shouldSendLog 50779
10-07 13:29:53.232  1779  4744 I AdvertisingIdClient: GetInfoInternal elapse 80ms
10-07 13:29:53.248   435   435 D hdmicecd: [CEC]:printCecMessage, [4 -> 0] len: 1, body: 8f, result:no ack
10-07 13:29:53.248   435   435 E IPCThreadState: binder thread pool (1 threads) starved for 111 ms
10-07 13:29:53.268  1143  1143 D NetflixService: handleMessage
10-07 13:29:53.270  1143  1143 D NetflixService: com.airtel.tv is visible.
10-07 13:29:53.270  1143  1143 D NetflixService: com.netflix.ninja is not top activity.
10-07 13:29:53.272  1143  1143 D NetflixService: processName:com.netflix.ninja,importance:400
10-07 13:29:53.276  1143  1143 D NetflixService: com.netflix.ninjais not top activity.
10-07 13:29:53.277  1143  1143 I NetflixService: fg: false  mIsNetflixFg: false
10-07 13:29:53.279  1143  1143 D NetflixService: com.airtel.tv is visible.
10-07 13:29:53.279  1143  1143 D NetflixService: com.google.android.youtube.tv is not top activity.
10-07 13:29:53.304   435   435 D hdmicecd: [CEC]:printCecMessage, [4 -> 0] len: 1, body: 8f, result:no ack
10-07 13:29:53.360   435   435 D hdmicecd: [CEC]:printCecMessage, [4 -> 0] len: 1, body: 8f, result:no ack
10-07 13:29:53.361   435   435 E IPCThreadState: binder thread pool (1 threads) starved for 111 ms
10-07 13:29:53.361   707   942 E HDMI    : [1]:Failed to send <Give Device Power Status> 40:8F with errorCode=1
10-07 13:29:53.361   707   942 D HDMI    : [S]:<Text View On> 40:0D
10-07 13:29:53.416  1143  1143 I ThermalService: CPU temperatures: [48.500004]
10-07 13:29:53.416   435   435 D hdmicecd: [CEC]:printCecMessage, [4 -> 0] len: 1, body: 0d, result:no ack
10-07 13:29:53.472   435   435 D hdmicecd: [CEC]:printCecMessage, [4 -> 0] len: 1, body: 0d, result:no ack
10-07 13:29:53.472   435   435 E IPCThreadState: binder thread pool (1 threads) starved for 111 ms
10-07 13:29:53.528   435   435 D hdmicecd: [CEC]:printCecMessage, [4 -> 0] len: 1, body: 0d, result:no ack
10-07 13:29:53.584   435   435 D hdmicecd: [CEC]:printCecMessage, [4 -> 0] len: 1, body: 0d, result:no ack
10-07 13:29:53.584   435   435 E IPCThreadState: binder thread pool (1 threads) starved for 111 ms
10-07 13:29:53.598  1143  1143 D NetflixService: handleMessage
10-07 13:29:53.600  1143  1143 D NetflixService: com.airtel.tv is visible.
10-07 13:29:53.600  1143  1143 D NetflixService: com.netflix.ninja is not top activity.
10-07 13:29:53.608  1143  1143 D NetflixService: processName:com.netflix.ninja,importance:400
10-07 13:29:53.610  1143  1143 D NetflixService: com.netflix.ninjais not top activity.
10-07 13:29:53.610  1143  1143 I NetflixService: fg: false  mIsNetflixFg: false
10-07 13:29:53.611  1143  1143 D NetflixService: com.airtel.tv is visible.
10-07 13:29:53.612  1143  1143 D NetflixService: com.google.android.youtube.tv is not top activity.
10-07 13:29:53.625   707   856 D ActivityManager: freezing 1825 com.technicolor.android.BootupTraceQR
10-07 13:29:53.632   424  1432 D rtk_heartbeat: heartbeat_timed_out: heartbeatCmdCount = 135, expected nextSeqNum = 135
10-07 13:29:53.633   424  1274 D rtk_heartbeat: rtkbt_heartbeat_cmpl_cback: Current SeqNum = 135,should SeqNum=135, status = 0
10-07 13:29:53.886   707   707 D ResendCecCommandAction: sendCommandWithoutRetries failed, retry
10-07 13:29:53.886   707   942 D HDMI    : [S]:<Text View On> 40:0D
10-07 13:29:53.940   435   435 D hdmicecd: [CEC]:printCecMessage, [4 -> 0] len: 1, body: 0d, result:no ack
10-07 13:29:53.996   435   435 D hdmicecd: [CEC]:printCecMessage, [4 -> 0] len: 1, body: 0d, result:no ack
10-07 13:29:53.996   435   435 E IPCThreadState: binder thread pool (1 threads) starved for 110 ms
10-07 13:29:54.008  1624  2516 I WM-WorkerWrapper: Worker result SUCCESS for Work [ id=915a3325-149a-4549-935e-96ec924487e3, tags={ tv.airtel.wynk.analytics.sync.service.AnalyticsSyncService, com.airtel.analyticsSyncService } ]
--------- beginning of kernel
10-07 13:29:54.074     0     0 W [3 T1167  ..] RTW: rtw_get_sta_tx_stat() not support
10-07 13:29:54.074     0     0 W [3 T1167  ..] RTW: cfg80211_rtw_get_txpower
10-07 13:29:54.052   435   435 D hdmicecd: [CEC]:printCecMessage, [4 -> 0] len: 1, body: 0d, result:no ack
10-07 13:29:54.108   435   435 D hdmicecd: [CEC]:printCecMessage, [4 -> 0] len: 1, body: 0d, result:no ack
10-07 13:29:54.108   435   435 E IPCThreadState: binder thread pool (1 threads) starved for 112 ms
10-07 13:29:54.109  1624  2516 I WM-WorkerWrapper: Worker result SUCCESS for Work [ id=8641d925-aa51-4012-b7b3-f1da61b7ad53, tags={ tv.airtel.wynk.analytics.sync.service.AnalyticsSyncService, com.airtel.analyticsSyncService } ]
10-07 13:29:54.285  1624  2661 D TrafficStats: tagSocket(120) with statsTag=0xffffffff, statsUid=-1
10-07 13:29:54.319   707   707 D HDMI    : one touch play retry:1
10-07 13:29:54.321   707   942 D HDMI    : [S]:<Text View On> 40:0D
10-07 13:29:54.376   435   435 D hdmicecd: [CEC]:printCecMessage, [4 -> 0] len: 1, body: 0d, result:no ack
10-07 13:29:54.439   435   435 D hdmicecd: [CEC]:printCecMessage, [4 -> 0] len: 1, body: 0d, result:no ack
10-07 13:29:54.439   435   435 E IPCThreadState: binder thread pool (1 threads) starved for 118 ms
10-07 13:29:54.441  1624  2516 I WM-WorkerWrapper: Worker result SUCCESS for Work [ id=ce603e05-2583-427b-9670-08501689dfb8, tags={ tv.airtel.wynk.analytics.sync.service.AnalyticsSyncService, com.airtel.analyticsSyncService } ]
10-07 13:29:54.496   435   435 D hdmicecd: [CEC]:printCecMessage, [4 -> 0] len: 1, body: 0d, result:no ack
10-07 13:29:54.552   435   435 D hdmicecd: [CEC]:printCecMessage, [4 -> 0] len: 1, body: 0d, result:no ack
10-07 13:29:54.552   435   435 E IPCThreadState: binder thread pool (1 threads) starved for 113 ms
10-07 13:29:54.553   707   942 D HDMI    : [S]:<Give Device Power Status> 40:8F
10-07 13:29:54.553   707   707 D ResendCecCommandAction: ResendCecCommandAction started
10-07 13:29:54.608   435   435 D hdmicecd: [CEC]:printCecMessage, [4 -> 0] len: 1, body: 8f, result:no ack
10-07 13:29:54.632   424  1432 D rtk_heartbeat: heartbeat_timed_out: heartbeatCmdCount = 136, expected nextSeqNum = 136
10-07 13:29:54.634   424  1274 D rtk_heartbeat: rtkbt_heartbeat_cmpl_cback: Current SeqNum = 136,should SeqNum=136, status = 0
10-07 13:29:54.664   435   435 D hdmicecd: [CEC]:printCecMessage, [4 -> 0] len: 1, body: 8f, result:no ack
10-07 13:29:54.664   435   435 E IPCThreadState: binder thread pool (1 threads) starved for 111 ms
10-07 13:29:54.720   435  1205 D hdmicecd: [CEC]:printCecMessage, [4 -> 0] len: 1, body: 8f, result:no ack
10-07 13:29:54.776   435  1205 D hdmicecd: [CEC]:printCecMessage, [4 -> 0] len: 1, body: 8f, result:no ack
10-07 13:29:54.776   435  1205 E IPCThreadState: binder thread pool (1 threads) starved for 112 ms
10-07 13:29:54.854   707   707 D ResendCecCommandAction: sendCommandWithoutRetries failed, retry
10-07 13:29:54.854   707   942 D HDMI    : [S]:<Text View On> 40:0D
10-07 13:29:54.912   435  1205 D hdmicecd: [CEC]:printCecMessage, [4 -> 0] len: 1, body: 0d, result:no ack
10-07 13:29:54.947  1624  1955 I WM-WorkerWrapper: Worker result SUCCESS for Work [ id=5b2ed242-6803-4f3d-b365-d657e59fbc2f, tags={ tv.airtel.wynk.analytics.sync.service.AnalyticsSyncService, com.airtel.analyticsSyncService } ]
10-07 13:29:54.968   435  1205 D hdmicecd: [CEC]:printCecMessage, [4 -> 0] len: 1, body: 0d, result:no ack
10-07 13:29:54.968   435  1205 E IPCThreadState: binder thread pool (1 threads) starved for 113 ms
10-07 13:29:55.024   435  1205 D hdmicecd: [CEC]:printCecMessage, [4 -> 0] len: 1, body: 0d, result:no ack
10-07 13:29:55.080   435  1205 D hdmicecd: [CEC]:printCecMessage, [4 -> 0] len: 1, body: 0d, result:no ack
10-07 13:29:55.080   435  1205 E IPCThreadState: binder thread pool (1 threads) starved for 112 ms
10-07 13:29:55.381   707   707 D ResendCecCommandAction: sendCommandWithoutRetries failed, retry
10-07 13:29:55.382   707   942 D HDMI    : [S]:<Text View On> 40:0D
10-07 13:29:55.420  1143  1143 I ThermalService: CPU temperatures: [48.800003]
10-07 13:29:55.436   435  1205 D hdmicecd: [CEC]:printCecMessage, [4 -> 0] len: 1, body: 0d, result:no ack
10-07 13:29:55.482  1624  1658 I com.airtel.tv: Background young concurrent copying GC freed 352478(10MB) AllocSpace objects, 14(1824KB) LOS objects, 11% free, 96MB/108MB, paused 343us,131us total 318.770ms
10-07 13:29:55.492   435  1205 D hdmicecd: [CEC]:printCecMessage, [4 -> 0] len: 1, body: 0d, result:no ack
10-07 13:29:55.492   435  1205 E IPCThreadState: binder thread pool (1 threads) starved for 110 ms
10-07 13:29:55.548   435  1205 D hdmicecd: [CEC]:printCecMessage, [4 -> 0] len: 1, body: 0d, result:no ack
10-07 13:29:55.604   435  1205 D hdmicecd: [CEC]:printCecMessage, [4 -> 0] len: 1, body: 0d, result:no ack
10-07 13:29:55.604   435  1205 E IPCThreadState: binder thread pool (1 threads) starved for 112 ms
10-07 13:29:55.633   424  1432 D rtk_heartbeat: heartbeat_timed_out: heartbeatCmdCount = 137, expected nextSeqNum = 137
10-07 13:29:55.634   424  1274 D rtk_heartbeat: rtkbt_heartbeat_cmpl_cback: Current SeqNum = 137,should SeqNum=137, status = 0
10-07 13:29:55.772  3092  3638 I cast_shell: [1007/132955.772656:INFO:mdns_app_filter.cc(3358)] MdnsAppFilter: responses sent in 69 seconds: 14
10-07 13:29:55.796   707  1597 E TaskPersister: File error accessing recents directory (directory doesn't exist?).
10-07 13:29:56.186   397  2434 W resolv  : SSL_connect write error 0, mark 0xf0064: Try again
10-07 13:29:56.204   397  2434 W resolv  : TLS Handshake failed
10-07 13:29:56.204   397  2434 W resolv  : query failed
10-07 13:29:56.205   397  2434 W resolv  : validateDnsTlsServer returned 0 for 192.168.1.1
10-07 13:29:56.206   397  2434 W resolv  : Validation failed
10-07 13:29:56.321   707   707 D HDMI    : one touch play retry:2
10-07 13:29:56.322   707   942 D HDMI    : [S]:<Text View On> 40:0D
10-07 13:29:56.380   435  1205 D hdmicecd: [CEC]:printCecMessage, [4 -> 0] len: 1, body: 0d, result:no ack
10-07 13:29:56.436   435  1205 D hdmicecd: [CEC]:printCecMessage, [4 -> 0] len: 1, body: 0d, result:no ack
10-07 13:29:56.436   435  1205 E IPCThreadState: binder thread pool (1 threads) starved for 114 ms
10-07 13:29:56.496   435  1205 D hdmicecd: [CEC]:printCecMessage, [4 -> 0] len: 1, body: 0d, result:no ack
10-07 13:29:56.552   435  1205 D hdmicecd: [CEC]:printCecMessage, [4 -> 0] len: 1, body: 0d, result:no ack
10-07 13:29:56.552   435  1205 E IPCThreadState: binder thread pool (1 threads) starved for 116 ms
10-07 13:29:56.553   707   942 D HDMI    : [S]:<Give Device Power Status> 40:8F
10-07 13:29:56.553   707   707 D ResendCecCommandAction: ResendCecCommandAction started
10-07 13:29:56.612   435  1205 D hdmicecd: [CEC]:printCecMessage, [4 -> 0] len: 1, body: 8f, result:no ack
10-07 13:29:56.633   424  1432 D rtk_heartbeat: heartbeat_timed_out: heartbeatCmdCount = 138, expected nextSeqNum = 138
10-07 13:29:56.634   424  1274 D rtk_heartbeat: rtkbt_heartbeat_cmpl_cback: Current SeqNum = 138,should SeqNum=138, status = 0
10-07 13:29:56.672   435  1205 D hdmicecd: [CEC]:printCecMessage, [4 -> 0] len: 1, body: 8f, result:no ack
10-07 13:29:56.672   435  1205 E IPCThreadState: binder thread pool (1 threads) starved for 119 ms
10-07 13:29:56.732   435  1205 D hdmicecd: [CEC]:printCecMessage, [4 -> 0] len: 1, body: 8f, result:no ack
10-07 13:29:56.792   435  1205 D hdmicecd: [CEC]:printCecMessage, [4 -> 0] len: 1, body: 8f, result:no ack
10-07 13:29:56.792   435  1205 E IPCThreadState: binder thread pool (1 threads) starved for 120 ms
10-07 13:29:56.853   707   707 D ResendCecCommandAction: sendCommandWithoutRetries failed, retry
10-07 13:29:56.854   707   942 D HDMI    : [S]:<Text View On> 40:0D
10-07 13:29:56.908   435  1205 D hdmicecd: [CEC]:printCecMessage, [4 -> 0] len: 1, body: 0d, result:no ack
10-07 13:29:56.964   435  1205 D hdmicecd: [CEC]:printCecMessage, [4 -> 0] len: 1, body: 0d, result:no ack
10-07 13:29:56.964   435  1205 E IPCThreadState: binder thread pool (1 threads) starved for 110 ms
10-07 13:29:57.020   435  1205 D hdmicecd: [CEC]:printCecMessage, [4 -> 0] len: 1, body: 0d, result:no ack
10-07 13:29:57.079     0     0 W [2 T1167  ..] RTW: rtw_get_sta_tx_stat() not support
10-07 13:29:57.079     0     0 W [2 T1167  ..] RTW: cfg80211_rtw_get_txpower
10-07 13:29:57.076   435  1205 D hdmicecd: [CEC]:printCecMessage, [4 -> 0] len: 1, body: 0d, result:no ack
10-07 13:29:57.076   435  1205 E IPCThreadState: binder thread pool (1 threads) starved for 112 ms
10-07 13:29:57.274   422   581 I audio_hw_hal_alsamgr: alsa format =0x1 delay frames =1024 total frames=7424000
10-07 13:29:57.377   707   707 D ResendCecCommandAction: sendCommandWithoutRetries failed, retry
10-07 13:29:57.377   707   942 D HDMI    : [S]:<Text View On> 40:0D
10-07 13:29:57.423  1143  1143 I ThermalService: CPU temperatures: [46.500004]
10-07 13:29:57.432   435  1205 D hdmicecd: [CEC]:printCecMessage, [4 -> 0] len: 1, body: 0d, result:no ack
10-07 13:29:57.492   435  1205 D hdmicecd: [CEC]:printCecMessage, [4 -> 0] len: 1, body: 0d, result:no ack
10-07 13:29:57.492   435  1205 E IPCThreadState: binder thread pool (1 threads) starved for 114 ms
10-07 13:29:57.552   435  1205 D hdmicecd: [CEC]:printCecMessage, [4 -> 0] len: 1, body: 0d, result:no ack
10-07 13:29:57.608   435  1205 D hdmicecd: [CEC]:printCecMessage, [4 -> 0] len: 1, body: 0d, result:no ack
10-07 13:29:57.608   435  1205 E IPCThreadState: binder thread pool (1 threads) starved for 116 ms
10-07 13:29:57.633   424  1432 D rtk_heartbeat: heartbeat_timed_out: heartbeatCmdCount = 139, expected nextSeqNum = 139
10-07 13:29:57.634   424  1274 D rtk_heartbeat: rtkbt_heartbeat_cmpl_cback: Current SeqNum = 139,should SeqNum=139, status = 0
10-07 13:29:58.323   707   707 D HDMI    : one touch play retry:3
10-07 13:29:58.324   707   942 D HDMI    : [S]:<Text View On> 40:0D
10-07 13:29:58.380   435  1205 D hdmicecd: [CEC]:printCecMessage, [4 -> 0] len: 1, body: 0d, result:no ack
10-07 13:29:58.436   435  1205 D hdmicecd: [CEC]:printCecMessage, [4 -> 0] len: 1, body: 0d, result:no ack
10-07 13:29:58.436   435  1205 E IPCThreadState: binder thread pool (1 threads) starved for 112 ms
10-07 13:29:58.492   435  1205 D hdmicecd: [CEC]:printCecMessage, [4 -> 0] len: 1, body: 0d, result:no ack
10-07 13:29:58.552   435  1205 D hdmicecd: [CEC]:printCecMessage, [4 -> 0] len: 1, body: 0d, result:no ack
10-07 13:29:58.552   435  1205 E IPCThreadState: binder thread pool (1 threads) starved for 116 ms
10-07 13:29:58.552   707   942 D HDMI    : [S]:<Give Device Power Status> 40:8F
10-07 13:29:58.553   707   707 D ResendCecCommandAction: ResendCecCommandAction started
10-07 13:29:58.612   435  1205 D hdmicecd: [CEC]:printCecMessage, [4 -> 0] len: 1, body: 8f, result:no ack
10-07 13:29:58.633   424  1432 D rtk_heartbeat: heartbeat_timed_out: heartbeatCmdCount = 140, expected nextSeqNum = 140
10-07 13:29:58.634   424  1274 D rtk_heartbeat: rtkbt_heartbeat_cmpl_cback: Current SeqNum = 140,should SeqNum=140, status = 0
10-07 13:29:58.672   435  1205 D hdmicecd: [CEC]:printCecMessage, [4 -> 0] len: 1, body: 8f, result:no ack
10-07 13:29:58.672   435  1205 E IPCThreadState: binder thread pool (1 threads) starved for 119 ms
10-07 13:29:58.732   435  1205 D hdmicecd: [CEC]:printCecMessage, [4 -> 0] len: 1, body: 8f, result:no ack
10-07 13:29:58.788   435  1205 D hdmicecd: [CEC]:printCecMessage, [4 -> 0] len: 1, body: 8f, result:no ack
10-07 13:29:58.788   435  1205 E IPCThreadState: binder thread pool (1 threads) starved for 116 ms
10-07 13:29:58.853   707   707 D ResendCecCommandAction: sendCommandWithoutRetries failed, retry
10-07 13:29:58.853   707   942 D HDMI    : [S]:<Text View On> 40:0D
10-07 13:29:58.908   435  1205 D hdmicecd: [CEC]:printCecMessage, [4 -> 0] len: 1, body: 0d, result:no ack
10-07 13:29:58.968   435  1205 D hdmicecd: [CEC]:printCecMessage, [4 -> 0] len: 1, body: 0d, result:no ack
10-07 13:29:58.968   435  1205 E IPCThreadState: binder thread pool (1 threads) starved for 115 ms
10-07 13:29:59.028   435  1205 D hdmicecd: [CEC]:printCecMessage, [4 -> 0] len: 1, body: 0d, result:no ack
10-07 13:29:59.084   435  1205 D hdmicecd: [CEC]:printCecMessage, [4 -> 0] len: 1, body: 0d, result:no ack
10-07 13:29:59.084   435  1205 E IPCThreadState: binder thread pool (1 threads) starved for 116 ms
10-07 13:29:59.385   707   707 D ResendCecCommandAction: sendCommandWithoutRetries failed, retry
10-07 13:29:59.385   707   942 D HDMI    : [S]:<Text View On> 40:0D
10-07 13:29:59.426  1143  1143 I ThermalService: CPU temperatures: [45.800003]
10-07 13:29:59.440   435  1205 D hdmicecd: [CEC]:printCecMessage, [4 -> 0] len: 1, body: 0d, result:no ack
10-07 13:29:59.500   435  1205 D hdmicecd: [CEC]:printCecMessage, [4 -> 0] len: 1, body: 0d, result:no ack
10-07 13:29:59.500   435  1205 E IPCThreadState: binder thread pool (1 threads) starved for 114 ms
10-07 13:29:59.556   435  1205 D hdmicecd: [CEC]:printCecMessage, [4 -> 0] len: 1, body: 0d, result:no ack
10-07 13:29:59.612   435  1205 D hdmicecd: [CEC]:printCecMessage, [4 -> 0] len: 1, body: 0d, result:no ack
10-07 13:29:59.612   435  1205 E IPCThreadState: binder thread pool (1 threads) starved for 112 ms
10-07 13:29:59.633   424  1432 D rtk_heartbeat: heartbeat_timed_out: heartbeatCmdCount = 141, expected nextSeqNum = 141
10-07 13:29:59.634   424  1274 D rtk_heartbeat: rtkbt_heartbeat_cmpl_cback: Current SeqNum = 141,should SeqNum=141, status = 0
10-07 13:30:00.082     0     0 W [3 T1167  ..] RTW: rtw_get_sta_tx_stat() not support
10-07 13:30:00.082     0     0 W [3 T1167  ..] RTW: cfg80211_rtw_get_txpower
10-07 13:30:00.325   707   707 D HDMI    : one touch play retry:4
10-07 13:30:00.325   707   942 D HDMI    : [S]:<Text View On> 40:0D
10-07 13:30:00.384   435  1205 D hdmicecd: [CEC]:printCecMessage, [4 -> 0] len: 1, body: 0d, result:no ack
10-07 13:30:00.440   435  1205 D hdmicecd: [CEC]:printCecMessage, [4 -> 0] len: 1, body: 0d, result:no ack
10-07 13:30:00.440   435  1205 E IPCThreadState: binder thread pool (1 threads) starved for 114 ms
10-07 13:30:00.500   435  1205 D hdmicecd: [CEC]:printCecMessage, [4 -> 0] len: 1, body: 0d, result:no ack
10-07 13:30:00.556   435  1205 D hdmicecd: [CEC]:printCecMessage, [4 -> 0] len: 1, body: 0d, result:no ack
10-07 13:30:00.556   435  1205 E IPCThreadState: binder thread pool (1 threads) starved for 116 ms
10-07 13:30:00.556   707   942 D HDMI    : [S]:<Give Device Power Status> 40:8F
10-07 13:30:00.557   707   707 D ResendCecCommandAction: ResendCecCommandAction started
10-07 13:30:00.612   435  1205 D hdmicecd: [CEC]:printCecMessage, [4 -> 0] len: 1, body: 8f, result:no ack
10-07 13:30:00.634   424  1432 D rtk_heartbeat: heartbeat_timed_out: heartbeatCmdCount = 142, expected nextSeqNum = 142
10-07 13:30:00.635   424  1274 D rtk_heartbeat: rtkbt_heartbeat_cmpl_cback: Current SeqNum = 142,should SeqNum=142, status = 0
10-07 13:30:00.668   435  1205 D hdmicecd: [CEC]:printCecMessage, [4 -> 0] len: 1, body: 8f, result:no ack
10-07 13:30:00.668   435  1205 E IPCThreadState: binder thread pool (1 threads) starved for 111 ms
10-07 13:30:00.724   435  1205 D hdmicecd: [CEC]:printCecMessage, [4 -> 0] len: 1, body: 8f, result:no ack
10-07 13:30:00.784   435  1205 D hdmicecd: [CEC]:printCecMessage, [4 -> 0] len: 1, body: 8f, result:no ack
10-07 13:30:00.784   435  1205 E IPCThreadState: binder thread pool (1 threads) starved for 116 ms
10-07 13:30:00.856   707   707 D ResendCecCommandAction: sendCommandWithoutRetries failed, retry
10-07 13:30:00.856   707   942 D HDMI    : [S]:<Text View On> 40:0D
10-07 13:30:00.916   435  1205 D hdmicecd: [CEC]:printCecMessage, [4 -> 0] len: 1, body: 0d, result:no ack
10-07 13:30:00.976   435  1205 D hdmicecd: [CEC]:printCecMessage, [4 -> 0] len: 1, body: 0d, result:no ack
10-07 13:30:00.976   435  1205 E IPCThreadState: binder thread pool (1 threads) starved for 120 ms
10-07 13:30:01.032   435  1205 D hdmicecd: [CEC]:printCecMessage, [4 -> 0] len: 1, body: 0d, result:no ack
10-07 13:30:01.088   435  1205 D hdmicecd: [CEC]:printCecMessage, [4 -> 0] len: 1, body: 0d, result:no ack
10-07 13:30:01.088   435  1205 E IPCThreadState: binder thread pool (1 threads) starved for 112 ms
10-07 13:30:01.389   707   707 D ResendCecCommandAction: sendCommandWithoutRetries failed, retry
10-07 13:30:01.390   707   942 D HDMI    : [S]:<Text View On> 40:0D
10-07 13:30:01.430  1143  1143 I ThermalService: CPU temperatures: [45.600002]
10-07 13:30:01.444   435  1205 D hdmicecd: [CEC]:printCecMessage, [4 -> 0] len: 1, body: 0d, result:no ack
10-07 13:30:01.504   435  1205 D hdmicecd: [CEC]:printCecMessage, [4 -> 0] len: 1, body: 0d, result:no ack
10-07 13:30:01.504   435  1205 E IPCThreadState: binder thread pool (1 threads) starved for 114 ms
10-07 13:30:01.560   435  1205 D hdmicecd: [CEC]:printCecMessage, [4 -> 0] len: 1, body: 0d, result:no ack
10-07 13:30:01.620   435  1205 D hdmicecd: [CEC]:printCecMessage, [4 -> 0] len: 1, body: 0d, result:no ack
10-07 13:30:01.620   435  1205 E IPCThreadState: binder thread pool (1 threads) starved for 116 ms
10-07 13:30:01.634   424  1432 D rtk_heartbeat: heartbeat_timed_out: heartbeatCmdCount = 143, expected nextSeqNum = 143
10-07 13:30:01.635   424  1274 D rtk_heartbeat: rtkbt_heartbeat_cmpl_cback: Current SeqNum = 143,should SeqNum=143, status = 0
10-07 13:30:02.326   707   707 D HDMI    : one touch play retry:5
10-07 13:30:02.327   707   942 D HDMI    : [S]:<Text View On> 40:0D
10-07 13:30:02.388   435  1205 D hdmicecd: [CEC]:printCecMessage, [4 -> 0] len: 1, body: 0d, result:no ack
10-07 13:30:02.444   435  1205 D hdmicecd: [CEC]:printCecMessage, [4 -> 0] len: 1, body: 0d, result:no ack
10-07 13:30:02.444   435  1205 E IPCThreadState: binder thread pool (1 threads) starved for 117 ms
10-07 13:30:02.500   435  1205 D hdmicecd: [CEC]:printCecMessage, [4 -> 0] len: 1, body: 0d, result:no ack
10-07 13:30:02.539   707   856 D ActivityManager: freezing 1647 com.google.process.gservices
10-07 13:30:02.540   707   856 D ActivityManager: freezing 2475 com.google.process.gapps
10-07 13:30:02.541   707   856 D ActivityManager: freezing 2177 com.android.providers.tv
10-07 13:30:02.542   707   856 D ActivityManager: freezing 2639 android.process.acore
10-07 13:30:02.556   435  1205 D hdmicecd: [CEC]:printCecMessage, [4 -> 0] len: 1, body: 0d, result:no ack
10-07 13:30:02.556   435  1205 E IPCThreadState: binder thread pool (1 threads) starved for 112 ms
10-07 13:30:02.556   707   942 D HDMI    : [S]:<Give Device Power Status> 40:8F
10-07 13:30:02.556   707   707 D ResendCecCommandAction: ResendCecCommandAction started
10-07 13:30:02.608   422   581 I audio_hw_hal_alsamgr: alsa format =0x1 delay frames =1024 total frames=7680000
10-07 13:30:02.612   435  1205 D hdmicecd: [CEC]:printCecMessage, [4 -> 0] len: 1, body: 8f, result:no ack
10-07 13:30:02.634   424  1432 D rtk_heartbeat: heartbeat_timed_out: heartbeatCmdCount = 144, expected nextSeqNum = 144
10-07 13:30:02.645   424  1274 D rtk_heartbeat: rtkbt_heartbeat_cmpl_cback: Current SeqNum = 144,should SeqNum=144, status = 0
10-07 13:30:02.672   435  1205 D hdmicecd: [CEC]:printCecMessage, [4 -> 0] len: 1, body: 8f, result:no ack
10-07 13:30:02.672   435  1205 E IPCThreadState: binder thread pool (1 threads) starved for 115 ms
10-07 13:30:02.732   435  1205 D hdmicecd: [CEC]:printCecMessage, [4 -> 0] len: 1, body: 8f, result:no ack
10-07 13:30:02.788   435  1205 D hdmicecd: [CEC]:printCecMessage, [4 -> 0] len: 1, body: 8f, result:no ack
10-07 13:30:02.788   435  1205 E IPCThreadState: binder thread pool (1 threads) starved for 116 ms
10-07 13:30:02.857   707   707 D ResendCecCommandAction: sendCommandWithoutRetries failed, retry
10-07 13:30:02.858   707   942 D HDMI    : [S]:<Text View On> 40:0D
10-07 13:30:02.867  4596  4596 D MonkeyStub: translateCommand: press DPAD_CENTER
10-07 13:30:02.869   453   453 I lights-tch: flashMode 0 id 2 onMs 0 offMs 0 brightness 0
10-07 13:30:02.873   453   453 I lights-tch: flashMode 0 id 2 onMs 0 offMs 0 brightness 225
10-07 13:30:02.911   422  4360 I audio_hw_hal_primary: [register_audio_patch:7826] Patch 3:id:3 mix(io:13)->dev_0[OUT_HDMI(id:18)] found, register the same patch, do nothing.
10-07 13:30:02.911   422  4360 I audio_hw_hal_primary: [adev_create_audio_patch:7927] Patch 3: MIX->DEVICE, num_src:1 num_sink:1 patch_src:INVAL
10-07 13:30:02.911   422  4360 I audio_hw_hal_primary: [adev_create_audio_patch:7931] sink[0]: OUT_HDMI(id:18)
10-07 13:30:02.911   422  4360 I audio_hw_hal_primary: [adev_create_audio_patch:7988] Patch 3: mix(io:13) -> dev[OUT_HDMI(id:18)]
10-07 13:30:02.911  1143  1282 D UEventObserver: change@/devices/platform/auge_sound/sound/card0/controlC0��ACTION=change��DEVPATH=/devices/platform/auge_sound/sound/card0/controlC0��SUBSYSTEM=sound��AUDIO_FORMAT=0��MAJOR=116��MINOR=11��DEVNAME=snd/controlC0��SEQNUM=3121��
10-07 13:30:02.911   422  4360 I audio_hw_hal_primary: [adev_create_audio_patch:8056] dev=0xf3042930 cur_out_device=0x400
10-07 13:30:02.912  1143  1282 W ContextImpl: Calling a method in the system process without a qualified user: android.app.ContextImpl.sendBroadcast:1220 android.content.ContextWrapper.sendBroadcast:504 com.droidlogic.audioservice.services.AudioSystemCmdService$1.onUEvent:177 com.droidlogic.UEventObserver$UEventThread.sendEvent:213 com.droidlogic.UEventObserver$UEventThread.run:190 
10-07 13:30:02.914   435  1205 D hdmicecd: [CEC]:printCecMessage, [4 -> 0] len: 1, body: 0d, result:no ack
10-07 13:30:02.918   467   610 D audioserver: FGS Logger Transaction failed
10-07 13:30:02.918   467   610 D audioserver: -129
10-07 13:30:02.922   422  4355 I audio_hw_hal_primary: [mixer_aux_buffer_write:6665] io 13: out:0xf2540010 usecase:PCM_NORMAL standby to unstandby
10-07 13:30:02.922   422  4355 E audio_hw_hal_virtualbuf: ms12 system input underrun happens read=70582407951 write=5247999918 diff=65334408033
10-07 13:30:02.929  1143  1279 I AudioSystemCmdService: onAudioPatchListUpdate
10-07 13:30:02.933  1143  1279 I AudioSystemCmdService: mAudioSink:[{{mHandle: 18, mRole: SINK}, mType: hdmi, mAddress: }], previousSink:[{{mHandle: 18, mRole: SINK}, mType: hdmi, mAddress: }]
10-07 13:30:02.933  1143  1279 I AudioSystemCmdService: updateAudioPatch cur sink does not change.
10-07 13:30:02.945   422  4355 I audio_hw_hal_stream: aml_stream_out_info_print: out:0xf2540010, stream_type:pcm, sync_mode:non tunnel, input_size:2736128 bytes
10-07 13:30:02.945   422  4355 I audio_hw_hal_stream: aml_stream_out_info_print: last_time:107791 ms (sec:107, nsec:791324550), last_position:14092 ms (676432), cur_time:173253 ms (sec:173, nsec:253659373), cur_position:14177 ms (680528)
10-07 13:30:02.945   422  4355 I audio_hw_hal_stream: aml_stream_out_info_print: time_gap:65462 ms (thr:100 ms), position_gap:85 ms, delay:73 ms, jitter: Position gap is behind system time gap by 65377 ms (thr:100 ms)
10-07 13:30:02.969     0     0 I [1 T228   ..] logd: logdr: UID=2000 GID=2000 PID=4750 n tail=0 logMask=99 pid=0 start=0ns deadline=0ns
--------- beginning of main
10-07 13:30:03.126   422  4355 I audio_hw_hal_primary: [audiohal_get_latency:1258] io 13: out:0xf2540010 frames:3072 rate:48000 whole_latency:64 alsa_latency:64
10-07 13:30:03.126   467   662 D audioserver: FGS Logger Transaction failed
10-07 13:30:03.126   467   662 D audioserver: -129
--------- beginning of system
10-07 13:30:03.382   707   707 D ResendCecCommandAction: sendCommandWithoutRetries failed, retry
10-07 13:30:03.382   707   942 D HDMI    : [S]:<Text View On> 40:0D
10-07 13:30:03.432  1143  1143 I ThermalService: CPU temperatures: [45.800003]
10-07 13:30:03.436   435  1205 D hdmicecd: [CEC]:printCecMessage, [4 -> 0] len: 1, body: 0d, result:no ack
10-07 13:30:03.492   435  1205 D hdmicecd: [CEC]:printCecMessage, [4 -> 0] len: 1, body: 0d, result:no ack
10-07 13:30:03.492   435  1205 E IPCThreadState: binder thread pool (1 threads) starved for 110 ms
10-07 13:30:03.548   435  1205 D hdmicecd: [CEC]:printCecMessage, [4 -> 0] len: 1, body: 0d, result:no ack
10-07 13:30:03.604   435  1205 D hdmicecd: [CEC]:printCecMessage, [4 -> 0] len: 1, body: 0d, result:no ack
10-07 13:30:03.604   435  1205 E IPCThreadState: binder thread pool (1 threads) starved for 112 ms
10-07 13:30:03.606  1624  1658 I com.airtel.tv: Background young concurrent copying GC freed 334369(10MB) AllocSpace objects, 0(0B) LOS objects, 7% free, 99MB/108MB, paused 201us,133us total 138.733ms
10-07 13:30:03.634   424  1432 D rtk_heartbeat: heartbeat_timed_out: heartbeatCmdCount = 145, expected nextSeqNum = 145
10-07 13:30:03.635   424  1274 D rtk_heartbeat: rtkbt_heartbeat_cmpl_cback: Current SeqNum = 145,should SeqNum=145, status = 0
10-07 13:30:04.164  4596  4596 D MonkeyStub: translateCommand: press DPAD_DOWN
10-07 13:30:04.169   453   453 I lights-tch: flashMode 0 id 2 onMs 0 offMs 0 brightness 0
10-07 13:30:04.175   453   453 I lights-tch: flashMode 0 id 2 onMs 0 offMs 0 brightness 225
10-07 13:30:04.207  1391  1391 I GoogleInputMethodService: GoogleInputMethodService.onFinishInput():3184 
10-07 13:30:04.210  1391  1391 I GoogleInputMethodService: GoogleInputMethodService.updateDeviceLockedStatus():2246 repeatCheckTimes = 0, locked = false
10-07 13:30:04.210  1391  1391 I GoogleInputMethodService: GoogleInputMethodService.onStartInput():1982 onStartInput(EditorInfo{EditorInfo{packageName=com.airtel.tv, inputType=0, inputTypeString=NULL, enableLearning=false, autoCorrection=false, autoComplete=false, imeOptions=0, privateImeOptions=null, actionName=UNSPECIFIED, actionLabel=null, initialSelStart=-1, initialSelEnd=-1, initialCapsMode=0, label=null, fieldId=0, fieldName=null, extras=null, hintText=null, hintLocales=[]}}, false)
10-07 13:30:04.211  1391  1391 I GoogleInputMethodService: GoogleInputMethodService.updateDeviceLockedStatus():2246 repeatCheckTimes = 1, locked = false
10-07 13:30:04.212  1391  1391 I AndroidIME: InputBundleManager.loadActiveInputBundleId():450 loadActiveInputBundleId: und-Latn-x-password, password
10-07 13:30:04.212  1391  1391 I EmojiCompatManager: EmojiCompatManager.getEmojiCompatIfLoaded():342 EmojiCompat.init() was never called.
10-07 13:30:04.212  1391  1391 I EmojiCompatManager: java.lang.IllegalStateException: EmojiCompat is not initialized. Please call EmojiCompat.init() first
